ARM Linker, 5.03 [Build 76] [MDK-ARM Standard]

==============================================================================

Section Cross References

    system_stm32f10x.o(.text) refers to system_stm32f10x.o(.data) for SystemCoreClock
    main.o(.text) refers to delay.o(.text) for delay_init
    main.o(.text) refers to timer.o(.text) for Timer::Timer(TIMER_ConfBase&)
    main.o(.text) refers to touch.o(.text) for TP_Init
    main.o(.text) refers to guicore.o(.text) for GUI_Init
    main.o(.text) refers to gui_setcolor.o(.text) for GUI_SetBkColor
    main.o(.text) refers to gui_main.o(.text) for MainTask()
    main.o(.text) refers to gui_exec.o(.text) for GUI_Exec
    main.o(.text) refers to configure.o(.bss) for TIM4_Conf
    main.o(.text) refers to gui_touch_driveranalog.o(.text) for GUI_TOUCH_Exec
    main.o(.ARM.exidx) refers to main.o(.text) for .text
    gui_main.o(.ARM.exidx) refers to gui_main.o(.text) for .text
    zshz.o(.data) refers to zshz.o(.bss) for acFontHZ_0020
    zshz.o(.data) refers to guicharp.o(.text) for GUIPROP_DispChar
    zshz.o(.data) refers to guiencjs.o(.constdata) for GUI_ENC_APIList_SJIS
    adcmanager.o(.text) refers to stm32f10x_adc.o(.text) for ADC_SoftwareStartConvCmd
    adcmanager.o(.text) refers to stm32f10x_rcc.o(.text) for RCC_AHBPeriphClockCmd
    adcmanager.o(.text) refers to stm32f10x_dma.o(.text) for DMA_DeInit
    adcmanager.o(.text) refers to misc.o(.text) for NVIC_Init
    adcmanager.o(.text) refers to stm32f10x_gpio.o(.text) for GPIO_Init
    adcmanager.o(.text) refers to adcmanager.o(.data) for defaultADCManager
    adcmanager.o(.text) refers to adcmanager.o(.bss) for ADC_DEFAULT_DATA
    delay.o(.text) refers to misc.o(.text) for SysTick_CLKSourceConfig
    delay.o(.text) refers to system_stm32f10x.o(.data) for SystemCoreClock
    delay.o(.text) refers to delay.o(.data) for fac_us
    ds18b20.o(.text) refers to delay.o(.text) for delay_us
    ds18b20.o(.text) refers to stm32f10x_rcc.o(.text) for RCC_APB2PeriphClockCmd
    ds18b20.o(.text) refers to stm32f10x_gpio.o(.text) for GPIO_Init
    ds18b20.o(.text) refers to dflti.o(.text) for __aeabi_i2d
    ds18b20.o(.text) refers to dmul.o(.text) for __aeabi_dmul
    extimanager.o(.text) refers to stm32f10x_rcc.o(.text) for RCC_APB2PeriphClockCmd
    extimanager.o(.text) refers to stm32f10x_gpio.o(.text) for GPIO_Init
    extimanager.o(.text) refers to stm32f10x_exti.o(.text) for EXTI_Init
    extimanager.o(.text) refers to misc.o(.text) for NVIC_Init
    extimanager.o(.text) refers to extimanager.o(.bss) for _EXTILine
    extimanager.o(.text) refers to extimanager.o(.data) for defaultEXTIManager
    filter.o(.text) refers to dadd.o(.text) for __aeabi_drsub
    filter.o(.text) refers to dmul.o(.text) for __aeabi_dmul
    filter.o(.text) refers to ddiv.o(.text) for __aeabi_ddiv
    filter.o(.text) refers to d2f.o(.text) for __aeabi_d2f
    filter.o(.text) refers to fadd.o(.text) for __aeabi_fsub
    filter.o(.text) refers to f2d.o(.text) for __aeabi_f2d
    filter.o(.text) refers to filter.o(.data) for DefaultComplementaryFilter
    inputcatcher.o(.text) refers to stm32f10x_tim.o(.text) for TIM_OC1PolarityConfig
    inputcatcher.o(.text) refers to stm32f10x_rcc.o(.text) for RCC_APB2PeriphClockCmd
    inputcatcher.o(.text) refers to stm32f10x_gpio.o(.text) for GPIO_Init
    inputcatcher.o(.text) refers to dmul.o(.text) for __aeabi_dmul
    inputcatcher.o(.text) refers to dadd.o(.text) for __aeabi_dsub
    inputcatcher.o(.text) refers to dfixui.o(.text) for __aeabi_d2uiz
    inputcatcher.o(.text) refers to inputcatcher.o(.data) for defaultInputCatchManager
    inputcatcher.o(.text) refers to misc.o(.text) for NVIC_Init
    inputcatcher.o(.text) refers to dfltui.o(.text) for __aeabi_ui2d
    inputcatcher.o(.text) refers to ddiv.o(.text) for __aeabi_ddiv
    inputcatcher.o(.text) refers to cdcmple.o(.text) for __aeabi_cdcmpeq
    inputcatcher.o(.text) refers to inputcatcher.o(.bss) for TIM_CAPTURE_STA_VAL1_VAL2_VAL3
    keyfsm.o(.text) refers to stm32f10x_gpio.o(.text) for GPIO_ReadInputDataBit
    keyfsm.o(.text) refers to millis.o(.text) for millis
    keyfsm.o(.text) refers to stm32f10x_rcc.o(.text) for RCC_APB2PeriphClockCmd
    keyfsm.o(.text) refers to keyfsm.o(.bss) for defaultKeyFSM
    keyfsm.o(.text) refers to keyfsm.o(.data) for defaultKeyFSM_NUM
    millis.o(.text) refers to stm32f10x_rcc.o(.text) for RCC_APB1PeriphClockCmd
    millis.o(.text) refers to stm32f10x_pwr.o(.text) for PWR_BackupAccessCmd
    millis.o(.text) refers to stm32f10x_rtc.o(.text) for RTC_WaitForLastTask
    millis.o(.text) refers to misc.o(.text) for NVIC_Init
    millis.o(.text) refers to millis.o(.data) for defaultDoSomeThing
    jlx12864g.o(.text) refers to delay.o(.text) for delay_init
    jlx12864g.o(.text) refers to stm32f10x_rcc.o(.text) for RCC_APB2PeriphClockCmd
    jlx12864g.o(.text) refers to stm32f10x_gpio.o(.text) for GPIO_Init
    jlx12864g.o(.text) refers to jlx12864g.o(.constdata) for font_s
[...]
    typeinfo name for std::ios_base::badbit_set 0x08011edf   Data          26  rwthrowproc_impl.o(.constdata__ZTSNSt8ios_base10badbit_setE)
    typeinfo name for std::ios_base::eofbit_set 0x08011ef9   Data          26  rwthrowproc_impl.o(.constdata__ZTSNSt8ios_base10eofbit_setE)
    typeinfo name for std::ios_base::failbit_set 0x08011f13   Data          27  rwthrowproc_impl.o(.constdata__ZTSNSt8ios_base11failbit_setE)
    typeinfo name for std::ios_base::failure 0x08011f2e   Data          22  rwthrowproc_impl.o(.constdata__ZTSNSt8ios_base7failureE)
    typeinfo name for std::bad_typeid        0x08011f44   Data          15  bad_typeid.o(.constdata__ZTSSt10bad_typeid)
    typeinfo name for std::logic_error       0x08011f53   Data          16  rwthrowproc_impl.o(.constdata__ZTSSt11logic_error)
    typeinfo name for std::range_error       0x08011f63   Data          16  rwthrowproc_impl.o(.constdata__ZTSSt11range_error)
    typeinfo name for std::domain_error      0x08011f73   Data          17  rwthrowproc_impl.o(.constdata__ZTSSt12domain_error)
    typeinfo name for std::length_error      0x08011f84   Data          17  rwthrowproc_impl.o(.constdata__ZTSSt12length_error)
    typeinfo name for std::out_of_range      0x08011f95   Data          17  rwthrowproc_impl.o(.constdata__ZTSSt12out_of_range)
    typeinfo name for std::bad_exception     0x08011fa6   Data          18  bad_exception_dtor.o(.constdata__ZTSSt13bad_exception)
    typeinfo name for std::runtime_error     0x08011fb8   Data          18  rwthrowproc_impl.o(.constdata__ZTSSt13runtime_error)
    typeinfo name for std::__rw_exception    0x08011fca   Data          19  rwstdexcept.o(.constdata__ZTSSt14__rw_exception)
    typeinfo name for std::overflow_error    0x08011fdd   Data          19  rwthrowproc_impl.o(.constdata__ZTSSt14overflow_error)
    typeinfo name for std::underflow_error   0x08011ff0   Data          20  rwthrowproc_impl.o(.constdata__ZTSSt15underflow_error)
    typeinfo name for std::invalid_argument  0x08012004   Data          21  rwthrowproc_impl.o(.constdata__ZTSSt16invalid_argument)
    typeinfo name for std::bad_cast          0x08012019   Data          12  bad_cast.o(.constdata__ZTSSt8bad_cast)
    typeinfo name for std::bad_alloc         0x08012025   Data          13  bad_alloc_dtor.o(.constdata__ZTSSt9bad_alloc)
    typeinfo name for std::exception         0x08012032   Data          13  exception_dtor.o(.constdata__ZTSSt9exception)
    typeinfo name for std::type_info         0x0801203f   Data          13  type_info_dtor.o(.constdata__ZTSSt9type_info)
    typeinfo name for void                   0x0801204c   Data           2  arm_exceptions_throw.o(.constdata__ZTSv)
    vtable for TimerChannel                  0x08012050   Data          16  timerchannel.o(.constdata__ZTV12TimerChannel)
    vtable for __cxxabiv1::__class_type_info 0x08012060   Data          16  lib_rtti_impl.o(.constdata__ZTVN10__cxxabiv117__class_type_infoE)
    vtable for __cxxabiv1::__si_class_type_info 0x08012070   Data          16  lib_rtti_impl.o(.constdata__ZTVN10__cxxabiv120__si_class_type_infoE)
    vtable for __cxxabiv1::__fundamental_type_info 0x08012080   Data          16  lib_rtti_impl.o(.constdata__ZTVN10__cxxabiv123__fundamental_type_infoE)
    vtable for std::locale::facet            0x08012090   Data          20  rwstdexcept.o(.constdata__ZTVNSt6locale5facetE)
    vtable for std::ios_base::badbit_set     0x080120a4   Data          20  rwthrowproc_impl.o(.constdata__ZTVNSt8ios_base10badbit_setE)
    vtable for std::ios_base::eofbit_set     0x080120b8   Data          20  rwthrowproc_impl.o(.constdata__ZTVNSt8ios_base10eofbit_setE)
    vtable for std::ios_base::failbit_set    0x080120cc   Data          20  rwthrowproc_impl.o(.constdata__ZTVNSt8ios_base11failbit_setE)
    vtable for std::ios_base::failure        0x080120e0   Data          20  rwthrowproc_impl.o(.constdata__ZTVNSt8ios_base7failureE)
    vtable for std::bad_typeid               0x080120f4   Data          20  bad_typeid.o(.constdata__ZTVSt10bad_typeid)
    vtable for std::logic_error              0x08012108   Data          20  rwthrowproc_impl.o(.constdata__ZTVSt11logic_error)
    vtable for std::range_error              0x0801211c   Data          20  rwthrowproc_impl.o(.constdata__ZTVSt11range_error)
    vtable for std::ctype_byname<char>       0x08012130   Data          52  char.o(.constdata__ZTVSt12ctype_bynameIcE)
    vtable for std::domain_error             0x08012164   Data          20  rwthrowproc_impl.o(.constdata__ZTVSt12domain_error)
    vtable for std::length_error             0x08012178   Data          20  rwthrowproc_impl.o(.constdata__ZTVSt12length_error)
    vtable for std::out_of_range             0x0801218c   Data          20  rwthrowproc_impl.o(.constdata__ZTVSt12out_of_range)
    vtable for std::bad_exception            0x080121a0   Data          20  bad_exception_dtor.o(.constdata__ZTVSt13bad_exception)
    vtable for std::runtime_error            0x080121b4   Data          20  rwthrowproc_impl.o(.constdata__ZTVSt13runtime_error)
    vtable for std::__rw_exception           0x080121c8   Data          20  rwstdexcept.o(.constdata__ZTVSt14__rw_exception)
    vtable for std::overflow_error           0x080121dc   Data          20  rwthrowproc_impl.o(.constdata__ZTVSt14overflow_error)
    vtable for std::underflow_error          0x080121f0   Data          20  rwthrowproc_impl.o(.constdata__ZTVSt15underflow_error)
    vtable for std::invalid_argument         0x08012204   Data          20  rwthrowproc_impl.o(.constdata__ZTVSt16invalid_argument)
    vtable for std::ctype<char>              0x08012218   Data          52  char.o(.constdata__ZTVSt5ctypeIcE)
    vtable for std::bad_cast                 0x0801224c   Data          20  bad_cast.o(.constdata__ZTVSt8bad_cast)
    vtable for std::messages<char>           0x08012260   Data          32  rwstdexcept.o(.constdata__ZTVSt8messagesIcE)
    vtable for std::bad_alloc                0x08012280   Data          20  bad_alloc_dtor.o(.constdata__ZTVSt9bad_alloc)
    vtable for std::exception                0x08012294   Data          20  exception_dtor.o(.constdata__ZTVSt9exception)
    __ARM__ZN10_TIM1_ConfC1Ev_anon0          0x080122a8   Data          96  configure.o(.constdata___ARM__ZN10_TIM1_ConfC1Ev_anon0)
    __ARM__ZN10_TIM2_ConfC1Ev_anon0          0x08012308   Data          96  configure.o(.constdata___ARM__ZN10_TIM2_ConfC1Ev_anon0)
    __ARM__ZN10_TIM3_ConfC1Ev_anon0          0x08012368   Data          96  configure.o(.constdata___ARM__ZN10_TIM3_ConfC1Ev_anon0)
    __ARM__ZN10_TIM4_ConfC1Ev_anon0          0x080123c8   Data          96  configure.o(.constdata___ARM__ZN10_TIM4_ConfC1Ev_anon0)
    Region$$Table$$Base                      0x08012678   Number         0  anon$$obj.o(Region$$Table)
    Region$$Table$$Limit                     0x08012698   Number         0  anon$$obj.o(Region$$Table)
    SHT$$INIT_ARRAY$$Base                    0x08012698   Number         0  configure.o(.init_array)
    SHT$$INIT_ARRAY$$Limit                   0x080126ac   Number         0  rwcats.o(.init_array)
    SystemCoreClock                          0x20000000   Data           4  system_stm32f10x.o(.data)
    AHBPrescTable                            0x20000004   Data          16  system_stm32f10x.o(.data)
    defaultADCManager                        0x20000014   Data           4  adcmanager.o(.data)
    defaultEXTIManager                       0x2000001c   Data           4  extimanager.o(.data)
    catchWhat_Flag                           0x20000020   Data           4  inputcatcher.o(.data)
    ISROUTEENABLED_Flag                      0x20000024   Data           4  inputcatcher.o(.data)
    defaultInputCatchManager                 0x20000028   Data           4  inputcatcher.o(.data)
    defaultDoSomeThing                       0x2000002c   Data           4  millis.o(.data)
    POINT_COLOR                              0x20000030   Data           2  ili93xx.o(.data)
    BACK_COLOR                               0x20000032   Data           2  ili93xx.o(.data)
    GUI_DecChar                              0x2000007c   Data           1  guicore.o(.data)
    GUI_pfTimerExec                          0x20000080   Data           4  guicore.o(.data)
    WM_pfHandlePID                           0x20000084   Data           4  guicore.o(.data)
    GUI_pfDispCharStyle                      0x20000088   Data           4  guicore.o(.data)
    GUI_pLCD_APIList                         0x2000008c   Data           4  guicore.o(.data)
    GUI_CURSOR_pfTempHide                    0x20000090   Data           4  guicore.o(.data)
    GUI_CURSOR_pfTempUnhide                  0x20000094   Data           4  guicore.o(.data)
    LCD_aAPI                                 0x200000a0   Data           4  lcd_api.o(.data)
    WM__NumWindows                           0x200000a6   Data           2  wm.o(.data)
    WM__NumInvalidWindows                    0x200000a8   Data           2  wm.o(.data)
    WM__FirstWin                             0x200000aa   Data           2  wm.o(.data)
    WM__pFirstCriticalHandle                 0x200000ac   Data           4  wm.o(.data)
    WM__ahDesktopWin                         0x200000b0   Data           2  wm.o(.data)
    WM__aBkColor                             0x200000b4   Data           4  wm.o(.data)
    WM_IsActive                              0x200000b8   Data           1  wm.o(.data)
    WM__CreateFlags                          0x200000ba   Data           2  wm.o(.data)
    WM__hCapture                             0x200000bc   Data           2  wm.o(.data)
    WM__hWinFocus                            0x200000be   Data           2  wm.o(.data)
    WM__CaptureReleaseAuto                   0x200000c0   Data           1  wm.o(.data)
    WM_pfPollPID                             0x200000c4   Data           4  wm.o(.data)
    WM__PaintCallbackCnt                     0x200000c8   Data           1  wm.o(.data)
    WM__TransWindowCnt                       0x200000cc   Data           4  wm.o(.data)
    WM__hATransWindow                        0x200000d0   Data           2  wm.o(.data)
    OS_TimeMS                                0x200000d8   Data           4  gui_x.o(.data)
    GUI_pfKeyMsgHook                         0x200000ec   Data           4  gui_onkey.o(.data)
    WM__CHWinModal                           0x200000f4   Data           8  wmtouch.o(.data)
    WM__CHWinLast                            0x200000fc   Data           8  wmtouch.o(.data)
    std::ctype<char>::id                     0x20000154   Data           4  char.o(.data)
    std::ctype<wchar_t>::id                  0x20000158   Data           4  char.o(.data)
    std::locale::_C_classic                  0x20000164   Data           4  locale.o(.data)
    std::locale::_C_native                   0x20000168   Data           4  locale.o(.data)
    std::locale::_C_global                   0x2000016c   Data           4  locale.o(.data)
    std::codecvt<char, char, std::__mbstate_t>::id 0x20000170   Data           4  locale.o(.data)
    std::codecvt<wchar_t, char, std::__mbstate_t>::id 0x20000174   Data           4  locale.o(.data)
    __rw_throw_proc                          0x20000178   Data           4  rwthrowproc.o(.data)
    __microlib_freelist                      0x2000018c   Data           4  mvars.o(.data)
    __microlib_freelist_initialised          0x20000190   Data           4  mvars.o(.data)
    std::locale::id::_C_init() const::_C_id_gen 0x20000194   Data           4  locale.o(.data__ZZNKSt6locale2id7_C_initEvE9_C_id_gen)
    guard variable for std::__rw_get_cats()::__open_cats 0x20000198   Data           4  messages.o(.data__ZZSt13__rw_get_catsvE11__open_cats)
    std::__rw_get_cats()::__open_cats        0x2000019c   Data           8  messages.o(.data__ZZSt13__rw_get_catsvE11__open_cats)
    ADC_DEFAULT_DATA                         0x200001a4   Data          34  adcmanager.o(.bss)
    _EXTILine                                0x200001c8   Data          64  extimanager.o(.bss)
    TIM_CAPTURE_STA_VAL1_VAL2_VAL3           0x20000208   Data         256  inputcatcher.o(.bss)
    lcddev                                   0x20000308   Data          10  ili93xx.o(.bss)
    USART_callback                           0x20000314   Data          12  usart.o(.bss)
    freeCir                                  0x20000320   Data          12  usart.o(.bss)
    currP                                    0x2000032c   Data          12  usart.o(.bss)
    USART1_Conf                              0x20000338   Data          56  configure.o(.bss)
    USART2_Conf                              0x20000370   Data          56  configure.o(.bss)
    TIM4_Conf                                0x200003a8   Data         128  configure.o(.bss)
    TIM3_Conf                                0x20000428   Data         128  configure.o(.bss)
    TIM2_Conf                                0x200004a8   Data         128  configure.o(.bss)
    TIM1_Conf                                0x20000528   Data         128  configure.o(.bss)
    TIM_UP_callback                          0x200005a8   Data          20  timer.o(.bss)
    ticksCount                               0x200005bc   Data          20  timer.o(.bss)
    cb_maps                                  0x200005d0   Data         140  timer.o(.bss)
    GUI_Context                              0x2000065c   Data          96  guicore.o(.bss)
    WM_PID__StateLast                        0x200006bc   Data          12  wm.o(.bss)
    GUI_Heap                                 0x200006ec   Data       12500  guialloc.o(.bss)
    GUI_ALLOC                                0x20004400   Data          20  guialloc.o(.bss)
    LCD__aConvTable                          0x20004414   Data         512  lcdcolor.o(.bss)
    std::basic_string<char, std::char_traits<char>, std::allocator<char>>::__nullref 0x20004648   Data          16  vendor.o(.bss__ZNSs9__nullrefE)
    __heap_base                              0x20004658   Data           0  startup_stm32f10x_hd.o(HEAP)
    __heap_limit                             0x20005658   Data           0  startup_stm32f10x_hd.o(HEAP)
    __initial_sp                             0x20006658   Data           0  startup_stm32f10x_hd.o(STACK)



==============================================================================

Memory Map of the image

  Image Entry point : 0x08000131

  Load Region LR_IROM1 (Base: 0x08000000, Size: 0x00012850, Max: 0x00080000, ABSOLUTE, COMPRESSED[0x000126f0])

    Execution Region ER_IROM1 (Base: 0x08000000, Size: 0x000126ac, Max: 0x00080000, ABSOLUTE)

    Base Addr    Size         Type   Attr      Idx    E Section Name        Object

    0x08000000   0x00000130   Data   RO          829    RESET               startup_stm32f10x_hd.o
    0x08000130   0x00000000   Code   RO         3626  * .ARM.Collect$$$$00000000  mc_w.l(entry.o)
    0x08000130   0x00000004   Code   RO         4260    .ARM.Collect$$$$00000001  mc_w.l(entry2.o)
    0x08000134   0x00000004   Code   RO         4263    .ARM.Collect$$$$00000004  mc_w.l(entry5.o)
    0x08000138   0x00000000   Code   RO         4265    .ARM.Collect$$$$00000008  mc_w.l(entry7b.o)
    0x08000138   0x00000004   Code   RO         4266    .ARM.Collect$$$$00000009  mc_w.l(entry8a.o)
    0x0800013c   0x00000000   Code   RO         4267    .ARM.Collect$$$$0000000A  mc_w.l(entry8b.o)
    0x0800013c   0x00000008   Code   RO         4268    .ARM.Collect$$$$0000000B  mc_w.l(entry9a.o)
    0x08000144   0x00000000   Code   RO         4270    .ARM.Collect$$$$0000000D  mc_w.l(entry10a.o)
    0x08000144   0x00000000   Code   RO         4272    .ARM.Collect$$$$0000000F  mc_w.l(entry11a.o)
    0x08000144   0x00000004   Code   RO         4261    .ARM.Collect$$$$00002712  mc_w.l(entry2.o)
    0x08000148   0x000001dc   Code   RO            1    .text               system_stm32f10x.o
    0x08000324   0x00000018   Code   RO           79    .text               stm32f10x_it.o
    0x0800033c   0x00000040   Code   RO           98    .text               main.o
    0x0800037c   0x00000002   Code   RO          328    .text               gui_main.o
    0x0800037e   0x00000002   PAD
    0x08000380   0x0000038c   Code   RO          372    .text               adcmanager.o
    0x0800070c   0x000000d0   Code   RO          414    .text               delay.o
    0x080007dc   0x00000430   Code   RO          449    .text               extimanager.o
    0x08000c0c   0x00000818   Code   RO          486    .text               inputcatcher.o
    0x08001424   0x00000160   Code   RO          527    .text               millis.o
    0x08001584   0x0000243c   Code   RO          767    .text               ili93xx.o
    0x080039c0   0x000001b4   Code   RO          793    .text               touch.o
    0x08003b74   0x00000024   Code   RO          830    .text               startup_stm32f10x_hd.o
    0x08003b98   0x000000dc   Code   RO          834    .text               misc.o
    0x08003c74   0x0000044e   Code   RO          846    .text               stm32f10x_adc.o
    0x080040c2   0x00000002   PAD
    0x080040c4   0x00000250   Code   RO          939    .text               stm32f10x_dma.o
    0x08004314   0x0000011c   Code   RO          951    .text               stm32f10x_exti.o
    0x08004430   0x00000358   Code   RO          990    .text               stm32f10x_gpio.o
    0x08004788   0x000000cc   Code   RO         1032    .text               stm32f10x_pwr.o
    0x08004854   0x000003a4   Code   RO         1044    .text               stm32f10x_rcc.o
    0x08004bf8   0x00000144   Code   RO         1058    .text               stm32f10x_rtc.o
    0x08004d3c   0x00000e1a   Code   RO         1097    .text               stm32f10x_tim.o
    0x08005b56   0x00000002   PAD
    0x08005b58   0x00000408   Code   RO         1109    .text               stm32f10x_usart.o
    0x08005f60   0x00000484   Code   RO         1182    .text               usart.o
    0x080063e4   0x00000040   Code   RO         1211    .text               configure.o
    0x08006424   0x00000354   Code   RO         1302    .text               timer.o
    0x08006778   0x000000cc   Code   RO         1714    .text               timerchannel.o
    0x08006844   0x00000038   Code   RO         2944    .text               LCD.lib(gui_exec.o)
    0x0800687c   0x00000058   Code   RO         2950    .text               LCD.lib(gui_goto.o)
    0x080068d4   0x00000018   Code   RO         2953    .text               LCD.lib(gui_setcolor.o)
    0x080068ec   0x00000010   Code   RO         2956    .text               LCD.lib(gui_setdrawmode.o)
    0x080068fc   0x00000010   Code   RO         2959    .text               LCD.lib(gui_setfont.o)
    0x0800690c   0x00000014   Code   RO         2962    .text               LCD.lib(gui_settextmode.o)
    0x08006920   0x00000254   Code   RO         2965    .text               LCD.lib(gui_touch_driveranalog.o)
    0x08006b74   0x00000114   Code   RO         2972    .text               LCD.lib(guicore.o)
    0x08006c88   0x00000020   Code   RO         2984    .text               LCD.lib(gui_x_touch.o)
    0x08006ca8   0x00000058   Code   RO         2998    .text               LCD.lib(gui_touch_storeunstable.o)
    0x08006d00   0x00000030   Code   RO         3002    .text               LCD.lib(gui_uc_encodenone.o)
    0x08006d30   0x00000468   Code   RO         3013    .text               LCD.lib(lcd.o)
    0x08007198   0x00000036   Code   RO         3021    .text               LCD.lib(lcd_l0_generic.o)
    0x080071ce   0x00000002   PAD
    0x080071d0   0x00001080   Code   RO         3025    .text               LCD.lib(wm.o)
    0x08008250   0x0000000c   Code   RO         3031    .text               LCD.lib(wm_getdesktopwindow.o)
    0x0800825c   0x00000030   Code   RO         3034    .text               LCD.lib(gui_x.o)
    0x0800828c   0x000008a6   Code   RO         3038    .text               LCD.lib(guidev_16.o)
    0x08008b32   0x00000116   Code   RO         3043    .text               LCD.lib(guidev_banding.o)
    0x08008c48   0x00000020   Code   RO         3046    .text               LCD.lib(lcdpm565.o)
    0x08008c68   0x00000042   Code   RO         3049    .text               LCD.lib(gui__intersectrect.o)
    0x08008caa   0x00000088   Code   RO         3052    .text               LCD.lib(gui__intersectrects.o)
    0x08008d32   0x00000022   Code   RO         3055    .text               LCD.lib(gui_alloc_alloczero.o)
    0x08008d54   0x00000082   Code   RO         3058    .text               LCD.lib(gui_mergerect.o)
    0x08008dd6   0x00000024   Code   RO         3061    .text               LCD.lib(gui_moverect.o)
    0x08008dfa   0x00000002   PAD
    0x08008dfc   0x00000090   Code   RO         3064    .text               LCD.lib(gui_onkey.o)
    0x08008e8c   0x0000003a   Code   RO         3068    .text               LCD.lib(gui_rectsintersect.o)
    0x08008ec6   0x00000002   PAD
    0x08008ec8   0x00000024   Code   RO         3071    .text               LCD.lib(gui_savecontext.o)
    0x08008eec   0x00000044   Code   RO         3074    .text               LCD.lib(gui_setdefault.o)
    0x08008f30   0x00000030   Code   RO         3077    .text               LCD.lib(gui_touch_storestate.o)
    0x08008f60   0x000003b0   Code   RO         3084    .text               LCD.lib(guialloc.o)
    0x08009310   0x000001c4   Code   RO         3092    .text               LCD.lib(guicharm.o)
    0x080094d4   0x00000020   Code   RO         3098    .text               LCD.lib(lcd_setcliprectex.o)
    0x080094f4   0x00000054   Code   RO         3101    .text               LCD.lib(lcdcolor.o)
    0x08009548   0x00000038   Code   RO         3105    .text               LCD.lib(lcdpm565_index2color.o)
    0x08009580   0x0000066c   Code   RO         3108    .text               LCD.lib(lcddummy.o)
    0x08009bec   0x00000048   Code   RO         3112    .text               LCD.lib(wm_bringtobottom.o)
    0x08009c34   0x00000050   Code   RO         3115    .text               LCD.lib(wm_criticalhandle.o)
    0x08009c84   0x00000016   Code   RO         3118    .text               LCD.lib(wm_notifyparent.o)
    0x08009c9a   0x00000020   Code   RO         3121    .text               LCD.lib(wm_sendtoparent.o)
    0x08009cba   0x00000002   PAD
    0x08009cbc   0x00000220   Code   RO         3124    .text               LCD.lib(wmtouch.o)
    0x08009edc   0x00000418   Code   RO         3128    .text               LCD.lib(guidev.o)
    0x0800a2f4   0x00000040   Code   RO         3131    .text               LCD.lib(guidev_clear.o)
    0x0800a334   0x00000024   Code   RO         3134    .text               LCD.lib(guidev_getysize.o)
    0x0800a358   0x00000030   Code   RO         3137    .text               LCD.lib(guidev_reduceysize.o)
    0x0800a388   0x00000064   Code   RO         3140    .text               LCD.lib(guidev_setorg.o)
    0x0800a3ec   0x00000068   Code   RO         3143    .text               LCD.lib(guidev_usage.o)
    0x0800a454   0x00000054   Code   RO         3146    .text               LCD.lib(gui__memset.o)
    0x0800a4a8   0x0000004e   Code   RO         3149    .text               LCD.lib(gui__memset16.o)
    0x0800a4f6   0x00000002   PAD
    0x0800a4f8   0x00000024   Code   RO         3152    .text               LCD.lib(gui_pen.o)
    0x0800a51c   0x00000048   Code   RO         3155    .text               LCD.lib(gui_pid.o)
    0x0800a564   0x00000010   Code   RO         3159    .text               LCD.lib(gui_setlinestyle.o)
    0x0800a574   0x00000014   Code   RO         3162    .text               LCD.lib(gui_settextalign.o)
    0x0800a588   0x0000003c   Code   RO         3165    .text               LCD.lib(gui_touch.o)
    0x0800a5c4   0x000005fc   Code   RO         3169    .text               LCD.lib(guicurs.o)
    0x0800abc0   0x0000002c   Code   RO         3175    .text               LCD.lib(lcdinfo0.o)
    0x0800abec   0x00000036   Code   RO         3178    .text               LCD.lib(wm__getprevsibling.o)
    0x0800ac22   0x0000004e   Code   RO         3181    .text               LCD.lib(wm__isancestor.o)
    0x0800ac70   0x00000018   Code   RO         3184    .text               LCD.lib(wm__sendmessageifenabled.o)
    0x0800ac88   0x00000014   Code   RO         3187    .text               LCD.lib(wm_getparent.o)
    0x0800ac9c   0x00000010   Code   RO         3190    .text               LCD.lib(wm_iswindow.o)
    0x0800acac   0x00000038   Code   RO         3193    .text               LCD.lib(wm_onkey.o)
    0x0800ace4   0x000000cc   Code   RO         3196    .text               LCD.lib(wm_screen2win.o)
    0x0800adb0   0x00000050   Code   RO         3200    .text               LCD.lib(wm_setcapture.o)
    0x0800ae00   0x00000228   Code   RO         3203    .text               LCD.lib(guidev_usagebm.o)
    0x0800b028   0x000000aa   Code   RO         3208    .text               LCD.lib(gui_getbitmappixelindex.o)
    0x0800b0d2   0x00000010   Code   RO         3211    .text               LCD.lib(gui_selectlcd.o)
    0x0800b0e2   0x0000001e   Code   RO         3214    .text               LCD.lib(wm__getfirstsibling.o)
    0x0800b100   0x0000001a   Code   RO         3217    .text               LCD.lib(wm__isenabled.o)
    0x0800b11a   0x00000024   Code   RO         3220    .text               LCD.lib(wm__sendmessage.o)
    0x0800b13e   0x00000002   PAD
    0x0800b140   0x00000024   Code   RO         3225    .text               LCD.lib(lcd_selectlcd.o)
    0x0800b164   0x00000024   Code   RO         3228    .text               LCD.lib(lcd_updatecolorindices.o)
    0x0800b188   0x00000024   Code   RO         3629    .text               mc_w.l(memcpya.o)
    0x0800b1ac   0x00000040   Code   RO         3631    .text               mc_w.l(memmovea.o)
    0x0800b1ec   0x00000024   Code   RO         3633    .text               mc_w.l(memseta.o)
    0x0800b210   0x0000000e   Code   RO         3635    .text               mc_w.l(strlen.o)
    0x0800b21e   0x0000001a   Code   RO         3639    .text               mc_w.l(memcmp.o)
    0x0800b238   0x00000020   Code   RO         3676    .text               mc_w.l(cpp_init.o)
    0x0800b258   0x00000020   Code   RO         3678    .text               mc_w.l(cpp_unwinder.o)
    0x0800b278   0x0000014e   Code   RO         3685    .text               mf_w.l(dadd.o)
    0x0800b3c6   0x000000e4   Code   RO         3687    .text               mf_w.l(dmul.o)
    0x0800b4aa   0x000000de   Code   RO         3689    .text               mf_w.l(ddiv.o)
    0x0800b588   0x0000001a   Code   RO         3693    .text               mf_w.l(dfltui.o)
    0x0800b5a2   0x00000032   Code   RO         3697    .text               mf_w.l(dfixui.o)
    0x0800b5d4   0x00000028   Code   RO         3701    .text               mf_w.l(cdcmple.o)
    0x0800b5fc   0x00000028   Code   RO         3703    .text               mf_w.l(cdrcmple.o)
    0x0800b624   0x00000038   Code   RO         3705    .text               mf_w.l(d2f.o)
    0x0800b65c   0x00000048   Code   RO         4206    .text               cpprt_w.l(arm_exceptions_begincatch.o)
    0x0800b6a4   0x0000004a   Code   RO         4221    .text               cpprt_w.l(arm_exceptions_endcatch.o)
    0x0800b6ee   0x0000002c   Code   RO         4278    .text               mc_w.l(uidiv.o)
    0x0800b71a   0x00000062   Code   RO         4280    .text               mc_w.l(uldiv.o)
    0x0800b77c   0x0000001e   Code   RO         4282    .text               mc_w.l(llshl.o)
    0x0800b79a   0x00000020   Code   RO         4284    .text               mc_w.l(llushr.o)
    0x0800b7ba   0x00000024   Code   RO         4286    .text               mc_w.l(llsshr.o)
    0x0800b7de   0x00000018   Code   RO         4292    .text               mc_w.l(strcat.o)
    0x0800b7f6   0x00000012   Code   RO         4294    .text               mc_w.l(strcpy.o)
    0x0800b808   0x00000020   Code   RO         4296    .text               mc_w.l(strrchr.o)
    0x0800b828   0x00000038   Code   RO         4326    .text               mc_w.l(sscanf.o)
    0x0800b860   0x00000000   Code   RO         4328    .text               mc_w.l(iusefp.o)
    0x0800b860   0x00000008   Code   RO         4329    .text               mc_w.l(cpp_dtor.o)
    0x0800b868   0x00000002   Code   RO         4332    .text               mc_w.l(cpp_final.o)
    0x0800b86a   0x00000002   PAD
    0x0800b86c   0x00000008   Code   RO         4334    .text               mc_w.l(cpp_memory.o)
    0x0800b874   0x0000006c   Code   RO         4339    .text               mf_w.l(fepilogue.o)
    0x0800b8e0   0x000000be   Code   RO         4341    .text               mf_w.l(depilogue.o)
    0x0800b99e   0x00000030   Code   RO         4343    .text               mf_w.l(dfixul.o)
    0x0800b9ce   0x00000002   PAD
    0x0800b9d0   0x00000060   Code   RO         4654    .text               cpprt_w.l(arm_exceptions_alloc.o)
    0x0800ba30   0x0000003c   Code   RO         4657    .text               cpprt_w.l(arm_exceptions_callterm.o)
    0x0800ba6c   0x0000003c   Code   RO         4660    .text               cpprt_w.l(arm_exceptions_foreign.o)
    0x0800baa8   0x00000022   Code   RO         4663    .text               cpprt_w.l(arm_exceptions_free.o)
    0x0800baca   0x00000002   PAD
    0x0800bacc   0x00000050   Code   RO         4666    .text               cpprt_w.l(arm_exceptions_globs.o)
    0x0800bb1c   0x00000052   Code   RO         4669    .text               cpprt_w.l(arm_exceptions_rethrow.o)
    0x0800bb6e   0x00000002   PAD
    0x0800bb70   0x0000002c   Code   RO         4672    .text               cpprt_w.l(arm_exceptions_support.o)
    0x0800bb9c   0x0000001a   Code   RO         4676    .text               cpprt_w.l(arm_exceptions_terminate.o)
    0x0800bbb6   0x00000002   PAD
    0x0800bbb8   0x00000190   Code   RO         4679    .text               cpprt_w.l(arm_exceptions_throw.o)
    0x0800bd48   0x00000024   Code   RO         4735    .text               mc_w.l(init.o)
    0x0800bd6c   0x00000008   Code   RO         4738    .text               mc_w.l(ctype_o.o)
    0x0800bd74   0x00000012   Code   RO         4760    .text               mc_w.l(isspace_o.o)
    0x0800bd86   0x00000042   Code   RO         4774    .text               mc_w.l(memmove.o)
    0x0800bdc8   0x0000001c   Code   RO         4778    .text               mc_w.l(strcmp.o)
    0x0800bde4   0x00000156   Code   RO         4792    .text               mc_w.l(_scanf_longlong.o)
    0x0800bf3a   0x00000150   Code   RO         4794    .text               mc_w.l(_scanf_int.o)
    0x0800c08a   0x000000da   Code   RO         4796    .text               mc_w.l(_scanf_str.o)
    0x0800c164   0x0000033c   Code   RO         4798    .text               mc_w.l(scanf_fp.o)
    0x0800c4a0   0x00000028   Code   RO         4802    .text               mc_w.l(scanf_char.o)
    0x0800c4c8   0x00000040   Code   RO         4804    .text               mc_w.l(_sgetc.o)
    0x0800c508   0x00000030   Code   RO         4832    .text               cpprt_w.l(arm_exceptions_bad_typeid.o)
    0x0800c538   0x0000003c   Code   RO         4835    .text               cpprt_w.l(arm_exceptions_mem.o)
    0x0800c574   0x0000001c   Code   RO         4880    .text               mc_w.l(_chval.o)
    0x0800c590   0x0000032c   Code   RO         4882    .text               mc_w.l(_scanf.o)
    0x0800c8bc   0x00000018   Code   RO         4886    .text               mf_w.l(dfltul.o)
    0x0800c8d4   0x0000005c   Code   RO         4946    .text               mc_w.l(__dczerorl2.o)
    0x0800c930   0x00000014   Code   RO         3962    i.<Func5>           cpp_ws.l(locale.o)
    0x0800c944   0x00000030   Code   RO         4191    i._Z21__default_new_handlerv  cpprt_w.l(newhandler.o)
    0x0800c974   0x000001ec   Code   RO         4811    i._Z28derived_to_base_conversion_rPvPS_PKSt9type_infoS3_jPiiPS3_P19a_result_virtualityS4_  cpprt_w.l(rtti.o)
    0x0800cb60   0x00000020   Code   RO         4345    i._Z7catgetsPN4__rw8__rw_catEiiPKc  cpp_ws.l(rwcats.o)
    0x0800cb80   0x00000022   Code   RO         4346    i._Z7catopenPKci    cpp_ws.l(rwcats.o)
    0x0800cba2   0x00000002   PAD
    0x0800cba4   0x00000084   Code   RO         1255    i._ZN10_TIM1_ConfC1Ev  configure.o
    0x0800cc28   0x00000080   Code   RO         1249    i._ZN10_TIM2_ConfC1Ev  configure.o
    0x0800cca8   0x00000080   Code   RO         1243    i._ZN10_TIM3_ConfC1Ev  configure.o
    0x0800cd28   0x00000080   Code   RO         1237    i._ZN10_TIM4_ConfC1Ev  configure.o
    0x0800cda8   0x00000064   Code   RO         1225    i._ZN12_USART1_ConfC1Ev  configure.o
    0x0800ce0c   0x00000064   Code   RO         1231    i._ZN12_USART2_ConfC1Ev  configure.o
    0x0800ce70   0x0000005c   Code   RO         3381    i._ZN4__rw10__rw_throwEiz  cpp_ws.l(rwstdexcept.o)
    0x0800cecc   0x00000020   Code   RO         3231    i._ZN4__rw13__rw_allocateEji  cpp_ws.l(rwalloc.o)
    0x0800ceec   0x00000058   Code   RO         3382    i._ZN4__rw13__rw_vfmatstrEPcjPKcSt9__va_list  cpp_ws.l(rwstdexcept.o)
    0x0800cf44   0x00000170   Code   RO         3383    i._ZN4__rw13__rw_vfmatstrEPcjiSt9__va_list  cpp_ws.l(rwstdexcept.o)
    0x0800d0b4   0x00000004   Code   RO         3232    i._ZN4__rw15__rw_deallocateEPvji  cpp_ws.l(rwalloc.o)
    0x0800d0b8   0x00000002   Code   RO         3918    i._ZN4__rw15__rw_facet_base12_C_initfacetERKSt6locale  cpp_ws.l(char.o)
    0x0800d0ba   0x00000002   PAD
    0x0800d0bc   0x000000e4   Code   RO         4071    i._ZN4__rw15__rw_locale_impC1EPKcjj  cpp_ws.l(locale.o)
    0x0800d1a0   0x0000001c   Code   RO         4065    i._ZN4__rw15__rw_locale_impD1Ev  cpp_ws.l(locale.o)
    0x0800d1bc   0x00000390   Code   RO         4369    i._ZN4__rw20__rw_throw_exceptionEiPc  cpp_ws.l(rwthrowproc_impl.o)
    0x0800d54c   0x0000003a   Code   RO         3963    i._ZN4__rw21__rw_use_c_lib_localeC1EPKci  cpp_ws.l(locale.o)
    0x0800d586   0x00000018   Code   RO         3888    i._ZN4__rw21__rw_use_c_lib_localeD1Ev  cpp_ws.l(char.o)
    0x0800d59e   0x00000002   PAD
    0x0800d5a0   0x00000030   Code   RO         4349    i._ZN4__rw9__catfindEPNS_8__rw_catE  cpp_ws.l(rwcats.o)
    0x0800d5d0   0x00000004   Code   RO         3497    i._ZNKSt14__rw_exception4whatEv  cpp_ws.l(rwstdexcept.o)
    0x0800d5d4   0x000000dc   Code   RO         4139    i._ZNKSt18__rw_messages_base11_C_cat_openERKSsRKSt6locale  cpp_ws.l(messages.o)
    0x0800d6b0   0x00000020   Code   RO         4142    i._ZNKSt18__rw_messages_base13_C_get_localeEi  cpp_ws.l(messages.o)
    0x0800d6d0   0x00000034   Code   RO         4143    i._ZNKSt18__rw_messages_base14_C_get_messageEiii  cpp_ws.l(messages.o)
    0x0800d704   0x0000000e   Code   RO         3858    i._ZNKSt5ctypeIcE2isENSt10ctype_base4maskEc  cpp_ws.l(char.o)
    0x0800d712   0x00000002   PAD
    0x0800d714   0x00000104   Code   RO         3968    i._ZNKSt6locale13_C_make_facetERKNS_2idEbiPFPN4__rw15__rw_facet_baseEiPKcjE  cpp_ws.l(locale.o)
    0x0800d818   0x00000074   Code   RO         3970    i._ZNKSt6locale16_C_install_facetEPN4__rw15__rw_facet_baseERKNS_2idE  cpp_ws.l(locale.o)
    0x0800d88c   0x00000030   Code   RO         3971    i._ZNKSt6locale4nameEv  cpp_ws.l(locale.o)
    0x0800d8bc   0x00000020   Code   RO         4732    i._ZNKSt9type_infoeqERKS_  cpprt_w.l(type_info_eq.o)
    0x0800d8dc   0x00000020   Code   RO         4872    i._ZNKSt9type_infoneERKS_  cpprt_w.l(type_info_ne.o)
    0x0800d8fc   0x00000010   Code   RO         4895    i._ZNSt10bad_typeidC1ERKS_  cpprt_w.l(bad_typeid.o)
    0x0800d90c   0x00000010   Code   RO         4896    i._ZNSt10bad_typeidC1Ev  cpprt_w.l(bad_typeid.o)
    0x0800d91c   0x00000008   Code   RO         4898    i._ZNSt10bad_typeidD1Ev  cpprt_w.l(bad_typeid.o)
    0x0800d924   0x0000000c   Code   RO         3834    i._ZNSt11char_traitsIcE4copyEPcPKcj  cpp_ws.l(char.o)
    0x0800d930   0x00000010   Code   RO         4410    i._ZNSt11logic_errorC1EPKc  cpp_ws.l(rwthrowproc_impl.o)
    0x0800d940   0x00000010   Code   RO         4413    i._ZNSt11logic_errorC1ERKS_  cpp_ws.l(rwthrowproc_impl.o)
    0x0800d950   0x00000008   Code   RO         4416    i._ZNSt11logic_errorD1Ev  cpp_ws.l(rwthrowproc_impl.o)
    0x0800d958   0x00000010   Code   RO         4464    i._ZNSt11range_errorC1EPKc  cpp_ws.l(rwthrowproc_impl.o)
    0x0800d968   0x00000010   Code   RO         4467    i._ZNSt11range_errorC1ERKS_  cpp_ws.l(rwthrowproc_impl.o)
    0x0800d978   0x00000008   Code   RO         4470    i._ZNSt11range_errorD1Ev  cpp_ws.l(rwthrowproc_impl.o)
    0x0800d980   0x000000cc   Code   RO         3711    i._ZNSt12ctype_bynameIcE17_C_get_mask_tableEPKc  cpp_ws.l(char.o)
    0x0800da4c   0x00000120   Code   RO         3713    i._ZNSt12ctype_bynameIcEC1EPKcj  cpp_ws.l(char.o)
    0x0800db6c   0x0000000e   Code   RO         3959    i._ZNSt12ctype_bynameIcED0Ev  cpp_ws.l(char.o)
    0x0800db7a   0x00000002   PAD
    0x0800db7c   0x00000010   Code   RO         4419    i._ZNSt12domain_errorC1EPKc  cpp_ws.l(rwthrowproc_impl.o)
    0x0800db8c   0x00000010   Code   RO         4422    i._ZNSt12domain_errorC1ERKS_  cpp_ws.l(rwthrowproc_impl.o)
    0x0800db9c   0x00000008   Code   RO         4425    i._ZNSt12domain_errorD1Ev  cpp_ws.l(rwthrowproc_impl.o)
    0x0800dba4   0x00000010   Code   RO         4437    i._ZNSt12length_errorC1EPKc  cpp_ws.l(rwthrowproc_impl.o)
    0x0800dbb4   0x00000010   Code   RO         4440    i._ZNSt12length_errorC1ERKS_  cpp_ws.l(rwthrowproc_impl.o)
    0x0800dbc4   0x00000008   Code   RO         4443    i._ZNSt12length_errorD1Ev  cpp_ws.l(rwthrowproc_impl.o)
    0x0800dbcc   0x00000010   Code   RO         4446    i._ZNSt12out_of_rangeC1EPKc  cpp_ws.l(rwthrowproc_impl.o)
    0x0800dbdc   0x00000010   Code   RO         4449    i._ZNSt12out_of_rangeC1ERKS_  cpp_ws.l(rwthrowproc_impl.o)
    0x0800dbec   0x00000008   Code   RO         4452    i._ZNSt12out_of_rangeD1Ev  cpp_ws.l(rwthrowproc_impl.o)
    0x0800dbf4   0x00000010   Code   RO         4704    i._ZNSt13bad_exceptionC1ERKS_  cpprt_w.l(bad_exception_cctor.o)
    0x0800dc04   0x00000010   Code   RO         4707    i._ZNSt13bad_exceptionC1Ev  cpprt_w.l(bad_exception_ctor.o)
    0x0800dc14   0x00000008   Code   RO         4711    i._ZNSt13bad_exceptionD1Ev  cpprt_w.l(bad_exception_dtor.o)
    0x0800dc1c   0x00000010   Code   RO         4455    i._ZNSt13runtime_errorC1EPKc  cpp_ws.l(rwthrowproc_impl.o)
    0x0800dc2c   0x00000010   Code   RO         4458    i._ZNSt13runtime_errorC1ERKS_  cpp_ws.l(rwthrowproc_impl.o)
    0x0800dc3c   0x00000008   Code   RO         4461    i._ZNSt13runtime_errorD1Ev  cpp_ws.l(rwthrowproc_impl.o)
    0x0800dc44   0x00000084   Code   RO         3387    i._ZNSt14__rw_exception10_C_vformatEiSt9__va_list  cpp_ws.l(rwstdexcept.o)
    0x0800dcc8   0x0000004a   Code   RO         3388    i._ZNSt14__rw_exception9_C_assignEPKcj  cpp_ws.l(rwstdexcept.o)
    0x0800dd12   0x00000002   PAD
    0x0800dd14   0x00000024   Code   RO         4491    i._ZNSt14__rw_exceptionC1EPKc  cpp_ws.l(rwthrowproc_impl.o)
    0x0800dd38   0x00000030   Code   RO         4375    i._ZNSt14__rw_exceptionC1ERKS_  cpp_ws.l(rwthrowproc_impl.o)
    0x0800dd68   0x00000014   Code   RO         3457    i._ZNSt14__rw_exceptionC1Ev  cpp_ws.l(rwstdexcept.o)
    0x0800dd7c   0x0000001c   Code   RO         3491    i._ZNSt14__rw_exceptionD1Ev  cpp_ws.l(rwstdexcept.o)
    0x0800dd98   0x00000010   Code   RO         4473    i._ZNSt14overflow_errorC1EPKc  cpp_ws.l(rwthrowproc_impl.o)
    0x0800dda8   0x00000010   Code   RO         4476    i._ZNSt14overflow_errorC1ERKS_  cpp_ws.l(rwthrowproc_impl.o)
    0x0800ddb8   0x00000008   Code   RO         4479    i._ZNSt14overflow_errorD1Ev  cpp_ws.l(rwthrowproc_impl.o)
    0x0800ddc0   0x00000010   Code   RO         4482    i._ZNSt15underflow_errorC1EPKc  cpp_ws.l(rwthrowproc_impl.o)
    0x0800ddd0   0x00000010   Code   RO         4485    i._ZNSt15underflow_errorC1ERKS_  cpp_ws.l(rwthrowproc_impl.o)
    0x0800dde0   0x00000008   Code   RO         4488    i._ZNSt15underflow_errorD1Ev  cpp_ws.l(rwthrowproc_impl.o)
    0x0800dde8   0x00000010   Code   RO         4428    i._ZNSt16invalid_argumentC1EPKc  cpp_ws.l(rwthrowproc_impl.o)
    0x0800ddf8   0x00000010   Code   RO         4431    i._ZNSt16invalid_argumentC1ERKS_  cpp_ws.l(rwthrowproc_impl.o)
    0x0800de08   0x00000008   Code   RO         4434    i._ZNSt16invalid_argumentD1Ev  cpp_ws.l(rwthrowproc_impl.o)
    0x0800de10   0x0000001a   Code   RO         4169    i._ZNSt18__rw_open_cat_dataC1Ev  cpp_ws.l(messages.o)
    0x0800de2a   0x0000000c   Code   RO         4166    i._ZNSt18__rw_open_cat_dataD1Ev  cpp_ws.l(messages.o)
    0x0800de36   0x00000012   Code   RO         4172    i._ZNSt18__rw_open_cat_dataaSERKS_  cpp_ws.l(messages.o)
    0x0800de48   0x00000040   Code   RO         1514    i._ZNSt3mapIiPFvvESt4lessIiESaISt4pairIKiS1_EEED1Ev  timer.o
    0x0800de88   0x000000fa   Code   RO         3715    i._ZNSt5ctypeIcE12_C_initfacetERKSt6locale  cpp_ws.l(char.o)
    0x0800df82   0x00000002   PAD
    0x0800df84   0x00000118   Code   RO         3717    i._ZNSt5ctypeIcEC1EPKNSt10ctype_base4maskEbj  cpp_ws.l(char.o)
    0x0800e09c   0x0000000e   Code   RO         3861    i._ZNSt5ctypeIcED0Ev  cpp_ws.l(char.o)
    0x0800e0aa   0x00000002   PAD
    0x0800e0ac   0x00000028   Code   RO         3779    i._ZNSt5ctypeIcED1Ev  cpp_ws.l(char.o)
    0x0800e0d4   0x00000004   Code   RO         3488    i._ZNSt6locale5facetD0Ev  cpp_ws.l(rwstdexcept.o)
    0x0800e0d8   0x00000084   Code   RO         3974    i._ZNSt6locale7_C_initEv  cpp_ws.l(locale.o)
    0x0800e15c   0x00000044   Code   RO         3976    i._ZNSt6locale7classicEv  cpp_ws.l(locale.o)
    0x0800e1a0   0x00000020   Code   RO         4108    i._ZNSt6localeC1EPN4__rw15__rw_locale_impE  cpp_ws.l(locale.o)
    0x0800e1c0   0x0000000c   Code   RO         4178    i._ZNSt6localeC1ERKS_  cpp_ws.l(messages.o)
    0x0800e1cc   0x00000020   Code   RO         3453    i._ZNSt6localeC1Ev  cpp_ws.l(rwstdexcept.o)
    0x0800e1ec   0x00000020   Code   RO         4087    i._ZNSt6localeD1Ev  cpp_ws.l(locale.o)
    0x0800e20c   0x00000032   Code   RO         3984    i._ZNSt6localeaSERKS_  cpp_ws.l(locale.o)
    0x0800e23e   0x00000002   PAD
    0x0800e240   0x00000010   Code   RO         4839    i._ZNSt8bad_castC1ERKS_  cpprt_w.l(bad_cast.o)
    0x0800e250   0x00000010   Code   RO         4840    i._ZNSt8bad_castC1Ev  cpprt_w.l(bad_cast.o)
    0x0800e260   0x00000008   Code   RO         4842    i._ZNSt8bad_castD1Ev  cpprt_w.l(bad_cast.o)
    0x0800e268   0x00000010   Code   RO         4392    i._ZNSt8ios_base10badbit_setC1ERKS0_  cpp_ws.l(rwthrowproc_impl.o)
    0x0800e278   0x00000008   Code   RO         4395    i._ZNSt8ios_base10badbit_setD1Ev  cpp_ws.l(rwthrowproc_impl.o)
    0x0800e280   0x00000010   Code   RO         4398    i._ZNSt8ios_base10eofbit_setC1ERKS0_  cpp_ws.l(rwthrowproc_impl.o)
    0x0800e290   0x00000008   Code   RO         4401    i._ZNSt8ios_base10eofbit_setD1Ev  cpp_ws.l(rwthrowproc_impl.o)
    0x0800e298   0x00000010   Code   RO         4404    i._ZNSt8ios_base11failbit_setC1ERKS0_  cpp_ws.l(rwthrowproc_impl.o)
    0x0800e2a8   0x00000008   Code   RO         4407    i._ZNSt8ios_base11failbit_setD1Ev  cpp_ws.l(rwthrowproc_impl.o)
    0x0800e2b0   0x00000010   Code   RO         4383    i._ZNSt8ios_base7failureC1EPKc  cpp_ws.l(rwthrowproc_impl.o)
    0x0800e2c0   0x00000010   Code   RO         4386    i._ZNSt8ios_base7failureC1ERKS0_  cpp_ws.l(rwthrowproc_impl.o)
    0x0800e2d0   0x00000008   Code   RO         4389    i._ZNSt8ios_base7failureD1Ev  cpp_ws.l(rwthrowproc_impl.o)
    0x0800e2d8   0x0000000e   Code   RO         3472    i._ZNSt8messagesIcED0Ev  cpp_ws.l(rwstdexcept.o)
    0x0800e2e6   0x0000000e   Code   RO         3436    i._ZNSt8messagesIcED1Ev  cpp_ws.l(rwstdexcept.o)
    0x0800e2f4   0x00000010   Code   RO         4695    i._ZNSt9bad_allocC1ERKS_  cpprt_w.l(bad_alloc_cctor.o)
    0x0800e304   0x00000010   Code   RO         4698    i._ZNSt9bad_allocC1Ev  cpprt_w.l(bad_alloc_ctor.o)
    0x0800e314   0x00000008   Code   RO         4225    i._ZNSt9bad_allocD1Ev  cpprt_w.l(bad_alloc_dtor.o)
    0x0800e31c   0x0000000c   Code   RO         4866    i._ZNSt9exceptionC1ERKS_  cpprt_w.l(exception_cctor.o)
    0x0800e328   0x0000000c   Code   RO         4237    i._ZNSt9exceptionC1Ev  cpprt_w.l(exception_ctor.o)
    0x0800e334   0x00000002   Code   RO         4241    i._ZNSt9exceptionD1Ev  cpprt_w.l(exception_dtor.o)
    0x0800e336   0x00000002   PAD
    0x0800e338   0x0000003c   Code   RO         4160    i._ZSt13__rw_get_catsv  cpp_ws.l(messages.o)
    0x0800e374   0x00000008   Code   RO         4184    i._ZdaPv            cpprt_w.l(array_del.o)
    0x0800e37c   0x00000008   Code   RO         3500    i._ZdlPv            cpprt_w.l(delete.o)
    0x0800e384   0x00000008   Code   RO         4187    i._Znaj             cpprt_w.l(array_new.o)
    0x0800e38c   0x00000028   Code   RO         3503    i._Znwj             cpprt_w.l(new.o)
    0x0800e3b4   0x00000024   Code   RO         3651    i.__0vsnprintf      mc_w.l(printfa.o)
    0x0800e3d8   0x00000092   Code   RO         4888    i.__ARM_array_new_general  cpprt_w.l(array_new_general.o)
    0x0800e46a   0x00000020   Code   RO         4689    i.__ARM_common_get_typeid  cpprt_w.l(arm_exceptions_throw.o)
    0x0800e48a   0x0000002a   Code   RO         4924    i.__ARM_vec_cleanup  cpprt_w.l(ARM_vec_cleanup.o)
    0x0800e4b4   0x0000002c   Code   RO         4194    i.__ARM_vec_cleanup_rethrow  cpprt_w.l(ARM_vec_cleanup_rethrow.o)
    0x0800e4e0   0x00000032   Code   RO         3510    i.__aeabi_atexit    cpprt_w.l(aeabi_atexit.o)
    0x0800e512   0x00000022   Code   RO         3513    i.__aeabi_vec_ctor_nocookie_nodtor  cpprt_w.l(aeabi_vec_ctor_nocookie_nodtor.o)
    0x0800e534   0x00000022   Code   RO         4200    i.__aeabi_vec_delete  cpprt_w.l(aeabi_vec_delete.o)
    0x0800e556   0x0000003a   Code   RO         3516    i.__aeabi_vec_dtor  cpprt_w.l(aeabi_vec_dtor.o)
    0x0800e590   0x00000010   Code   RO         4648    i.__aeabi_vec_dtor_cookie  cpprt_w.l(aeabi_vec_dtor_cookie.o)
    0x0800e5a0   0x00000014   Code   RO         4651    i.__aeabi_vec_new_cookie  cpprt_w.l(aeabi_vec_new_cookie.o)
    0x0800e5b4   0x00000042   Code   RO         4234    i.__cxa_finalize    cpprt_w.l(cxa_finalize.o)
    0x0800e5f6   0x00000010   Code   RO         4723    i.__cxa_guard_acquire  cpprt_w.l(cxa_guard_acquire.o)
    0x0800e606   0x00000002   PAD
    0x0800e608   0x00000018   Code   RO         4863    i.__cxa_vec_new     cpprt_w.l(cxa_vec_new.o)
    0x0800e620   0x00000070   Code   RO         4812    i.__derived_to_base_conversion  cpprt_w.l(rtti.o)
    0x0800e690   0x0000000e   Code   RO         4940    i.__scatterload_copy  mc_w.l(handlers.o)
    0x0800e69e   0x00000002   Code   RO         4941    i.__scatterload_null  mc_w.l(handlers.o)
    0x0800e6a0   0x0000000e   Code   RO         4942    i.__scatterload_zeroinit  mc_w.l(handlers.o)
    0x0800e6ae   0x00000002   PAD
    0x0800e6b0   0x00000010   Code   RO         3985    i.__sti___10_locale_cpp  cpp_ws.l(locale.o)
    0x0800e6c0   0x00000038   Code   RO         4350    i.__sti___10_rwcats_cpp  cpp_ws.l(rwcats.o)
    0x0800e6f8   0x00000010   Code   RO         3719    i.__sti___8_char_cpp  cpp_ws.l(char.o)
    0x0800e708   0x0000015c   Code   RO         3653    i._fp_digits        mc_w.l(printfa.o)
    0x0800e864   0x0000000e   Code   RO         4800    i._is_digit         mc_w.l(scanf_fp.o)
    0x0800e872   0x00000002   PAD
    0x0800e874   0x000006f0   Code   RO         3654    i._printf_core      mc_w.l(printfa.o)
    0x0800ef64   0x00000026   Code   RO         3655    i._printf_post_padding  mc_w.l(printfa.o)
    0x0800ef8a   0x00000030   Code   RO         3656    i._printf_pre_padding  mc_w.l(printfa.o)
    0x0800efba   0x00000016   Code   RO         3657    i._snputc           mc_w.l(printfa.o)
    0x0800efd0   0x00000050   Code   RO         4298    i.free              mc_w.l(malloc.o)
    0x0800f020   0x0000006c   Code   RO         4299    i.malloc            mc_w.l(malloc.o)
    0x0800f08c   0x00000014   Code   RO         3843    t._ZN4__rw12__string_refIcSt11char_traitsIcESaIcEE10_C_inc_refEv  cpp_ws.l(char.o)
    0x0800f0a0   0x00000006   Code   RO         1418    t._ZN4__rw14__rw_tree_iterISt4pairIKiPFvvEEiPS5_RS5_NS_17__rw_rb_tree_nodeISaIS5_ES5_iNS_11__select1stIS5_iEEEEEC1ERKSD_  timer.o
    0x0800f0a6   0x00000084   Code   RO         1358    t._ZN4__rw14__rw_tree_iterISt4pairIKiPFvvEEiPS5_RS5_NS_17__rw_rb_tree_nodeISaIS5_ES5_iNS_11__select1stIS5_iEEEEEmmEv  timer.o
    0x0800f12a   0x00000022   Code   RO         1322    t._ZN4__rw14__rw_tree_iterISt4pairIKiPFvvEEiPS5_RS5_NS_17__rw_rb_tree_nodeISaIS5_ES5_iNS_11__select1stIS5_iEEEEEppEi  timer.o
    0x0800f14c   0x00000068   Code   RO         1316    t._ZN4__rw14__rw_tree_iterISt4pairIKiPFvvEEiPS5_RS5_NS_17__rw_rb_tree_nodeISaIS5_ES5_iNS_11__select1stIS5_iEEEEEppEv  timer.o
    0x0800f1b4   0x00000046   Code   RO         3463    t._ZN4__rw16__rw_facet_makerISt5ctypeIcEE13_C_maker_funcEiPKcj  cpp_ws.l(rwstdexcept.o)
    0x0800f1fa   0x0000001e   Code   RO         1340    t._ZN4__rw17__rw_new_capacityINS_9__rb_treeIiSt4pairIKiPFvvEENS_11__select1stIS6_iEESt4lessIiESaIS6_EEEEEjjPKT_  timer.o
    0x0800f218   0x0000000a   Code   RO         1484    t._ZN4__rw17__rw_rb_tree_nodeISaISt4pairIKiPFvvEEES5_iNS_11__select1stIS5_iEEE6_C_keyEv  timer.o
    0x0800f222   0x00000008   Code   RO         1412    t._ZN4__rw17__rw_rb_tree_nodeISaISt4pairIKiPFvvEEES5_iNS_11__select1stIS5_iEEE7_C_leftEv  timer.o
    0x0800f22a   0x00000008   Code   RO         1400    t._ZN4__rw17__rw_rb_tree_nodeISaISt4pairIKiPFvvEEES5_iNS_11__select1stIS5_iEEE8_C_rightEv  timer.o
    0x0800f232   0x00000006   Code   RO         1406    t._ZN4__rw17__rw_rb_tree_nodeISaISt4pairIKiPFvvEEES5_iNS_11__select1stIS5_iEEE9_C_parentEv  timer.o
    0x0800f238   0x0000004c   Code   RO         4090    t._ZN4__rw18__rw_locale_vectorIPNS_15__rw_facet_baseEE6resizeEjRKS2_  cpp_ws.l(locale.o)
    0x0800f284   0x0000000e   Code   RO         4102    t._ZN4__rw18__rw_locale_vectorIPNS_15__rw_facet_baseEED1Ev  cpp_ws.l(locale.o)
    0x0800f292   0x0000000e   Code   RO         4366    t._ZN4__rw18__rw_locale_vectorIPNS_8__rw_catEED1Ev  cpp_ws.l(rwcats.o)
    0x0800f2a0   0x00000014   Code   RO         4105    t._ZN4__rw18__rw_locale_vectorISsED1Ev  cpp_ws.l(locale.o)
    0x0800f2b4   0x00000014   Code   RO         4175    t._ZN4__rw18__rw_locale_vectorISt18__rw_open_cat_dataED1Ev  cpp_ws.l(messages.o)
    0x0800f2c8   0x00000044   Code   RO         1346    t._ZN4__rw9__rb_treeIiSt4pairIKiPFvvEENS_11__select1stIS5_iEESt4lessIiESaIS5_EE11_C_get_linkEv  timer.o
    0x0800f30c   0x00000020   Code   RO         1376    t._ZN4__rw9__rb_treeIiSt4pairIKiPFvvEENS_11__select1stIS5_iEESt4lessIiESaIS5_EE11_C_put_nodeEPNS_17__rw_rb_tree_nodeISA_S5_iS7_EEb  timer.o
    0x0800f32c   0x0000000a   Code   RO         1430    t._ZN4__rw9__rb_treeIiSt4pairIKiPFvvEENS_11__select1stIS5_iEESt4lessIiESaIS5_EE12_C_make_iterEPNS_17__rw_rb_tree_nodeISA_S5_iS7_EE  timer.o
    0x0800f336   0x0000007c   Code   RO         1508    t._ZN4__rw9__rb_treeIiSt4pairIKiPFvvEENS_11__select1stIS5_iEESt4lessIiESaIS5_EE13_C_erase_leafEPNS_17__rw_rb_tree_nodeISA_S5_iS7_EE  timer.o
    0x0800f3b2   0x000000aa   Code   RO         1328    t._ZN4__rw9__rb_treeIiSt4pairIKiPFvvEENS_11__select1stIS5_iEESt4lessIiESaIS5_EE13__rotate_leftEPNS_17__rw_rb_tree_nodeISA_S5_iS7_EE  timer.o
    0x0800f45c   0x000000aa   Code   RO         1334    t._ZN4__rw9__rb_treeIiSt4pairIKiPFvvEENS_11__select1stIS5_iEESt4lessIiESaIS5_EE14__rotate_rightEPNS_17__rw_rb_tree_nodeISA_S5_iS7_EE  timer.o
    0x0800f506   0x0000006c   Code   RO         1496    t._ZN4__rw9__rb_treeIiSt4pairIKiPFvvEENS_11__select1stIS5_iEESt4lessIiESaIS5_EE17_C_add_new_bufferEv  timer.o
    0x0800f572   0x00000046   Code   RO         1370    t._ZN4__rw9__rb_treeIiSt4pairIKiPFvvEENS_11__select1stIS5_iEESt4lessIiESaIS5_EE21_C_deallocate_buffersEv  timer.o
    0x0800f5b8   0x00000012   Code   RO         1436    t._ZN4__rw9__rb_treeIiSt4pairIKiPFvvEENS_11__select1stIS5_iEESt4lessIiESaIS5_EE3endEv  timer.o
    0x0800f5ca   0x0000001a   Code   RO         1460    t._ZN4__rw9__rb_treeIiSt4pairIKiPFvvEENS_11__select1stIS5_iEESt4lessIiESaIS5_EE5beginEv  timer.o
    0x0800f5e4   0x00000612   Code   RO         1382    t._ZN4__rw9__rb_treeIiSt4pairIKiPFvvEENS_11__select1stIS5_iEESt4lessIiESaIS5_EE5eraseENS_14__rw_tree_iterIS5_iPS5_RS5_NS_17__rw_rb_tree_nodeISA_S5_iS7_EEEE  timer.o
    0x0800fbf6   0x000000aa   Code   RO         1394    t._ZN4__rw9__rb_treeIiSt4pairIKiPFvvEENS_11__select1stIS5_iEESt4lessIiESaIS5_EE5eraseENS_14__rw_tree_iterIS5_iPS5_RS5_NS_17__rw_rb_tree_nodeISA_S5_iS7_EEEESH_  timer.o
    0x0800fca0   0x0000011a   Code   RO         1364    t._ZN4__rw9__rb_treeIiSt4pairIKiPFvvEENS_11__select1stIS5_iEESt4lessIiESaIS5_EE6insertERKS5_  timer.o
    0x0800fdba   0x00000038   Code   RO         1388    t._ZN4__rw9__rb_treeIiSt4pairIKiPFvvEENS_11__select1stIS5_iEESt4lessIiESaIS5_EE8_C_eraseEPNS_17__rw_rb_tree_nodeISA_S5_iS7_EE  timer.o
    0x0800fdf2   0x000002f8   Code   RO         1352    t._ZN4__rw9__rb_treeIiSt4pairIKiPFvvEENS_11__select1stIS5_iEESt4lessIiESaIS5_EE9_C_insertEPNS_17__rw_rb_tree_nodeISA_S5_iS7_EESE_RKS5_  timer.o
    0x080100ea   0x0000005c   Code   RO         1502    t._ZN4__rw9__rb_treeIiSt4pairIKiPFvvEENS_11__select1stIS5_iEESt4lessIiESaIS5_EEC1ERKS9_bRKSA_  timer.o
    0x08010146   0x00000012   Code   RO         1442    t._ZN4__rweqISt4pairIKiPFvvEEiPS5_RS5_S6_S7_NS_17__rw_rb_tree_nodeISaIS5_ES5_iNS_11__select1stIS5_iEEEEEEbRKNS_14__rw_tree_iterIT_T0_T1_T2_T5_EERKNSD_ISE_SF_T3_T4_SI_EE  timer.o
    0x08010158   0x00000014   Code   RO         1448    t._ZN4__rwneISt4pairIKiPFvvEEiPS5_RS5_S6_S7_NS_17__rw_rb_tree_nodeISaIS5_ES5_iNS_11__select1stIS5_iEEEEEEbRKNS_14__rw_tree_iterIT_T0_T1_T2_T5_EERKNSD_ISE_SF_T3_T4_SI_EE  timer.o
    0x0801016c   0x0000000e   Code   RO         1424    t._ZNK4__rw14__rw_tree_iterISt4pairIKiPFvvEEiPS5_RS5_NS_17__rw_rb_tree_nodeISaIS5_ES5_iNS_11__select1stIS5_iEEEEEptEv  timer.o
    0x0801017a   0x0000000c   Code   RO         1454    t._ZNK4__rw9__rb_treeIiSt4pairIKiPFvvEENS_11__select1stIS5_iEESt4lessIiESaIS5_EE11_C_leftmostEv  timer.o
    0x08010186   0x0000000c   Code   RO         1478    t._ZNK4__rw9__rb_treeIiSt4pairIKiPFvvEENS_11__select1stIS5_iEESt4lessIiESaIS5_EE12_C_rightmostEv  timer.o
    0x08010192   0x0000000c   Code   RO         1472    t._ZNK4__rw9__rb_treeIiSt4pairIKiPFvvEENS_11__select1stIS5_iEESt4lessIiESaIS5_EE7_C_rootEv  timer.o
    0x0801019e   0x00000014   Code   RO         1490    t._ZNKSt4lessIiEclERKiS2_  timer.o
    0x080101b2   0x00000002   PAD
    0x080101b4   0x00000090   Code   RO         3430    t._ZNKSt8messagesIcE6do_getEiiiRKSs  cpp_ws.l(rwstdexcept.o)
    0x08010244   0x00000006   Code   RO         3460    t._ZNKSt8messagesIcE7do_openERKSsRKSt6locale  cpp_ws.l(rwstdexcept.o)
    0x0801024a   0x00000032   Code   RO         4053    t._ZNSs11_C_allocateEjjj  cpp_ws.l(locale.o)
    0x0801027c   0x00000018   Code   RO         4099    t._ZNSs7replaceEjjPKcj  cpp_ws.l(locale.o)
    0x08010294   0x00000168   Code   RO         3769    t._ZNSs7replaceEjjPKcjjj  cpp_ws.l(char.o)
    0x080103fc   0x00000074   Code   RO         3757    t._ZNSs9_C_getRepEjj  cpp_ws.l(char.o)
    0x08010470   0x00000048   Code   RO         3766    t._ZNSs9_C_unlinkEv  cpp_ws.l(char.o)
    0x080104b8   0x00000038   Code   RO         4056    t._ZNSsC1EPKcRKSaIcE  cpp_ws.l(locale.o)
    0x080104f0   0x00000010   Code   RO         4096    t._ZNSsC1ERKSaIcE   cpp_ws.l(locale.o)
    0x08010500   0x0000003e   Code   RO         3760    t._ZNSsC1ERKSs      cpp_ws.l(char.o)
    0x0801053e   0x0000000c   Code   RO         3852    t._ZNSsD1Ev         cpp_ws.l(char.o)
    0x0801054a   0x00000002   PAD
    0x0801054c   0x00000050   Code   RO         4062    t._ZNSsaSEPKc       cpp_ws.l(locale.o)
    0x0801059c   0x0000003e   Code   RO         4059    t._ZNSsaSERKSs      cpp_ws.l(locale.o)
    0x080105da   0x0000001a   Code   RO         1466    t._ZNSt4pairIN4__rw14__rw_tree_iterIS_IKiPFvvEEiPS5_RS5_NS0_17__rw_rb_tree_nodeISaIS5_ES5_iNS0_11__select1stIS5_iEEEEEEbEC1ERKSD_RKb  timer.o
    0x080105f4   0x0000000c   Code   RO         3846    t._ZSt3maxIjERKT_S2_S2_  cpp_ws.l(char.o)
    0x08010600   0x00000a64   Data   RO          769    .constdata          ili93xx.o
    0x08011064   0x00000008   Data   RO         2975    .constdata          LCD.lib(guicore.o)
    0x0801106c   0x00000010   Data   RO         3004    .constdata          LCD.lib(gui_uc_encodenone.o)
    0x0801107c   0x00000040   Data   RO         3016    .constdata          LCD.lib(lcd_api.o)
    0x080110bc   0x00000734   Data   RO         3024    .constdata          LCD.lib(f6x8.o)
    0x080117f0   0x00000060   Data   RO         3041    .constdata          LCD.lib(guidev_16.o)
    0x08011850   0x00000100   Data   RO         3174    .constdata          LCD.lib(lcd_mirror.o)
    0x08011950   0x00000018   Data   RO         3205    .constdata          LCD.lib(guidev_usagebm.o)
    0x08011968   0x00000020   Data   RO         3207    .constdata          LCD.lib(gui_cursorarrowm.o)
    0x08011988   0x0000003c   Data   RO         3223    .constdata          LCD.lib(gui_cursorarrowmpx.o)
    0x080119c4   0x00000018   Data   RO         3224    .constdata          LCD.lib(gui_cursorpal.o)
    0x080119dc   0x0000005c   Data   RO         3407    .constdata          cpp_ws.l(rwstdexcept.o)
    0x08011a38   0x00000200   Data   RO         3739    .constdata          cpp_ws.l(char.o)
    0x08011c38   0x0000000c   Data   RO         4674    .constdata          cpprt_w.l(arm_exceptions_support.o)
    0x08011c44   0x00000081   Data   RO         4739    .constdata          mc_w.l(ctype_o.o)
    0x08011cc5   0x00000003   PAD
    0x08011cc8   0x00000004   Data   RO         4740    .constdata          mc_w.l(ctype_o.o)
    0x08011ccc   0x0000000c   Data   RO         3606    .constdata__ZTIN10__cxxabiv117__class_type_infoE  cpprt_w.l(lib_rtti_impl.o)
    0x08011cd8   0x0000000c   Data   RO         3609    .constdata__ZTIN10__cxxabiv117__pbase_type_infoE  cpprt_w.l(lib_rtti_impl.o)
    0x08011ce4   0x0000000c   Data   RO         3610    .constdata__ZTIN10__cxxabiv119__pointer_type_infoE  cpprt_w.l(lib_rtti_impl.o)
    0x08011cf0   0x0000000c   Data   RO         3607    .constdata__ZTIN10__cxxabiv120__si_class_type_infoE  cpprt_w.l(lib_rtti_impl.o)
    0x08011cfc   0x0000000c   Data   RO         3608    .constdata__ZTIN10__cxxabiv121__vmi_class_type_infoE  cpprt_w.l(lib_rtti_impl.o)
    0x08011d08   0x0000000c   Data   RO         3602    .constdata__ZTIN10__cxxabiv123__fundamental_type_infoE  cpprt_w.l(lib_rtti_impl.o)
    0x08011d14   0x0000000c   Data   RO         4530    .constdata__ZTINSt8ios_base10badbit_setE  cpp_ws.l(rwthrowproc_impl.o)
    0x08011d20   0x0000000c   Data   RO         4531    .constdata__ZTINSt8ios_base10eofbit_setE  cpp_ws.l(rwthrowproc_impl.o)
    0x08011d2c   0x0000000c   Data   RO         4529    .constdata__ZTINSt8ios_base11failbit_setE  cpp_ws.l(rwthrowproc_impl.o)
    0x08011d38   0x0000000c   Data   RO         4532    .constdata__ZTINSt8ios_base7failureE  cpp_ws.l(rwthrowproc_impl.o)
    0x08011d44   0x0000000c   Data   RO         4914    .constdata__ZTISt10bad_typeid  cpprt_w.l(bad_typeid.o)
    0x08011d50   0x0000000c   Data   RO         4520    .constdata__ZTISt11logic_error  cpp_ws.l(rwthrowproc_impl.o)
    0x08011d5c   0x0000000c   Data   RO         4526    .constdata__ZTISt11range_error  cpp_ws.l(rwthrowproc_impl.o)
    0x08011d68   0x0000000c   Data   RO         4521    .constdata__ZTISt12domain_error  cpp_ws.l(rwthrowproc_impl.o)
    0x08011d74   0x0000000c   Data   RO         4523    .constdata__ZTISt12length_error  cpp_ws.l(rwthrowproc_impl.o)
    0x08011d80   0x0000000c   Data   RO         4524    .constdata__ZTISt12out_of_range  cpp_ws.l(rwthrowproc_impl.o)
    0x08011d8c   0x0000000c   Data   RO         4718    .constdata__ZTISt13bad_exception  cpprt_w.l(bad_exception_dtor.o)
    0x08011d98   0x0000000c   Data   RO         4525    .constdata__ZTISt13runtime_error  cpp_ws.l(rwthrowproc_impl.o)
    0x08011da4   0x0000000c   Data   RO         3481    .constdata__ZTISt14__rw_exception  cpp_ws.l(rwstdexcept.o)
    0x08011db0   0x0000000c   Data   RO         4527    .constdata__ZTISt14overflow_error  cpp_ws.l(rwthrowproc_impl.o)
    0x08011dbc   0x0000000c   Data   RO         4528    .constdata__ZTISt15underflow_error  cpp_ws.l(rwthrowproc_impl.o)
    0x08011dc8   0x0000000c   Data   RO         4522    .constdata__ZTISt16invalid_argument  cpp_ws.l(rwthrowproc_impl.o)
    0x08011dd4   0x0000000c   Data   RO         4858    .constdata__ZTISt8bad_cast  cpprt_w.l(bad_cast.o)
    0x08011de0   0x0000000c   Data   RO         4232    .constdata__ZTISt9bad_alloc  cpprt_w.l(bad_alloc_dtor.o)
    0x08011dec   0x00000008   Data   RO         4248    .constdata__ZTISt9exception  cpprt_w.l(exception_dtor.o)
    0x08011df4   0x00000008   Data   RO         4258    .constdata__ZTISt9type_info  cpprt_w.l(type_info_dtor.o)
    0x08011dfc   0x00000008   Data   RO         4687    .constdata__ZTIv    cpprt_w.l(arm_exceptions_throw.o)
    0x08011e04   0x00000022   Data   RO         3616    .constdata__ZTSN10__cxxabiv117__class_type_infoE  cpprt_w.l(lib_rtti_impl.o)
    0x08011e26   0x00000022   Data   RO         3619    .constdata__ZTSN10__cxxabiv117__pbase_type_infoE  cpprt_w.l(lib_rtti_impl.o)
    0x08011e48   0x00000024   Data   RO         3620    .constdata__ZTSN10__cxxabiv119__pointer_type_infoE  cpprt_w.l(lib_rtti_impl.o)
    0x08011e6c   0x00000025   Data   RO         3617    .constdata__ZTSN10__cxxabiv120__si_class_type_infoE  cpprt_w.l(lib_rtti_impl.o)
    0x08011e91   0x00000026   Data   RO         3618    .constdata__ZTSN10__cxxabiv121__vmi_class_type_infoE  cpprt_w.l(lib_rtti_impl.o)
    0x08011eb7   0x00000028   Data   RO         3612    .constdata__ZTSN10__cxxabiv123__fundamental_type_infoE  cpprt_w.l(lib_rtti_impl.o)
    0x08011edf   0x0000001a   Data   RO         4535    .constdata__ZTSNSt8ios_base10badbit_setE  cpp_ws.l(rwthrowproc_impl.o)
    0x08011ef9   0x0000001a   Data   RO         4536    .constdata__ZTSNSt8ios_base10eofbit_setE  cpp_ws.l(rwthrowproc_impl.o)
    0x08011f13   0x0000001b   Data   RO         4537    .constdata__ZTSNSt8ios_base11failbit_setE  cpp_ws.l(rwthrowproc_impl.o)
    0x08011f2e   0x00000016   Data   RO         4534    .constdata__ZTSNSt8ios_base7failureE  cpp_ws.l(rwthrowproc_impl.o)
    0x08011f44   0x0000000f   Data   RO         4915    .constdata__ZTSSt10bad_typeid  cpprt_w.l(bad_typeid.o)
    0x08011f53   0x00000010   Data   RO         4538    .constdata__ZTSSt11logic_error  cpp_ws.l(rwthrowproc_impl.o)
    0x08011f63   0x00000010   Data   RO         4544    .constdata__ZTSSt11range_error  cpp_ws.l(rwthrowproc_impl.o)
    0x08011f73   0x00000011   Data   RO         4539    .constdata__ZTSSt12domain_error  cpp_ws.l(rwthrowproc_impl.o)
    0x08011f84   0x00000011   Data   RO         4541    .constdata__ZTSSt12length_error  cpp_ws.l(rwthrowproc_impl.o)
    0x08011f95   0x00000011   Data   RO         4542    .constdata__ZTSSt12out_of_range  cpp_ws.l(rwthrowproc_impl.o)
    0x08011fa6   0x00000012   Data   RO         4719    .constdata__ZTSSt13bad_exception  cpprt_w.l(bad_exception_dtor.o)
    0x08011fb8   0x00000012   Data   RO         4543    .constdata__ZTSSt13runtime_error  cpp_ws.l(rwthrowproc_impl.o)
    0x08011fca   0x00000013   Data   RO         3484    .constdata__ZTSSt14__rw_exception  cpp_ws.l(rwstdexcept.o)
    0x08011fdd   0x00000013   Data   RO         4545    .constdata__ZTSSt14overflow_error  cpp_ws.l(rwthrowproc_impl.o)
    0x08011ff0   0x00000014   Data   RO         4546    .constdata__ZTSSt15underflow_error  cpp_ws.l(rwthrowproc_impl.o)
    0x08012004   0x00000015   Data   RO         4540    .constdata__ZTSSt16invalid_argument  cpp_ws.l(rwthrowproc_impl.o)
    0x08012019   0x0000000c   Data   RO         4859    .constdata__ZTSSt8bad_cast  cpprt_w.l(bad_cast.o)
    0x08012025   0x0000000d   Data   RO         4233    .constdata__ZTSSt9bad_alloc  cpprt_w.l(bad_alloc_dtor.o)
    0x08012032   0x0000000d   Data   RO         4249    .constdata__ZTSSt9exception  cpprt_w.l(exception_dtor.o)
    0x0801203f   0x0000000d   Data   RO         4259    .constdata__ZTSSt9type_info  cpprt_w.l(type_info_dtor.o)
    0x0801204c   0x00000002   Data   RO         4688    .constdata__ZTSv    cpprt_w.l(arm_exceptions_throw.o)
    0x0801204e   0x00000002   PAD
    0x08012050   0x00000010   Data   RO         1724    .constdata__ZTV12TimerChannel  timerchannel.o
    0x08012060   0x00000010   Data   RO         3591    .constdata__ZTVN10__cxxabiv117__class_type_infoE  cpprt_w.l(lib_rtti_impl.o)
    0x08012070   0x00000010   Data   RO         3593    .constdata__ZTVN10__cxxabiv120__si_class_type_infoE  cpprt_w.l(lib_rtti_impl.o)
    0x08012080   0x00000010   Data   RO         3583    .constdata__ZTVN10__cxxabiv123__fundamental_type_infoE  cpprt_w.l(lib_rtti_impl.o)
    0x08012090   0x00000014   Data   RO         3476    .constdata__ZTVNSt6locale5facetE  cpp_ws.l(rwstdexcept.o)
    0x080120a4   0x00000014   Data   RO         4517    .constdata__ZTVNSt8ios_base10badbit_setE  cpp_ws.l(rwthrowproc_impl.o)
    0x080120b8   0x00000014   Data   RO         4519    .constdata__ZTVNSt8ios_base10eofbit_setE  cpp_ws.l(rwthrowproc_impl.o)
    0x080120cc   0x00000014   Data   RO         4515    .constdata__ZTVNSt8ios_base11failbit_setE  cpp_ws.l(rwthrowproc_impl.o)
    0x080120e0   0x00000014   Data   RO         4495    .constdata__ZTVNSt8ios_base7failureE  cpp_ws.l(rwthrowproc_impl.o)
    0x080120f4   0x00000014   Data   RO         4913    .constdata__ZTVSt10bad_typeid  cpprt_w.l(bad_typeid.o)
    0x08012108   0x00000014   Data   RO         4497    .constdata__ZTVSt11logic_error  cpp_ws.l(rwthrowproc_impl.o)
    0x0801211c   0x00000014   Data   RO         4509    .constdata__ZTVSt11range_error  cpp_ws.l(rwthrowproc_impl.o)
    0x08012130   0x00000034   Data   RO         3923    .constdata__ZTVSt12ctype_bynameIcE  cpp_ws.l(char.o)
    0x08012164   0x00000014   Data   RO         4499    .constdata__ZTVSt12domain_error  cpp_ws.l(rwthrowproc_impl.o)
    0x08012178   0x00000014   Data   RO         4503    .constdata__ZTVSt12length_error  cpp_ws.l(rwthrowproc_impl.o)
    0x0801218c   0x00000014   Data   RO         4505    .constdata__ZTVSt12out_of_range  cpp_ws.l(rwthrowproc_impl.o)
    0x080121a0   0x00000014   Data   RO         4717    .constdata__ZTVSt13bad_exception  cpprt_w.l(bad_exception_dtor.o)
    0x080121b4   0x00000014   Data   RO         4507    .constdata__ZTVSt13runtime_error  cpp_ws.l(rwthrowproc_impl.o)
    0x080121c8   0x00000014   Data   RO         3478    .constdata__ZTVSt14__rw_exception  cpp_ws.l(rwstdexcept.o)
    0x080121dc   0x00000014   Data   RO         4511    .constdata__ZTVSt14overflow_error  cpp_ws.l(rwthrowproc_impl.o)
    0x080121f0   0x00000014   Data   RO         4513    .constdata__ZTVSt15underflow_error  cpp_ws.l(rwthrowproc_impl.o)
    0x08012204   0x00000014   Data   RO         4501    .constdata__ZTVSt16invalid_argument  cpp_ws.l(rwthrowproc_impl.o)
    0x08012218   0x00000034   Data   RO         3750    .constdata__ZTVSt5ctypeIcE  cpp_ws.l(char.o)
    0x0801224c   0x00000014   Data   RO         4857    .constdata__ZTVSt8bad_cast  cpprt_w.l(bad_cast.o)
    0x08012260   0x00000020   Data   RO         3420    .constdata__ZTVSt8messagesIcE  cpp_ws.l(rwstdexcept.o)
    0x08012280   0x00000014   Data   RO         4231    .constdata__ZTVSt9bad_alloc  cpprt_w.l(bad_alloc_dtor.o)
    0x08012294   0x00000014   Data   RO         4247    .constdata__ZTVSt9exception  cpprt_w.l(exception_dtor.o)
    0x080122a8   0x00000060   Data   RO         1224    .constdata___ARM__ZN10_TIM1_ConfC1Ev_anon0  configure.o
    0x08012308   0x00000060   Data   RO         1223    .constdata___ARM__ZN10_TIM2_ConfC1Ev_anon0  configure.o
    0x08012368   0x00000060   Data   RO         1222    .constdata___ARM__ZN10_TIM3_ConfC1Ev_anon0  configure.o
    0x080123c8   0x00000060   Data   RO         1221    .constdata___ARM__ZN10_TIM4_ConfC1Ev_anon0  configure.o
    0x08012428   0x00000250   Data   RO         3408    .conststring        cpp_ws.l(rwstdexcept.o)
    0x08012678   0x00000020   Data   RO         4939    Region$$Table       anon$$obj.o
    0x08012698   0x00000004   Data   RO         1214    .init_array         configure.o
    0x0801269c   0x00000004   Data   RO         1305    .init_array         timer.o
    0x080126a0   0x00000004   Data   RO         3741    .init_array         cpp_ws.l(char.o)
    0x080126a4   0x00000004   Data   RO         4034    .init_array         cpp_ws.l(locale.o)
    0x080126a8   0x00000004   Data   RO         4360    .init_array         cpp_ws.l(rwcats.o)


    Execution Region RW_IRAM1 (Base: 0x20000000, Size: 0x00006658, Max: 0x00010000, ABSOLUTE, COMPRESSED[0x00000044])

    Base Addr    Size         Type   Attr      Idx    E Section Name        Object

    0x20000000   0x00000014   Data   RW            2    .data               system_stm32f10x.o
    0x20000014   0x00000004   Data   RW          374    .data               adcmanager.o
    0x20000018   0x00000004   Data   RW          415    .data               delay.o
    0x2000001c   0x00000004   Data   RW          451    .data               extimanager.o
    0x20000020   0x0000000c   Data   RW          488    .data               inputcatcher.o
    0x2000002c   0x00000004   Data   RW          528    .data               millis.o
    0x20000030   0x00000004   Data   RW          770    .data               ili93xx.o
    0x20000034   0x00000014   Data   RW         1045    .data               stm32f10x_rcc.o
    0x20000048   0x00000034   Data   RW         2967    .data               LCD.lib(gui_touch_driveranalog.o)
    0x2000007c   0x0000001c   Data   RW         2976    .data               LCD.lib(guicore.o)
    0x20000098   0x00000008   Data   RW         3000    .data               LCD.lib(gui_touch_storeunstable.o)
    0x200000a0   0x00000004   Data   RW         3017    .data               LCD.lib(lcd_api.o)
    0x200000a4   0x00000031   Data   RW         3029    .data               LCD.lib(wm.o)
    0x200000d5   0x00000003   PAD
    0x200000d8   0x00000004   Data   RW         3036    .data               LCD.lib(gui_x.o)
    0x200000dc   0x00000014   Data   RW         3066    .data               LCD.lib(gui_onkey.o)
    0x200000f0   0x00000001   Data   RW         3087    .data               LCD.lib(guialloc.o)
    0x200000f1   0x00000003   PAD
    0x200000f4   0x00000010   Data   RW         3126    .data               LCD.lib(wmtouch.o)
    0x20000104   0x00000030   Data   RW         3172    .data               LCD.lib(guicurs.o)
    0x20000134   0x00000017   Data   RW         3409    .data               cpp_ws.l(rwstdexcept.o)
    0x2000014b   0x00000001   PAD
    0x2000014c   0x00000008   Data   RW         3679    .data               mc_w.l(cpp_unwinder.o)
    0x20000154   0x00000008   Data   RW         3740    .data               cpp_ws.l(char.o)
    0x2000015c   0x0000001c   Data   RW         4033    .data               cpp_ws.l(locale.o)
    0x20000178   0x00000004   Data   RW         4183    .data               cpp_ws.l(rwthrowproc.o)
    0x2000017c   0x00000004   Data   RW         4330    .data               mc_w.l(cpp_dtor.o)
    0x20000180   0x00000004   Data   RW         4335    .data               mc_w.l(cpp_memory.o)
    0x20000184   0x00000008   Data   RW         4359    .data               cpp_ws.l(rwcats.o)
    0x2000018c   0x00000004   Data   RW         4790    .data               mc_w.l(mvars.o)
    0x20000190   0x00000004   Data   RW         4791    .data               mc_w.l(mvars.o)
    0x20000194   0x00000004   Data   RW         4132    .data__ZZNKSt6locale2id7_C_initEvE9_C_id_gen  cpp_ws.l(locale.o)
    0x20000198   0x0000000c   Data   RW         4181    .data__ZZSt13__rw_get_catsvE11__open_cats  cpp_ws.l(messages.o)
    0x200001a4   0x00000022   Zero   RW          373    .bss                adcmanager.o
    0x200001c6   0x00000002   PAD
    0x200001c8   0x00000040   Zero   RW          450    .bss                extimanager.o
    0x20000208   0x00000100   Zero   RW          487    .bss                inputcatcher.o
    0x20000308   0x0000000a   Zero   RW          768    .bss                ili93xx.o
    0x20000312   0x00000002   PAD
    0x20000314   0x00000024   Zero   RW         1184    .bss                usart.o
    0x20000338   0x00000270   Zero   RW         1213    .bss                configure.o
    0x200005a8   0x000000b4   Zero   RW         1304    .bss                timer.o
    0x2000065c   0x00000060   Zero   RW         2974    .bss                LCD.lib(guicore.o)
    0x200006bc   0x00000024   Zero   RW         3028    .bss                LCD.lib(wm.o)
    0x200006e0   0x0000000c   Zero   RW         3079    .bss                LCD.lib(gui_touch_storestate.o)
    0x200006ec   0x00003d28   Zero   RW         3086    .bss                LCD.lib(guialloc.o)
    0x20004414   0x00000200   Zero   RW         3103    .bss                LCD.lib(lcdcolor.o)
    0x20004614   0x0000000c   Zero   RW         3157    .bss                LCD.lib(gui_pid.o)
    0x20004620   0x0000000c   Zero   RW         3167    .bss                LCD.lib(gui_touch.o)
    0x2000462c   0x00000004   PAD
    0x20004630   0x00000018   Zero   RW         3406    .bss                cpp_ws.l(rwstdexcept.o)
    0x20004648   0x00000010   Zero   RW         4647    .bss__ZNSs9__nullrefE  cpp_ws.l(vendor.o)
    0x20004658   0x00001000   Zero   RW          828    HEAP                startup_stm32f10x_hd.o
    0x20005658   0x00001000   Zero   RW          827    STACK               startup_stm32f10x_hd.o


==============================================================================

Image component sizes


      Code (inc. data)   RO Data    RW Data    ZI Data      Debug   Object Name

       908         60          0          4         34     219288   adcmanager.o
         0          0          0          0          0       8304   checkboxmenu.o
       780        106        388          0        624       7098   configure.o
         0          0          0          0          0         32   core_cm3.o
       208         18          0          4          0        863   delay.o
      1072         20          0          4         64       5070   extimanager.o
         0          0          0          0          0       2100   gobject.o
         2          0          0          0          0        311   gui_main.o
      9276        132       2660          4         10      16425   ili93xx.o
      2072         82          0         12        256       8441   inputcatcher.o
         0          0          0          0          0       1708   interactivemenu.o
        64         10          0          0          0     258625   main.o
         0          0          0          0          0      23484   menu.o
       352          8          0          4          0       1680   millis.o
       220         20          0          0          0       1589   misc.o
         0          0          0          0          0      23088   numinputmenu.o
        36          8        304          0       8192        712   startup_stm32f10x_hd.o
         0          0          0          0          0       2228   statusbar.o
      1102         26          0          0          0      10625   stm32f10x_adc.o
       592          8          0          0          0       4118   stm32f10x_dma.o
       284         10          0          0          0       2023   stm32f10x_exti.o
       856         40          0          0          0       5437   stm32f10x_gpio.o
        24          0          0          0          0       1018   stm32f10x_it.o
       204         16          0          0          0       1819   stm32f10x_pwr.o
       932         44          0         20          0       8520   stm32f10x_rcc.o
       324          4          0          0          0       2570   stm32f10x_rtc.o
      3610         88          0          0          0      21920   stm32f10x_tim.o
      1032         22          0          0          0       8160   stm32f10x_usart.o
       476         36          0         20          0      58571   system_stm32f10x.o
         0          0          0          0          0      15124   textview.o
      5098         44          4          0        180      52032   timer.o
       204          6         16          0          0       1904   timerchannel.o
       436         34          0          0          0       1347   touch.o
      1156         28          0          0         36       8523   usart.o

    ----------------------------------------------------------------------
     31328        870       3404         72       9400     784757   Object Totals
         0          0         32          0          0          0   (incl. Generated)
         8          0          0          0          4          0   (incl. Padding)

    ----------------------------------------------------------------------

      Code (inc. data)   RO Data    RW Data    ZI Data      Debug   Library Member Name

         0          0       1844          0          0          0   f6x8.o
        66          0          0          0          0         68   gui__intersectrect.o
       136          0          0          0          0         76   gui__intersectrects.o
        84          0          0          0          0         80   gui__memset.o
        78          0          0          0          0         80   gui__memset16.o
        34          0          0          0          0         80   gui_alloc_alloczero.o
         0          0         32          0          0          0   gui_cursorarrowm.o
         0          0         60          0          0          0   gui_cursorarrowmpx.o
         0          0         24          0          0          0   gui_cursorpal.o
        56          4          0          0          0        100   gui_exec.o
       170          0          0          0          0         80   gui_getbitmappixelindex.o
        88          6          0          0          0        168   gui_goto.o
       130          0          0          0          0         76   gui_mergerect.o
        36          0          0          0          0         68   gui_moverect.o
       144         12          0         20          0        284   gui_onkey.o
        36          4          0          0          0        168   gui_pen.o
        72         12          0          0         12        108   gui_pid.o
        58          0          0          0          0         68   gui_rectsintersect.o
        36          4          0          0          0        100   gui_savecontext.o
        16          0          0          0          0         76   gui_selectlcd.o
        24          0          0          0          0        100   gui_setcolor.o
        68          6          0          0          0        100   gui_setdefault.o
        16          0          0          0          0         80   gui_setdrawmode.o
        16          4          0          0          0         68   gui_setfont.o
        16          6          0          0          0         68   gui_setlinestyle.o
        20          4          0          0          0         68   gui_settextalign.o
        20          4          0          0          0         68   gui_settextmode.o
        60          4          0          0         12         92   gui_touch.o
       596         42          0         52          0        380   gui_touch_driveranalog.o
        48          6          0          0         12         80   gui_touch_storestate.o
        88          8          0          8          0        152   gui_touch_storeunstable.o
        48         10         16          0          0        184   gui_uc_encodenone.o
        48          6          0          4          0        268   gui_x.o
        32          0          0          0          0        184   gui_x_touch.o
       944         16          0          1      15656        536   guialloc.o
       452          4          0          0          0        208   guicharm.o
       276         24          8         28         96        156   guicore.o
      1532         90          0         48          0        500   guicurs.o
      1048         14          0          0          0        448   guidev.o
      2214         18         96          0          0        588   guidev_16.o
       278          0          0          0          0        116   guidev_banding.o
        64          6          0          0          0         84   guidev_clear.o
        36          4          0          0          0         80   guidev_getysize.o
        48          6          0          0          0         80   guidev_reduceysize.o
       100          4          0          0          0         84   guidev_setorg.o
       104          4          0          0          0        140   guidev_usage.o
       552          6         24          0          0        256   guidev_usagebm.o
      1128         12          0          0          0        428   lcd.o
         0          0         64          4          0          0   lcd_api.o
        54          0          0          0          0        196   lcd_l0_generic.o
         0          0        256          0          0          0   lcd_mirror.o
        36         10          0          0          0         76   lcd_selectlcd.o
        32          4          0          0          0         76   lcd_setcliprectex.o
        36          4          0          0          0         76   lcd_updatecolorindices.o
        84          4          0          0        512        176   lcdcolor.o
      1644          8          0          0          0        656   lcddummy.o
        44          0          0          0          0        196   lcdinfo0.o
        32          0          0          0          0        144   lcdpm565.o
        56          0          0          0          0         80   lcdpm565_index2color.o
      4224        182          0         49         36       1660   wm.o
        30          0          0          0          0         76   wm__getfirstsibling.o
        54          0          0          0          0         80   wm__getprevsibling.o
        78          0          0          0          0        112   wm__isancestor.o
        26          0          0          0          0         80   wm__isenabled.o
        36          0          0          0          0         80   wm__sendmessage.o
        24          0          0          0          0         80   wm__sendmessageifenabled.o
        72          0          0          0          0         88   wm_bringtobottom.o
        80          4          0          0          0        144   wm_criticalhandle.o
        12          4          0          0          0         68   wm_getdesktopwindow.o
        20          0          0          0          0         76   wm_getparent.o
        16          0          0          0          0         80   wm_iswindow.o
        22          0          0          0          0         80   wm_notifyparent.o
        56          6          0          0          0         88   wm_onkey.o
       204          6          0          0          0        168   wm_screen2win.o
        32          0          0          0          0         80   wm_sendtoparent.o
        80          8          0          0          0        128   wm_setcapture.o
       544         20          0         16          0        192   wmtouch.o
      1812         74        620          8          0       1476   char.o
      1486         78          4         32          0       1764   locale.o
       452         30          0         12          0        712   messages.o
        36          0          0          0          0        144   rwalloc.o
       184         24          4          8          0        396   rwcats.o
      1090         70        787         23         24       1216   rwstdexcept.o
         0          0          0          4          0          0   rwthrowproc.o
      1468        274        678          0          0       2984   rwthrowproc_impl.o
         0          0          0          0         16          0   vendor.o
        42          0          0          0          0         84   ARM_vec_cleanup.o
        44          0          0          0          0         84   ARM_vec_cleanup_rethrow.o
        50          0          0          0          0         84   aeabi_atexit.o
        34          0          0          0          0         84   aeabi_vec_ctor_nocookie_nodtor.o
        34          0          0          0          0         84   aeabi_vec_delete.o
        58          0          0          0          0         88   aeabi_vec_dtor.o
        16          0          0          0          0         68   aeabi_vec_dtor_cookie.o
        20          0          0          0          0         80   aeabi_vec_new_cookie.o
        96         14          0          0          0         80   arm_exceptions_alloc.o
        48         10          0          0          0         80   arm_exceptions_bad_typeid.o
        72          0          0          0          0         80   arm_exceptions_begincatch.o
        60          0          0          0          0        116   arm_exceptions_callterm.o
        74          0          0          0          0         92   arm_exceptions_endcatch.o
        60          0          0          0          0         80   arm_exceptions_foreign.o
        34          0          0          0          0         84   arm_exceptions_free.o
        80         12          0          0          0        104   arm_exceptions_globs.o
        60          0          0          0          0        108   arm_exceptions_mem.o
        82          0          0          0          0         80   arm_exceptions_rethrow.o
        44          6         12          0          0         92   arm_exceptions_support.o
        26          0          0          0          0         76   arm_exceptions_terminate.o
       432         22         10          0          0        240   arm_exceptions_throw.o
         8          0          0          0          0         76   array_del.o
         8          0          0          0          0         76   array_new.o
       146          0          0          0          0         96   array_new_general.o
        16          4          0          0          0         76   bad_alloc_cctor.o
        16          4          0          0          0         76   bad_alloc_ctor.o
         8          0         45          0          0         76   bad_alloc_dtor.o
        40          8         44          0          0        228   bad_cast.o
        16          4          0          0          0         76   bad_exception_cctor.o
        16          4          0          0          0         76   bad_exception_ctor.o
         8          0         50          0          0         76   bad_exception_dtor.o
        40          8         47          0          0        228   bad_typeid.o
        66          0          0          0          0         84   cxa_finalize.o
        16          0          0          0          0         68   cxa_guard_acquire.o
        24          6          0          0          0         84   cxa_vec_new.o
         8          0          0          0          0         76   delete.o
        12          6          0          0          0         68   exception_cctor.o
        12          6          0          0          0         68   exception_ctor.o
         2          0         41          0          0         68   exception_dtor.o
         0          0        339          0          0          0   lib_rtti_impl.o
        40          6          0          0          0         76   new.o
        48         10          0          0          0         80   newhandler.o
       604         16          0          0          0        196   rtti.o
         0          0         21          0          0          0   type_info_dtor.o
        32          0          0          0          0         80   type_info_eq.o
        32          0          0          0          0         80   type_info_ne.o
        92          0          0          0          0          0   __dczerorl2.o
        28          0          0          0          0         68   _chval.o
       812          6          0          0          0        112   _scanf.o
       336          0          0          0          0         96   _scanf_int.o
       342          0          0          0          0        100   _scanf_longlong.o
       218          0          0          0          0         96   _scanf_str.o
        64          0          0          0          0         84   _sgetc.o
         8          4          0          4          0         68   cpp_dtor.o
         2          0          0          0          0         68   cpp_final.o
        32         10          0          0          0         80   cpp_init.o
         8          4          0          4          0         68   cpp_memory.o
        32          6          0          8          0        252   cpp_unwinder.o
         8          4        133          0          0         68   ctype_o.o
         0          0          0          0          0          0   entry.o
         0          0          0          0          0          0   entry10a.o
         0          0          0          0          0          0   entry11a.o
         8          4          0          0          0          0   entry2.o
         4          0          0          0          0          0   entry5.o
         0          0          0          0          0          0   entry7b.o
         4          0          0          0          0          0   entry8a.o
         0          0          0          0          0          0   entry8b.o
         8          4          0          0          0          0   entry9a.o
        30          0          0          0          0          0   handlers.o
        36          8          0          0          0         68   init.o
        18          0          0          0          0         76   isspace_o.o
         0          0          0          0          0          0   iusefp.o
        30          0          0          0          0         68   llshl.o
        36          0          0          0          0         68   llsshr.o
        32          0          0          0          0         68   llushr.o
       188         20          0          0          0        160   malloc.o
        26          0          0          0          0         80   memcmp.o
        36          0          0          0          0         68   memcpya.o
        66          0          0          0          0         76   memmove.o
        64          0          0          0          0         76   memmovea.o
        36          0          0          0          0        108   memseta.o
         0          0          0          8          0          0   mvars.o
      2268         84          0          0          0        508   printfa.o
        40          8          0          0          0         84   scanf_char.o
       842         12          0          0          0        216   scanf_fp.o
        56          8          0          0          0         84   sscanf.o
        24          0          0          0          0         68   strcat.o
        28          0          0          0          0         76   strcmp.o
        18          0          0          0          0         68   strcpy.o
        14          0          0          0          0         68   strlen.o
        32          0          0          0          0         68   strrchr.o
        44          0          0          0          0         80   uidiv.o
        98          0          0          0          0         92   uldiv.o
        40          2          0          0          0         68   cdcmple.o
        40          2          0          0          0         68   cdrcmple.o
        56          0          0          0          0         88   d2f.o
       334          0          0          0          0        148   dadd.o
       222          0          0          0          0        100   ddiv.o
       190          0          0          0          0        176   depilogue.o
        50          0          0          0          0         76   dfixui.o
        48          0          0          0          0         68   dfixul.o
        26          0          0          0          0         76   dfltui.o
        24          0          0          0          0         76   dfltul.o
       228          0          0          0          0         96   dmul.o
       108          0          0          0          0        168   fepilogue.o

    ----------------------------------------------------------------------
     35440       1492       5264        348      16380      29856   Library Totals
        50          0          5          7          4          0   (incl. Padding)

    ----------------------------------------------------------------------

      Code (inc. data)   RO Data    RW Data    ZI Data      Debug   Library Name

     18744        610       2424        230      16336      12312   LCD.lib
      6528        550       2093         87         40       8692   cpp_ws.l
      2684        146        609          0          0       4156   cpprt_w.l
      6068        182        133         24          0       3488   mc_w.l
      1366          4          0          0          0       1208   mf_w.l

    ----------------------------------------------------------------------
     35440       1492       5264        348      16380      29856   Library Totals

    ----------------------------------------------------------------------

==============================================================================


      Code (inc. data)   RO Data    RW Data    ZI Data      Debug   

     66768       2362       8668        420      25780     793761   Grand Totals
     66768       2362       8668         68      25780     793761   ELF Image Totals (compressed)
     66768       2362       8668         68          0          0   ROM Totals

==============================================================================

    Total RO  Size (Code + RO Data)                75436 (  73.67kB)
    Total RW  Size (RW Data + ZI Data)             26200 (  25.59kB)
    Total ROM Size (Code + RO Data + RW Data)      75504 (  73.73kB)

==============================================================================

