ARM Linker, 5.03 [Build 76] [MDK-ARM Standard]

==============================================================================

Section Cross References

    system_stm32f10x.o(.text) refers to system_stm32f10x.o(.data) for SystemCoreClock
    stm32f10x_it.o(.text) refers to protocol.o(.text) for PT_IRq_Handler
    main.o(.text) refers to dadd.o(.text) for __aeabi_dadd
    main.o(.text) refers to bcar.o(.text) for WriteLRMotors
    main.o(.text) refers to mpu6050.o(.text) for MPU6050_GetTransformedData
    main.o(.text) refers to newpid.o(.text) for PID_Structure_Init
    main.o(.text) refers to delay.o(.text) for delay_init
    main.o(.text) refers to usart2bufreceiever.o(.text) for uart2_init_BR
    main.o(.text) refers to millis.o(.text) for MILLIS_Init
    main.o(.text) refers to filter.o(.text) for ComplementaryFilter_Init
    main.o(.text) refers to usart2.o(.text) for uart2_printf
    main.o(.text) refers to main.o(.bss) for PID
    main.o(.text) refers to main.o(.data) for PWMcontol_R
    bcar.o(.text) refers to pwmmanager.o(.text) for PWMManagerStructure
    bcar.o(.text) refers to cdrcmple.o(.text) for __aeabi_cdrcmple
    bcar.o(.text) refers to dadd.o(.text) for __aeabi_dadd
    bcar.o(.text) refers to d2f.o(.text) for __aeabi_d2f
    bcar.o(.text) refers to dflti.o(.text) for __aeabi_i2d
    bcar.o(.text) refers to ddiv.o(.text) for __aeabi_ddiv
    bcar.o(.text) refers to bcar.o(.bss) for PWMManager
    bcar.o(.text) refers to main.o(.bss) for PID
    bcar.o(.text) refers to main.o(.data) for PWMcontol_R
    bcar.o(.text) refers to bcar.o(.data) for FB_ENABLED
    adcmanager.o(.text) refers to stm32f10x_adc.o(.text) for ADC_SoftwareStartConvCmd
    adcmanager.o(.text) refers to stm32f10x_rcc.o(.text) for RCC_AHBPeriphClockCmd
    adcmanager.o(.text) refers to stm32f10x_dma.o(.text) for DMA_DeInit
    adcmanager.o(.text) refers to misc.o(.text) for NVIC_Init
    adcmanager.o(.text) refers to stm32f10x_gpio.o(.text) for GPIO_Init
    adcmanager.o(.text) refers to adcmanager.o(.data) for defaultADCManager
    adcmanager.o(.text) refers to adcmanager.o(.bss) for ADC_DEFAULT_DATA
    delay.o(.text) refers to misc.o(.text) for SysTick_CLKSourceConfig
    delay.o(.text) refers to system_stm32f10x.o(.data) for SystemCoreClock
    delay.o(.text) refers to delay.o(.data) for fac_us
    ds18b20.o(.text) refers to delay.o(.text) for delay_us
    ds18b20.o(.text) refers to stm32f10x_rcc.o(.text) for RCC_APB2PeriphClockCmd
    ds18b20.o(.text) refers to stm32f10x_gpio.o(.text) for GPIO_Init
    ds18b20.o(.text) refers to dflti.o(.text) for __aeabi_i2d
    ds18b20.o(.text) refers to dmul.o(.text) for __aeabi_dmul
    extimanager.o(.text) refers to stm32f10x_rcc.o(.text) for RCC_APB2PeriphClockCmd
    extimanager.o(.text) refers to stm32f10x_gpio.o(.text) for GPIO_Init
    extimanager.o(.text) refers to stm32f10x_exti.o(.text) for EXTI_Init
    extimanager.o(.text) refers to misc.o(.text) for NVIC_Init
    extimanager.o(.text) refers to extimanager.o(.bss) for _EXTILine
    extimanager.o(.text) refers to extimanager.o(.data) for defaultEXTIManager
    filter.o(.text) refers to dadd.o(.text) for __aeabi_drsub
    filter.o(.text) refers to dmul.o(.text) for __aeabi_dmul
    filter.o(.text) refers to ddiv.o(.text) for __aeabi_ddiv
    filter.o(.text) refers to d2f.o(.text) for __aeabi_d2f
    filter.o(.text) refers to fadd.o(.text) for __aeabi_fsub
    filter.o(.text) refers to f2d.o(.text) for __aeabi_f2d
    filter.o(.text) refers to filter.o(.data) for DefaultComplementaryFilter
    inputcatcher.o(.text) refers to stm32f10x_tim.o(.text) for TIM_OC1PolarityConfig
    inputcatcher.o(.text) refers to stm32f10x_rcc.o(.text) for RCC_APB2PeriphClockCmd
    inputcatcher.o(.text) refers to stm32f10x_gpio.o(.text) for GPIO_Init
    inputcatcher.o(.text) refers to dmul.o(.text) for __aeabi_dmul
    inputcatcher.o(.text) refers to dadd.o(.text) for __aeabi_dsub
    inputcatcher.o(.text) refers to dfixui.o(.text) for __aeabi_d2uiz
    inputcatcher.o(.text) refers to inputcatcher.o(.data) for defaultInputCatchManager
    inputcatcher.o(.text) refers to misc.o(.text) for NVIC_Init
    inputcatcher.o(.text) refers to dfltui.o(.text) for __aeabi_ui2d
    inputcatcher.o(.text) refers to ddiv.o(.text) for __aeabi_ddiv
    inputcatcher.o(.text) refers to cdcmple.o(.text) for __aeabi_cdcmpeq
    inputcatcher.o(.text) refers to inputcatcher.o(.bss) for TIM_CAPTURE_STA_VAL1_VAL2_VAL3
    keyfsm.o(.text) refers to stm32f10x_gpio.o(.text) for GPIO_ReadInputDataBit
    keyfsm.o(.text) refers to millis.o(.text) for millis
    keyfsm.o(.text) refers to stm32f10x_rcc.o(.text) for RCC_APB2PeriphClockCmd
    keyfsm.o(.text) refers to keyfsm.o(.bss) for defaultKeyFSM
    keyfsm.o(.text) refers to keyfsm.o(.data) for defaultKeyFSM_NUM
    millis.o(.text) refers to stm32f10x_rcc.o(.text) for RCC_APB1PeriphClockCmd
    millis.o(.text) refers to stm32f10x_pwr.o(.text) for PWR_BackupAccessCmd
[...]
    ..\UTILS\USMART\usmart_str.c             0x00000000   Number         0  usmart_str.o ABSOLUTE
    ..\UTILS\delay\delay.c                   0x00000000   Number         0  delay.o ABSOLUTE
    ..\UTILS\doEvery\doEvery.c               0x00000000   Number         0  doevery.o ABSOLUTE
    ..\UTILS\millis\millis.c                 0x00000000   Number         0  millis.o ABSOLUTE
    ..\UTILS\sys\sys.c                       0x00000000   Number         0  sys.o ABSOLUTE
    ..\UTILS\usart2\usart2.c                 0x00000000   Number         0  usart2.o ABSOLUTE
    ..\UTILS\usart\usart.c                   0x00000000   Number         0  usart.o ABSOLUTE
    ..\\CORE\\core_cm3.c                     0x00000000   Number         0  core_cm3.o ABSOLUTE
    ..\\UTILS\\SuperTask\\SuperTask.c        0x00000000   Number         0  supertask.o ABSOLUTE
    ..\mpu6050\I2C_analog\iic_analog.c       0x00000000   Number         0  iic_analog.o ABSOLUTE
    ..\mpu6050\mpu600\MPU6050.c              0x00000000   Number         0  mpu6050.o ABSOLUTE
    ..\probe\interrupt.c                     0x00000000   Number         0  interrupt.o ABSOLUTE
    BCar.c                                   0x00000000   Number         0  bcar.o ABSOLUTE
    cdcmple.s                                0x00000000   Number         0  cdcmple.o ABSOLUTE
    cdrcmple.s                               0x00000000   Number         0  cdrcmple.o ABSOLUTE
    dc.s                                     0x00000000   Number         0  dc.o ABSOLUTE
    handlers.s                               0x00000000   Number         0  handlers.o ABSOLUTE
    init.s                                   0x00000000   Number         0  init.o ABSOLUTE
    main.c                                   0x00000000   Number         0  main.o ABSOLUTE
    stm32f10x_it.c                           0x00000000   Number         0  stm32f10x_it.o ABSOLUTE
    system_stm32f10x.c                       0x00000000   Number         0  system_stm32f10x.o ABSOLUTE
    RESET                                    0x08000000   Section      236  startup_stm32f10x_md.o(RESET)
    .ARM.Collect$$$$00000000                 0x080000ec   Section        0  entry.o(.ARM.Collect$$$$00000000)
    .ARM.Collect$$$$00000001                 0x080000ec   Section        4  entry2.o(.ARM.Collect$$$$00000001)
    .ARM.Collect$$$$00000004                 0x080000f0   Section        4  entry5.o(.ARM.Collect$$$$00000004)
    .ARM.Collect$$$$00000008                 0x080000f4   Section        0  entry7b.o(.ARM.Collect$$$$00000008)
    .ARM.Collect$$$$0000000A                 0x080000f4   Section        0  entry8b.o(.ARM.Collect$$$$0000000A)
    .ARM.Collect$$$$0000000B                 0x080000f4   Section        8  entry9a.o(.ARM.Collect$$$$0000000B)
    .ARM.Collect$$$$0000000D                 0x080000fc   Section        0  entry10a.o(.ARM.Collect$$$$0000000D)
    .ARM.Collect$$$$0000000F                 0x080000fc   Section        0  entry11a.o(.ARM.Collect$$$$0000000F)
    .ARM.Collect$$$$00002712                 0x080000fc   Section        4  entry2.o(.ARM.Collect$$$$00002712)
    __lit__00000000                          0x080000fc   Data           4  entry2.o(.ARM.Collect$$$$00002712)
    .emb_text                                0x08000100   Section       18  supertask.o(.emb_text)
    .text                                    0x08000114   Section        0  system_stm32f10x.o(.text)
    SetSysClockTo72                          0x08000115   Thumb Code   212  system_stm32f10x.o(.text)
    SetSysClock                              0x080001e9   Thumb Code     8  system_stm32f10x.o(.text)
    .text                                    0x080002f0   Section        0  stm32f10x_it.o(.text)
    .text                                    0x08000310   Section        0  main.o(.text)
    .text                                    0x08000470   Section        0  bcar.o(.text)
    .text                                    0x08000828   Section        0  adcmanager.o(.text)
    .text                                    0x08000bb4   Section        0  delay.o(.text)
    .text                                    0x08000c84   Section        0  extimanager.o(.text)
    .text                                    0x080010b4   Section        0  filter.o(.text)
    .text                                    0x080016f8   Section        0  inputcatcher.o(.text)
    .text                                    0x08001f00   Section        0  millis.o(.text)
    .text                                    0x08002060   Section        0  newpid.o(.text)
    .text                                    0x080025b4   Section        0  pwmmanager.o(.text)
    .text                                    0x08002c24   Section        0  usart.o(.text)
    .text                                    0x08002cc8   Section        0  usart2.o(.text)
    .text                                    0x08002e44   Section        0  usart2bufreceiever.o(.text)
    .text                                    0x08003024   Section        0  usartbufreceiever.o(.text)
    .text                                    0x08003204   Section        0  thb7128.o(.text)
    .text                                    0x08003400   Section        0  protocol.o(.text)
    .text                                    0x08003bd0   Section        0  doevery.o(.text)
    .text                                    0x08003d40   Section        0  supertask.o(.text)
    .text                                    0x08003d8c   Section       36  startup_stm32f10x_md.o(.text)
    .text                                    0x08003db0   Section        0  misc.o(.text)
    .text                                    0x08003e8c   Section        0  stm32f10x_adc.o(.text)
    .text                                    0x080042dc   Section        0  stm32f10x_dma.o(.text)
    .text                                    0x0800452c   Section        0  stm32f10x_exti.o(.text)
    .text                                    0x08004648   Section        0  stm32f10x_gpio.o(.text)
    .text                                    0x080049a0   Section        0  stm32f10x_pwr.o(.text)
    .text                                    0x08004a6c   Section        0  stm32f10x_rcc.o(.text)
    .text                                    0x08004e10   Section        0  stm32f10x_rtc.o(.text)
    .text                                    0x08004f54   Section        0  stm32f10x_tim.o(.text)
    TI4_Config                               0x080053fb   Thumb Code   130  stm32f10x_tim.o(.text)
    TI3_Config                               0x0800548f   Thumb Code   122  stm32f10x_tim.o(.text)
    TI2_Config                               0x08005523   Thumb Code   130  stm32f10x_tim.o(.text)
    TI1_Config                               0x080055b7   Thumb Code   108  stm32f10x_tim.o(.text)
    .text                                    0x08005d70   Section        0  stm32f10x_usart.o(.text)
    .text                                    0x08006178   Section        0  mpu6050.o(.text)
    .text                                    0x08006444   Section        0  iic_analog.o(.text)
    .text                                    0x080069dc   Section        0  vsscanf.o(.text)
    .text                                    0x08006a0c   Section        0  fadd.o(.text)
    .text                                    0x08006abc   Section        0  dadd.o(.text)
    .text                                    0x08006c0a   Section        0  dmul.o(.text)
    .text                                    0x08006cee   Section        0  ddiv.o(.text)
    .text                                    0x08006dcc   Section        0  dflti.o(.text)
    .text                                    0x08006dee   Section        0  dfltui.o(.text)
    .text                                    0x08006e08   Section        0  dfixui.o(.text)
    .text                                    0x08006e3a   Section        0  f2d.o(.text)
    .text                                    0x08006e60   Section       40  cdcmple.o(.text)
    .text                                    0x08006e88   Section       40  cdrcmple.o(.text)
    .text                                    0x08006eb0   Section        0  d2f.o(.text)
    .text                                    0x08006ee8   Section        0  uidiv.o(.text)
    .text                                    0x08006f14   Section        0  uldiv.o(.text)
    .text                                    0x08006f76   Section        0  llshl.o(.text)
    .text                                    0x08006f94   Section        0  llushr.o(.text)
    .text                                    0x08006fb4   Section        0  llsshr.o(.text)
    .text                                    0x08006fd8   Section        0  _scanf_longlong.o(.text)
    .text                                    0x0800712e   Section        0  _scanf_int.o(.text)
    .text                                    0x0800727e   Section        0  _scanf_str.o(.text)
    .text                                    0x08007358   Section        0  scanf_fp.o(.text)
    _fp_value                                0x08007359   Thumb Code   256  scanf_fp.o(.text)
    .text                                    0x08007694   Section        0  scanf_char.o(.text)
    _scanf_char_input                        0x08007695   Thumb Code    12  scanf_char.o(.text)
    .text                                    0x080076bc   Section        0  _sgetc.o(.text)
    .text                                    0x080076fc   Section        0  iusefp.o(.text)
    .text                                    0x080076fc   Section        0  fepilogue.o(.text)
    .text                                    0x08007768   Section        0  depilogue.o(.text)
    .text                                    0x08007826   Section        0  dfixul.o(.text)
    .text                                    0x08007858   Section       36  init.o(.text)
    .text                                    0x0800787c   Section        0  isspace_c.o(.text)
    .text                                    0x08007886   Section        0  _chval.o(.text)
    .text                                    0x080078a4   Section        0  _scanf.o(.text)
    .text                                    0x08007bd0   Section        0  dfltul.o(.text)
    .text                                    0x08007be8   Section        0  ctype_c.o(.text)
    i.__0vsnprintf                           0x08007c10   Section        0  printfa.o(i.__0vsnprintf)
    i.__scatterload_copy                     0x08007c34   Section       14  handlers.o(i.__scatterload_copy)
    i.__scatterload_null                     0x08007c42   Section        2  handlers.o(i.__scatterload_null)
    i.__scatterload_zeroinit                 0x08007c44   Section       14  handlers.o(i.__scatterload_zeroinit)
    i._fp_digits                             0x08007c54   Section        0  printfa.o(i._fp_digits)
    _fp_digits                               0x08007c55   Thumb Code   326  printfa.o(i._fp_digits)
    i._is_digit                              0x08007db0   Section        0  scanf_fp.o(i._is_digit)
    i._printf_core                           0x08007dc0   Section        0  printfa.o(i._printf_core)
    _printf_core                             0x08007dc1   Thumb Code  1762  printfa.o(i._printf_core)
    i._printf_post_padding                   0x080084b0   Section        0  printfa.o(i._printf_post_padding)
    _printf_post_padding                     0x080084b1   Thumb Code    38  printfa.o(i._printf_post_padding)
    i._printf_pre_padding                    0x080084d6   Section        0  printfa.o(i._printf_pre_padding)
    _printf_pre_padding                      0x080084d7   Thumb Code    48  printfa.o(i._printf_pre_padding)
    i._snputc                                0x08008506   Section        0  printfa.o(i._snputc)
    _snputc                                  0x08008507   Thumb Code    22  printfa.o(i._snputc)
    .constdata                               0x0800851c   Section       64  ctype_c.o(.constdata)
    .data                                    0x20000000   Section       20  system_stm32f10x.o(.data)
    .data                                    0x20000018   Section       48  main.o(.data)
    .data                                    0x20000048   Section        1  bcar.o(.data)
    .data                                    0x2000004c   Section        4  adcmanager.o(.data)
    .data                                    0x20000050   Section        4  delay.o(.data)
    fac_us                                   0x20000050   Data           1  delay.o(.data)
    fac_ms                                   0x20000052   Data           2  delay.o(.data)
    .data                                    0x20000054   Section        4  extimanager.o(.data)
    .data                                    0x20000058   Section        8  filter.o(.data)
    .data                                    0x20000060   Section       12  inputcatcher.o(.data)
    .data                                    0x2000006c   Section        4  millis.o(.data)
    .data                                    0x20000070   Section       52  newpid.o(.data)
    .data                                    0x200000a4   Section        4  pwmmanager.o(.data)
    .data                                    0x200000a8   Section       16  usart2bufreceiever.o(.data)
    .data                                    0x200000b8   Section       16  usartbufreceiever.o(.data)
    .data                                    0x200000c8   Section        8  thb7128.o(.data)
    .data                                    0x200000d0   Section        3  protocol.o(.data)
    PT_FSM_STATE                             0x200000d0   Data           1  protocol.o(.data)
    PT_PACKAGE_LENGTH                        0x200000d1   Data           1  protocol.o(.data)
    PT_i                                     0x200000d2   Data           1  protocol.o(.data)
    .data                                    0x200000d4   Section        8  doevery.o(.data)
    defaultDoEvery                           0x200000d4   Data           4  doevery.o(.data)
    .data                                    0x200000dc   Section       20  stm32f10x_rcc.o(.data)
    APBAHBPrescTable                         0x200000dc   Data          16  stm32f10x_rcc.o(.data)
    ADCPrescTable                            0x200000ec   Data           4  stm32f10x_rcc.o(.data)
    .bss                                     0x200000f0   Section      200  main.o(.bss)
    .bss                                     0x200001b8   Section      208  bcar.o(.bss)
    .bss                                     0x20000288   Section       34  adcmanager.o(.bss)
    .bss                                     0x200002ac   Section       64  extimanager.o(.bss)
    .bss                                     0x200002ec   Section      256  inputcatcher.o(.bss)
    .bss                                     0x200003ec   Section       50  usart2bufreceiever.o(.bss)
    .bss                                     0x2000041e   Section       50  usartbufreceiever.o(.bss)
    .bss                                     0x20000450   Section      152  protocol.o(.bss)
    PT_FSM_BUF                               0x20000450   Data         110  protocol.o(.bss)
    PT_FSM_PER_LEN                           0x200004c0   Data          40  protocol.o(.bss)
    STACK                                    0x200004e8   Section     1024  startup_stm32f10x_md.o(STACK)

    Global Symbols

    Symbol Name                              Value     Ov Type        Size  Object(Section)

    BuildAttributes$$THM_ISAv4$P$D$K$B$S$PE$A:L22UL41UL21$X:L11$S22US41US21$IEEE1$IW$USESV6$~STKCKD$USESV7$~SHL$OTIME$ROPI$EBA8$MICROLIB$REQ8$PRES8$EABIv2 0x00000000   Number         0  anon$$obj.o ABSOLUTE
    __ARM_use_no_argv                        0x00000000   Number         0  main.o ABSOLUTE
    __use_no_errno                           0x00000000   Number         0  useno.o ABSOLUTE
    __use_no_exception_handling              0x00000000   Number         0  useno.o ABSOLUTE
    __use_no_fp                              0x00000000   Number         0  useno.o ABSOLUTE
    __use_no_heap                            0x00000000   Number         0  useno.o ABSOLUTE
    __use_no_heap_region                     0x00000000   Number         0  useno.o ABSOLUTE
    __use_no_semihosting                     0x00000000   Number         0  useno.o ABSOLUTE
    __use_no_semihosting_swi                 0x00000000   Number         0  useno.o ABSOLUTE
    __use_no_signal_handling                 0x00000000   Number         0  useno.o ABSOLUTE
    __cpp_initialize__aeabi_                  - Undefined Weak Reference
    __cxa_finalize                            - Undefined Weak Reference
    __decompress                              - Undefined Weak Reference
    _clock_init                               - Undefined Weak Reference
    _microlib_exit                            - Undefined Weak Reference
    __Vectors_Size                           0x000000ec   Number         0  startup_stm32f10x_md.o ABSOLUTE
    __Vectors                                0x08000000   Data           4  startup_stm32f10x_md.o(RESET)
    __Vectors_End                            0x080000ec   Data           0  startup_stm32f10x_md.o(RESET)
    __main                                   0x080000ed   Thumb Code     0  entry.o(.ARM.Collect$$$$00000000)
    _main_stk                                0x080000ed   Thumb Code     0  entry2.o(.ARM.Collect$$$$00000001)
    _main_scatterload                        0x080000f1   Thumb Code     0  entry5.o(.ARM.Collect$$$$00000004)
    __main_after_scatterload                 0x080000f5   Thumb Code     0  entry5.o(.ARM.Collect$$$$00000004)
    _main_clock                              0x080000f5   Thumb Code     0  entry7b.o(.ARM.Collect$$$$00000008)
    _main_cpp_init                           0x080000f5   Thumb Code     0  entry8b.o(.ARM.Collect$$$$0000000A)
    _main_init                               0x080000f5   Thumb Code     0  entry9a.o(.ARM.Collect$$$$0000000B)
    __rt_final_cpp                           0x080000fd   Thumb Code     0  entry10a.o(.ARM.Collect$$$$0000000D)
    __rt_final_exit                          0x080000fd   Thumb Code     0  entry11a.o(.ARM.Collect$$$$0000000F)
    SVC_Handler                              0x08000101   Thumb Code    18  supertask.o(.emb_text)
    SystemInit                               0x080001f1   Thumb Code    78  system_stm32f10x.o(.text)
    SystemCoreClockUpdate                    0x0800023f   Thumb Code   142  system_stm32f10x.o(.text)
    NMI_Handler                              0x080002f1   Thumb Code     2  stm32f10x_it.o(.text)
    HardFault_Handler                        0x080002f3   Thumb Code     4  stm32f10x_it.o(.text)
    USART2_IRQHandler                        0x080002f7   Thumb Code     8  stm32f10x_it.o(.text)
    MemManage_Handler                        0x080002ff   Thumb Code     4  stm32f10x_it.o(.text)
    BusFault_Handler                         0x08000303   Thumb Code     4  stm32f10x_it.o(.text)
    UsageFault_Handler                       0x08000307   Thumb Code     4  stm32f10x_it.o(.text)
    DebugMon_Handler                         0x0800030b   Thumb Code     2  stm32f10x_it.o(.text)
    PendSV_Handler                           0x0800030d   Thumb Code     2  stm32f10x_it.o(.text)
    SysTick_Handler                          0x0800030f   Thumb Code     2  stm32f10x_it.o(.text)
    balanceProc                              0x08000311   Thumb Code    96  main.o(.text)
    PIDConfigure                             0x08000371   Thumb Code    60  main.o(.text)
    All_Init                                 0x080003ad   Thumb Code    52  main.o(.text)
    main                                     0x080003e1   Thumb Code    60  main.o(.text)
    Motor_Init                               0x08000471   Thumb Code    66  bcar.o(.text)
    WriteAllMotors                           0x080004b3   Thumb Code   226  bcar.o(.text)
    WriteLRMotors                            0x08000595   Thumb Code   286  bcar.o(.text)
    StopAllMotors                            0x080006b3   Thumb Code    52  bcar.o(.text)
    setPID                                   0x080006e7   Thumb Code    94  bcar.o(.text)
    BT_Talk                                  0x08000745   Thumb Code   168  bcar.o(.text)
    filterGPIO_ADC                           0x08000829   Thumb Code    94  adcmanager.o(.text)
    filterPin_ADC                            0x08000887   Thumb Code    94  adcmanager.o(.text)
    filterGPIO_RCC_ADC                       0x080008e5   Thumb Code   106  adcmanager.o(.text)
    ADCManager_startTransfer                 0x0800094f   Thumb Code    20  adcmanager.o(.text)
    ADCManager_getData                       0x08000963   Thumb Code    44  adcmanager.o(.text)
    ADC_DMA_Config                           0x0800098f   Thumb Code   140  adcmanager.o(.text)
    ADCManager_Structure                     0x08000a1b   Thumb Code   356  adcmanager.o(.text)
    DMA1_Channel1_IRQHandler                 0x08000b7f   Thumb Code    26  adcmanager.o(.text)
    delay_init                               0x08000bb5   Thumb Code    50  delay.o(.text)
    delay_us                                 0x08000be7   Thumb Code    70  delay.o(.text)
    delay_ms                                 0x08000c2d   Thumb Code    70  delay.o(.text)
    setExactLine                             0x08000c85   Thumb Code    26  extimanager.o(.text)
    filterGPIO_PortSourceGPIOC               0x08000c9f   Thumb Code    84  extimanager.o(.text)
    filterGPIO_Mode                          0x08000cf3   Thumb Code    38  extimanager.o(.text)
    filterGPIO_RCC_by_GPIO                   0x08000d19   Thumb Code    86  extimanager.o(.text)
    filterTrigger_Type                       0x08000d6f   Thumb Code    38  extimanager.o(.text)
    filterPinSource                          0x08000d95   Thumb Code    20  extimanager.o(.text)
    filterEXTI_IRQn                          0x08000da9   Thumb Code    70  extimanager.o(.text)
    EXTIManager_StartListenling              0x08000def   Thumb Code   274  extimanager.o(.text)
    EXTIManager_Structure                    0x08000f01   Thumb Code    32  extimanager.o(.text)
    EXTI0_IRQHandler                         0x08000f21   Thumb Code    20  extimanager.o(.text)
    EXTI1_IRQHandler                         0x08000f35   Thumb Code    20  extimanager.o(.text)
    EXTI2_IRQHandler                         0x08000f49   Thumb Code    20  extimanager.o(.text)
    EXTI3_IRQHandler                         0x08000f5d   Thumb Code    20  extimanager.o(.text)
    EXTI4_IRQHandler                         0x08000f71   Thumb Code    20  extimanager.o(.text)
    EXTI9_5_IRQHandler                       0x08000f85   Thumb Code   126  extimanager.o(.text)
    EXTI15_10_IRQHandler                     0x08001003   Thumb Code   178  extimanager.o(.text)
    Complementary2_getAngle                  0x080010b5   Thumb Code   278  filter.o(.text)
    Complementary1_getAngle                  0x080011cb   Thumb Code   188  filter.o(.text)
    ComplementaryFilter_Init                 0x08001287   Thumb Code    56  filter.o(.text)
    Kalman_setStartAngle                     0x080012bf   Thumb Code    10  filter.o(.text)
    Kalman_getAngle                          0x080012c9   Thumb Code   868  filter.o(.text)
    Kalman_Init                              0x0800162d   Thumb Code   108  filter.o(.text)
    Kalman_getRate                           0x08001699   Thumb Code    10  filter.o(.text)
    Kalman_setQangle                         0x080016a3   Thumb Code     8  filter.o(.text)
    Kalman_setQbias                          0x080016ab   Thumb Code    10  filter.o(.text)
    Kalman_setRmeasure                       0x080016b5   Thumb Code    10  filter.o(.text)
    Kalman_getQangle                         0x080016bf   Thumb Code     8  filter.o(.text)
    Kalman_getQbias                          0x080016c7   Thumb Code    10  filter.o(.text)
    Kalman_getRmeasure                       0x080016d1   Thumb Code    10  filter.o(.text)
    filterGPIO_Input_RCC_Input               0x080016f9   Thumb Code    14  inputcatcher.o(.text)
    filterGPIO_Input                         0x08001707   Thumb Code    14  inputcatcher.o(.text)
    filterPin_Input                          0x08001715   Thumb Code   106  inputcatcher.o(.text)
    filterTIM_Input                          0x0800177f   Thumb Code    32  inputcatcher.o(.text)
    filterTIM_Input_RCC_Input                0x0800179f   Thumb Code    32  inputcatcher.o(.text)
    filterTIM_Input_IRQn                     0x080017bf   Thumb Code    30  inputcatcher.o(.text)
    filterTIM_Input_IT_CC                    0x080017dd   Thumb Code    84  inputcatcher.o(.text)
    filterTIM_InputChannel                   0x08001831   Thumb Code    84  inputcatcher.o(.text)
    filterPolarity                           0x08001885   Thumb Code    38  inputcatcher.o(.text)
    filterInputCatcher                       0x080018ab   Thumb Code    56  inputcatcher.o(.text)
    TIM_OCxPolarityConfig                    0x080018e3   Thumb Code   116  inputcatcher.o(.text)
    TIM_getCRRx                              0x08001957   Thumb Code    96  inputcatcher.o(.text)
    InputCatchManager_startCatching          0x080019b7   Thumb Code   520  inputcatcher.o(.text)
    InputCatchManager_setDoWhenDone          0x08001bbf   Thumb Code    16  inputcatcher.o(.text)
    InputCatchManager_setDoWhenTimeout       0x08001bcf   Thumb Code    16  inputcatcher.o(.text)
    InputCatchManagerStructure               0x08001bdf   Thumb Code    52  inputcatcher.o(.text)
    InputCatchManager_isCatchingDone         0x08001c13   Thumb Code    16  inputcatcher.o(.text)
    InputCatchManager_getduration            0x08001c23   Thumb Code    18  inputcatcher.o(.text)
    IRQ_HIGH_LOW                             0x08001c35   Thumb Code   624  inputcatcher.o(.text)
    TIM1_CC_IRQHandler                       0x08001ea5   Thumb Code    68  inputcatcher.o(.text)
    MILLIS_Init                              0x08001f01   Thumb Code   180  millis.o(.text)
    doAfter_ms                               0x08001fb5   Thumb Code   104  millis.o(.text)
    millis                                   0x0800201d   Thumb Code    18  millis.o(.text)
    RTCAlarm_IRQHandler                      0x0800202f   Thumb Code    10  millis.o(.text)
    RTC_IRQHandler                           0x08002039   Thumb Code    32  millis.o(.text)
    PID_SetPID                               0x08002061   Thumb Code   210  newpid.o(.text)
    PID_SetSampleTime                        0x08002133   Thumb Code    92  newpid.o(.text)
    PID_SetOutputLimits                      0x0800218f   Thumb Code   224  newpid.o(.text)
    PID_prepareM2A                           0x0800226f   Thumb Code   102  newpid.o(.text)
    PID_SetMode                              0x080022d5   Thumb Code    48  newpid.o(.text)
    PID_setIOT                               0x08002305   Thumb Code    20  newpid.o(.text)
    PID_SetDirection                         0x08002319   Thumb Code    80  newpid.o(.text)
    PID_Compute                              0x08002369   Thumb Code   392  newpid.o(.text)
    PID_Structure_Init                       0x080024f1   Thumb Code   174  newpid.o(.text)
    filterGPIO_RCC                           0x080025b5   Thumb Code    14  pwmmanager.o(.text)
    filterGPIO                               0x080025c3   Thumb Code    14  pwmmanager.o(.text)
    filterPin                                0x080025d1   Thumb Code   106  pwmmanager.o(.text)
    filterTIM                                0x0800263b   Thumb Code    32  pwmmanager.o(.text)
    filterTIM_RCC                            0x0800265b   Thumb Code    32  pwmmanager.o(.text)
    TIM_OCxInit                              0x0800267b   Thumb Code   116  pwmmanager.o(.text)
    TIM_OCxPreloadConfig                     0x080026ef   Thumb Code   116  pwmmanager.o(.text)
    filterTIM_FREQ_DIV                       0x08002763   Thumb Code    66  pwmmanager.o(.text)
    filterTIM_REAL_FREQ                      0x080027a5   Thumb Code    66  pwmmanager.o(.text)
    PWM_chageRatio                           0x080027e7   Thumb Code   234  pwmmanager.o(.text)
    PWMStart                                 0x080028d1   Thumb Code   394  pwmmanager.o(.text)
    PWMManager_changeFrequency               0x08002a5b   Thumb Code   166  pwmmanager.o(.text)
    PWMManager_changeRatio                   0x08002b01   Thumb Code    80  pwmmanager.o(.text)
    PWMManager_ProduceNewPWM                 0x08002b51   Thumb Code   162  pwmmanager.o(.text)
    PWMManagerStructure                      0x08002bf3   Thumb Code    40  pwmmanager.o(.text)
    _sys_exit                                0x08002c25   Thumb Code     6  usart.o(.text)
    fputc                                    0x08002c2b   Thumb Code    32  usart.o(.text)
    uart_init                                0x08002c4b   Thumb Code   118  usart.o(.text)
    uart2_init                               0x08002cc9   Thumb Code   120  usart2.o(.text)
    uart2_sendChar                           0x08002d41   Thumb Code    28  usart2.o(.text)
    uart2_print                              0x08002d5d   Thumb Code    26  usart2.o(.text)
    uart2_println                            0x08002d77   Thumb Code    32  usart2.o(.text)
    uart2_printf                             0x08002d97   Thumb Code    64  usart2.o(.text)
    recv_char                                0x08002dd7   Thumb Code    26  usart2.o(.text)
    uart2_scanf                              0x08002df1   Thumb Code    74  usart2.o(.text)
    USART2BufReceiever_getByte               0x08002e45   Thumb Code    42  usart2bufreceiever.o(.text)
    USART2BufReceiever_getBytes              0x08002e6f   Thumb Code    76  usart2bufreceiever.o(.text)
    USART2BufReceiever_checkAllRight         0x08002ebb   Thumb Code    36  usart2bufreceiever.o(.text)
    USART2BufReceiever_getAvaliableNum       0x08002edf   Thumb Code    26  usart2bufreceiever.o(.text)
    USART2BufReceiever_enableReceieve        0x08002ef9   Thumb Code   138  usart2bufreceiever.o(.text)
    USART2BufReceiever_getRxNum              0x08002f83   Thumb Code    12  usart2bufreceiever.o(.text)
    USART2BufReceiever_Structure             0x08002f8f   Thumb Code    66  usart2bufreceiever.o(.text)
    uart2_init_BR                            0x08002fd1   Thumb Code    24  usart2bufreceiever.o(.text)
    DMA1_Channel6_IRQHandler                 0x08002fe9   Thumb Code    32  usart2bufreceiever.o(.text)
    USARTBufReceiever_getByte                0x08003025   Thumb Code    42  usartbufreceiever.o(.text)
    USARTBufReceiever_getBytes               0x0800304f   Thumb Code    76  usartbufreceiever.o(.text)
    USARTBufReceiever_checkAllRight          0x0800309b   Thumb Code    36  usartbufreceiever.o(.text)
    USARTBufReceiever_getAvaliableNum        0x080030bf   Thumb Code    26  usartbufreceiever.o(.text)
    USARTBufReceiever_enableReceieve         0x080030d9   Thumb Code   138  usartbufreceiever.o(.text)
    USARTBufReceiever_getRxNum               0x08003163   Thumb Code    12  usartbufreceiever.o(.text)
    USARTBufReceiever_Structure              0x0800316f   Thumb Code    66  usartbufreceiever.o(.text)
    uart_init_BR                             0x080031b1   Thumb Code    24  usartbufreceiever.o(.text)
    DMA1_Channel5_IRQHandler                 0x080031c9   Thumb Code    32  usartbufreceiever.o(.text)
    THB7128_GPIO_Init                        0x08003205   Thumb Code    56  thb7128.o(.text)
    THB7128_TIM_Init                         0x0800323d   Thumb Code   116  thb7128.o(.text)
    THB7128_RCC_Init                         0x080032b1   Thumb Code    20  thb7128.o(.text)
    THB7128_NVIC_Configuration               0x080032c5   Thumb Code    32  thb7128.o(.text)
    THB7128_Enable                           0x080032e5   Thumb Code    12  thb7128.o(.text)
    THB7128_AntiClockWise                    0x080032f1   Thumb Code    12  thb7128.o(.text)
    THB7128_ClockWise                        0x080032fd   Thumb Code    12  thb7128.o(.text)
    THB7128_Init                             0x08003309   Thumb Code    78  thb7128.o(.text)
    THB7128_PWM_Out                          0x08003357   Thumb Code    18  thb7128.o(.text)
    THB7128_Disable                          0x08003369   Thumb Code    12  thb7128.o(.text)
    THB7128_IsLastDone                       0x08003375   Thumb Code    14  thb7128.o(.text)
    THB7128_SetDoWhenDone                    0x08003383   Thumb Code     6  thb7128.o(.text)
    THB7128_ChangeFreq                       0x08003389   Thumb Code    42  thb7128.o(.text)
    TIM2_IRQHandler                          0x080033b3   Thumb Code    60  thb7128.o(.text)
    PT_ParsePacket                           0x08003401   Thumb Code     2  protocol.o(.text)
    PT_GetOneByte                            0x08003403   Thumb Code    44  protocol.o(.text)
    PT_EnableIRQ                             0x0800342f   Thumb Code    44  protocol.o(.text)
    PT_IRq_Handler                           0x0800345b   Thumb Code  1890  protocol.o(.text)
    filterTIM_RCC_DO_EVERY                   0x08003bd1   Thumb Code    46  doevery.o(.text)
    filterTIM_IRQn_DO_EVERY                  0x08003bff   Thumb Code    46  doevery.o(.text)
    _DoEvery_GetPrescaler                    0x08003c2d   Thumb Code    24  doevery.o(.text)
    _DoEvery_GetPeriod                       0x08003c45   Thumb Code    34  doevery.o(.text)
    doEvery                                  0x08003c67   Thumb Code   150  doevery.o(.text)
    TIM_xillis                               0x08003cfd   Thumb Code     6  doevery.o(.text)
    TIM4_IRQHandler                          0x08003d03   Thumb Code    42  doevery.o(.text)
    SVC_CHandler                             0x08003d41   Thumb Code    76  supertask.o(.text)
    Reset_Handler                            0x08003d8d   Thumb Code     8  startup_stm32f10x_md.o(.text)
    ADC1_2_IRQHandler                        0x08003da7   Thumb Code     0  startup_stm32f10x_md.o(.text)
    CAN1_RX1_IRQHandler                      0x08003da7   Thumb Code     0  startup_stm32f10x_md.o(.text)
    CAN1_SCE_IRQHandler                      0x08003da7   Thumb Code     0  startup_stm32f10x_md.o(.text)
    DMA1_Channel2_IRQHandler                 0x08003da7   Thumb Code     0  startup_stm32f10x_md.o(.text)
    DMA1_Channel3_IRQHandler                 0x08003da7   Thumb Code     0  startup_stm32f10x_md.o(.text)
    DMA1_Channel4_IRQHandler                 0x08003da7   Thumb Code     0  startup_stm32f10x_md.o(.text)
    DMA1_Channel7_IRQHandler                 0x08003da7   Thumb Code     0  startup_stm32f10x_md.o(.text)
    FLASH_IRQHandler                         0x08003da7   Thumb Code     0  startup_stm32f10x_md.o(.text)
    I2C1_ER_IRQHandler                       0x08003da7   Thumb Code     0  startup_stm32f10x_md.o(.text)
    I2C1_EV_IRQHandler                       0x08003da7   Thumb Code     0  startup_stm32f10x_md.o(.text)
    I2C2_ER_IRQHandler                       0x08003da7   Thumb Code     0  startup_stm32f10x_md.o(.text)
    I2C2_EV_IRQHandler                       0x08003da7   Thumb Code     0  startup_stm32f10x_md.o(.text)
    PVD_IRQHandler                           0x08003da7   Thumb Code     0  startup_stm32f10x_md.o(.text)
    RCC_IRQHandler                           0x08003da7   Thumb Code     0  startup_stm32f10x_md.o(.text)
    SPI1_IRQHandler                          0x08003da7   Thumb Code     0  startup_stm32f10x_md.o(.text)
    SPI2_IRQHandler                          0x08003da7   Thumb Code     0  startup_stm32f10x_md.o(.text)
    TAMPER_IRQHandler                        0x08003da7   Thumb Code     0  startup_stm32f10x_md.o(.text)
    TIM1_BRK_IRQHandler                      0x08003da7   Thumb Code     0  startup_stm32f10x_md.o(.text)
    TIM1_TRG_COM_IRQHandler                  0x08003da7   Thumb Code     0  startup_stm32f10x_md.o(.text)
    TIM1_UP_IRQHandler                       0x08003da7   Thumb Code     0  startup_stm32f10x_md.o(.text)
    TIM3_IRQHandler                          0x08003da7   Thumb Code     0  startup_stm32f10x_md.o(.text)
    USART1_IRQHandler                        0x08003da7   Thumb Code     0  startup_stm32f10x_md.o(.text)
    USART3_IRQHandler                        0x08003da7   Thumb Code     0  startup_stm32f10x_md.o(.text)
    USBWakeUp_IRQHandler                     0x08003da7   Thumb Code     0  startup_stm32f10x_md.o(.text)
    USB_HP_CAN1_TX_IRQHandler                0x08003da7   Thumb Code     0  startup_stm32f10x_md.o(.text)
    USB_LP_CAN1_RX0_IRQHandler               0x08003da7   Thumb Code     0  startup_stm32f10x_md.o(.text)
    WWDG_IRQHandler                          0x08003da7   Thumb Code     0  startup_stm32f10x_md.o(.text)
    NVIC_PriorityGroupConfig                 0x08003db1   Thumb Code    10  misc.o(.text)
    NVIC_Init                                0x08003dbb   Thumb Code   102  misc.o(.text)
    NVIC_SetVectorTable                      0x08003e21   Thumb Code    14  misc.o(.text)
    NVIC_SystemLPConfig                      0x08003e2f   Thumb Code    34  misc.o(.text)
    SysTick_CLKSourceConfig                  0x08003e51   Thumb Code    40  misc.o(.text)
    ADC_DeInit                               0x08003e8d   Thumb Code    78  stm32f10x_adc.o(.text)
    ADC_Init                                 0x08003edb   Thumb Code    70  stm32f10x_adc.o(.text)
    ADC_StructInit                           0x08003f21   Thumb Code    18  stm32f10x_adc.o(.text)
    ADC_Cmd                                  0x08003f33   Thumb Code    22  stm32f10x_adc.o(.text)
    ADC_DMACmd                               0x08003f49   Thumb Code    22  stm32f10x_adc.o(.text)
    ADC_ITConfig                             0x08003f5f   Thumb Code    24  stm32f10x_adc.o(.text)
    ADC_ResetCalibration                     0x08003f77   Thumb Code    10  stm32f10x_adc.o(.text)
    ADC_GetResetCalibrationStatus            0x08003f81   Thumb Code    20  stm32f10x_adc.o(.text)
    ADC_StartCalibration                     0x08003f95   Thumb Code    10  stm32f10x_adc.o(.text)
    ADC_GetCalibrationStatus                 0x08003f9f   Thumb Code    20  stm32f10x_adc.o(.text)
    ADC_SoftwareStartConvCmd                 0x08003fb3   Thumb Code    22  stm32f10x_adc.o(.text)
    ADC_GetSoftwareStartConvStatus           0x08003fc9   Thumb Code    20  stm32f10x_adc.o(.text)
    ADC_DiscModeChannelCountConfig           0x08003fdd   Thumb Code    24  stm32f10x_adc.o(.text)
    ADC_DiscModeCmd                          0x08003ff5   Thumb Code    22  stm32f10x_adc.o(.text)
    ADC_RegularChannelConfig                 0x0800400b   Thumb Code   184  stm32f10x_adc.o(.text)
    ADC_ExternalTrigConvCmd                  0x080040c3   Thumb Code    22  stm32f10x_adc.o(.text)
    ADC_GetConversionValue                   0x080040d9   Thumb Code     8  stm32f10x_adc.o(.text)
    ADC_GetDualModeConversionValue           0x080040e1   Thumb Code     8  stm32f10x_adc.o(.text)
    ADC_AutoInjectedConvCmd                  0x080040e9   Thumb Code    22  stm32f10x_adc.o(.text)
    ADC_InjectedDiscModeCmd                  0x080040ff   Thumb Code    22  stm32f10x_adc.o(.text)
    ADC_ExternalTrigInjectedConvConfig       0x08004115   Thumb Code    16  stm32f10x_adc.o(.text)
    ADC_ExternalTrigInjectedConvCmd          0x08004125   Thumb Code    22  stm32f10x_adc.o(.text)
    ADC_SoftwareStartInjectedConvCmd         0x0800413b   Thumb Code    22  stm32f10x_adc.o(.text)
    ADC_GetSoftwareStartInjectedConvCmdStatus 0x08004151   Thumb Code    20  stm32f10x_adc.o(.text)
    ADC_InjectedChannelConfig                0x08004165   Thumb Code   130  stm32f10x_adc.o(.text)
    ADC_InjectedSequencerLengthConfig        0x080041e7   Thumb Code    24  stm32f10x_adc.o(.text)
    ADC_SetInjectedOffset                    0x080041ff   Thumb Code    20  stm32f10x_adc.o(.text)
    ADC_GetInjectedConversionValue           0x08004213   Thumb Code    28  stm32f10x_adc.o(.text)
    ADC_AnalogWatchdogCmd                    0x0800422f   Thumb Code    16  stm32f10x_adc.o(.text)
    ADC_AnalogWatchdogThresholdsConfig       0x0800423f   Thumb Code     6  stm32f10x_adc.o(.text)
    ADC_AnalogWatchdogSingleChannelConfig    0x08004245   Thumb Code    16  stm32f10x_adc.o(.text)
    ADC_TempSensorVrefintCmd                 0x08004255   Thumb Code    64  stm32f10x_adc.o(.text)
    ADC_GetFlagStatus                        0x08004295   Thumb Code    18  stm32f10x_adc.o(.text)
    ADC_ClearFlag                            0x080042a7   Thumb Code     6  stm32f10x_adc.o(.text)
    ADC_GetITStatus                          0x080042ad   Thumb Code    36  stm32f10x_adc.o(.text)
    ADC_ClearITPendingBit                    0x080042d1   Thumb Code    10  stm32f10x_adc.o(.text)
    DMA_DeInit                               0x080042dd   Thumb Code   324  stm32f10x_dma.o(.text)
    DMA_Init                                 0x08004421   Thumb Code    60  stm32f10x_dma.o(.text)
    DMA_StructInit                           0x0800445d   Thumb Code    26  stm32f10x_dma.o(.text)
    DMA_Cmd                                  0x08004477   Thumb Code    24  stm32f10x_dma.o(.text)
    DMA_ITConfig                             0x0800448f   Thumb Code    18  stm32f10x_dma.o(.text)
    DMA_SetCurrDataCounter                   0x080044a1   Thumb Code     4  stm32f10x_dma.o(.text)
    DMA_GetCurrDataCounter                   0x080044a5   Thumb Code     8  stm32f10x_dma.o(.text)
    DMA_GetFlagStatus                        0x080044ad   Thumb Code    38  stm32f10x_dma.o(.text)
    DMA_ClearFlag                            0x080044d3   Thumb Code    22  stm32f10x_dma.o(.text)
    DMA_GetITStatus                          0x080044e9   Thumb Code    38  stm32f10x_dma.o(.text)
    DMA_ClearITPendingBit                    0x0800450f   Thumb Code    22  stm32f10x_dma.o(.text)
    EXTI_DeInit                              0x0800452d   Thumb Code    28  stm32f10x_exti.o(.text)
    EXTI_Init                                0x08004549   Thumb Code   142  stm32f10x_exti.o(.text)
    EXTI_StructInit                          0x080045d7   Thumb Code    16  stm32f10x_exti.o(.text)
    EXTI_GenerateSWInterrupt                 0x080045e7   Thumb Code    16  stm32f10x_exti.o(.text)
    EXTI_GetFlagStatus                       0x080045f7   Thumb Code    22  stm32f10x_exti.o(.text)
    EXTI_ClearFlag                           0x0800460d   Thumb Code     8  stm32f10x_exti.o(.text)
    EXTI_GetITStatus                         0x08004615   Thumb Code    34  stm32f10x_exti.o(.text)
    EXTI_ClearITPendingBit                   0x08004637   Thumb Code     8  stm32f10x_exti.o(.text)
    GPIO_DeInit                              0x08004649   Thumb Code   172  stm32f10x_gpio.o(.text)
    GPIO_AFIODeInit                          0x080046f5   Thumb Code    20  stm32f10x_gpio.o(.text)
    GPIO_Init                                0x08004709   Thumb Code   274  stm32f10x_gpio.o(.text)
    GPIO_StructInit                          0x0800481b   Thumb Code    16  stm32f10x_gpio.o(.text)
    GPIO_ReadInputDataBit                    0x0800482b   Thumb Code    18  stm32f10x_gpio.o(.text)
    GPIO_ReadInputData                       0x0800483d   Thumb Code     8  stm32f10x_gpio.o(.text)
    GPIO_ReadOutputDataBit                   0x08004845   Thumb Code    18  stm32f10x_gpio.o(.text)
    GPIO_ReadOutputData                      0x08004857   Thumb Code     8  stm32f10x_gpio.o(.text)
    GPIO_SetBits                             0x0800485f   Thumb Code     4  stm32f10x_gpio.o(.text)
    GPIO_ResetBits                           0x08004863   Thumb Code     4  stm32f10x_gpio.o(.text)
    GPIO_WriteBit                            0x08004867   Thumb Code    10  stm32f10x_gpio.o(.text)
    GPIO_Write                               0x08004871   Thumb Code     4  stm32f10x_gpio.o(.text)
    GPIO_PinLockConfig                       0x08004875   Thumb Code    18  stm32f10x_gpio.o(.text)
    GPIO_EventOutputConfig                   0x08004887   Thumb Code    26  stm32f10x_gpio.o(.text)
    GPIO_EventOutputCmd                      0x080048a1   Thumb Code     6  stm32f10x_gpio.o(.text)
    GPIO_PinRemapConfig                      0x080048a7   Thumb Code   138  stm32f10x_gpio.o(.text)
    GPIO_EXTILineConfig                      0x08004931   Thumb Code    66  stm32f10x_gpio.o(.text)
    GPIO_ETH_MediaInterfaceConfig            0x08004973   Thumb Code     6  stm32f10x_gpio.o(.text)
    PWR_DeInit                               0x080049a1   Thumb Code    22  stm32f10x_pwr.o(.text)
    PWR_BackupAccessCmd                      0x080049b7   Thumb Code     6  stm32f10x_pwr.o(.text)
    PWR_PVDCmd                               0x080049bd   Thumb Code     6  stm32f10x_pwr.o(.text)
    PWR_PVDLevelConfig                       0x080049c3   Thumb Code    18  stm32f10x_pwr.o(.text)
    PWR_WakeUpPinCmd                         0x080049d5   Thumb Code     6  stm32f10x_pwr.o(.text)
    PWR_EnterSTOPMode                        0x080049db   Thumb Code    54  stm32f10x_pwr.o(.text)
    PWR_EnterSTANDBYMode                     0x08004a11   Thumb Code    42  stm32f10x_pwr.o(.text)
    PWR_GetFlagStatus                        0x08004a3b   Thumb Code    20  stm32f10x_pwr.o(.text)
    PWR_ClearFlag                            0x08004a4f   Thumb Code    14  stm32f10x_pwr.o(.text)
    RCC_DeInit                               0x08004a6d   Thumb Code    64  stm32f10x_rcc.o(.text)
    RCC_HSEConfig                            0x08004aad   Thumb Code    70  stm32f10x_rcc.o(.text)
    RCC_GetFlagStatus                        0x08004af3   Thumb Code    56  stm32f10x_rcc.o(.text)
    RCC_WaitForHSEStartUp                    0x08004b2b   Thumb Code    56  stm32f10x_rcc.o(.text)
    RCC_AdjustHSICalibrationValue            0x08004b63   Thumb Code    20  stm32f10x_rcc.o(.text)
    RCC_HSICmd                               0x08004b77   Thumb Code     6  stm32f10x_rcc.o(.text)
    RCC_PLLConfig                            0x08004b7d   Thumb Code    24  stm32f10x_rcc.o(.text)
    RCC_PLLCmd                               0x08004b95   Thumb Code     6  stm32f10x_rcc.o(.text)
    RCC_SYSCLKConfig                         0x08004b9b   Thumb Code    18  stm32f10x_rcc.o(.text)
    RCC_GetSYSCLKSource                      0x08004bad   Thumb Code    10  stm32f10x_rcc.o(.text)
    RCC_HCLKConfig                           0x08004bb7   Thumb Code    18  stm32f10x_rcc.o(.text)
    RCC_PCLK1Config                          0x08004bc9   Thumb Code    18  stm32f10x_rcc.o(.text)
    RCC_PCLK2Config                          0x08004bdb   Thumb Code    20  stm32f10x_rcc.o(.text)
    RCC_ITConfig                             0x08004bef   Thumb Code    26  stm32f10x_rcc.o(.text)
    RCC_USBCLKConfig                         0x08004c09   Thumb Code     6  stm32f10x_rcc.o(.text)
    RCC_ADCCLKConfig                         0x08004c0f   Thumb Code    18  stm32f10x_rcc.o(.text)
    RCC_LSEConfig                            0x08004c21   Thumb Code    44  stm32f10x_rcc.o(.text)
    RCC_LSICmd                               0x08004c4d   Thumb Code     6  stm32f10x_rcc.o(.text)
    RCC_RTCCLKConfig                         0x08004c53   Thumb Code    12  stm32f10x_rcc.o(.text)
    RCC_RTCCLKCmd                            0x08004c5f   Thumb Code     8  stm32f10x_rcc.o(.text)
    RCC_GetClocksFreq                        0x08004c67   Thumb Code   192  stm32f10x_rcc.o(.text)
    RCC_AHBPeriphClockCmd                    0x08004d27   Thumb Code    26  stm32f10x_rcc.o(.text)
    RCC_APB2PeriphClockCmd                   0x08004d41   Thumb Code    26  stm32f10x_rcc.o(.text)
    RCC_APB1PeriphClockCmd                   0x08004d5b   Thumb Code    26  stm32f10x_rcc.o(.text)
    RCC_APB2PeriphResetCmd                   0x08004d75   Thumb Code    26  stm32f10x_rcc.o(.text)
    RCC_APB1PeriphResetCmd                   0x08004d8f   Thumb Code    26  stm32f10x_rcc.o(.text)
    RCC_BackupResetCmd                       0x08004da9   Thumb Code     8  stm32f10x_rcc.o(.text)
    RCC_ClockSecuritySystemCmd               0x08004db1   Thumb Code     6  stm32f10x_rcc.o(.text)
    RCC_MCOConfig                            0x08004db7   Thumb Code     6  stm32f10x_rcc.o(.text)
    RCC_ClearFlag                            0x08004dbd   Thumb Code    14  stm32f10x_rcc.o(.text)
    RCC_GetITStatus                          0x08004dcb   Thumb Code    20  stm32f10x_rcc.o(.text)
    RCC_ClearITPendingBit                    0x08004ddf   Thumb Code     6  stm32f10x_rcc.o(.text)
    RTC_ITConfig                             0x08004e11   Thumb Code    26  stm32f10x_rtc.o(.text)
    RTC_EnterConfigMode                      0x08004e2b   Thumb Code    18  stm32f10x_rtc.o(.text)
    RTC_ExitConfigMode                       0x08004e3d   Thumb Code    20  stm32f10x_rtc.o(.text)
    RTC_GetCounter                           0x08004e51   Thumb Code    18  stm32f10x_rtc.o(.text)
    RTC_SetCounter                           0x08004e63   Thumb Code    26  stm32f10x_rtc.o(.text)
    RTC_SetPrescaler                         0x08004e7d   Thumb Code    28  stm32f10x_rtc.o(.text)
    RTC_SetAlarm                             0x08004e99   Thumb Code    26  stm32f10x_rtc.o(.text)
    RTC_GetDivider                           0x08004eb3   Thumb Code    22  stm32f10x_rtc.o(.text)
    RTC_WaitForLastTask                      0x08004ec9   Thumb Code    16  stm32f10x_rtc.o(.text)
    RTC_WaitForSynchro                       0x08004ed9   Thumb Code    34  stm32f10x_rtc.o(.text)
    RTC_GetFlagStatus                        0x08004efb   Thumb Code    22  stm32f10x_rtc.o(.text)
    RTC_ClearFlag                            0x08004f11   Thumb Code    16  stm32f10x_rtc.o(.text)
    RTC_GetITStatus                          0x08004f21   Thumb Code    32  stm32f10x_rtc.o(.text)
    RTC_ClearITPendingBit                    0x08004f41   Thumb Code    16  stm32f10x_rtc.o(.text)
    TIM_DeInit                               0x08004f55   Thumb Code   424  stm32f10x_tim.o(.text)
    TIM_TimeBaseInit                         0x080050fd   Thumb Code   122  stm32f10x_tim.o(.text)
    TIM_OC1Init                              0x08005177   Thumb Code   132  stm32f10x_tim.o(.text)
    TIM_OC2Init                              0x080051fb   Thumb Code   154  stm32f10x_tim.o(.text)
    TIM_OC3Init                              0x08005295   Thumb Code   150  stm32f10x_tim.o(.text)
    TIM_OC4Init                              0x0800532b   Thumb Code   182  stm32f10x_tim.o(.text)
    TIM_SetIC4Prescaler                      0x080053e1   Thumb Code    26  stm32f10x_tim.o(.text)
    TIM_SetIC3Prescaler                      0x0800547d   Thumb Code    18  stm32f10x_tim.o(.text)
    TIM_SetIC2Prescaler                      0x08005509   Thumb Code    26  stm32f10x_tim.o(.text)
    TIM_SetIC1Prescaler                      0x080055a5   Thumb Code    18  stm32f10x_tim.o(.text)
    TIM_ICInit                               0x08005623   Thumb Code   150  stm32f10x_tim.o(.text)
    TIM_PWMIConfig                           0x080056b9   Thumb Code   124  stm32f10x_tim.o(.text)
    TIM_BDTRConfig                           0x08005735   Thumb Code    32  stm32f10x_tim.o(.text)
    TIM_TimeBaseStructInit                   0x08005755   Thumb Code    18  stm32f10x_tim.o(.text)
    TIM_OCStructInit                         0x08005767   Thumb Code    20  stm32f10x_tim.o(.text)
    TIM_ICStructInit                         0x0800577b   Thumb Code    18  stm32f10x_tim.o(.text)
    TIM_BDTRStructInit                       0x0800578d   Thumb Code    40  stm32f10x_tim.o(.text)
    TIM_Cmd                                  0x080057b5   Thumb Code    24  stm32f10x_tim.o(.text)
    TIM_CtrlPWMOutputs                       0x080057cd   Thumb Code    30  stm32f10x_tim.o(.text)
    TIM_ITConfig                             0x080057eb   Thumb Code    18  stm32f10x_tim.o(.text)
    TIM_GenerateEvent                        0x080057fd   Thumb Code     4  stm32f10x_tim.o(.text)
    TIM_DMAConfig                            0x08005801   Thumb Code    10  stm32f10x_tim.o(.text)
    TIM_DMACmd                               0x0800580b   Thumb Code    18  stm32f10x_tim.o(.text)
    TIM_InternalClockConfig                  0x0800581d   Thumb Code    12  stm32f10x_tim.o(.text)
    TIM_SelectInputTrigger                   0x08005829   Thumb Code    18  stm32f10x_tim.o(.text)
    TIM_ITRxExternalClockConfig              0x0800583b   Thumb Code    24  stm32f10x_tim.o(.text)
    TIM_TIxExternalClockConfig               0x08005853   Thumb Code    62  stm32f10x_tim.o(.text)
    TIM_ETRConfig                            0x08005891   Thumb Code    28  stm32f10x_tim.o(.text)
    TIM_ETRClockMode1Config                  0x080058ad   Thumb Code    54  stm32f10x_tim.o(.text)
    TIM_ETRClockMode2Config                  0x080058e3   Thumb Code    32  stm32f10x_tim.o(.text)
    TIM_PrescalerConfig                      0x08005903   Thumb Code     6  stm32f10x_tim.o(.text)
    TIM_CounterModeConfig                    0x08005909   Thumb Code    18  stm32f10x_tim.o(.text)
    TIM_EncoderInterfaceConfig               0x0800591b   Thumb Code    66  stm32f10x_tim.o(.text)
    TIM_ForcedOC1Config                      0x0800595d   Thumb Code    18  stm32f10x_tim.o(.text)
    TIM_ForcedOC2Config                      0x0800596f   Thumb Code    26  stm32f10x_tim.o(.text)
    TIM_ForcedOC3Config                      0x08005989   Thumb Code    18  stm32f10x_tim.o(.text)
    TIM_ForcedOC4Config                      0x0800599b   Thumb Code    26  stm32f10x_tim.o(.text)
    TIM_ARRPreloadConfig                     0x080059b5   Thumb Code    24  stm32f10x_tim.o(.text)
    TIM_SelectCOM                            0x080059cd   Thumb Code    24  stm32f10x_tim.o(.text)
    TIM_SelectCCDMA                          0x080059e5   Thumb Code    24  stm32f10x_tim.o(.text)
    TIM_CCPreloadControl                     0x080059fd   Thumb Code    24  stm32f10x_tim.o(.text)
    TIM_OC1PreloadConfig                     0x08005a15   Thumb Code    18  stm32f10x_tim.o(.text)
    TIM_OC2PreloadConfig                     0x08005a27   Thumb Code    26  stm32f10x_tim.o(.text)
    TIM_OC3PreloadConfig                     0x08005a41   Thumb Code    18  stm32f10x_tim.o(.text)
    TIM_OC4PreloadConfig                     0x08005a53   Thumb Code    26  stm32f10x_tim.o(.text)
    TIM_OC1FastConfig                        0x08005a6d   Thumb Code    18  stm32f10x_tim.o(.text)
    TIM_OC2FastConfig                        0x08005a7f   Thumb Code    26  stm32f10x_tim.o(.text)
    TIM_OC3FastConfig                        0x08005a99   Thumb Code    18  stm32f10x_tim.o(.text)
    TIM_OC4FastConfig                        0x08005aab   Thumb Code    26  stm32f10x_tim.o(.text)
    TIM_ClearOC1Ref                          0x08005ac5   Thumb Code    18  stm32f10x_tim.o(.text)
    TIM_ClearOC2Ref                          0x08005ad7   Thumb Code    24  stm32f10x_tim.o(.text)
    TIM_ClearOC3Ref                          0x08005aef   Thumb Code    18  stm32f10x_tim.o(.text)
    TIM_ClearOC4Ref                          0x08005b01   Thumb Code    24  stm32f10x_tim.o(.text)
    TIM_OC1PolarityConfig                    0x08005b19   Thumb Code    18  stm32f10x_tim.o(.text)
    TIM_OC1NPolarityConfig                   0x08005b2b   Thumb Code    18  stm32f10x_tim.o(.text)
    TIM_OC2PolarityConfig                    0x08005b3d   Thumb Code    26  stm32f10x_tim.o(.text)
    TIM_OC2NPolarityConfig                   0x08005b57   Thumb Code    26  stm32f10x_tim.o(.text)
    TIM_OC3PolarityConfig                    0x08005b71   Thumb Code    26  stm32f10x_tim.o(.text)
    TIM_OC3NPolarityConfig                   0x08005b8b   Thumb Code    26  stm32f10x_tim.o(.text)
    TIM_OC4PolarityConfig                    0x08005ba5   Thumb Code    26  stm32f10x_tim.o(.text)
    TIM_CCxCmd                               0x08005bbf   Thumb Code    30  stm32f10x_tim.o(.text)
    TIM_CCxNCmd                              0x08005bdd   Thumb Code    30  stm32f10x_tim.o(.text)
    TIM_SelectOCxM                           0x08005bfb   Thumb Code    82  stm32f10x_tim.o(.text)
    TIM_UpdateDisableConfig                  0x08005c4d   Thumb Code    24  stm32f10x_tim.o(.text)
    TIM_UpdateRequestConfig                  0x08005c65   Thumb Code    24  stm32f10x_tim.o(.text)
    TIM_SelectHallSensor                     0x08005c7d   Thumb Code    24  stm32f10x_tim.o(.text)
    TIM_SelectOnePulseMode                   0x08005c95   Thumb Code    18  stm32f10x_tim.o(.text)
    TIM_SelectOutputTrigger                  0x08005ca7   Thumb Code    18  stm32f10x_tim.o(.text)
    TIM_SelectSlaveMode                      0x08005cb9   Thumb Code    18  stm32f10x_tim.o(.text)
    TIM_SelectMasterSlaveMode                0x08005ccb   Thumb Code    18  stm32f10x_tim.o(.text)
    TIM_SetCounter                           0x08005cdd   Thumb Code     4  stm32f10x_tim.o(.text)
    TIM_SetAutoreload                        0x08005ce1   Thumb Code     4  stm32f10x_tim.o(.text)
    TIM_SetCompare1                          0x08005ce5   Thumb Code     4  stm32f10x_tim.o(.text)
    TIM_SetCompare2                          0x08005ce9   Thumb Code     4  stm32f10x_tim.o(.text)
    TIM_SetCompare3                          0x08005ced   Thumb Code     4  stm32f10x_tim.o(.text)
    TIM_SetCompare4                          0x08005cf1   Thumb Code     6  stm32f10x_tim.o(.text)
    TIM_SetClockDivision                     0x08005cf7   Thumb Code    18  stm32f10x_tim.o(.text)
    TIM_GetCapture1                          0x08005d09   Thumb Code     6  stm32f10x_tim.o(.text)
    TIM_GetCapture2                          0x08005d0f   Thumb Code     6  stm32f10x_tim.o(.text)
    TIM_GetCapture3                          0x08005d15   Thumb Code     6  stm32f10x_tim.o(.text)
    TIM_GetCapture4                          0x08005d1b   Thumb Code     8  stm32f10x_tim.o(.text)
    TIM_GetCounter                           0x08005d23   Thumb Code     6  stm32f10x_tim.o(.text)
    TIM_GetPrescaler                         0x08005d29   Thumb Code     6  stm32f10x_tim.o(.text)
    TIM_GetFlagStatus                        0x08005d2f   Thumb Code    18  stm32f10x_tim.o(.text)
    TIM_ClearFlag                            0x08005d41   Thumb Code     6  stm32f10x_tim.o(.text)
    TIM_GetITStatus                          0x08005d47   Thumb Code    34  stm32f10x_tim.o(.text)
    TIM_ClearITPendingBit                    0x08005d69   Thumb Code     6  stm32f10x_tim.o(.text)
    USART_DeInit                             0x08005d71   Thumb Code   134  stm32f10x_usart.o(.text)
    USART_Init                               0x08005df7   Thumb Code   210  stm32f10x_usart.o(.text)
    USART_StructInit                         0x08005ec9   Thumb Code    24  stm32f10x_usart.o(.text)
    USART_ClockInit                          0x08005ee1   Thumb Code    34  stm32f10x_usart.o(.text)
    USART_ClockStructInit                    0x08005f03   Thumb Code    12  stm32f10x_usart.o(.text)
    USART_Cmd                                0x08005f0f   Thumb Code    24  stm32f10x_usart.o(.text)
    USART_ITConfig                           0x08005f27   Thumb Code    74  stm32f10x_usart.o(.text)
    USART_DMACmd                             0x08005f71   Thumb Code    18  stm32f10x_usart.o(.text)
    USART_SetAddress                         0x08005f83   Thumb Code    18  stm32f10x_usart.o(.text)
    USART_WakeUpConfig                       0x08005f95   Thumb Code    18  stm32f10x_usart.o(.text)
    USART_ReceiverWakeUpCmd                  0x08005fa7   Thumb Code    24  stm32f10x_usart.o(.text)
    USART_LINBreakDetectLengthConfig         0x08005fbf   Thumb Code    18  stm32f10x_usart.o(.text)
    USART_LINCmd                             0x08005fd1   Thumb Code    24  stm32f10x_usart.o(.text)
    USART_SendData                           0x08005fe9   Thumb Code     8  stm32f10x_usart.o(.text)
    USART_ReceiveData                        0x08005ff1   Thumb Code    10  stm32f10x_usart.o(.text)
    USART_SendBreak                          0x08005ffb   Thumb Code    10  stm32f10x_usart.o(.text)
    USART_SetGuardTime                       0x08006005   Thumb Code    16  stm32f10x_usart.o(.text)
    USART_SetPrescaler                       0x08006015   Thumb Code    16  stm32f10x_usart.o(.text)
    USART_SmartCardCmd                       0x08006025   Thumb Code    24  stm32f10x_usart.o(.text)
    USART_SmartCardNACKCmd                   0x0800603d   Thumb Code    24  stm32f10x_usart.o(.text)
    USART_HalfDuplexCmd                      0x08006055   Thumb Code    24  stm32f10x_usart.o(.text)
    USART_OverSampling8Cmd                   0x0800606d   Thumb Code    22  stm32f10x_usart.o(.text)
    USART_OneBitMethodCmd                    0x08006083   Thumb Code    24  stm32f10x_usart.o(.text)
    USART_IrDAConfig                         0x0800609b   Thumb Code    18  stm32f10x_usart.o(.text)
    USART_IrDACmd                            0x080060ad   Thumb Code    24  stm32f10x_usart.o(.text)
    USART_GetFlagStatus                      0x080060c5   Thumb Code    26  stm32f10x_usart.o(.text)
    USART_ClearFlag                          0x080060df   Thumb Code    18  stm32f10x_usart.o(.text)
    USART_GetITStatus                        0x080060f1   Thumb Code    84  stm32f10x_usart.o(.text)
    USART_ClearITPendingBit                  0x08006145   Thumb Code    52  stm32f10x_usart.o(.text)
    MPU6050_SetFullScaleAccelRange           0x08006179   Thumb Code    20  mpu6050.o(.text)
    MPU6050_SetFullScaleGyroRange            0x0800618d   Thumb Code    20  mpu6050.o(.text)
    MPU6050_SetClockSource                   0x080061a1   Thumb Code    20  mpu6050.o(.text)
    MPU6050_SetSleepModeStatus               0x080061b5   Thumb Code    18  mpu6050.o(.text)
    MPU6050_Initialize                       0x080061c7   Thumb Code    28  mpu6050.o(.text)
    MPU6050_ALL_Initialize                   0x080061e3   Thumb Code    22  mpu6050.o(.text)
    getWho                                   0x080061f9   Thumb Code    18  mpu6050.o(.text)
    getAccX                                  0x0800620b   Thumb Code    38  mpu6050.o(.text)
    getAccY                                  0x08006231   Thumb Code    38  mpu6050.o(.text)
    getAccZ                                  0x08006257   Thumb Code    38  mpu6050.o(.text)
    getGyroX                                 0x0800627d   Thumb Code    38  mpu6050.o(.text)
    getGyroY                                 0x080062a3   Thumb Code    38  mpu6050.o(.text)
    getGyroZ                                 0x080062c9   Thumb Code    38  mpu6050.o(.text)
    getTemperature                           0x080062ef   Thumb Code    38  mpu6050.o(.text)
    MPU6050_GetCarRawData                    0x08006315   Thumb Code    42  mpu6050.o(.text)
    MPU6050_GetTransformedData               0x0800633f   Thumb Code   214  mpu6050.o(.text)
    GPIO_Filter                              0x08006445   Thumb Code    86  iic_analog.o(.text)
    IIC_GPIO_Configuration                   0x0800649b   Thumb Code   122  iic_analog.o(.text)
    IIC_Delay                                0x08006515   Thumb Code    14  iic_analog.o(.text)
    IIC_Start_Super                          0x08006523   Thumb Code    92  iic_analog.o(.text)
    IIC_Start                                0x0800657f   Thumb Code    92  iic_analog.o(.text)
    IIC_StopSuper                            0x080065db   Thumb Code    46  iic_analog.o(.text)
    IIC_Stop                                 0x08006609   Thumb Code    46  iic_analog.o(.text)
    IIC_SendNACKSuper                        0x08006637   Thumb Code    46  iic_analog.o(.text)
    IIC_SendNACK                             0x08006665   Thumb Code    46  iic_analog.o(.text)
    IIC_SendACKSuper                         0x08006693   Thumb Code    46  iic_analog.o(.text)
    IIC_SendACK                              0x080066c1   Thumb Code    46  iic_analog.o(.text)
    IIC_SendByteSuper                        0x080066ef   Thumb Code   158  iic_analog.o(.text)
    IIC_SendByte                             0x0800678d   Thumb Code   188  iic_analog.o(.text)
    IIC_RecvByteSuper                        0x08006849   Thumb Code    90  iic_analog.o(.text)
    IIC_RecvByte                             0x080068a3   Thumb Code    90  iic_analog.o(.text)
    Single_Write_IIC                         0x080068fd   Thumb Code    36  iic_analog.o(.text)
    Single_Read_IIC                          0x08006921   Thumb Code    52  iic_analog.o(.text)
    IIC_WriteBits                            0x08006955   Thumb Code    74  iic_analog.o(.text)
    IIC_WriteBit                             0x0800699f   Thumb Code    56  iic_analog.o(.text)
    vsscanf                                  0x080069dd   Thumb Code    40  vsscanf.o(.text)
    __aeabi_fadd                             0x08006a0d   Thumb Code   164  fadd.o(.text)
    __aeabi_fsub                             0x08006ab1   Thumb Code     6  fadd.o(.text)
    __aeabi_frsub                            0x08006ab7   Thumb Code     6  fadd.o(.text)
    __aeabi_dadd                             0x08006abd   Thumb Code   322  dadd.o(.text)
    __aeabi_dsub                             0x08006bff   Thumb Code     6  dadd.o(.text)
    __aeabi_drsub                            0x08006c05   Thumb Code     6  dadd.o(.text)
    __aeabi_dmul                             0x08006c0b   Thumb Code   228  dmul.o(.text)
    __aeabi_ddiv                             0x08006cef   Thumb Code   222  ddiv.o(.text)
    __aeabi_i2d                              0x08006dcd   Thumb Code    34  dflti.o(.text)
    __aeabi_ui2d                             0x08006def   Thumb Code    26  dfltui.o(.text)
    __aeabi_d2uiz                            0x08006e09   Thumb Code    50  dfixui.o(.text)
    __aeabi_f2d                              0x08006e3b   Thumb Code    38  f2d.o(.text)
    __aeabi_cdcmpeq                          0x08006e61   Thumb Code     0  cdcmple.o(.text)
    __aeabi_cdcmple                          0x08006e61   Thumb Code    38  cdcmple.o(.text)
    __aeabi_cdrcmple                         0x08006e89   Thumb Code    38  cdrcmple.o(.text)
    __aeabi_d2f                              0x08006eb1   Thumb Code    56  d2f.o(.text)
    __aeabi_uidiv                            0x08006ee9   Thumb Code     0  uidiv.o(.text)
    __aeabi_uidivmod                         0x08006ee9   Thumb Code    44  uidiv.o(.text)
    __aeabi_uldivmod                         0x08006f15   Thumb Code    98  uldiv.o(.text)
    __aeabi_llsl                             0x08006f77   Thumb Code    30  llshl.o(.text)
    _ll_shift_l                              0x08006f77   Thumb Code     0  llshl.o(.text)
    __aeabi_llsr                             0x08006f95   Thumb Code    32  llushr.o(.text)
    _ll_ushift_r                             0x08006f95   Thumb Code     0  llushr.o(.text)
    __aeabi_lasr                             0x08006fb5   Thumb Code    36  llsshr.o(.text)
    _ll_sshift_r                             0x08006fb5   Thumb Code     0  llsshr.o(.text)
    _scanf_longlong                          0x08006fd9   Thumb Code   342  _scanf_longlong.o(.text)
    _scanf_int                               0x0800712f   Thumb Code   336  _scanf_int.o(.text)
    _scanf_string                            0x0800727f   Thumb Code   218  _scanf_str.o(.text)
    _scanf_real                              0x08007459   Thumb Code     0  scanf_fp.o(.text)
    _scanf_really_real                       0x08007459   Thumb Code   560  scanf_fp.o(.text)
    __vfscanf_char                           0x080076a1   Thumb Code    20  scanf_char.o(.text)
    _sgetc                                   0x080076bd   Thumb Code    30  _sgetc.o(.text)
    _sbackspace                              0x080076db   Thumb Code    34  _sgetc.o(.text)
    __I$use$fp                               0x080076fd   Thumb Code     0  iusefp.o(.text)
    _float_round                             0x080076fd   Thumb Code    18  fepilogue.o(.text)
    _float_epilogue                          0x0800770f   Thumb Code    90  fepilogue.o(.text)
    _double_round                            0x08007769   Thumb Code    26  depilogue.o(.text)
    _double_epilogue                         0x08007783   Thumb Code   164  depilogue.o(.text)
    __aeabi_d2ulz                            0x08007827   Thumb Code    48  dfixul.o(.text)
    __scatterload                            0x08007859   Thumb Code    28  init.o(.text)
    __scatterload_rt2                        0x08007859   Thumb Code     0  init.o(.text)
    isspace                                  0x0800787d   Thumb Code    10  isspace_c.o(.text)
    _chval                                   0x08007887   Thumb Code    28  _chval.o(.text)
    __vfscanf                                0x080078a5   Thumb Code   806  _scanf.o(.text)
    __aeabi_ul2d                             0x08007bd1   Thumb Code    24  dfltul.o(.text)
    __ctype_lookup                           0x08007be9   Thumb Code    34  ctype_c.o(.text)
    __0vsnprintf                             0x08007c11   Thumb Code    32  printfa.o(i.__0vsnprintf)
    __1vsnprintf                             0x08007c11   Thumb Code     0  printfa.o(i.__0vsnprintf)
    __2vsnprintf                             0x08007c11   Thumb Code     0  printfa.o(i.__0vsnprintf)
    __c89vsnprintf                           0x08007c11   Thumb Code     0  printfa.o(i.__0vsnprintf)
    vsnprintf                                0x08007c11   Thumb Code     0  printfa.o(i.__0vsnprintf)
    __scatterload_copy                       0x08007c35   Thumb Code    14  handlers.o(i.__scatterload_copy)
    __scatterload_null                       0x08007c43   Thumb Code     2  handlers.o(i.__scatterload_null)
    __scatterload_zeroinit                   0x08007c45   Thumb Code    14  handlers.o(i.__scatterload_zeroinit)
    _is_digit                                0x08007db1   Thumb Code    14  scanf_fp.o(i._is_digit)
    __ctype_categories                       0x0800851c   Data          64  ctype_c.o(.constdata)
    Region$$Table$$Base                      0x0800855c   Number         0  anon$$obj.o(Region$$Table)
    Region$$Table$$Limit                     0x0800857c   Number         0  anon$$obj.o(Region$$Table)
    SystemCoreClock                          0x20000000   Data           4  system_stm32f10x.o(.data)
    AHBPrescTable                            0x20000004   Data          16  system_stm32f10x.o(.data)
    PID_target                               0x20000018   Data           8  main.o(.data)
    PWMcontol_L                              0x20000020   Data           8  main.o(.data)
    PWMcontol_R                              0x20000028   Data           8  main.o(.data)
    time                                     0x20000030   Data           4  main.o(.data)
    PID_input                                0x20000038   Data           8  main.o(.data)
    PID_output                               0x20000040   Data           8  main.o(.data)
    FB_ENABLED                               0x20000048   Data           1  bcar.o(.data)
    defaultADCManager                        0x2000004c   Data           4  adcmanager.o(.data)
    defaultEXTIManager                       0x20000054   Data           4  extimanager.o(.data)
    DefaultKalmanFilter                      0x20000058   Data           4  filter.o(.data)
    DefaultComplementaryFilter               0x2000005c   Data           4  filter.o(.data)
    catchWhat_Flag                           0x20000060   Data           4  inputcatcher.o(.data)
    ISROUTEENABLED_Flag                      0x20000064   Data           4  inputcatcher.o(.data)
    defaultInputCatchManager                 0x20000068   Data           4  inputcatcher.o(.data)
    defaultDoSomeThing                       0x2000006c   Data           4  millis.o(.data)
    _PID_lastTime                            0x20000070   Data           4  newpid.o(.data)
    _PID_ITerm                               0x20000078   Data           8  newpid.o(.data)
    _PID_lastInput                           0x20000080   Data           8  newpid.o(.data)
    _PID_kp                                  0x20000088   Data           8  newpid.o(.data)
    _PID_ki                                  0x20000090   Data           8  newpid.o(.data)
    _PID_kd                                  0x20000098   Data           8  newpid.o(.data)
    defaultPID                               0x200000a0   Data           4  newpid.o(.data)
    defaultPWMManager                        0x200000a4   Data           4  pwmmanager.o(.data)
    _buf2_Oldest_Data_Pointer                0x200000a8   Data           4  usart2bufreceiever.o(.data)
    _ALL2_Pointer_Circles                    0x200000ac   Data           4  usart2bufreceiever.o(.data)
    _ALL2_Circles_Count                      0x200000b0   Data           4  usart2bufreceiever.o(.data)
    defaultUSART2BufReceiever                0x200000b4   Data           4  usart2bufreceiever.o(.data)
    _buf_Oldest_Data_Pointer                 0x200000b8   Data           4  usartbufreceiever.o(.data)
    _ALL_Pointer_Circles                     0x200000bc   Data           4  usartbufreceiever.o(.data)
    _ALL_Circles_Count                       0x200000c0   Data           4  usartbufreceiever.o(.data)
    defaultUSARTBufReceiever                 0x200000c4   Data           4  usartbufreceiever.o(.data)
    thb7128_defaultDoWhenDone                0x200000c8   Data           4  thb7128.o(.data)
    thb7128_pwm_count                        0x200000cc   Data           4  thb7128.o(.data)
    DoEvery_xillis_count                     0x200000d8   Data           4  doevery.o(.data)
    ComplementaryFilter                      0x200000f0   Data          32  main.o(.bss)
    USARTBufReceiever                        0x20000110   Data          24  main.o(.bss)
    PID                                      0x20000128   Data          96  main.o(.bss)
    sensorData                               0x20000188   Data          48  main.o(.bss)
    PWMManager                               0x200001b8   Data         208  bcar.o(.bss)
    ADC_DEFAULT_DATA                         0x20000288   Data          34  adcmanager.o(.bss)
    _EXTILine                                0x200002ac   Data          64  extimanager.o(.bss)
    TIM_CAPTURE_STA_VAL1_VAL2_VAL3           0x200002ec   Data         256  inputcatcher.o(.bss)
    USART2_defaultBuf                        0x200003ec   Data          50  usart2bufreceiever.o(.bss)
    USART_defaultBuf                         0x2000041e   Data          50  usartbufreceiever.o(.bss)
    __initial_sp                             0x200008e8   Data           0  startup_stm32f10x_md.o(STACK)



==============================================================================

Memory Map of the image

  Image Entry point : 0x080000ed

  Load Region LR_IROM1 (Base: 0x08000000, Size: 0x0000866c, Max: 0x00080000, ABSOLUTE)

    Execution Region ER_IROM1 (Base: 0x08000000, Size: 0x0000857c, Max: 0x00080000, ABSOLUTE)

    Base Addr    Size         Type   Attr      Idx    E Section Name        Object

    0x08000000   0x000000ec   Data   RO          646    RESET               startup_stm32f10x_md.o
    0x080000ec   0x00000000   Code   RO         1137  * .ARM.Collect$$$$00000000  mc_w.l(entry.o)
    0x080000ec   0x00000004   Code   RO         1194    .ARM.Collect$$$$00000001  mc_w.l(entry2.o)
    0x080000f0   0x00000004   Code   RO         1197    .ARM.Collect$$$$00000004  mc_w.l(entry5.o)
    0x080000f4   0x00000000   Code   RO         1199    .ARM.Collect$$$$00000008  mc_w.l(entry7b.o)
    0x080000f4   0x00000000   Code   RO         1201    .ARM.Collect$$$$0000000A  mc_w.l(entry8b.o)
    0x080000f4   0x00000008   Code   RO         1202    .ARM.Collect$$$$0000000B  mc_w.l(entry9a.o)
    0x080000fc   0x00000000   Code   RO         1204    .ARM.Collect$$$$0000000D  mc_w.l(entry10a.o)
    0x080000fc   0x00000000   Code   RO         1206    .ARM.Collect$$$$0000000F  mc_w.l(entry11a.o)
    0x080000fc   0x00000004   Code   RO         1195    .ARM.Collect$$$$00002712  mc_w.l(entry2.o)
    0x08000100   0x00000012   Code   RO          617    .emb_text           supertask.o
    0x08000112   0x00000002   PAD
    0x08000114   0x000001dc   Code   RO            1    .text               system_stm32f10x.o
    0x080002f0   0x00000020   Code   RO           82    .text               stm32f10x_it.o
    0x08000310   0x00000160   Code   RO          116    .text               main.o
    0x08000470   0x000003b8   Code   RO          194    .text               bcar.o
    0x08000828   0x0000038c   Code   RO          211    .text               adcmanager.o
    0x08000bb4   0x000000d0   Code   RO          230    .text               delay.o
    0x08000c84   0x00000430   Code   RO          259    .text               extimanager.o
    0x080010b4   0x00000644   Code   RO          278    .text               filter.o
    0x080016f8   0x00000808   Code   RO          293    .text               inputcatcher.o
    0x08001f00   0x00000160   Code   RO          331    .text               millis.o
    0x08002060   0x00000554   Code   RO          367    .text               newpid.o
    0x080025b4   0x00000670   Code   RO          382    .text               pwmmanager.o
    0x08002c24   0x000000a4   Code   RO          409    .text               usart.o
    0x08002cc8   0x0000017c   Code   RO          428    .text               usart2.o
    0x08002e44   0x000001e0   Code   RO          440    .text               usart2bufreceiever.o
    0x08003024   0x000001e0   Code   RO          456    .text               usartbufreceiever.o
    0x08003204   0x000001fc   Code   RO          479    .text               thb7128.o
    0x08003400   0x000007d0   Code   RO          517    .text               protocol.o
    0x08003bd0   0x00000170   Code   RO          563    .text               doevery.o
    0x08003d40   0x0000004c   Code   RO          618    .text               supertask.o
    0x08003d8c   0x00000024   Code   RO          647    .text               startup_stm32f10x_md.o
    0x08003db0   0x000000dc   Code   RO          651    .text               misc.o
    0x08003e8c   0x0000044e   Code   RO          663    .text               stm32f10x_adc.o
    0x080042da   0x00000002   PAD
    0x080042dc   0x00000250   Code   RO          756    .text               stm32f10x_dma.o
    0x0800452c   0x0000011c   Code   RO          768    .text               stm32f10x_exti.o
    0x08004648   0x00000358   Code   RO          804    .text               stm32f10x_gpio.o
    0x080049a0   0x000000cc   Code   RO          846    .text               stm32f10x_pwr.o
    0x08004a6c   0x000003a4   Code   RO          858    .text               stm32f10x_rcc.o
    0x08004e10   0x00000144   Code   RO          872    .text               stm32f10x_rtc.o
    0x08004f54   0x00000e1a   Code   RO          911    .text               stm32f10x_tim.o
    0x08005d6e   0x00000002   PAD
    0x08005d70   0x00000408   Code   RO          923    .text               stm32f10x_usart.o
    0x08006178   0x000002cc   Code   RO         1062    .text               mpu6050.o
    0x08006444   0x00000598   Code   RO         1077    .text               iic_analog.o
    0x080069dc   0x00000030   Code   RO         1170    .text               mc_w.l(vsscanf.o)
    0x08006a0c   0x000000b0   Code   RO         1172    .text               mf_w.l(fadd.o)
    0x08006abc   0x0000014e   Code   RO         1174    .text               mf_w.l(dadd.o)
    0x08006c0a   0x000000e4   Code   RO         1176    .text               mf_w.l(dmul.o)
    0x08006cee   0x000000de   Code   RO         1178    .text               mf_w.l(ddiv.o)
    0x08006dcc   0x00000022   Code   RO         1180    .text               mf_w.l(dflti.o)
    0x08006dee   0x0000001a   Code   RO         1182    .text               mf_w.l(dfltui.o)
    0x08006e08   0x00000032   Code   RO         1184    .text               mf_w.l(dfixui.o)
    0x08006e3a   0x00000026   Code   RO         1186    .text               mf_w.l(f2d.o)
    0x08006e60   0x00000028   Code   RO         1188    .text               mf_w.l(cdcmple.o)
    0x08006e88   0x00000028   Code   RO         1190    .text               mf_w.l(cdrcmple.o)
    0x08006eb0   0x00000038   Code   RO         1192    .text               mf_w.l(d2f.o)
    0x08006ee8   0x0000002c   Code   RO         1208    .text               mc_w.l(uidiv.o)
    0x08006f14   0x00000062   Code   RO         1210    .text               mc_w.l(uldiv.o)
    0x08006f76   0x0000001e   Code   RO         1212    .text               mc_w.l(llshl.o)
    0x08006f94   0x00000020   Code   RO         1214    .text               mc_w.l(llushr.o)
    0x08006fb4   0x00000024   Code   RO         1216    .text               mc_w.l(llsshr.o)
    0x08006fd8   0x00000156   Code   RO         1218    .text               mc_w.l(_scanf_longlong.o)
    0x0800712e   0x00000150   Code   RO         1220    .text               mc_w.l(_scanf_int.o)
    0x0800727e   0x000000da   Code   RO         1222    .text               mc_w.l(_scanf_str.o)
    0x08007358   0x0000033c   Code   RO         1224    .text               mc_w.l(scanf_fp.o)
    0x08007694   0x00000028   Code   RO         1228    .text               mc_w.l(scanf_char.o)
    0x080076bc   0x00000040   Code   RO         1230    .text               mc_w.l(_sgetc.o)
    0x080076fc   0x00000000   Code   RO         1232    .text               mc_w.l(iusefp.o)
    0x080076fc   0x0000006c   Code   RO         1233    .text               mf_w.l(fepilogue.o)
    0x08007768   0x000000be   Code   RO         1235    .text               mf_w.l(depilogue.o)
    0x08007826   0x00000030   Code   RO         1237    .text               mf_w.l(dfixul.o)
    0x08007856   0x00000002   PAD
    0x08007858   0x00000024   Code   RO         1239    .text               mc_w.l(init.o)
    0x0800787c   0x0000000a   Code   RO         1241    .text               mc_w.l(isspace_c.o)
    0x08007886   0x0000001c   Code   RO         1243    .text               mc_w.l(_chval.o)
    0x080078a2   0x00000002   PAD
    0x080078a4   0x0000032c   Code   RO         1245    .text               mc_w.l(_scanf.o)
    0x08007bd0   0x00000018   Code   RO         1247    .text               mf_w.l(dfltul.o)
    0x08007be8   0x00000028   Code   RO         1249    .text               mc_w.l(ctype_c.o)
    0x08007c10   0x00000024   Code   RO         1148    i.__0vsnprintf      mc_w.l(printfa.o)
    0x08007c34   0x0000000e   Code   RO         1254    i.__scatterload_copy  mc_w.l(handlers.o)
    0x08007c42   0x00000002   Code   RO         1255    i.__scatterload_null  mc_w.l(handlers.o)
    0x08007c44   0x0000000e   Code   RO         1256    i.__scatterload_zeroinit  mc_w.l(handlers.o)
    0x08007c52   0x00000002   PAD
    0x08007c54   0x0000015c   Code   RO         1150    i._fp_digits        mc_w.l(printfa.o)
    0x08007db0   0x0000000e   Code   RO         1226    i._is_digit         mc_w.l(scanf_fp.o)
    0x08007dbe   0x00000002   PAD
    0x08007dc0   0x000006f0   Code   RO         1151    i._printf_core      mc_w.l(printfa.o)
    0x080084b0   0x00000026   Code   RO         1152    i._printf_post_padding  mc_w.l(printfa.o)
    0x080084d6   0x00000030   Code   RO         1153    i._printf_pre_padding  mc_w.l(printfa.o)
    0x08008506   0x00000016   Code   RO         1154    i._snputc           mc_w.l(printfa.o)
    0x0800851c   0x00000040   Data   RO         1250    .constdata          mc_w.l(ctype_c.o)
    0x0800855c   0x00000020   Data   RO         1252    Region$$Table       anon$$obj.o


    Execution Region RW_IRAM1 (Base: 0x20000000, Size: 0x000008e8, Max: 0x00010000, ABSOLUTE)

    Base Addr    Size         Type   Attr      Idx    E Section Name        Object

    0x20000000   0x00000014   Data   RW            2    .data               system_stm32f10x.o
    0x20000014   0x00000004   PAD
    0x20000018   0x00000030   Data   RW          118    .data               main.o
    0x20000048   0x00000001   Data   RW          196    .data               bcar.o
    0x20000049   0x00000003   PAD
    0x2000004c   0x00000004   Data   RW          213    .data               adcmanager.o
    0x20000050   0x00000004   Data   RW          231    .data               delay.o
    0x20000054   0x00000004   Data   RW          261    .data               extimanager.o
    0x20000058   0x00000008   Data   RW          279    .data               filter.o
    0x20000060   0x0000000c   Data   RW          295    .data               inputcatcher.o
    0x2000006c   0x00000004   Data   RW          332    .data               millis.o
    0x20000070   0x00000034   Data   RW          368    .data               newpid.o
    0x200000a4   0x00000004   Data   RW          383    .data               pwmmanager.o
    0x200000a8   0x00000010   Data   RW          442    .data               usart2bufreceiever.o
    0x200000b8   0x00000010   Data   RW          458    .data               usartbufreceiever.o
    0x200000c8   0x00000008   Data   RW          480    .data               thb7128.o
    0x200000d0   0x00000003   Data   RW          519    .data               protocol.o
    0x200000d3   0x00000001   PAD
    0x200000d4   0x00000008   Data   RW          564    .data               doevery.o
    0x200000dc   0x00000014   Data   RW          859    .data               stm32f10x_rcc.o
    0x200000f0   0x000000c8   Zero   RW          117    .bss                main.o
    0x200001b8   0x000000d0   Zero   RW          195    .bss                bcar.o
    0x20000288   0x00000022   Zero   RW          212    .bss                adcmanager.o
    0x200002aa   0x00000002   PAD
    0x200002ac   0x00000040   Zero   RW          260    .bss                extimanager.o
    0x200002ec   0x00000100   Zero   RW          294    .bss                inputcatcher.o
    0x200003ec   0x00000032   Zero   RW          441    .bss                usart2bufreceiever.o
    0x2000041e   0x00000032   Zero   RW          457    .bss                usartbufreceiever.o
    0x20000450   0x00000098   Zero   RW          518    .bss                protocol.o
    0x200004e8   0x00000400   Zero   RW          644    STACK               startup_stm32f10x_md.o


==============================================================================

Image component sizes


      Code (inc. data)   RO Data    RW Data    ZI Data      Debug   Object Name

       908         60          0          4         34       3764   adcmanager.o
       952         70          0          1        208       1627   bcar.o
       208         18          0          4          0        911   delay.o
       368         20          0          8          0       2888   doevery.o
      1072         20          0          4         64       5162   extimanager.o
      1604         38          0          8          0       3660   filter.o
      1432         36          0          0          0       5070   iic_analog.o
      2056         80          0         12        256       8520   inputcatcher.o
         0          0          0          0          0        520   jlx12864g.o
       352         84          0         48        200     231509   main.o
       352          8          0          4          0       1752   millis.o
       220         20          0          0          0       1637   misc.o
       716         48          0          0          0       3593   mpu6050.o
      1364         54          0         52          0       3598   newpid.o
      2000         50          0          3        152       2239   protocol.o
      1648         64          0          4          0       5153   pwmmanager.o
        36          8        236          0       1024        736   startup_stm32f10x_md.o
      1102         26          0          0          0      10669   stm32f10x_adc.o
       592          8          0          0          0       4166   stm32f10x_dma.o
       284         10          0          0          0       2067   stm32f10x_exti.o
       856         40          0          0          0       5481   stm32f10x_gpio.o
        32          0          0          0          0       1224   stm32f10x_it.o
       204         16          0          0          0       1843   stm32f10x_pwr.o
       932         44          0         20          0       8588   stm32f10x_rcc.o
       324          4          0          0          0       2594   stm32f10x_rtc.o
      3610         88          0          0          0      21964   stm32f10x_tim.o
      1032         22          0          0          0       8208   stm32f10x_usart.o
        94          0          0          0          0        967   supertask.o
       476         36          0         20          0      58767   system_stm32f10x.o
       508         18          0          8          0       3359   thb7128.o
       164          8          0          0          0       2719   usart.o
       380         10          0          0          0       2253   usart2.o
       480         28          0         16         50       3113   usart2bufreceiever.o
       480         28          0         16         50       3940   usartbufreceiever.o

    ----------------------------------------------------------------------
     26844       1064        268        240       2040     424261   Object Totals
         0          0         32          0          0          0   (incl. Generated)
         6          0          0          8          2          0   (incl. Padding)

    ----------------------------------------------------------------------

      Code (inc. data)   RO Data    RW Data    ZI Data      Debug   Library Member Name

        28          0          0          0          0         68   _chval.o
       812          6          0          0          0        112   _scanf.o
       336          0          0          0          0         96   _scanf_int.o
       342          0          0          0          0        100   _scanf_longlong.o
       218          0          0          0          0         96   _scanf_str.o
        64          0          0          0          0         84   _sgetc.o
        40          6         64          0          0         68   ctype_c.o
         0          0          0          0          0          0   entry.o
         0          0          0          0          0          0   entry10a.o
         0          0          0          0          0          0   entry11a.o
         8          4          0          0          0          0   entry2.o
         4          0          0          0          0          0   entry5.o
         0          0          0          0          0          0   entry7b.o
         0          0          0          0          0          0   entry8b.o
         8          4          0          0          0          0   entry9a.o
        30          0          0          0          0          0   handlers.o
        36          8          0          0          0         68   init.o
        10          0          0          0          0         68   isspace_c.o
         0          0          0          0          0          0   iusefp.o
        30          0          0          0          0         68   llshl.o
        36          0          0          0          0         68   llsshr.o
        32          0          0          0          0         68   llushr.o
      2268         84          0          0          0        508   printfa.o
        40          8          0          0          0         84   scanf_char.o
       842         12          0          0          0        216   scanf_fp.o
        44          0          0          0          0         80   uidiv.o
        98          0          0          0          0         92   uldiv.o
        48          8          0          0          0         80   vsscanf.o
        40          2          0          0          0         68   cdcmple.o
        40          2          0          0          0         68   cdrcmple.o
        56          0          0          0          0         88   d2f.o
       334          0          0          0          0        148   dadd.o
       222          0          0          0          0        100   ddiv.o
       190          0          0          0          0        176   depilogue.o
        50          0          0          0          0         76   dfixui.o
        48          0          0          0          0         68   dfixul.o
        34          0          0          0          0         76   dflti.o
        26          0          0          0          0         76   dfltui.o
        24          0          0          0          0         76   dfltul.o
       228          0          0          0          0         96   dmul.o
        38          0          0          0          0         68   f2d.o
       176          0          0          0          0        140   fadd.o
       108          0          0          0          0        168   fepilogue.o

    ----------------------------------------------------------------------
      6996        144         64          0          0       3516   Library Totals
         8          0          0          0          0          0   (incl. Padding)

    ----------------------------------------------------------------------

      Code (inc. data)   RO Data    RW Data    ZI Data      Debug   Library Name

      5374        140         64          0          0       2024   mc_w.l
      1614          4          0          0          0       1492   mf_w.l

    ----------------------------------------------------------------------
      6996        144         64          0          0       3516   Library Totals

    ----------------------------------------------------------------------

==============================================================================


      Code (inc. data)   RO Data    RW Data    ZI Data      Debug   

     33840       1208        332        240       2040     421953   Grand Totals
     33840       1208        332        240       2040     421953   ELF Image Totals
     33840       1208        332        240          0          0   ROM Totals

==============================================================================

    Total RO  Size (Code + RO Data)                34172 (  33.37kB)
    Total RW  Size (RW Data + ZI Data)              2280 (   2.23kB)
    Total ROM Size (Code + RO Data + RW Data)      34412 (  33.61kB)

==============================================================================

