ARM Linker, 5.03 [Build 76] [MDK-ARM Standard]

==============================================================================

Section Cross References

    system_stm32f10x.o(.text) refers to system_stm32f10x.o(.data) for SystemCoreClock
    stm32f10x_it.o(.text) refers to protocol.o(.text) for PT_IRq_Handler
    main.o(.text) refers to usart.o(.text) for uart_init
    main.o(.text) refers to mpu6050.o(.text) for MPU6050_ALL_Initialize
    main.o(.text) refers to printfa.o(i.__0printf) for __2printf
    main.o(.text) refers to main.o(.bss) for mpudata
    adcmanager.o(.text) refers to stm32f10x_adc.o(.text) for ADC_SoftwareStartConvCmd
    adcmanager.o(.text) refers to stm32f10x_rcc.o(.text) for RCC_AHBPeriphClockCmd
    adcmanager.o(.text) refers to stm32f10x_dma.o(.text) for DMA_DeInit
    adcmanager.o(.text) refers to misc.o(.text) for NVIC_Init
    adcmanager.o(.text) refers to stm32f10x_gpio.o(.text) for GPIO_Init
    adcmanager.o(.text) refers to adcmanager.o(.data) for defaultADCManager
    adcmanager.o(.text) refers to adcmanager.o(.bss) for ADC_DEFAULT_DATA
    delay.o(.text) refers to misc.o(.text) for SysTick_CLKSourceConfig
    delay.o(.text) refers to system_stm32f10x.o(.data) for SystemCoreClock
    delay.o(.text) refers to delay.o(.data) for fac_us
    ds18b20.o(.text) refers to delay.o(.text) for delay_us
    ds18b20.o(.text) refers to stm32f10x_rcc.o(.text) for RCC_APB2PeriphClockCmd
    ds18b20.o(.text) refers to stm32f10x_gpio.o(.text) for GPIO_Init
    ds18b20.o(.text) refers to dflti.o(.text) for __aeabi_i2d
    ds18b20.o(.text) refers to dmul.o(.text) for __aeabi_dmul
    extimanager.o(.text) refers to stm32f10x_rcc.o(.text) for RCC_APB2PeriphClockCmd
    extimanager.o(.text) refers to stm32f10x_gpio.o(.text) for GPIO_Init
    extimanager.o(.text) refers to stm32f10x_exti.o(.text) for EXTI_Init
    extimanager.o(.text) refers to misc.o(.text) for NVIC_Init
    extimanager.o(.text) refers to extimanager.o(.bss) for _EXTILine
    extimanager.o(.text) refers to extimanager.o(.data) for defaultEXTIManager
    filter.o(.text) refers to dadd.o(.text) for __aeabi_drsub
    filter.o(.text) refers to dmul.o(.text) for __aeabi_dmul
    filter.o(.text) refers to ddiv.o(.text) for __aeabi_ddiv
    filter.o(.text) refers to d2f.o(.text) for __aeabi_d2f
    filter.o(.text) refers to fadd.o(.text) for __aeabi_fsub
    filter.o(.text) refers to f2d.o(.text) for __aeabi_f2d
    filter.o(.text) refers to filter.o(.data) for DefaultComplementaryFilter
    inputcatcher.o(.text) refers to stm32f10x_tim.o(.text) for TIM_OC1PolarityConfig
    inputcatcher.o(.text) refers to stm32f10x_rcc.o(.text) for RCC_APB2PeriphClockCmd
    inputcatcher.o(.text) refers to stm32f10x_gpio.o(.text) for GPIO_Init
    inputcatcher.o(.text) refers to dmul.o(.text) for __aeabi_dmul
    inputcatcher.o(.text) refers to dadd.o(.text) for __aeabi_dsub
    inputcatcher.o(.text) refers to dfixui.o(.text) for __aeabi_d2uiz
    inputcatcher.o(.text) refers to inputcatcher.o(.data) for defaultInputCatchManager
    inputcatcher.o(.text) refers to misc.o(.text) for NVIC_Init
    inputcatcher.o(.text) refers to dfltui.o(.text) for __aeabi_ui2d
    inputcatcher.o(.text) refers to ddiv.o(.text) for __aeabi_ddiv
    inputcatcher.o(.text) refers to cdcmple.o(.text) for __aeabi_cdcmpeq
    inputcatcher.o(.text) refers to inputcatcher.o(.bss) for TIM_CAPTURE_STA_VAL1_VAL2_VAL3
    keyfsm.o(.text) refers to stm32f10x_gpio.o(.text) for GPIO_ReadInputDataBit
    keyfsm.o(.text) refers to millis.o(.text) for millis
    keyfsm.o(.text) refers to stm32f10x_rcc.o(.text) for RCC_APB2PeriphClockCmd
    keyfsm.o(.text) refers to keyfsm.o(.bss) for defaultKeyFSM
    keyfsm.o(.text) refers to keyfsm.o(.data) for defaultKeyFSM_NUM
    millis.o(.text) refers to stm32f10x_rcc.o(.text) for RCC_APB1PeriphClockCmd
    millis.o(.text) refers to stm32f10x_pwr.o(.text) for PWR_BackupAccessCmd
    millis.o(.text) refers to stm32f10x_rtc.o(.text) for RTC_WaitForLastTask
    millis.o(.text) refers to misc.o(.text) for NVIC_Init
    millis.o(.text) refers to millis.o(.data) for defaultDoSomeThing
    jlx12864g.o(.text) refers to delay.o(.text) for delay_init
    jlx12864g.o(.text) refers to stm32f10x_rcc.o(.text) for RCC_APB2PeriphClockCmd
    jlx12864g.o(.text) refers to stm32f10x_gpio.o(.text) for GPIO_Init
    jlx12864g.o(.text) refers to jlx12864g.o(.constdata) for font_s
    jlx12864g.o(.text) refers to memseta.o(.text) for __aeabi_memclr4
    jlx12864g.o(.text) refers to printfa.o(i.__0vsnprintf) for __c89vsnprintf
    newpid.o(.text) refers to cdcmple.o(.text) for __aeabi_cdcmple
    newpid.o(.text) refers to dfltui.o(.text) for __aeabi_ui2d
    newpid.o(.text) refers to ddiv.o(.text) for __aeabi_ddiv
    newpid.o(.text) refers to dmul.o(.text) for __aeabi_dmul
    newpid.o(.text) refers to dadd.o(.text) for __aeabi_dsub
    newpid.o(.text) refers to dflti.o(.text) for __aeabi_i2d
    newpid.o(.text) refers to cdrcmple.o(.text) for __aeabi_cdrcmple
[...]
    ../fplib/microlib/fpflt.c                0x00000000   Number         0  dflti.o ABSOLUTE
    ../fplib/microlib/fpflt.c                0x00000000   Number         0  dfltui.o ABSOLUTE
    ../fplib/microlib/fpmul.c                0x00000000   Number         0  dmul.o ABSOLUTE
    ..\CORE\core_cm3.c                       0x00000000   Number         0  core_cm3.o ABSOLUTE
    ..\CORE\startup_stm32f10x_md.s           0x00000000   Number         0  startup_stm32f10x_md.o ABSOLUTE
    ..\FATFS\SD\MMC_SD.C                     0x00000000   Number         0  mmc_sd.o ABSOLUTE
    ..\FATFS\SPI\spi.c                       0x00000000   Number         0  spi.o ABSOLUTE
    ..\FATFS\src\diskio.c                    0x00000000   Number         0  diskio.o ABSOLUTE
    ..\FATFS\src\easyFATFS.c                 0x00000000   Number         0  easyfatfs.o ABSOLUTE
    ..\FATFS\src\ff.c                        0x00000000   Number         0  ff.o ABSOLUTE
    ..\FATFS\src\option\ccsbcs.c             0x00000000   Number         0  ccsbcs.o ABSOLUTE
    ..\LIB\src\misc.c                        0x00000000   Number         0  misc.o ABSOLUTE
    ..\LIB\src\stm32f10x_adc.c               0x00000000   Number         0  stm32f10x_adc.o ABSOLUTE
    ..\LIB\src\stm32f10x_bkp.c               0x00000000   Number         0  stm32f10x_bkp.o ABSOLUTE
    ..\LIB\src\stm32f10x_can.c               0x00000000   Number         0  stm32f10x_can.o ABSOLUTE
    ..\LIB\src\stm32f10x_cec.c               0x00000000   Number         0  stm32f10x_cec.o ABSOLUTE
    ..\LIB\src\stm32f10x_crc.c               0x00000000   Number         0  stm32f10x_crc.o ABSOLUTE
    ..\LIB\src\stm32f10x_dac.c               0x00000000   Number         0  stm32f10x_dac.o ABSOLUTE
    ..\LIB\src\stm32f10x_dbgmcu.c            0x00000000   Number         0  stm32f10x_dbgmcu.o ABSOLUTE
    ..\LIB\src\stm32f10x_dma.c               0x00000000   Number         0  stm32f10x_dma.o ABSOLUTE
    ..\LIB\src\stm32f10x_exti.c              0x00000000   Number         0  stm32f10x_exti.o ABSOLUTE
    ..\LIB\src\stm32f10x_flash.c             0x00000000   Number         0  stm32f10x_flash.o ABSOLUTE
    ..\LIB\src\stm32f10x_fsmc.c              0x00000000   Number         0  stm32f10x_fsmc.o ABSOLUTE
    ..\LIB\src\stm32f10x_gpio.c              0x00000000   Number         0  stm32f10x_gpio.o ABSOLUTE
    ..\LIB\src\stm32f10x_i2c.c               0x00000000   Number         0  stm32f10x_i2c.o ABSOLUTE
    ..\LIB\src\stm32f10x_iwdg.c              0x00000000   Number         0  stm32f10x_iwdg.o ABSOLUTE
    ..\LIB\src\stm32f10x_pwr.c               0x00000000   Number         0  stm32f10x_pwr.o ABSOLUTE
    ..\LIB\src\stm32f10x_rcc.c               0x00000000   Number         0  stm32f10x_rcc.o ABSOLUTE
    ..\LIB\src\stm32f10x_rtc.c               0x00000000   Number         0  stm32f10x_rtc.o ABSOLUTE
    ..\LIB\src\stm32f10x_sdio.c              0x00000000   Number         0  stm32f10x_sdio.o ABSOLUTE
    ..\LIB\src\stm32f10x_spi.c               0x00000000   Number         0  stm32f10x_spi.o ABSOLUTE
    ..\LIB\src\stm32f10x_tim.c               0x00000000   Number         0  stm32f10x_tim.o ABSOLUTE
    ..\LIB\src\stm32f10x_usart.c             0x00000000   Number         0  stm32f10x_usart.o ABSOLUTE
    ..\LIB\src\stm32f10x_wwdg.c              0x00000000   Number         0  stm32f10x_wwdg.o ABSOLUTE
    ..\UTILS\ADCManager\ADCManager.c         0x00000000   Number         0  adcmanager.o ABSOLUTE
    ..\UTILS\DACManager\DACManager.c         0x00000000   Number         0  dacmanager.o ABSOLUTE
    ..\UTILS\DS18B20\ds18b20.c               0x00000000   Number         0  ds18b20.o ABSOLUTE
    ..\UTILS\EXTIManager\EXTIManager.c       0x00000000   Number         0  extimanager.o ABSOLUTE
    ..\UTILS\Filter\filter.c                 0x00000000   Number         0  filter.o ABSOLUTE
    ..\UTILS\InputCatcher\InputCatcher.c     0x00000000   Number         0  inputcatcher.o ABSOLUTE
    ..\UTILS\KeyFSM\KeyFSM.c                 0x00000000   Number         0  keyfsm.o ABSOLUTE
    ..\UTILS\NRF24L01\24l01.c                0x00000000   Number         0  24l01.o ABSOLUTE
    ..\UTILS\OLED\JLX12864G.c                0x00000000   Number         0  jlx12864g.o ABSOLUTE
    ..\UTILS\PID\newPID.c                    0x00000000   Number         0  newpid.o ABSOLUTE
    ..\UTILS\PWMManager\PWMManager.c         0x00000000   Number         0  pwmmanager.o ABSOLUTE
    ..\UTILS\Protocol\Protocol.c             0x00000000   Number         0  protocol.o ABSOLUTE
    ..\UTILS\RTC\rtc.c                       0x00000000   Number         0  rtc.o ABSOLUTE
    ..\UTILS\ServoManager\ServoManager.c     0x00000000   Number         0  servomanager.o ABSOLUTE
    ..\UTILS\SuperTask\SuperTask.c           0x00000000   Number         0  supertask.o ABSOLUTE
    ..\UTILS\THB7128\THB7128.c               0x00000000   Number         0  thb7128.o ABSOLUTE
    ..\UTILS\USART2BufReceiever\USART2BufReceiever.c 0x00000000   Number         0  usart2bufreceiever.o ABSOLUTE
    ..\UTILS\USARTBufReceiever\USARTBufReceiever.c 0x00000000   Number         0  usartbufreceiever.o ABSOLUTE
    ..\UTILS\delay\delay.c                   0x00000000   Number         0  delay.o ABSOLUTE
    ..\UTILS\doEvery\doEvery.c               0x00000000   Number         0  doevery.o ABSOLUTE
    ..\UTILS\millis\millis.c                 0x00000000   Number         0  millis.o ABSOLUTE
    ..\UTILS\sys\sys.c                       0x00000000   Number         0  sys.o ABSOLUTE
    ..\UTILS\usart2\usart2.c                 0x00000000   Number         0  usart2.o ABSOLUTE
    ..\UTILS\usart\usart.c                   0x00000000   Number         0  usart.o ABSOLUTE
    ..\\CORE\\core_cm3.c                     0x00000000   Number         0  core_cm3.o ABSOLUTE
    ..\\UTILS\\SuperTask\\SuperTask.c        0x00000000   Number         0  supertask.o ABSOLUTE
    ..\mpu6050\I2C_analog\iic_analog.c       0x00000000   Number         0  iic_analog.o ABSOLUTE
    ..\mpu6050\mpu600\MPU6050.c              0x00000000   Number         0  mpu6050.o ABSOLUTE
    ..\probe\interrupt.c                     0x00000000   Number         0  interrupt.o ABSOLUTE
    cdcmple.s                                0x00000000   Number         0  cdcmple.o ABSOLUTE
    cdrcmple.s                               0x00000000   Number         0  cdrcmple.o ABSOLUTE
    dc.s                                     0x00000000   Number         0  dc.o ABSOLUTE
    handlers.s                               0x00000000   Number         0  handlers.o ABSOLUTE
    init.s                                   0x00000000   Number         0  init.o ABSOLUTE
    main.c                                   0x00000000   Number         0  main.o ABSOLUTE
    stm32f10x_it.c                           0x00000000   Number         0  stm32f10x_it.o ABSOLUTE
    system_stm32f10x.c                       0x00000000   Number         0  system_stm32f10x.o ABSOLUTE
    RESET                                    0x08000000   Section      236  startup_stm32f10x_md.o(RESET)
    .ARM.Collect$$$$00000000                 0x080000ec   Section        0  entry.o(.ARM.Collect$$$$00000000)
    .ARM.Collect$$$$00000001                 0x080000ec   Section        4  entry2.o(.ARM.Collect$$$$00000001)
    .ARM.Collect$$$$00000004                 0x080000f0   Section        4  entry5.o(.ARM.Collect$$$$00000004)
    .ARM.Collect$$$$00000008                 0x080000f4   Section        0  entry7b.o(.ARM.Collect$$$$00000008)
    .ARM.Collect$$$$0000000A                 0x080000f4   Section        0  entry8b.o(.ARM.Collect$$$$0000000A)
    .ARM.Collect$$$$0000000B                 0x080000f4   Section        8  entry9a.o(.ARM.Collect$$$$0000000B)
    .ARM.Collect$$$$0000000D                 0x080000fc   Section        0  entry10a.o(.ARM.Collect$$$$0000000D)
    .ARM.Collect$$$$0000000F                 0x080000fc   Section        0  entry11a.o(.ARM.Collect$$$$0000000F)
    .ARM.Collect$$$$00002712                 0x080000fc   Section        4  entry2.o(.ARM.Collect$$$$00002712)
    __lit__00000000                          0x080000fc   Data           4  entry2.o(.ARM.Collect$$$$00002712)
    .emb_text                                0x08000100   Section       18  supertask.o(.emb_text)
    .text                                    0x08000114   Section        0  system_stm32f10x.o(.text)
    SetSysClockTo72                          0x08000115   Thumb Code   212  system_stm32f10x.o(.text)
    SetSysClock                              0x080001e9   Thumb Code     8  system_stm32f10x.o(.text)
    .text                                    0x080002f0   Section        0  stm32f10x_it.o(.text)
    .text                                    0x08000310   Section        0  main.o(.text)
    .text                                    0x0800035c   Section        0  adcmanager.o(.text)
    .text                                    0x080006e8   Section        0  extimanager.o(.text)
    .text                                    0x08000b18   Section        0  inputcatcher.o(.text)
    .text                                    0x08001320   Section        0  millis.o(.text)
    .text                                    0x08001480   Section        0  usart.o(.text)
    .text                                    0x08001524   Section        0  usart2.o(.text)
    .text                                    0x080016a0   Section        0  usart2bufreceiever.o(.text)
    .text                                    0x08001880   Section        0  usartbufreceiever.o(.text)
    .text                                    0x08001a60   Section        0  thb7128.o(.text)
    .text                                    0x08001c5c   Section        0  protocol.o(.text)
    .text                                    0x0800242c   Section        0  doevery.o(.text)
    .text                                    0x0800259c   Section        0  supertask.o(.text)
    .text                                    0x080025e8   Section       36  startup_stm32f10x_md.o(.text)
    .text                                    0x0800260c   Section        0  misc.o(.text)
    .text                                    0x080026e8   Section        0  stm32f10x_adc.o(.text)
    .text                                    0x08002b38   Section        0  stm32f10x_dma.o(.text)
    .text                                    0x08002d88   Section        0  stm32f10x_exti.o(.text)
    .text                                    0x08002ea4   Section        0  stm32f10x_gpio.o(.text)
    .text                                    0x080031fc   Section        0  stm32f10x_pwr.o(.text)
    .text                                    0x080032c8   Section        0  stm32f10x_rcc.o(.text)
    .text                                    0x0800366c   Section        0  stm32f10x_rtc.o(.text)
    .text                                    0x080037b0   Section        0  stm32f10x_tim.o(.text)
    TI4_Config                               0x08003c57   Thumb Code   130  stm32f10x_tim.o(.text)
    TI3_Config                               0x08003ceb   Thumb Code   122  stm32f10x_tim.o(.text)
    TI2_Config                               0x08003d7f   Thumb Code   130  stm32f10x_tim.o(.text)
    TI1_Config                               0x08003e13   Thumb Code   108  stm32f10x_tim.o(.text)
    .text                                    0x080045cc   Section        0  stm32f10x_usart.o(.text)
    .text                                    0x080049d4   Section        0  mpu6050.o(.text)
    .text                                    0x08004c44   Section        0  iic_analog.o(.text)
    .text                                    0x0800503c   Section        0  vsscanf.o(.text)
    .text                                    0x0800506c   Section        0  dadd.o(.text)
    .text                                    0x080051ba   Section        0  dmul.o(.text)
    .text                                    0x0800529e   Section        0  ddiv.o(.text)
    .text                                    0x0800537c   Section        0  dflti.o(.text)
    .text                                    0x0800539e   Section        0  dfltui.o(.text)
    .text                                    0x080053b8   Section        0  dfixui.o(.text)
    .text                                    0x080053ec   Section       40  cdcmple.o(.text)
    .text                                    0x08005414   Section       40  cdrcmple.o(.text)
    .text                                    0x0800543c   Section        0  d2f.o(.text)
    .text                                    0x08005474   Section        0  uidiv.o(.text)
    .text                                    0x080054a0   Section        0  uldiv.o(.text)
    .text                                    0x08005502   Section        0  llshl.o(.text)
    .text                                    0x08005520   Section        0  llushr.o(.text)
    .text                                    0x08005540   Section        0  llsshr.o(.text)
    .text                                    0x08005564   Section        0  _scanf_longlong.o(.text)
    .text                                    0x080056ba   Section        0  _scanf_int.o(.text)
    .text                                    0x0800580a   Section        0  _scanf_str.o(.text)
    .text                                    0x080058e4   Section        0  scanf_fp.o(.text)
    _fp_value                                0x080058e5   Thumb Code   256  scanf_fp.o(.text)
    .text                                    0x08005c20   Section        0  scanf_char.o(.text)
    _scanf_char_input                        0x08005c21   Thumb Code    12  scanf_char.o(.text)
    .text                                    0x08005c48   Section        0  _sgetc.o(.text)
    .text                                    0x08005c88   Section        0  iusefp.o(.text)
    .text                                    0x08005c88   Section        0  fepilogue.o(.text)
    .text                                    0x08005cf4   Section        0  depilogue.o(.text)
    .text                                    0x08005db2   Section        0  dfixul.o(.text)
    .text                                    0x08005de4   Section       36  init.o(.text)
    .text                                    0x08005e08   Section        0  isspace_c.o(.text)
    .text                                    0x08005e12   Section        0  _chval.o(.text)
    .text                                    0x08005e30   Section        0  _scanf.o(.text)
    .text                                    0x0800615c   Section        0  dfltul.o(.text)
    .text                                    0x08006174   Section        0  ctype_c.o(.text)
    i.__0printf                              0x0800619c   Section        0  printfa.o(i.__0printf)
    i.__0vsnprintf                           0x080061bc   Section        0  printfa.o(i.__0vsnprintf)
    i.__scatterload_copy                     0x080061e0   Section       14  handlers.o(i.__scatterload_copy)
    i.__scatterload_null                     0x080061ee   Section        2  handlers.o(i.__scatterload_null)
    i.__scatterload_zeroinit                 0x080061f0   Section       14  handlers.o(i.__scatterload_zeroinit)
    i._fp_digits                             0x08006200   Section        0  printfa.o(i._fp_digits)
    _fp_digits                               0x08006201   Thumb Code   326  printfa.o(i._fp_digits)
    i._is_digit                              0x0800635c   Section        0  scanf_fp.o(i._is_digit)
    i._printf_core                           0x0800636c   Section        0  printfa.o(i._printf_core)
    _printf_core                             0x0800636d   Thumb Code  1762  printfa.o(i._printf_core)
    i._printf_post_padding                   0x08006a5c   Section        0  printfa.o(i._printf_post_padding)
    _printf_post_padding                     0x08006a5d   Thumb Code    38  printfa.o(i._printf_post_padding)
    i._printf_pre_padding                    0x08006a82   Section        0  printfa.o(i._printf_pre_padding)
    _printf_pre_padding                      0x08006a83   Thumb Code    48  printfa.o(i._printf_pre_padding)
    i._snputc                                0x08006ab2   Section        0  printfa.o(i._snputc)
    _snputc                                  0x08006ab3   Thumb Code    22  printfa.o(i._snputc)
    .constdata                               0x08006ac8   Section       64  ctype_c.o(.constdata)
    .data                                    0x20000000   Section       20  system_stm32f10x.o(.data)
    .data                                    0x20000014   Section        4  adcmanager.o(.data)
    .data                                    0x20000018   Section        4  extimanager.o(.data)
    .data                                    0x2000001c   Section       12  inputcatcher.o(.data)
    .data                                    0x20000028   Section        4  millis.o(.data)
    .data                                    0x2000002c   Section        4  usart.o(.data)
    .data                                    0x20000030   Section       16  usart2bufreceiever.o(.data)
    .data                                    0x20000040   Section       16  usartbufreceiever.o(.data)
    .data                                    0x20000050   Section        8  thb7128.o(.data)
    .data                                    0x20000058   Section        3  protocol.o(.data)
    PT_FSM_STATE                             0x20000058   Data           1  protocol.o(.data)
    PT_PACKAGE_LENGTH                        0x20000059   Data           1  protocol.o(.data)
    PT_i                                     0x2000005a   Data           1  protocol.o(.data)
    .data                                    0x2000005c   Section        8  doevery.o(.data)
    defaultDoEvery                           0x2000005c   Data           4  doevery.o(.data)
    .data                                    0x20000064   Section       20  stm32f10x_rcc.o(.data)
    APBAHBPrescTable                         0x20000064   Data          16  stm32f10x_rcc.o(.data)
    ADCPrescTable                            0x20000074   Data           4  stm32f10x_rcc.o(.data)
    .data                                    0x20000078   Section        1  iic_analog.o(.data)
    .bss                                     0x20000080   Section       48  main.o(.bss)
    .bss                                     0x200000b0   Section       34  adcmanager.o(.bss)
    .bss                                     0x200000d4   Section       64  extimanager.o(.bss)
    .bss                                     0x20000114   Section      256  inputcatcher.o(.bss)
    .bss                                     0x20000214   Section       50  usart2bufreceiever.o(.bss)
    .bss                                     0x20000246   Section       50  usartbufreceiever.o(.bss)
    .bss                                     0x20000278   Section      152  protocol.o(.bss)
    PT_FSM_BUF                               0x20000278   Data         110  protocol.o(.bss)
    PT_FSM_PER_LEN                           0x200002e8   Data          40  protocol.o(.bss)
    STACK                                    0x20000310   Section     1024  startup_stm32f10x_md.o(STACK)

    Global Symbols

    Symbol Name                              Value     Ov Type        Size  Object(Section)

    BuildAttributes$$THM_ISAv4$P$D$K$B$S$PE$A:L22UL41UL21$X:L11$S22US41US21$IEEE1$IW$USESV6$~STKCKD$USESV7$~SHL$OTIME$ROPI$EBA8$MICROLIB$REQ8$PRES8$EABIv2 0x00000000   Number         0  anon$$obj.o ABSOLUTE
    __ARM_use_no_argv                        0x00000000   Number         0  main.o ABSOLUTE
    __use_no_errno                           0x00000000   Number         0  useno.o ABSOLUTE
    __use_no_exception_handling              0x00000000   Number         0  useno.o ABSOLUTE
    __use_no_fp                              0x00000000   Number         0  useno.o ABSOLUTE
    __use_no_heap                            0x00000000   Number         0  useno.o ABSOLUTE
    __use_no_heap_region                     0x00000000   Number         0  useno.o ABSOLUTE
    __use_no_semihosting                     0x00000000   Number         0  useno.o ABSOLUTE
    __use_no_semihosting_swi                 0x00000000   Number         0  useno.o ABSOLUTE
    __use_no_signal_handling                 0x00000000   Number         0  useno.o ABSOLUTE
    _printf_a                                0x00000000   Number         0  stubs.o ABSOLUTE
    _printf_c                                0x00000000   Number         0  stubs.o ABSOLUTE
    _printf_charcount                        0x00000000   Number         0  stubs.o ABSOLUTE
    _printf_d                                0x00000000   Number         0  stubs.o ABSOLUTE
    _printf_e                                0x00000000   Number         0  stubs.o ABSOLUTE
    _printf_f                                0x00000000   Number         0  stubs.o ABSOLUTE
    _printf_flags                            0x00000000   Number         0  stubs.o ABSOLUTE
    _printf_fp_dec                           0x00000000   Number         0  stubs.o ABSOLUTE
    _printf_fp_hex                           0x00000000   Number         0  stubs.o ABSOLUTE
    _printf_g                                0x00000000   Number         0  stubs.o ABSOLUTE
    _printf_i                                0x00000000   Number         0  stubs.o ABSOLUTE
    _printf_int_dec                          0x00000000   Number         0  stubs.o ABSOLUTE
    _printf_l                                0x00000000   Number         0  stubs.o ABSOLUTE
    _printf_lc                               0x00000000   Number         0  stubs.o ABSOLUTE
    _printf_ll                               0x00000000   Number         0  stubs.o ABSOLUTE
    _printf_lld                              0x00000000   Number         0  stubs.o ABSOLUTE
    _printf_lli                              0x00000000   Number         0  stubs.o ABSOLUTE
    _printf_llo                              0x00000000   Number         0  stubs.o ABSOLUTE
    _printf_llu                              0x00000000   Number         0  stubs.o ABSOLUTE
    _printf_llx                              0x00000000   Number         0  stubs.o ABSOLUTE
    _printf_longlong_dec                     0x00000000   Number         0  stubs.o ABSOLUTE
    _printf_longlong_hex                     0x00000000   Number         0  stubs.o ABSOLUTE
    _printf_longlong_oct                     0x00000000   Number         0  stubs.o ABSOLUTE
    _printf_ls                               0x00000000   Number         0  stubs.o ABSOLUTE
    _printf_mbtowc                           0x00000000   Number         0  stubs.o ABSOLUTE
    _printf_n                                0x00000000   Number         0  stubs.o ABSOLUTE
    _printf_o                                0x00000000   Number         0  stubs.o ABSOLUTE
    _printf_p                                0x00000000   Number         0  stubs.o ABSOLUTE
    _printf_percent                          0x00000000   Number         0  stubs.o ABSOLUTE
    _printf_pre_padding                      0x00000000   Number         0  stubs.o ABSOLUTE
    _printf_return_value                     0x00000000   Number         0  stubs.o ABSOLUTE
    _printf_s                                0x00000000   Number         0  stubs.o ABSOLUTE
    _printf_sizespec                         0x00000000   Number         0  stubs.o ABSOLUTE
    _printf_str                              0x00000000   Number         0  stubs.o ABSOLUTE
    _printf_truncate_signed                  0x00000000   Number         0  stubs.o ABSOLUTE
    _printf_truncate_unsigned                0x00000000   Number         0  stubs.o ABSOLUTE
    _printf_u                                0x00000000   Number         0  stubs.o ABSOLUTE
    _printf_wc                               0x00000000   Number         0  stubs.o ABSOLUTE
    _printf_wctomb                           0x00000000   Number         0  stubs.o ABSOLUTE
    _printf_widthprec                        0x00000000   Number         0  stubs.o ABSOLUTE
    _printf_x                                0x00000000   Number         0  stubs.o ABSOLUTE
    __cpp_initialize__aeabi_                  - Undefined Weak Reference
    __cxa_finalize                            - Undefined Weak Reference
    __decompress                              - Undefined Weak Reference
    _clock_init                               - Undefined Weak Reference
    _microlib_exit                            - Undefined Weak Reference
    __Vectors_Size                           0x000000ec   Number         0  startup_stm32f10x_md.o ABSOLUTE
    __Vectors                                0x08000000   Data           4  startup_stm32f10x_md.o(RESET)
    __Vectors_End                            0x080000ec   Data           0  startup_stm32f10x_md.o(RESET)
    __main                                   0x080000ed   Thumb Code     0  entry.o(.ARM.Collect$$$$00000000)
    _main_stk                                0x080000ed   Thumb Code     0  entry2.o(.ARM.Collect$$$$00000001)
    _main_scatterload                        0x080000f1   Thumb Code     0  entry5.o(.ARM.Collect$$$$00000004)
    __main_after_scatterload                 0x080000f5   Thumb Code     0  entry5.o(.ARM.Collect$$$$00000004)
    _main_clock                              0x080000f5   Thumb Code     0  entry7b.o(.ARM.Collect$$$$00000008)
    _main_cpp_init                           0x080000f5   Thumb Code     0  entry8b.o(.ARM.Collect$$$$0000000A)
    _main_init                               0x080000f5   Thumb Code     0  entry9a.o(.ARM.Collect$$$$0000000B)
    __rt_final_cpp                           0x080000fd   Thumb Code     0  entry10a.o(.ARM.Collect$$$$0000000D)
    __rt_final_exit                          0x080000fd   Thumb Code     0  entry11a.o(.ARM.Collect$$$$0000000F)
    SVC_Handler                              0x08000101   Thumb Code    18  supertask.o(.emb_text)
    SystemInit                               0x080001f1   Thumb Code    78  system_stm32f10x.o(.text)
    SystemCoreClockUpdate                    0x0800023f   Thumb Code   142  system_stm32f10x.o(.text)
    NMI_Handler                              0x080002f1   Thumb Code     2  stm32f10x_it.o(.text)
    HardFault_Handler                        0x080002f3   Thumb Code     4  stm32f10x_it.o(.text)
    USART2_IRQHandler                        0x080002f7   Thumb Code     8  stm32f10x_it.o(.text)
    MemManage_Handler                        0x080002ff   Thumb Code     4  stm32f10x_it.o(.text)
    BusFault_Handler                         0x08000303   Thumb Code     4  stm32f10x_it.o(.text)
    UsageFault_Handler                       0x08000307   Thumb Code     4  stm32f10x_it.o(.text)
    DebugMon_Handler                         0x0800030b   Thumb Code     2  stm32f10x_it.o(.text)
    PendSV_Handler                           0x0800030d   Thumb Code     2  stm32f10x_it.o(.text)
    SysTick_Handler                          0x0800030f   Thumb Code     2  stm32f10x_it.o(.text)
    main                                     0x08000311   Thumb Code    58  main.o(.text)
    filterGPIO_ADC                           0x0800035d   Thumb Code    94  adcmanager.o(.text)
    filterPin_ADC                            0x080003bb   Thumb Code    94  adcmanager.o(.text)
    filterGPIO_RCC_ADC                       0x08000419   Thumb Code   106  adcmanager.o(.text)
    ADCManager_startTransfer                 0x08000483   Thumb Code    20  adcmanager.o(.text)
    ADCManager_getData                       0x08000497   Thumb Code    44  adcmanager.o(.text)
    ADC_DMA_Config                           0x080004c3   Thumb Code   140  adcmanager.o(.text)
    ADCManager_Structure                     0x0800054f   Thumb Code   356  adcmanager.o(.text)
    DMA1_Channel1_IRQHandler                 0x080006b3   Thumb Code    26  adcmanager.o(.text)
    setExactLine                             0x080006e9   Thumb Code    26  extimanager.o(.text)
    filterGPIO_PortSourceGPIOC               0x08000703   Thumb Code    84  extimanager.o(.text)
    filterGPIO_Mode                          0x08000757   Thumb Code    38  extimanager.o(.text)
    filterGPIO_RCC_by_GPIO                   0x0800077d   Thumb Code    86  extimanager.o(.text)
    filterTrigger_Type                       0x080007d3   Thumb Code    38  extimanager.o(.text)
    filterPinSource                          0x080007f9   Thumb Code    20  extimanager.o(.text)
    filterEXTI_IRQn                          0x0800080d   Thumb Code    70  extimanager.o(.text)
    EXTIManager_StartListenling              0x08000853   Thumb Code   274  extimanager.o(.text)
    EXTIManager_Structure                    0x08000965   Thumb Code    32  extimanager.o(.text)
    EXTI0_IRQHandler                         0x08000985   Thumb Code    20  extimanager.o(.text)
    EXTI1_IRQHandler                         0x08000999   Thumb Code    20  extimanager.o(.text)
    EXTI2_IRQHandler                         0x080009ad   Thumb Code    20  extimanager.o(.text)
    EXTI3_IRQHandler                         0x080009c1   Thumb Code    20  extimanager.o(.text)
    EXTI4_IRQHandler                         0x080009d5   Thumb Code    20  extimanager.o(.text)
    EXTI9_5_IRQHandler                       0x080009e9   Thumb Code   126  extimanager.o(.text)
    EXTI15_10_IRQHandler                     0x08000a67   Thumb Code   178  extimanager.o(.text)
    filterGPIO_Input_RCC_Input               0x08000b19   Thumb Code    14  inputcatcher.o(.text)
    filterGPIO_Input                         0x08000b27   Thumb Code    14  inputcatcher.o(.text)
    filterPin_Input                          0x08000b35   Thumb Code   106  inputcatcher.o(.text)
    filterTIM_Input                          0x08000b9f   Thumb Code    32  inputcatcher.o(.text)
    filterTIM_Input_RCC_Input                0x08000bbf   Thumb Code    32  inputcatcher.o(.text)
    filterTIM_Input_IRQn                     0x08000bdf   Thumb Code    30  inputcatcher.o(.text)
    filterTIM_Input_IT_CC                    0x08000bfd   Thumb Code    84  inputcatcher.o(.text)
    filterTIM_InputChannel                   0x08000c51   Thumb Code    84  inputcatcher.o(.text)
    filterPolarity                           0x08000ca5   Thumb Code    38  inputcatcher.o(.text)
    filterInputCatcher                       0x08000ccb   Thumb Code    56  inputcatcher.o(.text)
    TIM_OCxPolarityConfig                    0x08000d03   Thumb Code   116  inputcatcher.o(.text)
    TIM_getCRRx                              0x08000d77   Thumb Code    96  inputcatcher.o(.text)
    InputCatchManager_startCatching          0x08000dd7   Thumb Code   520  inputcatcher.o(.text)
    InputCatchManager_setDoWhenDone          0x08000fdf   Thumb Code    16  inputcatcher.o(.text)
    InputCatchManager_setDoWhenTimeout       0x08000fef   Thumb Code    16  inputcatcher.o(.text)
    InputCatchManagerStructure               0x08000fff   Thumb Code    52  inputcatcher.o(.text)
    InputCatchManager_isCatchingDone         0x08001033   Thumb Code    16  inputcatcher.o(.text)
    InputCatchManager_getduration            0x08001043   Thumb Code    18  inputcatcher.o(.text)
    IRQ_HIGH_LOW                             0x08001055   Thumb Code   624  inputcatcher.o(.text)
    TIM1_CC_IRQHandler                       0x080012c5   Thumb Code    68  inputcatcher.o(.text)
    MILLIS_Init                              0x08001321   Thumb Code   180  millis.o(.text)
    doAfter_ms                               0x080013d5   Thumb Code   104  millis.o(.text)
    millis                                   0x0800143d   Thumb Code    18  millis.o(.text)
    RTCAlarm_IRQHandler                      0x0800144f   Thumb Code    10  millis.o(.text)
    RTC_IRQHandler                           0x08001459   Thumb Code    32  millis.o(.text)
    _sys_exit                                0x08001481   Thumb Code     6  usart.o(.text)
    fputc                                    0x08001487   Thumb Code    32  usart.o(.text)
    uart_init                                0x080014a7   Thumb Code   118  usart.o(.text)
    uart2_init                               0x08001525   Thumb Code   120  usart2.o(.text)
    uart2_sendChar                           0x0800159d   Thumb Code    28  usart2.o(.text)
    uart2_print                              0x080015b9   Thumb Code    26  usart2.o(.text)
    uart2_println                            0x080015d3   Thumb Code    32  usart2.o(.text)
    uart2_printf                             0x080015f3   Thumb Code    64  usart2.o(.text)
    recv_char                                0x08001633   Thumb Code    26  usart2.o(.text)
    uart2_scanf                              0x0800164d   Thumb Code    74  usart2.o(.text)
    USART2BufReceiever_getByte               0x080016a1   Thumb Code    42  usart2bufreceiever.o(.text)
    USART2BufReceiever_getBytes              0x080016cb   Thumb Code    76  usart2bufreceiever.o(.text)
    USART2BufReceiever_checkAllRight         0x08001717   Thumb Code    36  usart2bufreceiever.o(.text)
    USART2BufReceiever_getAvaliableNum       0x0800173b   Thumb Code    26  usart2bufreceiever.o(.text)
    USART2BufReceiever_enableReceieve        0x08001755   Thumb Code   138  usart2bufreceiever.o(.text)
    USART2BufReceiever_getRxNum              0x080017df   Thumb Code    12  usart2bufreceiever.o(.text)
    USART2BufReceiever_Structure             0x080017eb   Thumb Code    66  usart2bufreceiever.o(.text)
    uart2_init_BR                            0x0800182d   Thumb Code    24  usart2bufreceiever.o(.text)
    DMA1_Channel6_IRQHandler                 0x08001845   Thumb Code    32  usart2bufreceiever.o(.text)
    USARTBufReceiever_getByte                0x08001881   Thumb Code    42  usartbufreceiever.o(.text)
    USARTBufReceiever_getBytes               0x080018ab   Thumb Code    76  usartbufreceiever.o(.text)
    USARTBufReceiever_checkAllRight          0x080018f7   Thumb Code    36  usartbufreceiever.o(.text)
    USARTBufReceiever_getAvaliableNum        0x0800191b   Thumb Code    26  usartbufreceiever.o(.text)
    USARTBufReceiever_enableReceieve         0x08001935   Thumb Code   138  usartbufreceiever.o(.text)
    USARTBufReceiever_getRxNum               0x080019bf   Thumb Code    12  usartbufreceiever.o(.text)
    USARTBufReceiever_Structure              0x080019cb   Thumb Code    66  usartbufreceiever.o(.text)
    uart_init_BR                             0x08001a0d   Thumb Code    24  usartbufreceiever.o(.text)
    DMA1_Channel5_IRQHandler                 0x08001a25   Thumb Code    32  usartbufreceiever.o(.text)
    THB7128_GPIO_Init                        0x08001a61   Thumb Code    56  thb7128.o(.text)
    THB7128_TIM_Init                         0x08001a99   Thumb Code   116  thb7128.o(.text)
    THB7128_RCC_Init                         0x08001b0d   Thumb Code    20  thb7128.o(.text)
    THB7128_NVIC_Configuration               0x08001b21   Thumb Code    32  thb7128.o(.text)
    THB7128_Enable                           0x08001b41   Thumb Code    12  thb7128.o(.text)
    THB7128_AntiClockWise                    0x08001b4d   Thumb Code    12  thb7128.o(.text)
    THB7128_ClockWise                        0x08001b59   Thumb Code    12  thb7128.o(.text)
    THB7128_Init                             0x08001b65   Thumb Code    78  thb7128.o(.text)
    THB7128_PWM_Out                          0x08001bb3   Thumb Code    18  thb7128.o(.text)
    THB7128_Disable                          0x08001bc5   Thumb Code    12  thb7128.o(.text)
    THB7128_IsLastDone                       0x08001bd1   Thumb Code    14  thb7128.o(.text)
    THB7128_SetDoWhenDone                    0x08001bdf   Thumb Code     6  thb7128.o(.text)
    THB7128_ChangeFreq                       0x08001be5   Thumb Code    42  thb7128.o(.text)
    TIM2_IRQHandler                          0x08001c0f   Thumb Code    60  thb7128.o(.text)
    PT_ParsePacket                           0x08001c5d   Thumb Code     2  protocol.o(.text)
    PT_GetOneByte                            0x08001c5f   Thumb Code    44  protocol.o(.text)
    PT_EnableIRQ                             0x08001c8b   Thumb Code    44  protocol.o(.text)
    PT_IRq_Handler                           0x08001cb7   Thumb Code  1890  protocol.o(.text)
    filterTIM_RCC_DO_EVERY                   0x0800242d   Thumb Code    46  doevery.o(.text)
    filterTIM_IRQn_DO_EVERY                  0x0800245b   Thumb Code    46  doevery.o(.text)
    _DoEvery_GetPrescaler                    0x08002489   Thumb Code    24  doevery.o(.text)
    _DoEvery_GetPeriod                       0x080024a1   Thumb Code    34  doevery.o(.text)
    doEvery                                  0x080024c3   Thumb Code   150  doevery.o(.text)
    TIM_xillis                               0x08002559   Thumb Code     6  doevery.o(.text)
    TIM4_IRQHandler                          0x0800255f   Thumb Code    42  doevery.o(.text)
    SVC_CHandler                             0x0800259d   Thumb Code    76  supertask.o(.text)
    Reset_Handler                            0x080025e9   Thumb Code     8  startup_stm32f10x_md.o(.text)
    ADC1_2_IRQHandler                        0x08002603   Thumb Code     0  startup_stm32f10x_md.o(.text)
    CAN1_RX1_IRQHandler                      0x08002603   Thumb Code     0  startup_stm32f10x_md.o(.text)
    CAN1_SCE_IRQHandler                      0x08002603   Thumb Code     0  startup_stm32f10x_md.o(.text)
    DMA1_Channel2_IRQHandler                 0x08002603   Thumb Code     0  startup_stm32f10x_md.o(.text)
    DMA1_Channel3_IRQHandler                 0x08002603   Thumb Code     0  startup_stm32f10x_md.o(.text)
    DMA1_Channel4_IRQHandler                 0x08002603   Thumb Code     0  startup_stm32f10x_md.o(.text)
    DMA1_Channel7_IRQHandler                 0x08002603   Thumb Code     0  startup_stm32f10x_md.o(.text)
    FLASH_IRQHandler                         0x08002603   Thumb Code     0  startup_stm32f10x_md.o(.text)
    I2C1_ER_IRQHandler                       0x08002603   Thumb Code     0  startup_stm32f10x_md.o(.text)
    I2C1_EV_IRQHandler                       0x08002603   Thumb Code     0  startup_stm32f10x_md.o(.text)
    I2C2_ER_IRQHandler                       0x08002603   Thumb Code     0  startup_stm32f10x_md.o(.text)
    I2C2_EV_IRQHandler                       0x08002603   Thumb Code     0  startup_stm32f10x_md.o(.text)
    PVD_IRQHandler                           0x08002603   Thumb Code     0  startup_stm32f10x_md.o(.text)
    RCC_IRQHandler                           0x08002603   Thumb Code     0  startup_stm32f10x_md.o(.text)
    SPI1_IRQHandler                          0x08002603   Thumb Code     0  startup_stm32f10x_md.o(.text)
    SPI2_IRQHandler                          0x08002603   Thumb Code     0  startup_stm32f10x_md.o(.text)
    TAMPER_IRQHandler                        0x08002603   Thumb Code     0  startup_stm32f10x_md.o(.text)
    TIM1_BRK_IRQHandler                      0x08002603   Thumb Code     0  startup_stm32f10x_md.o(.text)
    TIM1_TRG_COM_IRQHandler                  0x08002603   Thumb Code     0  startup_stm32f10x_md.o(.text)
    TIM1_UP_IRQHandler                       0x08002603   Thumb Code     0  startup_stm32f10x_md.o(.text)
    TIM3_IRQHandler                          0x08002603   Thumb Code     0  startup_stm32f10x_md.o(.text)
    USART1_IRQHandler                        0x08002603   Thumb Code     0  startup_stm32f10x_md.o(.text)
    USART3_IRQHandler                        0x08002603   Thumb Code     0  startup_stm32f10x_md.o(.text)
    USBWakeUp_IRQHandler                     0x08002603   Thumb Code     0  startup_stm32f10x_md.o(.text)
    USB_HP_CAN1_TX_IRQHandler                0x08002603   Thumb Code     0  startup_stm32f10x_md.o(.text)
    USB_LP_CAN1_RX0_IRQHandler               0x08002603   Thumb Code     0  startup_stm32f10x_md.o(.text)
    WWDG_IRQHandler                          0x08002603   Thumb Code     0  startup_stm32f10x_md.o(.text)
    NVIC_PriorityGroupConfig                 0x0800260d   Thumb Code    10  misc.o(.text)
    NVIC_Init                                0x08002617   Thumb Code   102  misc.o(.text)
    NVIC_SetVectorTable                      0x0800267d   Thumb Code    14  misc.o(.text)
    NVIC_SystemLPConfig                      0x0800268b   Thumb Code    34  misc.o(.text)
    SysTick_CLKSourceConfig                  0x080026ad   Thumb Code    40  misc.o(.text)
    ADC_DeInit                               0x080026e9   Thumb Code    78  stm32f10x_adc.o(.text)
    ADC_Init                                 0x08002737   Thumb Code    70  stm32f10x_adc.o(.text)
    ADC_StructInit                           0x0800277d   Thumb Code    18  stm32f10x_adc.o(.text)
    ADC_Cmd                                  0x0800278f   Thumb Code    22  stm32f10x_adc.o(.text)
    ADC_DMACmd                               0x080027a5   Thumb Code    22  stm32f10x_adc.o(.text)
    ADC_ITConfig                             0x080027bb   Thumb Code    24  stm32f10x_adc.o(.text)
    ADC_ResetCalibration                     0x080027d3   Thumb Code    10  stm32f10x_adc.o(.text)
    ADC_GetResetCalibrationStatus            0x080027dd   Thumb Code    20  stm32f10x_adc.o(.text)
    ADC_StartCalibration                     0x080027f1   Thumb Code    10  stm32f10x_adc.o(.text)
    ADC_GetCalibrationStatus                 0x080027fb   Thumb Code    20  stm32f10x_adc.o(.text)
    ADC_SoftwareStartConvCmd                 0x0800280f   Thumb Code    22  stm32f10x_adc.o(.text)
    ADC_GetSoftwareStartConvStatus           0x08002825   Thumb Code    20  stm32f10x_adc.o(.text)
    ADC_DiscModeChannelCountConfig           0x08002839   Thumb Code    24  stm32f10x_adc.o(.text)
    ADC_DiscModeCmd                          0x08002851   Thumb Code    22  stm32f10x_adc.o(.text)
    ADC_RegularChannelConfig                 0x08002867   Thumb Code   184  stm32f10x_adc.o(.text)
    ADC_ExternalTrigConvCmd                  0x0800291f   Thumb Code    22  stm32f10x_adc.o(.text)
    ADC_GetConversionValue                   0x08002935   Thumb Code     8  stm32f10x_adc.o(.text)
    ADC_GetDualModeConversionValue           0x0800293d   Thumb Code     8  stm32f10x_adc.o(.text)
    ADC_AutoInjectedConvCmd                  0x08002945   Thumb Code    22  stm32f10x_adc.o(.text)
    ADC_InjectedDiscModeCmd                  0x0800295b   Thumb Code    22  stm32f10x_adc.o(.text)
    ADC_ExternalTrigInjectedConvConfig       0x08002971   Thumb Code    16  stm32f10x_adc.o(.text)
    ADC_ExternalTrigInjectedConvCmd          0x08002981   Thumb Code    22  stm32f10x_adc.o(.text)
    ADC_SoftwareStartInjectedConvCmd         0x08002997   Thumb Code    22  stm32f10x_adc.o(.text)
    ADC_GetSoftwareStartInjectedConvCmdStatus 0x080029ad   Thumb Code    20  stm32f10x_adc.o(.text)
    ADC_InjectedChannelConfig                0x080029c1   Thumb Code   130  stm32f10x_adc.o(.text)
    ADC_InjectedSequencerLengthConfig        0x08002a43   Thumb Code    24  stm32f10x_adc.o(.text)
    ADC_SetInjectedOffset                    0x08002a5b   Thumb Code    20  stm32f10x_adc.o(.text)
    ADC_GetInjectedConversionValue           0x08002a6f   Thumb Code    28  stm32f10x_adc.o(.text)
    ADC_AnalogWatchdogCmd                    0x08002a8b   Thumb Code    16  stm32f10x_adc.o(.text)
    ADC_AnalogWatchdogThresholdsConfig       0x08002a9b   Thumb Code     6  stm32f10x_adc.o(.text)
    ADC_AnalogWatchdogSingleChannelConfig    0x08002aa1   Thumb Code    16  stm32f10x_adc.o(.text)
    ADC_TempSensorVrefintCmd                 0x08002ab1   Thumb Code    64  stm32f10x_adc.o(.text)
    ADC_GetFlagStatus                        0x08002af1   Thumb Code    18  stm32f10x_adc.o(.text)
    ADC_ClearFlag                            0x08002b03   Thumb Code     6  stm32f10x_adc.o(.text)
    ADC_GetITStatus                          0x08002b09   Thumb Code    36  stm32f10x_adc.o(.text)
    ADC_ClearITPendingBit                    0x08002b2d   Thumb Code    10  stm32f10x_adc.o(.text)
    DMA_DeInit                               0x08002b39   Thumb Code   324  stm32f10x_dma.o(.text)
    DMA_Init                                 0x08002c7d   Thumb Code    60  stm32f10x_dma.o(.text)
    DMA_StructInit                           0x08002cb9   Thumb Code    26  stm32f10x_dma.o(.text)
    DMA_Cmd                                  0x08002cd3   Thumb Code    24  stm32f10x_dma.o(.text)
    DMA_ITConfig                             0x08002ceb   Thumb Code    18  stm32f10x_dma.o(.text)
    DMA_SetCurrDataCounter                   0x08002cfd   Thumb Code     4  stm32f10x_dma.o(.text)
    DMA_GetCurrDataCounter                   0x08002d01   Thumb Code     8  stm32f10x_dma.o(.text)
    DMA_GetFlagStatus                        0x08002d09   Thumb Code    38  stm32f10x_dma.o(.text)
    DMA_ClearFlag                            0x08002d2f   Thumb Code    22  stm32f10x_dma.o(.text)
    DMA_GetITStatus                          0x08002d45   Thumb Code    38  stm32f10x_dma.o(.text)
    DMA_ClearITPendingBit                    0x08002d6b   Thumb Code    22  stm32f10x_dma.o(.text)
    EXTI_DeInit                              0x08002d89   Thumb Code    28  stm32f10x_exti.o(.text)
    EXTI_Init                                0x08002da5   Thumb Code   142  stm32f10x_exti.o(.text)
    EXTI_StructInit                          0x08002e33   Thumb Code    16  stm32f10x_exti.o(.text)
    EXTI_GenerateSWInterrupt                 0x08002e43   Thumb Code    16  stm32f10x_exti.o(.text)
    EXTI_GetFlagStatus                       0x08002e53   Thumb Code    22  stm32f10x_exti.o(.text)
    EXTI_ClearFlag                           0x08002e69   Thumb Code     8  stm32f10x_exti.o(.text)
    EXTI_GetITStatus                         0x08002e71   Thumb Code    34  stm32f10x_exti.o(.text)
    EXTI_ClearITPendingBit                   0x08002e93   Thumb Code     8  stm32f10x_exti.o(.text)
    GPIO_DeInit                              0x08002ea5   Thumb Code   172  stm32f10x_gpio.o(.text)
    GPIO_AFIODeInit                          0x08002f51   Thumb Code    20  stm32f10x_gpio.o(.text)
    GPIO_Init                                0x08002f65   Thumb Code   274  stm32f10x_gpio.o(.text)
    GPIO_StructInit                          0x08003077   Thumb Code    16  stm32f10x_gpio.o(.text)
    GPIO_ReadInputDataBit                    0x08003087   Thumb Code    18  stm32f10x_gpio.o(.text)
    GPIO_ReadInputData                       0x08003099   Thumb Code     8  stm32f10x_gpio.o(.text)
    GPIO_ReadOutputDataBit                   0x080030a1   Thumb Code    18  stm32f10x_gpio.o(.text)
    GPIO_ReadOutputData                      0x080030b3   Thumb Code     8  stm32f10x_gpio.o(.text)
    GPIO_SetBits                             0x080030bb   Thumb Code     4  stm32f10x_gpio.o(.text)
    GPIO_ResetBits                           0x080030bf   Thumb Code     4  stm32f10x_gpio.o(.text)
    GPIO_WriteBit                            0x080030c3   Thumb Code    10  stm32f10x_gpio.o(.text)
    GPIO_Write                               0x080030cd   Thumb Code     4  stm32f10x_gpio.o(.text)
    GPIO_PinLockConfig                       0x080030d1   Thumb Code    18  stm32f10x_gpio.o(.text)
    GPIO_EventOutputConfig                   0x080030e3   Thumb Code    26  stm32f10x_gpio.o(.text)
    GPIO_EventOutputCmd                      0x080030fd   Thumb Code     6  stm32f10x_gpio.o(.text)
    GPIO_PinRemapConfig                      0x08003103   Thumb Code   138  stm32f10x_gpio.o(.text)
    GPIO_EXTILineConfig                      0x0800318d   Thumb Code    66  stm32f10x_gpio.o(.text)
    GPIO_ETH_MediaInterfaceConfig            0x080031cf   Thumb Code     6  stm32f10x_gpio.o(.text)
    PWR_DeInit                               0x080031fd   Thumb Code    22  stm32f10x_pwr.o(.text)
    PWR_BackupAccessCmd                      0x08003213   Thumb Code     6  stm32f10x_pwr.o(.text)
    PWR_PVDCmd                               0x08003219   Thumb Code     6  stm32f10x_pwr.o(.text)
    PWR_PVDLevelConfig                       0x0800321f   Thumb Code    18  stm32f10x_pwr.o(.text)
    PWR_WakeUpPinCmd                         0x08003231   Thumb Code     6  stm32f10x_pwr.o(.text)
    PWR_EnterSTOPMode                        0x08003237   Thumb Code    54  stm32f10x_pwr.o(.text)
    PWR_EnterSTANDBYMode                     0x0800326d   Thumb Code    42  stm32f10x_pwr.o(.text)
    PWR_GetFlagStatus                        0x08003297   Thumb Code    20  stm32f10x_pwr.o(.text)
    PWR_ClearFlag                            0x080032ab   Thumb Code    14  stm32f10x_pwr.o(.text)
    RCC_DeInit                               0x080032c9   Thumb Code    64  stm32f10x_rcc.o(.text)
    RCC_HSEConfig                            0x08003309   Thumb Code    70  stm32f10x_rcc.o(.text)
    RCC_GetFlagStatus                        0x0800334f   Thumb Code    56  stm32f10x_rcc.o(.text)
    RCC_WaitForHSEStartUp                    0x08003387   Thumb Code    56  stm32f10x_rcc.o(.text)
    RCC_AdjustHSICalibrationValue            0x080033bf   Thumb Code    20  stm32f10x_rcc.o(.text)
    RCC_HSICmd                               0x080033d3   Thumb Code     6  stm32f10x_rcc.o(.text)
    RCC_PLLConfig                            0x080033d9   Thumb Code    24  stm32f10x_rcc.o(.text)
    RCC_PLLCmd                               0x080033f1   Thumb Code     6  stm32f10x_rcc.o(.text)
    RCC_SYSCLKConfig                         0x080033f7   Thumb Code    18  stm32f10x_rcc.o(.text)
    RCC_GetSYSCLKSource                      0x08003409   Thumb Code    10  stm32f10x_rcc.o(.text)
    RCC_HCLKConfig                           0x08003413   Thumb Code    18  stm32f10x_rcc.o(.text)
    RCC_PCLK1Config                          0x08003425   Thumb Code    18  stm32f10x_rcc.o(.text)
    RCC_PCLK2Config                          0x08003437   Thumb Code    20  stm32f10x_rcc.o(.text)
    RCC_ITConfig                             0x0800344b   Thumb Code    26  stm32f10x_rcc.o(.text)
    RCC_USBCLKConfig                         0x08003465   Thumb Code     6  stm32f10x_rcc.o(.text)
    RCC_ADCCLKConfig                         0x0800346b   Thumb Code    18  stm32f10x_rcc.o(.text)
    RCC_LSEConfig                            0x0800347d   Thumb Code    44  stm32f10x_rcc.o(.text)
    RCC_LSICmd                               0x080034a9   Thumb Code     6  stm32f10x_rcc.o(.text)
    RCC_RTCCLKConfig                         0x080034af   Thumb Code    12  stm32f10x_rcc.o(.text)
    RCC_RTCCLKCmd                            0x080034bb   Thumb Code     8  stm32f10x_rcc.o(.text)
    RCC_GetClocksFreq                        0x080034c3   Thumb Code   192  stm32f10x_rcc.o(.text)
    RCC_AHBPeriphClockCmd                    0x08003583   Thumb Code    26  stm32f10x_rcc.o(.text)
    RCC_APB2PeriphClockCmd                   0x0800359d   Thumb Code    26  stm32f10x_rcc.o(.text)
    RCC_APB1PeriphClockCmd                   0x080035b7   Thumb Code    26  stm32f10x_rcc.o(.text)
    RCC_APB2PeriphResetCmd                   0x080035d1   Thumb Code    26  stm32f10x_rcc.o(.text)
    RCC_APB1PeriphResetCmd                   0x080035eb   Thumb Code    26  stm32f10x_rcc.o(.text)
    RCC_BackupResetCmd                       0x08003605   Thumb Code     8  stm32f10x_rcc.o(.text)
    RCC_ClockSecuritySystemCmd               0x0800360d   Thumb Code     6  stm32f10x_rcc.o(.text)
    RCC_MCOConfig                            0x08003613   Thumb Code     6  stm32f10x_rcc.o(.text)
    RCC_ClearFlag                            0x08003619   Thumb Code    14  stm32f10x_rcc.o(.text)
    RCC_GetITStatus                          0x08003627   Thumb Code    20  stm32f10x_rcc.o(.text)
    RCC_ClearITPendingBit                    0x0800363b   Thumb Code     6  stm32f10x_rcc.o(.text)
    RTC_ITConfig                             0x0800366d   Thumb Code    26  stm32f10x_rtc.o(.text)
    RTC_EnterConfigMode                      0x08003687   Thumb Code    18  stm32f10x_rtc.o(.text)
    RTC_ExitConfigMode                       0x08003699   Thumb Code    20  stm32f10x_rtc.o(.text)
    RTC_GetCounter                           0x080036ad   Thumb Code    18  stm32f10x_rtc.o(.text)
    RTC_SetCounter                           0x080036bf   Thumb Code    26  stm32f10x_rtc.o(.text)
    RTC_SetPrescaler                         0x080036d9   Thumb Code    28  stm32f10x_rtc.o(.text)
    RTC_SetAlarm                             0x080036f5   Thumb Code    26  stm32f10x_rtc.o(.text)
    RTC_GetDivider                           0x0800370f   Thumb Code    22  stm32f10x_rtc.o(.text)
    RTC_WaitForLastTask                      0x08003725   Thumb Code    16  stm32f10x_rtc.o(.text)
    RTC_WaitForSynchro                       0x08003735   Thumb Code    34  stm32f10x_rtc.o(.text)
    RTC_GetFlagStatus                        0x08003757   Thumb Code    22  stm32f10x_rtc.o(.text)
    RTC_ClearFlag                            0x0800376d   Thumb Code    16  stm32f10x_rtc.o(.text)
    RTC_GetITStatus                          0x0800377d   Thumb Code    32  stm32f10x_rtc.o(.text)
    RTC_ClearITPendingBit                    0x0800379d   Thumb Code    16  stm32f10x_rtc.o(.text)
    TIM_DeInit                               0x080037b1   Thumb Code   424  stm32f10x_tim.o(.text)
    TIM_TimeBaseInit                         0x08003959   Thumb Code   122  stm32f10x_tim.o(.text)
    TIM_OC1Init                              0x080039d3   Thumb Code   132  stm32f10x_tim.o(.text)
    TIM_OC2Init                              0x08003a57   Thumb Code   154  stm32f10x_tim.o(.text)
    TIM_OC3Init                              0x08003af1   Thumb Code   150  stm32f10x_tim.o(.text)
    TIM_OC4Init                              0x08003b87   Thumb Code   182  stm32f10x_tim.o(.text)
    TIM_SetIC4Prescaler                      0x08003c3d   Thumb Code    26  stm32f10x_tim.o(.text)
    TIM_SetIC3Prescaler                      0x08003cd9   Thumb Code    18  stm32f10x_tim.o(.text)
    TIM_SetIC2Prescaler                      0x08003d65   Thumb Code    26  stm32f10x_tim.o(.text)
    TIM_SetIC1Prescaler                      0x08003e01   Thumb Code    18  stm32f10x_tim.o(.text)
    TIM_ICInit                               0x08003e7f   Thumb Code   150  stm32f10x_tim.o(.text)
    TIM_PWMIConfig                           0x08003f15   Thumb Code   124  stm32f10x_tim.o(.text)
    TIM_BDTRConfig                           0x08003f91   Thumb Code    32  stm32f10x_tim.o(.text)
    TIM_TimeBaseStructInit                   0x08003fb1   Thumb Code    18  stm32f10x_tim.o(.text)
    TIM_OCStructInit                         0x08003fc3   Thumb Code    20  stm32f10x_tim.o(.text)
    TIM_ICStructInit                         0x08003fd7   Thumb Code    18  stm32f10x_tim.o(.text)
    TIM_BDTRStructInit                       0x08003fe9   Thumb Code    40  stm32f10x_tim.o(.text)
    TIM_Cmd                                  0x08004011   Thumb Code    24  stm32f10x_tim.o(.text)
    TIM_CtrlPWMOutputs                       0x08004029   Thumb Code    30  stm32f10x_tim.o(.text)
    TIM_ITConfig                             0x08004047   Thumb Code    18  stm32f10x_tim.o(.text)
    TIM_GenerateEvent                        0x08004059   Thumb Code     4  stm32f10x_tim.o(.text)
    TIM_DMAConfig                            0x0800405d   Thumb Code    10  stm32f10x_tim.o(.text)
    TIM_DMACmd                               0x08004067   Thumb Code    18  stm32f10x_tim.o(.text)
    TIM_InternalClockConfig                  0x08004079   Thumb Code    12  stm32f10x_tim.o(.text)
    TIM_SelectInputTrigger                   0x08004085   Thumb Code    18  stm32f10x_tim.o(.text)
    TIM_ITRxExternalClockConfig              0x08004097   Thumb Code    24  stm32f10x_tim.o(.text)
    TIM_TIxExternalClockConfig               0x080040af   Thumb Code    62  stm32f10x_tim.o(.text)
    TIM_ETRConfig                            0x080040ed   Thumb Code    28  stm32f10x_tim.o(.text)
    TIM_ETRClockMode1Config                  0x08004109   Thumb Code    54  stm32f10x_tim.o(.text)
    TIM_ETRClockMode2Config                  0x0800413f   Thumb Code    32  stm32f10x_tim.o(.text)
    TIM_PrescalerConfig                      0x0800415f   Thumb Code     6  stm32f10x_tim.o(.text)
    TIM_CounterModeConfig                    0x08004165   Thumb Code    18  stm32f10x_tim.o(.text)
    TIM_EncoderInterfaceConfig               0x08004177   Thumb Code    66  stm32f10x_tim.o(.text)
    TIM_ForcedOC1Config                      0x080041b9   Thumb Code    18  stm32f10x_tim.o(.text)
    TIM_ForcedOC2Config                      0x080041cb   Thumb Code    26  stm32f10x_tim.o(.text)
    TIM_ForcedOC3Config                      0x080041e5   Thumb Code    18  stm32f10x_tim.o(.text)
    TIM_ForcedOC4Config                      0x080041f7   Thumb Code    26  stm32f10x_tim.o(.text)
    TIM_ARRPreloadConfig                     0x08004211   Thumb Code    24  stm32f10x_tim.o(.text)
    TIM_SelectCOM                            0x08004229   Thumb Code    24  stm32f10x_tim.o(.text)
    TIM_SelectCCDMA                          0x08004241   Thumb Code    24  stm32f10x_tim.o(.text)
    TIM_CCPreloadControl                     0x08004259   Thumb Code    24  stm32f10x_tim.o(.text)
    TIM_OC1PreloadConfig                     0x08004271   Thumb Code    18  stm32f10x_tim.o(.text)
    TIM_OC2PreloadConfig                     0x08004283   Thumb Code    26  stm32f10x_tim.o(.text)
    TIM_OC3PreloadConfig                     0x0800429d   Thumb Code    18  stm32f10x_tim.o(.text)
    TIM_OC4PreloadConfig                     0x080042af   Thumb Code    26  stm32f10x_tim.o(.text)
    TIM_OC1FastConfig                        0x080042c9   Thumb Code    18  stm32f10x_tim.o(.text)
    TIM_OC2FastConfig                        0x080042db   Thumb Code    26  stm32f10x_tim.o(.text)
    TIM_OC3FastConfig                        0x080042f5   Thumb Code    18  stm32f10x_tim.o(.text)
    TIM_OC4FastConfig                        0x08004307   Thumb Code    26  stm32f10x_tim.o(.text)
    TIM_ClearOC1Ref                          0x08004321   Thumb Code    18  stm32f10x_tim.o(.text)
    TIM_ClearOC2Ref                          0x08004333   Thumb Code    24  stm32f10x_tim.o(.text)
    TIM_ClearOC3Ref                          0x0800434b   Thumb Code    18  stm32f10x_tim.o(.text)
    TIM_ClearOC4Ref                          0x0800435d   Thumb Code    24  stm32f10x_tim.o(.text)
    TIM_OC1PolarityConfig                    0x08004375   Thumb Code    18  stm32f10x_tim.o(.text)
    TIM_OC1NPolarityConfig                   0x08004387   Thumb Code    18  stm32f10x_tim.o(.text)
    TIM_OC2PolarityConfig                    0x08004399   Thumb Code    26  stm32f10x_tim.o(.text)
    TIM_OC2NPolarityConfig                   0x080043b3   Thumb Code    26  stm32f10x_tim.o(.text)
    TIM_OC3PolarityConfig                    0x080043cd   Thumb Code    26  stm32f10x_tim.o(.text)
    TIM_OC3NPolarityConfig                   0x080043e7   Thumb Code    26  stm32f10x_tim.o(.text)
    TIM_OC4PolarityConfig                    0x08004401   Thumb Code    26  stm32f10x_tim.o(.text)
    TIM_CCxCmd                               0x0800441b   Thumb Code    30  stm32f10x_tim.o(.text)
    TIM_CCxNCmd                              0x08004439   Thumb Code    30  stm32f10x_tim.o(.text)
    TIM_SelectOCxM                           0x08004457   Thumb Code    82  stm32f10x_tim.o(.text)
    TIM_UpdateDisableConfig                  0x080044a9   Thumb Code    24  stm32f10x_tim.o(.text)
    TIM_UpdateRequestConfig                  0x080044c1   Thumb Code    24  stm32f10x_tim.o(.text)
    TIM_SelectHallSensor                     0x080044d9   Thumb Code    24  stm32f10x_tim.o(.text)
    TIM_SelectOnePulseMode                   0x080044f1   Thumb Code    18  stm32f10x_tim.o(.text)
    TIM_SelectOutputTrigger                  0x08004503   Thumb Code    18  stm32f10x_tim.o(.text)
    TIM_SelectSlaveMode                      0x08004515   Thumb Code    18  stm32f10x_tim.o(.text)
    TIM_SelectMasterSlaveMode                0x08004527   Thumb Code    18  stm32f10x_tim.o(.text)
    TIM_SetCounter                           0x08004539   Thumb Code     4  stm32f10x_tim.o(.text)
    TIM_SetAutoreload                        0x0800453d   Thumb Code     4  stm32f10x_tim.o(.text)
    TIM_SetCompare1                          0x08004541   Thumb Code     4  stm32f10x_tim.o(.text)
    TIM_SetCompare2                          0x08004545   Thumb Code     4  stm32f10x_tim.o(.text)
    TIM_SetCompare3                          0x08004549   Thumb Code     4  stm32f10x_tim.o(.text)
    TIM_SetCompare4                          0x0800454d   Thumb Code     6  stm32f10x_tim.o(.text)
    TIM_SetClockDivision                     0x08004553   Thumb Code    18  stm32f10x_tim.o(.text)
    TIM_GetCapture1                          0x08004565   Thumb Code     6  stm32f10x_tim.o(.text)
    TIM_GetCapture2                          0x0800456b   Thumb Code     6  stm32f10x_tim.o(.text)
    TIM_GetCapture3                          0x08004571   Thumb Code     6  stm32f10x_tim.o(.text)
    TIM_GetCapture4                          0x08004577   Thumb Code     8  stm32f10x_tim.o(.text)
    TIM_GetCounter                           0x0800457f   Thumb Code     6  stm32f10x_tim.o(.text)
    TIM_GetPrescaler                         0x08004585   Thumb Code     6  stm32f10x_tim.o(.text)
    TIM_GetFlagStatus                        0x0800458b   Thumb Code    18  stm32f10x_tim.o(.text)
    TIM_ClearFlag                            0x0800459d   Thumb Code     6  stm32f10x_tim.o(.text)
    TIM_GetITStatus                          0x080045a3   Thumb Code    34  stm32f10x_tim.o(.text)
    TIM_ClearITPendingBit                    0x080045c5   Thumb Code     6  stm32f10x_tim.o(.text)
    USART_DeInit                             0x080045cd   Thumb Code   134  stm32f10x_usart.o(.text)
    USART_Init                               0x08004653   Thumb Code   210  stm32f10x_usart.o(.text)
    USART_StructInit                         0x08004725   Thumb Code    24  stm32f10x_usart.o(.text)
    USART_ClockInit                          0x0800473d   Thumb Code    34  stm32f10x_usart.o(.text)
    USART_ClockStructInit                    0x0800475f   Thumb Code    12  stm32f10x_usart.o(.text)
    USART_Cmd                                0x0800476b   Thumb Code    24  stm32f10x_usart.o(.text)
    USART_ITConfig                           0x08004783   Thumb Code    74  stm32f10x_usart.o(.text)
    USART_DMACmd                             0x080047cd   Thumb Code    18  stm32f10x_usart.o(.text)
    USART_SetAddress                         0x080047df   Thumb Code    18  stm32f10x_usart.o(.text)
    USART_WakeUpConfig                       0x080047f1   Thumb Code    18  stm32f10x_usart.o(.text)
    USART_ReceiverWakeUpCmd                  0x08004803   Thumb Code    24  stm32f10x_usart.o(.text)
    USART_LINBreakDetectLengthConfig         0x0800481b   Thumb Code    18  stm32f10x_usart.o(.text)
    USART_LINCmd                             0x0800482d   Thumb Code    24  stm32f10x_usart.o(.text)
    USART_SendData                           0x08004845   Thumb Code     8  stm32f10x_usart.o(.text)
    USART_ReceiveData                        0x0800484d   Thumb Code    10  stm32f10x_usart.o(.text)
    USART_SendBreak                          0x08004857   Thumb Code    10  stm32f10x_usart.o(.text)
    USART_SetGuardTime                       0x08004861   Thumb Code    16  stm32f10x_usart.o(.text)
    USART_SetPrescaler                       0x08004871   Thumb Code    16  stm32f10x_usart.o(.text)
    USART_SmartCardCmd                       0x08004881   Thumb Code    24  stm32f10x_usart.o(.text)
    USART_SmartCardNACKCmd                   0x08004899   Thumb Code    24  stm32f10x_usart.o(.text)
    USART_HalfDuplexCmd                      0x080048b1   Thumb Code    24  stm32f10x_usart.o(.text)
    USART_OverSampling8Cmd                   0x080048c9   Thumb Code    22  stm32f10x_usart.o(.text)
    USART_OneBitMethodCmd                    0x080048df   Thumb Code    24  stm32f10x_usart.o(.text)
    USART_IrDAConfig                         0x080048f7   Thumb Code    18  stm32f10x_usart.o(.text)
    USART_IrDACmd                            0x08004909   Thumb Code    24  stm32f10x_usart.o(.text)
    USART_GetFlagStatus                      0x08004921   Thumb Code    26  stm32f10x_usart.o(.text)
    USART_ClearFlag                          0x0800493b   Thumb Code    18  stm32f10x_usart.o(.text)
    USART_GetITStatus                        0x0800494d   Thumb Code    84  stm32f10x_usart.o(.text)
    USART_ClearITPendingBit                  0x080049a1   Thumb Code    52  stm32f10x_usart.o(.text)
    MPU6050_SetFullScaleAccelRange           0x080049d5   Thumb Code    20  mpu6050.o(.text)
    MPU6050_SetFullScaleGyroRange            0x080049e9   Thumb Code    20  mpu6050.o(.text)
    MPU6050_SetClockSource                   0x080049fd   Thumb Code    20  mpu6050.o(.text)
    MPU6050_SetSleepModeStatus               0x08004a11   Thumb Code    18  mpu6050.o(.text)
    MPU6050_Initialize                       0x08004a23   Thumb Code    28  mpu6050.o(.text)
    MPU6050_ALL_Initialize                   0x08004a3f   Thumb Code    22  mpu6050.o(.text)
    getWho                                   0x08004a55   Thumb Code    18  mpu6050.o(.text)
    getAccX                                  0x08004a67   Thumb Code    38  mpu6050.o(.text)
    getAccY                                  0x08004a8d   Thumb Code    38  mpu6050.o(.text)
    getAccZ                                  0x08004ab3   Thumb Code    38  mpu6050.o(.text)
    getGyroX                                 0x08004ad9   Thumb Code    38  mpu6050.o(.text)
    getGyroY                                 0x08004aff   Thumb Code    38  mpu6050.o(.text)
    getGyroZ                                 0x08004b25   Thumb Code    38  mpu6050.o(.text)
    getTemperature                           0x08004b4b   Thumb Code    38  mpu6050.o(.text)
    MPU6050_GetCarRawData                    0x08004b71   Thumb Code    42  mpu6050.o(.text)
    MPU6050_GetTransformedData               0x08004b9b   Thumb Code   154  mpu6050.o(.text)
    GPIO_Filter                              0x08004c45   Thumb Code    86  iic_analog.o(.text)
    IIC_GPIO_Configuration                   0x08004c9b   Thumb Code   122  iic_analog.o(.text)
    IIC_Delay                                0x08004d15   Thumb Code    14  iic_analog.o(.text)
    IIC_Start_Super                          0x08004d23   Thumb Code    92  iic_analog.o(.text)
    IIC_Start                                0x08004d7f   Thumb Code    10  iic_analog.o(.text)
    IIC_StopSuper                            0x08004d89   Thumb Code    46  iic_analog.o(.text)
    IIC_Stop                                 0x08004db7   Thumb Code    10  iic_analog.o(.text)
    IIC_SendNACKSuper                        0x08004dc1   Thumb Code    46  iic_analog.o(.text)
    IIC_SendNACK                             0x08004def   Thumb Code    10  iic_analog.o(.text)
    IIC_SendACKSuper                         0x08004df9   Thumb Code    46  iic_analog.o(.text)
    IIC_SendACK                              0x08004e27   Thumb Code    10  iic_analog.o(.text)
    IIC_SendByteSuper                        0x08004e31   Thumb Code   158  iic_analog.o(.text)
    IIC_SendByte                             0x08004ecf   Thumb Code    14  iic_analog.o(.text)
    IIC_RecvByteSuper                        0x08004edd   Thumb Code    90  iic_analog.o(.text)
    IIC_RecvByte                             0x08004f37   Thumb Code    12  iic_analog.o(.text)
    Single_Write_IIC                         0x08004f43   Thumb Code    36  iic_analog.o(.text)
    Single_Read_IIC                          0x08004f67   Thumb Code    52  iic_analog.o(.text)
    IIC_WriteBits                            0x08004f9b   Thumb Code    74  iic_analog.o(.text)
    IIC_WriteBit                             0x08004fe5   Thumb Code    56  iic_analog.o(.text)
    vsscanf                                  0x0800503d   Thumb Code    40  vsscanf.o(.text)
    __aeabi_dadd                             0x0800506d   Thumb Code   322  dadd.o(.text)
    __aeabi_dsub                             0x080051af   Thumb Code     6  dadd.o(.text)
    __aeabi_drsub                            0x080051b5   Thumb Code     6  dadd.o(.text)
    __aeabi_dmul                             0x080051bb   Thumb Code   228  dmul.o(.text)
    __aeabi_ddiv                             0x0800529f   Thumb Code   222  ddiv.o(.text)
    __aeabi_i2d                              0x0800537d   Thumb Code    34  dflti.o(.text)
    __aeabi_ui2d                             0x0800539f   Thumb Code    26  dfltui.o(.text)
    __aeabi_d2uiz                            0x080053b9   Thumb Code    50  dfixui.o(.text)
    __aeabi_cdcmpeq                          0x080053ed   Thumb Code     0  cdcmple.o(.text)
    __aeabi_cdcmple                          0x080053ed   Thumb Code    38  cdcmple.o(.text)
    __aeabi_cdrcmple                         0x08005415   Thumb Code    38  cdrcmple.o(.text)
    __aeabi_d2f                              0x0800543d   Thumb Code    56  d2f.o(.text)
    __aeabi_uidiv                            0x08005475   Thumb Code     0  uidiv.o(.text)
    __aeabi_uidivmod                         0x08005475   Thumb Code    44  uidiv.o(.text)
    __aeabi_uldivmod                         0x080054a1   Thumb Code    98  uldiv.o(.text)
    __aeabi_llsl                             0x08005503   Thumb Code    30  llshl.o(.text)
    _ll_shift_l                              0x08005503   Thumb Code     0  llshl.o(.text)
    __aeabi_llsr                             0x08005521   Thumb Code    32  llushr.o(.text)
    _ll_ushift_r                             0x08005521   Thumb Code     0  llushr.o(.text)
    __aeabi_lasr                             0x08005541   Thumb Code    36  llsshr.o(.text)
    _ll_sshift_r                             0x08005541   Thumb Code     0  llsshr.o(.text)
    _scanf_longlong                          0x08005565   Thumb Code   342  _scanf_longlong.o(.text)
    _scanf_int                               0x080056bb   Thumb Code   336  _scanf_int.o(.text)
    _scanf_string                            0x0800580b   Thumb Code   218  _scanf_str.o(.text)
    _scanf_real                              0x080059e5   Thumb Code     0  scanf_fp.o(.text)
    _scanf_really_real                       0x080059e5   Thumb Code   560  scanf_fp.o(.text)
    __vfscanf_char                           0x08005c2d   Thumb Code    20  scanf_char.o(.text)
    _sgetc                                   0x08005c49   Thumb Code    30  _sgetc.o(.text)
    _sbackspace                              0x08005c67   Thumb Code    34  _sgetc.o(.text)
    __I$use$fp                               0x08005c89   Thumb Code     0  iusefp.o(.text)
    _float_round                             0x08005c89   Thumb Code    18  fepilogue.o(.text)
    _float_epilogue                          0x08005c9b   Thumb Code    90  fepilogue.o(.text)
    _double_round                            0x08005cf5   Thumb Code    26  depilogue.o(.text)
    _double_epilogue                         0x08005d0f   Thumb Code   164  depilogue.o(.text)
    __aeabi_d2ulz                            0x08005db3   Thumb Code    48  dfixul.o(.text)
    __scatterload                            0x08005de5   Thumb Code    28  init.o(.text)
    __scatterload_rt2                        0x08005de5   Thumb Code     0  init.o(.text)
    isspace                                  0x08005e09   Thumb Code    10  isspace_c.o(.text)
    _chval                                   0x08005e13   Thumb Code    28  _chval.o(.text)
    __vfscanf                                0x08005e31   Thumb Code   806  _scanf.o(.text)
    __aeabi_ul2d                             0x0800615d   Thumb Code    24  dfltul.o(.text)
    __ctype_lookup                           0x08006175   Thumb Code    34  ctype_c.o(.text)
    __0printf                                0x0800619d   Thumb Code    22  printfa.o(i.__0printf)
    __1printf                                0x0800619d   Thumb Code     0  printfa.o(i.__0printf)
    __2printf                                0x0800619d   Thumb Code     0  printfa.o(i.__0printf)
    __c89printf                              0x0800619d   Thumb Code     0  printfa.o(i.__0printf)
    printf                                   0x0800619d   Thumb Code     0  printfa.o(i.__0printf)
    __0vsnprintf                             0x080061bd   Thumb Code    32  printfa.o(i.__0vsnprintf)
    __1vsnprintf                             0x080061bd   Thumb Code     0  printfa.o(i.__0vsnprintf)
    __2vsnprintf                             0x080061bd   Thumb Code     0  printfa.o(i.__0vsnprintf)
    __c89vsnprintf                           0x080061bd   Thumb Code     0  printfa.o(i.__0vsnprintf)
    vsnprintf                                0x080061bd   Thumb Code     0  printfa.o(i.__0vsnprintf)
    __scatterload_copy                       0x080061e1   Thumb Code    14  handlers.o(i.__scatterload_copy)
    __scatterload_null                       0x080061ef   Thumb Code     2  handlers.o(i.__scatterload_null)
    __scatterload_zeroinit                   0x080061f1   Thumb Code    14  handlers.o(i.__scatterload_zeroinit)
    _is_digit                                0x0800635d   Thumb Code    14  scanf_fp.o(i._is_digit)
    __ctype_categories                       0x08006ac8   Data          64  ctype_c.o(.constdata)
    Region$$Table$$Base                      0x08006b08   Number         0  anon$$obj.o(Region$$Table)
    Region$$Table$$Limit                     0x08006b28   Number         0  anon$$obj.o(Region$$Table)
    SystemCoreClock                          0x20000000   Data           4  system_stm32f10x.o(.data)
    AHBPrescTable                            0x20000004   Data          16  system_stm32f10x.o(.data)
    defaultADCManager                        0x20000014   Data           4  adcmanager.o(.data)
    defaultEXTIManager                       0x20000018   Data           4  extimanager.o(.data)
    catchWhat_Flag                           0x2000001c   Data           4  inputcatcher.o(.data)
    ISROUTEENABLED_Flag                      0x20000020   Data           4  inputcatcher.o(.data)
    defaultInputCatchManager                 0x20000024   Data           4  inputcatcher.o(.data)
    defaultDoSomeThing                       0x20000028   Data           4  millis.o(.data)
    __stdout                                 0x2000002c   Data           4  usart.o(.data)
    _buf2_Oldest_Data_Pointer                0x20000030   Data           4  usart2bufreceiever.o(.data)
    _ALL2_Pointer_Circles                    0x20000034   Data           4  usart2bufreceiever.o(.data)
    _ALL2_Circles_Count                      0x20000038   Data           4  usart2bufreceiever.o(.data)
    defaultUSART2BufReceiever                0x2000003c   Data           4  usart2bufreceiever.o(.data)
    _buf_Oldest_Data_Pointer                 0x20000040   Data           4  usartbufreceiever.o(.data)
    _ALL_Pointer_Circles                     0x20000044   Data           4  usartbufreceiever.o(.data)
    _ALL_Circles_Count                       0x20000048   Data           4  usartbufreceiever.o(.data)
    defaultUSARTBufReceiever                 0x2000004c   Data           4  usartbufreceiever.o(.data)
    thb7128_defaultDoWhenDone                0x20000050   Data           4  thb7128.o(.data)
    thb7128_pwm_count                        0x20000054   Data           4  thb7128.o(.data)
    DoEvery_xillis_count                     0x20000060   Data           4  doevery.o(.data)
    ii                                       0x20000078   Data           1  iic_analog.o(.data)
    mpudata                                  0x20000080   Data          48  main.o(.bss)
    ADC_DEFAULT_DATA                         0x200000b0   Data          34  adcmanager.o(.bss)
    _EXTILine                                0x200000d4   Data          64  extimanager.o(.bss)
    TIM_CAPTURE_STA_VAL1_VAL2_VAL3           0x20000114   Data         256  inputcatcher.o(.bss)
    USART2_defaultBuf                        0x20000214   Data          50  usart2bufreceiever.o(.bss)
    USART_defaultBuf                         0x20000246   Data          50  usartbufreceiever.o(.bss)
    __initial_sp                             0x20000710   Data           0  startup_stm32f10x_md.o(STACK)



==============================================================================

Memory Map of the image

  Image Entry point : 0x080000ed

  Load Region LR_IROM1 (Base: 0x08000000, Size: 0x00006ba4, Max: 0x00010000, ABSOLUTE)

    Execution Region ER_IROM1 (Base: 0x08000000, Size: 0x00006b28, Max: 0x00010000, ABSOLUTE)

    Base Addr    Size         Type   Attr      Idx    E Section Name        Object

    0x08000000   0x000000ec   Data   RO          613    RESET               startup_stm32f10x_md.o
    0x080000ec   0x00000000   Code   RO         1062  * .ARM.Collect$$$$00000000  mc_w.l(entry.o)
    0x080000ec   0x00000004   Code   RO         1352    .ARM.Collect$$$$00000001  mc_w.l(entry2.o)
    0x080000f0   0x00000004   Code   RO         1355    .ARM.Collect$$$$00000004  mc_w.l(entry5.o)
    0x080000f4   0x00000000   Code   RO         1357    .ARM.Collect$$$$00000008  mc_w.l(entry7b.o)
    0x080000f4   0x00000000   Code   RO         1359    .ARM.Collect$$$$0000000A  mc_w.l(entry8b.o)
    0x080000f4   0x00000008   Code   RO         1360    .ARM.Collect$$$$0000000B  mc_w.l(entry9a.o)
    0x080000fc   0x00000000   Code   RO         1362    .ARM.Collect$$$$0000000D  mc_w.l(entry10a.o)
    0x080000fc   0x00000000   Code   RO         1364    .ARM.Collect$$$$0000000F  mc_w.l(entry11a.o)
    0x080000fc   0x00000004   Code   RO         1353    .ARM.Collect$$$$00002712  mc_w.l(entry2.o)
    0x08000100   0x00000012   Code   RO          584    .emb_text           supertask.o
    0x08000112   0x00000002   PAD
    0x08000114   0x000001dc   Code   RO            1    .text               system_stm32f10x.o
    0x080002f0   0x00000020   Code   RO           82    .text               stm32f10x_it.o
    0x08000310   0x0000004c   Code   RO          113    .text               main.o
    0x0800035c   0x0000038c   Code   RO          167    .text               adcmanager.o
    0x080006e8   0x00000430   Code   RO          215    .text               extimanager.o
    0x08000b18   0x00000808   Code   RO          252    .text               inputcatcher.o
    0x08001320   0x00000160   Code   RO          293    .text               millis.o
    0x08001480   0x000000a4   Code   RO          377    .text               usart.o
    0x08001524   0x0000017c   Code   RO          396    .text               usart2.o
    0x080016a0   0x000001e0   Code   RO          408    .text               usart2bufreceiever.o
    0x08001880   0x000001e0   Code   RO          427    .text               usartbufreceiever.o
    0x08001a60   0x000001fc   Code   RO          446    .text               thb7128.o
    0x08001c5c   0x000007d0   Code   RO          484    .text               protocol.o
    0x0800242c   0x00000170   Code   RO          530    .text               doevery.o
    0x0800259c   0x0000004c   Code   RO          585    .text               supertask.o
    0x080025e8   0x00000024   Code   RO          614    .text               startup_stm32f10x_md.o
    0x0800260c   0x000000dc   Code   RO          618    .text               misc.o
    0x080026e8   0x0000044e   Code   RO          630    .text               stm32f10x_adc.o
    0x08002b36   0x00000002   PAD
    0x08002b38   0x00000250   Code   RO          723    .text               stm32f10x_dma.o
    0x08002d88   0x0000011c   Code   RO          735    .text               stm32f10x_exti.o
    0x08002ea4   0x00000358   Code   RO          771    .text               stm32f10x_gpio.o
    0x080031fc   0x000000cc   Code   RO          813    .text               stm32f10x_pwr.o
    0x080032c8   0x000003a4   Code   RO          825    .text               stm32f10x_rcc.o
    0x0800366c   0x00000144   Code   RO          839    .text               stm32f10x_rtc.o
    0x080037b0   0x00000e1a   Code   RO          878    .text               stm32f10x_tim.o
    0x080045ca   0x00000002   PAD
    0x080045cc   0x00000408   Code   RO          890    .text               stm32f10x_usart.o
    0x080049d4   0x00000270   Code   RO         1029    .text               mpu6050.o
    0x08004c44   0x000003f8   Code   RO         1044    .text               iic_analog.o
    0x0800503c   0x00000030   Code   RO         1328    .text               mc_w.l(vsscanf.o)
    0x0800506c   0x0000014e   Code   RO         1332    .text               mf_w.l(dadd.o)
    0x080051ba   0x000000e4   Code   RO         1334    .text               mf_w.l(dmul.o)
    0x0800529e   0x000000de   Code   RO         1336    .text               mf_w.l(ddiv.o)
    0x0800537c   0x00000022   Code   RO         1338    .text               mf_w.l(dflti.o)
    0x0800539e   0x0000001a   Code   RO         1340    .text               mf_w.l(dfltui.o)
    0x080053b8   0x00000032   Code   RO         1342    .text               mf_w.l(dfixui.o)
    0x080053ea   0x00000002   PAD
    0x080053ec   0x00000028   Code   RO         1346    .text               mf_w.l(cdcmple.o)
    0x08005414   0x00000028   Code   RO         1348    .text               mf_w.l(cdrcmple.o)
    0x0800543c   0x00000038   Code   RO         1350    .text               mf_w.l(d2f.o)
    0x08005474   0x0000002c   Code   RO         1366    .text               mc_w.l(uidiv.o)
    0x080054a0   0x00000062   Code   RO         1368    .text               mc_w.l(uldiv.o)
    0x08005502   0x0000001e   Code   RO         1370    .text               mc_w.l(llshl.o)
    0x08005520   0x00000020   Code   RO         1372    .text               mc_w.l(llushr.o)
    0x08005540   0x00000024   Code   RO         1374    .text               mc_w.l(llsshr.o)
    0x08005564   0x00000156   Code   RO         1376    .text               mc_w.l(_scanf_longlong.o)
    0x080056ba   0x00000150   Code   RO         1378    .text               mc_w.l(_scanf_int.o)
    0x0800580a   0x000000da   Code   RO         1380    .text               mc_w.l(_scanf_str.o)
    0x080058e4   0x0000033c   Code   RO         1382    .text               mc_w.l(scanf_fp.o)
    0x08005c20   0x00000028   Code   RO         1386    .text               mc_w.l(scanf_char.o)
    0x08005c48   0x00000040   Code   RO         1388    .text               mc_w.l(_sgetc.o)
    0x08005c88   0x00000000   Code   RO         1390    .text               mc_w.l(iusefp.o)
    0x08005c88   0x0000006c   Code   RO         1391    .text               mf_w.l(fepilogue.o)
    0x08005cf4   0x000000be   Code   RO         1393    .text               mf_w.l(depilogue.o)
    0x08005db2   0x00000030   Code   RO         1395    .text               mf_w.l(dfixul.o)
    0x08005de2   0x00000002   PAD
    0x08005de4   0x00000024   Code   RO         1397    .text               mc_w.l(init.o)
    0x08005e08   0x0000000a   Code   RO         1399    .text               mc_w.l(isspace_c.o)
    0x08005e12   0x0000001c   Code   RO         1401    .text               mc_w.l(_chval.o)
    0x08005e2e   0x00000002   PAD
    0x08005e30   0x0000032c   Code   RO         1403    .text               mc_w.l(_scanf.o)
    0x0800615c   0x00000018   Code   RO         1405    .text               mf_w.l(dfltul.o)
    0x08006174   0x00000028   Code   RO         1407    .text               mc_w.l(ctype_c.o)
    0x0800619c   0x00000020   Code   RO         1300    i.__0printf         mc_w.l(printfa.o)
    0x080061bc   0x00000024   Code   RO         1305    i.__0vsnprintf      mc_w.l(printfa.o)
    0x080061e0   0x0000000e   Code   RO         1412    i.__scatterload_copy  mc_w.l(handlers.o)
    0x080061ee   0x00000002   Code   RO         1413    i.__scatterload_null  mc_w.l(handlers.o)
    0x080061f0   0x0000000e   Code   RO         1414    i.__scatterload_zeroinit  mc_w.l(handlers.o)
    0x080061fe   0x00000002   PAD
    0x08006200   0x0000015c   Code   RO         1307    i._fp_digits        mc_w.l(printfa.o)
    0x0800635c   0x0000000e   Code   RO         1384    i._is_digit         mc_w.l(scanf_fp.o)
    0x0800636a   0x00000002   PAD
    0x0800636c   0x000006f0   Code   RO         1308    i._printf_core      mc_w.l(printfa.o)
    0x08006a5c   0x00000026   Code   RO         1309    i._printf_post_padding  mc_w.l(printfa.o)
    0x08006a82   0x00000030   Code   RO         1310    i._printf_pre_padding  mc_w.l(printfa.o)
    0x08006ab2   0x00000016   Code   RO         1311    i._snputc           mc_w.l(printfa.o)
    0x08006ac8   0x00000040   Data   RO         1408    .constdata          mc_w.l(ctype_c.o)
    0x08006b08   0x00000020   Data   RO         1410    Region$$Table       anon$$obj.o


    Execution Region RW_IRAM1 (Base: 0x20000000, Size: 0x00000710, Max: 0x00005000, ABSOLUTE)

    Base Addr    Size         Type   Attr      Idx    E Section Name        Object

    0x20000000   0x00000014   Data   RW            2    .data               system_stm32f10x.o
    0x20000014   0x00000004   Data   RW          169    .data               adcmanager.o
    0x20000018   0x00000004   Data   RW          217    .data               extimanager.o
    0x2000001c   0x0000000c   Data   RW          254    .data               inputcatcher.o
    0x20000028   0x00000004   Data   RW          294    .data               millis.o
    0x2000002c   0x00000004   Data   RW          378    .data               usart.o
    0x20000030   0x00000010   Data   RW          410    .data               usart2bufreceiever.o
    0x20000040   0x00000010   Data   RW          429    .data               usartbufreceiever.o
    0x20000050   0x00000008   Data   RW          447    .data               thb7128.o
    0x20000058   0x00000003   Data   RW          486    .data               protocol.o
    0x2000005b   0x00000001   PAD
    0x2000005c   0x00000008   Data   RW          531    .data               doevery.o
    0x20000064   0x00000014   Data   RW          826    .data               stm32f10x_rcc.o
    0x20000078   0x00000001   Data   RW         1045    .data               iic_analog.o
    0x20000079   0x00000007   PAD
    0x20000080   0x00000030   Zero   RW          114    .bss                main.o
    0x200000b0   0x00000022   Zero   RW          168    .bss                adcmanager.o
    0x200000d2   0x00000002   PAD
    0x200000d4   0x00000040   Zero   RW          216    .bss                extimanager.o
    0x20000114   0x00000100   Zero   RW          253    .bss                inputcatcher.o
    0x20000214   0x00000032   Zero   RW          409    .bss                usart2bufreceiever.o
    0x20000246   0x00000032   Zero   RW          428    .bss                usartbufreceiever.o
    0x20000278   0x00000098   Zero   RW          485    .bss                protocol.o
    0x20000310   0x00000400   Zero   RW          611    STACK               startup_stm32f10x_md.o


==============================================================================

Image component sizes


      Code (inc. data)   RO Data    RW Data    ZI Data      Debug   Object Name

       908         60          0          4         34       3764   adcmanager.o
       368         20          0          8          0       2888   doevery.o
      1072         20          0          4         64       5162   extimanager.o
      1016         32          0          1          0       4747   iic_analog.o
      2056         80          0         12        256       8520   inputcatcher.o
         0          0          0          0          0        520   jlx12864g.o
        76         18          0          0         48     225769   main.o
       352          8          0          4          0       1752   millis.o
       220         20          0          0          0       1637   misc.o
       624         16          0          0          0       3589   mpu6050.o
      2000         50          0          3        152       2239   protocol.o
        36          8        236          0       1024        736   startup_stm32f10x_md.o
      1102         26          0          0          0      10669   stm32f10x_adc.o
       592          8          0          0          0       4166   stm32f10x_dma.o
       284         10          0          0          0       2067   stm32f10x_exti.o
       856         40          0          0          0       5481   stm32f10x_gpio.o
        32          0          0          0          0       1224   stm32f10x_it.o
       204         16          0          0          0       1843   stm32f10x_pwr.o
       932         44          0         20          0       8588   stm32f10x_rcc.o
       324          4          0          0          0       2594   stm32f10x_rtc.o
      3610         88          0          0          0      21964   stm32f10x_tim.o
      1032         22          0          0          0       8208   stm32f10x_usart.o
        94          0          0          0          0        967   supertask.o
       476         36          0         20          0      58767   system_stm32f10x.o
       508         18          0          8          0       3359   thb7128.o
       164          8          0          4          0       2894   usart.o
       380         10          0          0          0       2253   usart2.o
       480         28          0         16         50       4005   usart2bufreceiever.o
       480         28          0         16         50       3940   usartbufreceiever.o

    ----------------------------------------------------------------------
     20284        718        268        124       1684     404312   Object Totals
         0          0         32          0          0          0   (incl. Generated)
         6          0          0          4          6          0   (incl. Padding)

    ----------------------------------------------------------------------

      Code (inc. data)   RO Data    RW Data    ZI Data      Debug   Library Member Name

        28          0          0          0          0         68   _chval.o
       812          6          0          0          0        112   _scanf.o
       336          0          0          0          0         96   _scanf_int.o
       342          0          0          0          0        100   _scanf_longlong.o
       218          0          0          0          0         96   _scanf_str.o
        64          0          0          0          0         84   _sgetc.o
        40          6         64          0          0         68   ctype_c.o
         0          0          0          0          0          0   entry.o
         0          0          0          0          0          0   entry10a.o
         0          0          0          0          0          0   entry11a.o
         8          4          0          0          0          0   entry2.o
         4          0          0          0          0          0   entry5.o
         0          0          0          0          0          0   entry7b.o
         0          0          0          0          0          0   entry8b.o
         8          4          0          0          0          0   entry9a.o
        30          0          0          0          0          0   handlers.o
        36          8          0          0          0         68   init.o
        10          0          0          0          0         68   isspace_c.o
         0          0          0          0          0          0   iusefp.o
        30          0          0          0          0         68   llshl.o
        36          0          0          0          0         68   llsshr.o
        32          0          0          0          0         68   llushr.o
      2300         94          0          0          0        592   printfa.o
        40          8          0          0          0         84   scanf_char.o
       842         12          0          0          0        216   scanf_fp.o
        44          0          0          0          0         80   uidiv.o
        98          0          0          0          0         92   uldiv.o
        48          8          0          0          0         80   vsscanf.o
        40          2          0          0          0         68   cdcmple.o
        40          2          0          0          0         68   cdrcmple.o
        56          0          0          0          0         88   d2f.o
       334          0          0          0          0        148   dadd.o
       222          0          0          0          0        100   ddiv.o
       190          0          0          0          0        176   depilogue.o
        50          0          0          0          0         76   dfixui.o
        48          0          0          0          0         68   dfixul.o
        34          0          0          0          0         76   dflti.o
        26          0          0          0          0         76   dfltui.o
        24          0          0          0          0         76   dfltul.o
       228          0          0          0          0         96   dmul.o
       108          0          0          0          0        168   fepilogue.o

    ----------------------------------------------------------------------
      6816        154         64          0          0       3392   Library Totals
        10          0          0          0          0          0   (incl. Padding)

    ----------------------------------------------------------------------

      Code (inc. data)   RO Data    RW Data    ZI Data      Debug   Library Name

      5406        150         64          0          0       2108   mc_w.l
      1400          4          0          0          0       1284   mf_w.l

    ----------------------------------------------------------------------
      6816        154         64          0          0       3392   Library Totals

    ----------------------------------------------------------------------

==============================================================================


      Code (inc. data)   RO Data    RW Data    ZI Data      Debug   

     27100        872        332        124       1684     402452   Grand Totals
     27100        872        332        124       1684     402452   ELF Image Totals
     27100        872        332        124          0          0   ROM Totals

==============================================================================

    Total RO  Size (Code + RO Data)                27432 (  26.79kB)
    Total RW  Size (RW Data + ZI Data)              1808 (   1.77kB)
    Total ROM Size (Code + RO Data + RW Data)      27556 (  26.91kB)

==============================================================================

