ARM Linker, 5.03 [Build 76] [MDK-ARM Standard]

==============================================================================

Section Cross References

    system_stm32f10x.o(.text) refers to system_stm32f10x.o(.data) for SystemCoreClock
    stm32f10x_it.o(.text) refers to protocol.o(.text) for PT_IRq_Handler
    main.o(.text) refers to millis.o(.text) for millis
    main.o(.text) refers to dfltui.o(.text) for __aeabi_ui2d
    main.o(.text) refers to ddiv.o(.text) for __aeabi_ddiv
    main.o(.text) refers to newkeyscan.o(.text) for NewKeyScan_Proc
    main.o(.text) refers to bttalk.o(.text) for UART1_Send_Double
    main.o(.text) refers to display.o(.text) for FSM_Proc
    main.o(.text) refers to delay.o(.text) for delay_init
    main.o(.text) refers to usart.o(.text) for uart_init
    main.o(.text) refers to usart2.o(.text) for uart2_init
    main.o(.text) refers to protocol.o(.text) for PT_EnableIRQ
    main.o(.text) refers to guicore.o(.text) for GUI_Init
    main.o(.text) refers to led.o(.text) for LED_Init
    main.o(.text) refers to irremote.o(.text) for IRrecv_Init
    main.o(.text) refers to doevery.o(.text) for doEvery
    main.o(.text) refers to extimanager.o(.text) for EXTIManager_Structure
    main.o(.text) refers to pwmmanager.o(.text) for PWMManagerStructure
    main.o(.text) refers to dfixui.o(.text) for __aeabi_d2uiz
    main.o(.text) refers to newpid.o(.text) for PID_Structure_Init
    main.o(.text) refers to dflti.o(.text) for __aeabi_i2d
    main.o(.text) refers to 24cxx.o(.text) for AT24CXX_Init
    main.o(.text) refers to printf2.o(i.__0printf$2) for __2printf
    main.o(.text) refers to cdrcmple.o(.text) for __aeabi_cdrcmple
    main.o(.text) refers to cdcmple.o(.text) for __aeabi_cdcmple
    main.o(.text) refers to ds18b20.o(.text) for DS18B20_Init
    main.o(.text) refers to dmul.o(.text) for __aeabi_dmul
    main.o(.text) refers to d2f.o(.text) for __aeabi_d2f
    main.o(.text) refers to dadd.o(.text) for __aeabi_dadd
    main.o(.text) refers to main.o(.data) for time2speed
    main.o(.text) refers to newkeyscan.o(.data) for NewKeyTriggered
    main.o(.text) refers to irremote.o(.data) for IRrecv_DoWhenDone
    main.o(.text) refers to main.o(.bss) for EXTIManager
    main.o(.text) refers to jlx12864g.o(.text) for OLED_printfAt
    main.o(.text) refers to dfixi.o(.text) for __aeabi_d2iz
    main.o(.text) refers to gui_fillrect.o(.text) for GUI_FillRect
    main.o(.text) refers to gui_setdrawmode.o(.text) for GUI_SetDrawMode
    main.o(.text) refers to display.o(.data) for FSM_VAL
    display.o(.text) refers to dflti.o(.text) for __aeabi_i2d
    display.o(.text) refers to dfixui.o(.text) for __aeabi_d2uiz
    display.o(.text) refers to keyscan.o(.text) for update_key
    display.o(.text) refers to display.o(.data) for Key_Cmd_Length
    display.o(.text) refers to display.o(.bss) for aPoints
    display.o(.text) refers to cdcmple.o(.text) for __aeabi_cdcmple
    display.o(.text) refers to 24cxx.o(.text) for AT24CXX_Write
    display.o(.text) refers to cdrcmple.o(.text) for __aeabi_cdrcmple
    display.o(.text) refers to jlx12864g.o(.text) for OLED_printfAt
    display.o(.text) refers to dmul.o(.text) for __aeabi_dmul
    display.o(.text) refers to guicore.o(.text) for GUI_Clear
    display.o(.text) refers to main.o(.data) for PID_alarm_MIN
    display.o(.text) refers to main.o(.bss) for PID
    display.o(.text) refers to dadd.o(.text) for __aeabi_drsub
    display.o(.text) refers to dfixi.o(.text) for __aeabi_d2iz
    display.o(.text) refers to gui_drawhline.o(.text) for GUI_DrawHLine
    display.o(.text) refers to ddiv.o(.text) for __aeabi_ddiv
    display.o(.text) refers to gui_drawpolyline.o(.text) for GUI_DrawPolyLine
    bttalk.o(.text) refers to usart2.o(.text) for uart2_sendChar
    bttalk.o(.text) refers to mymath.o(.text) for double2char
    bttalk.o(.text) refers to irremote.o(.text) for NEC_Parse
    bttalk.o(.text) refers to display.o(.text) for FSM_Proc
    bttalk.o(.text) refers to printf2.o(i.__0printf$2) for __2printf
    bttalk.o(.text) refers to bttalk.o(.data) for IR_CODE
    led.o(.text) refers to stm32f10x_rcc.o(.text) for RCC_APB2PeriphClockCmd
    led.o(.text) refers to stm32f10x_gpio.o(.text) for GPIO_Init
    adcmanager.o(.text) refers to stm32f10x_adc.o(.text) for ADC_SoftwareStartConvCmd
    adcmanager.o(.text) refers to stm32f10x_rcc.o(.text) for RCC_AHBPeriphClockCmd
    adcmanager.o(.text) refers to stm32f10x_dma.o(.text) for DMA_DeInit
    adcmanager.o(.text) refers to misc.o(.text) for NVIC_Init
    adcmanager.o(.text) refers to stm32f10x_gpio.o(.text) for GPIO_Init
    adcmanager.o(.text) refers to adcmanager.o(.data) for defaultADCManager
    adcmanager.o(.text) refers to adcmanager.o(.bss) for ADC_DEFAULT_DATA
    delay.o(.text) refers to misc.o(.text) for SysTick_CLKSourceConfig
    delay.o(.text) refers to system_stm32f10x.o(.data) for SystemCoreClock
    delay.o(.text) refers to delay.o(.data) for fac_us
[...]
    WWDG_IRQHandler                          0x08005a77   Thumb Code     0  startup_stm32f10x_md.o(.text)
    NVIC_PriorityGroupConfig                 0x08005a81   Thumb Code    10  misc.o(.text)
    NVIC_Init                                0x08005a8b   Thumb Code   102  misc.o(.text)
    NVIC_SetVectorTable                      0x08005af1   Thumb Code    14  misc.o(.text)
    NVIC_SystemLPConfig                      0x08005aff   Thumb Code    34  misc.o(.text)
    SysTick_CLKSourceConfig                  0x08005b21   Thumb Code    40  misc.o(.text)
    ADC_DeInit                               0x08005b5d   Thumb Code    78  stm32f10x_adc.o(.text)
    ADC_Init                                 0x08005bab   Thumb Code    70  stm32f10x_adc.o(.text)
    ADC_StructInit                           0x08005bf1   Thumb Code    18  stm32f10x_adc.o(.text)
    ADC_Cmd                                  0x08005c03   Thumb Code    22  stm32f10x_adc.o(.text)
    ADC_DMACmd                               0x08005c19   Thumb Code    22  stm32f10x_adc.o(.text)
    ADC_ITConfig                             0x08005c2f   Thumb Code    24  stm32f10x_adc.o(.text)
    ADC_ResetCalibration                     0x08005c47   Thumb Code    10  stm32f10x_adc.o(.text)
    ADC_GetResetCalibrationStatus            0x08005c51   Thumb Code    20  stm32f10x_adc.o(.text)
    ADC_StartCalibration                     0x08005c65   Thumb Code    10  stm32f10x_adc.o(.text)
    ADC_GetCalibrationStatus                 0x08005c6f   Thumb Code    20  stm32f10x_adc.o(.text)
    ADC_SoftwareStartConvCmd                 0x08005c83   Thumb Code    22  stm32f10x_adc.o(.text)
    ADC_GetSoftwareStartConvStatus           0x08005c99   Thumb Code    20  stm32f10x_adc.o(.text)
    ADC_DiscModeChannelCountConfig           0x08005cad   Thumb Code    24  stm32f10x_adc.o(.text)
    ADC_DiscModeCmd                          0x08005cc5   Thumb Code    22  stm32f10x_adc.o(.text)
    ADC_RegularChannelConfig                 0x08005cdb   Thumb Code   184  stm32f10x_adc.o(.text)
    ADC_ExternalTrigConvCmd                  0x08005d93   Thumb Code    22  stm32f10x_adc.o(.text)
    ADC_GetConversionValue                   0x08005da9   Thumb Code     8  stm32f10x_adc.o(.text)
    ADC_GetDualModeConversionValue           0x08005db1   Thumb Code     8  stm32f10x_adc.o(.text)
    ADC_AutoInjectedConvCmd                  0x08005db9   Thumb Code    22  stm32f10x_adc.o(.text)
    ADC_InjectedDiscModeCmd                  0x08005dcf   Thumb Code    22  stm32f10x_adc.o(.text)
    ADC_ExternalTrigInjectedConvConfig       0x08005de5   Thumb Code    16  stm32f10x_adc.o(.text)
    ADC_ExternalTrigInjectedConvCmd          0x08005df5   Thumb Code    22  stm32f10x_adc.o(.text)
    ADC_SoftwareStartInjectedConvCmd         0x08005e0b   Thumb Code    22  stm32f10x_adc.o(.text)
    ADC_GetSoftwareStartInjectedConvCmdStatus 0x08005e21   Thumb Code    20  stm32f10x_adc.o(.text)
    ADC_InjectedChannelConfig                0x08005e35   Thumb Code   130  stm32f10x_adc.o(.text)
    ADC_InjectedSequencerLengthConfig        0x08005eb7   Thumb Code    24  stm32f10x_adc.o(.text)
    ADC_SetInjectedOffset                    0x08005ecf   Thumb Code    20  stm32f10x_adc.o(.text)
    ADC_GetInjectedConversionValue           0x08005ee3   Thumb Code    28  stm32f10x_adc.o(.text)
    ADC_AnalogWatchdogCmd                    0x08005eff   Thumb Code    16  stm32f10x_adc.o(.text)
    ADC_AnalogWatchdogThresholdsConfig       0x08005f0f   Thumb Code     6  stm32f10x_adc.o(.text)
    ADC_AnalogWatchdogSingleChannelConfig    0x08005f15   Thumb Code    16  stm32f10x_adc.o(.text)
    ADC_TempSensorVrefintCmd                 0x08005f25   Thumb Code    64  stm32f10x_adc.o(.text)
    ADC_GetFlagStatus                        0x08005f65   Thumb Code    18  stm32f10x_adc.o(.text)
    ADC_ClearFlag                            0x08005f77   Thumb Code     6  stm32f10x_adc.o(.text)
    ADC_GetITStatus                          0x08005f7d   Thumb Code    36  stm32f10x_adc.o(.text)
    ADC_ClearITPendingBit                    0x08005fa1   Thumb Code    10  stm32f10x_adc.o(.text)
    DMA_DeInit                               0x08005fad   Thumb Code   324  stm32f10x_dma.o(.text)
    DMA_Init                                 0x080060f1   Thumb Code    60  stm32f10x_dma.o(.text)
    DMA_StructInit                           0x0800612d   Thumb Code    26  stm32f10x_dma.o(.text)
    DMA_Cmd                                  0x08006147   Thumb Code    24  stm32f10x_dma.o(.text)
    DMA_ITConfig                             0x0800615f   Thumb Code    18  stm32f10x_dma.o(.text)
    DMA_SetCurrDataCounter                   0x08006171   Thumb Code     4  stm32f10x_dma.o(.text)
    DMA_GetCurrDataCounter                   0x08006175   Thumb Code     8  stm32f10x_dma.o(.text)
    DMA_GetFlagStatus                        0x0800617d   Thumb Code    38  stm32f10x_dma.o(.text)
    DMA_ClearFlag                            0x080061a3   Thumb Code    22  stm32f10x_dma.o(.text)
    DMA_GetITStatus                          0x080061b9   Thumb Code    38  stm32f10x_dma.o(.text)
    DMA_ClearITPendingBit                    0x080061df   Thumb Code    22  stm32f10x_dma.o(.text)
    EXTI_DeInit                              0x080061fd   Thumb Code    28  stm32f10x_exti.o(.text)
    EXTI_Init                                0x08006219   Thumb Code   142  stm32f10x_exti.o(.text)
    EXTI_StructInit                          0x080062a7   Thumb Code    16  stm32f10x_exti.o(.text)
    EXTI_GenerateSWInterrupt                 0x080062b7   Thumb Code    16  stm32f10x_exti.o(.text)
    EXTI_GetFlagStatus                       0x080062c7   Thumb Code    22  stm32f10x_exti.o(.text)
    EXTI_ClearFlag                           0x080062dd   Thumb Code     8  stm32f10x_exti.o(.text)
    EXTI_GetITStatus                         0x080062e5   Thumb Code    34  stm32f10x_exti.o(.text)
    EXTI_ClearITPendingBit                   0x08006307   Thumb Code     8  stm32f10x_exti.o(.text)
    GPIO_DeInit                              0x08006319   Thumb Code   172  stm32f10x_gpio.o(.text)
    GPIO_AFIODeInit                          0x080063c5   Thumb Code    20  stm32f10x_gpio.o(.text)
    GPIO_Init                                0x080063d9   Thumb Code   274  stm32f10x_gpio.o(.text)
    GPIO_StructInit                          0x080064eb   Thumb Code    16  stm32f10x_gpio.o(.text)
    GPIO_ReadInputDataBit                    0x080064fb   Thumb Code    18  stm32f10x_gpio.o(.text)
    GPIO_ReadInputData                       0x0800650d   Thumb Code     8  stm32f10x_gpio.o(.text)
    GPIO_ReadOutputDataBit                   0x08006515   Thumb Code    18  stm32f10x_gpio.o(.text)
    GPIO_ReadOutputData                      0x08006527   Thumb Code     8  stm32f10x_gpio.o(.text)
    GPIO_SetBits                             0x0800652f   Thumb Code     4  stm32f10x_gpio.o(.text)
    GPIO_ResetBits                           0x08006533   Thumb Code     4  stm32f10x_gpio.o(.text)
    GPIO_WriteBit                            0x08006537   Thumb Code    10  stm32f10x_gpio.o(.text)
    GPIO_Write                               0x08006541   Thumb Code     4  stm32f10x_gpio.o(.text)
    GPIO_PinLockConfig                       0x08006545   Thumb Code    18  stm32f10x_gpio.o(.text)
    GPIO_EventOutputConfig                   0x08006557   Thumb Code    26  stm32f10x_gpio.o(.text)
    GPIO_EventOutputCmd                      0x08006571   Thumb Code     6  stm32f10x_gpio.o(.text)
    GPIO_PinRemapConfig                      0x08006577   Thumb Code   138  stm32f10x_gpio.o(.text)
    GPIO_EXTILineConfig                      0x08006601   Thumb Code    66  stm32f10x_gpio.o(.text)
    GPIO_ETH_MediaInterfaceConfig            0x08006643   Thumb Code     6  stm32f10x_gpio.o(.text)
    PWR_DeInit                               0x08006671   Thumb Code    22  stm32f10x_pwr.o(.text)
    PWR_BackupAccessCmd                      0x08006687   Thumb Code     6  stm32f10x_pwr.o(.text)
    PWR_PVDCmd                               0x0800668d   Thumb Code     6  stm32f10x_pwr.o(.text)
    PWR_PVDLevelConfig                       0x08006693   Thumb Code    18  stm32f10x_pwr.o(.text)
    PWR_WakeUpPinCmd                         0x080066a5   Thumb Code     6  stm32f10x_pwr.o(.text)
    PWR_EnterSTOPMode                        0x080066ab   Thumb Code    54  stm32f10x_pwr.o(.text)
    PWR_EnterSTANDBYMode                     0x080066e1   Thumb Code    42  stm32f10x_pwr.o(.text)
    PWR_GetFlagStatus                        0x0800670b   Thumb Code    20  stm32f10x_pwr.o(.text)
    PWR_ClearFlag                            0x0800671f   Thumb Code    14  stm32f10x_pwr.o(.text)
    RCC_DeInit                               0x0800673d   Thumb Code    64  stm32f10x_rcc.o(.text)
    RCC_HSEConfig                            0x0800677d   Thumb Code    70  stm32f10x_rcc.o(.text)
    RCC_GetFlagStatus                        0x080067c3   Thumb Code    56  stm32f10x_rcc.o(.text)
    RCC_WaitForHSEStartUp                    0x080067fb   Thumb Code    56  stm32f10x_rcc.o(.text)
    RCC_AdjustHSICalibrationValue            0x08006833   Thumb Code    20  stm32f10x_rcc.o(.text)
    RCC_HSICmd                               0x08006847   Thumb Code     6  stm32f10x_rcc.o(.text)
    RCC_PLLConfig                            0x0800684d   Thumb Code    24  stm32f10x_rcc.o(.text)
    RCC_PLLCmd                               0x08006865   Thumb Code     6  stm32f10x_rcc.o(.text)
    RCC_SYSCLKConfig                         0x0800686b   Thumb Code    18  stm32f10x_rcc.o(.text)
    RCC_GetSYSCLKSource                      0x0800687d   Thumb Code    10  stm32f10x_rcc.o(.text)
    RCC_HCLKConfig                           0x08006887   Thumb Code    18  stm32f10x_rcc.o(.text)
    RCC_PCLK1Config                          0x08006899   Thumb Code    18  stm32f10x_rcc.o(.text)
    RCC_PCLK2Config                          0x080068ab   Thumb Code    20  stm32f10x_rcc.o(.text)
    RCC_ITConfig                             0x080068bf   Thumb Code    26  stm32f10x_rcc.o(.text)
    RCC_USBCLKConfig                         0x080068d9   Thumb Code     6  stm32f10x_rcc.o(.text)
    RCC_ADCCLKConfig                         0x080068df   Thumb Code    18  stm32f10x_rcc.o(.text)
    RCC_LSEConfig                            0x080068f1   Thumb Code    44  stm32f10x_rcc.o(.text)
    RCC_LSICmd                               0x0800691d   Thumb Code     6  stm32f10x_rcc.o(.text)
    RCC_RTCCLKConfig                         0x08006923   Thumb Code    12  stm32f10x_rcc.o(.text)
    RCC_RTCCLKCmd                            0x0800692f   Thumb Code     8  stm32f10x_rcc.o(.text)
    RCC_GetClocksFreq                        0x08006937   Thumb Code   192  stm32f10x_rcc.o(.text)
    RCC_AHBPeriphClockCmd                    0x080069f7   Thumb Code    26  stm32f10x_rcc.o(.text)
    RCC_APB2PeriphClockCmd                   0x08006a11   Thumb Code    26  stm32f10x_rcc.o(.text)
    RCC_APB1PeriphClockCmd                   0x08006a2b   Thumb Code    26  stm32f10x_rcc.o(.text)
    RCC_APB2PeriphResetCmd                   0x08006a45   Thumb Code    26  stm32f10x_rcc.o(.text)
    RCC_APB1PeriphResetCmd                   0x08006a5f   Thumb Code    26  stm32f10x_rcc.o(.text)
    RCC_BackupResetCmd                       0x08006a79   Thumb Code     8  stm32f10x_rcc.o(.text)
    RCC_ClockSecuritySystemCmd               0x08006a81   Thumb Code     6  stm32f10x_rcc.o(.text)
    RCC_MCOConfig                            0x08006a87   Thumb Code     6  stm32f10x_rcc.o(.text)
    RCC_ClearFlag                            0x08006a8d   Thumb Code    14  stm32f10x_rcc.o(.text)
    RCC_GetITStatus                          0x08006a9b   Thumb Code    20  stm32f10x_rcc.o(.text)
    RCC_ClearITPendingBit                    0x08006aaf   Thumb Code     6  stm32f10x_rcc.o(.text)
    RTC_ITConfig                             0x08006ae1   Thumb Code    26  stm32f10x_rtc.o(.text)
    RTC_EnterConfigMode                      0x08006afb   Thumb Code    18  stm32f10x_rtc.o(.text)
    RTC_ExitConfigMode                       0x08006b0d   Thumb Code    20  stm32f10x_rtc.o(.text)
    RTC_GetCounter                           0x08006b21   Thumb Code    18  stm32f10x_rtc.o(.text)
    RTC_SetCounter                           0x08006b33   Thumb Code    26  stm32f10x_rtc.o(.text)
    RTC_SetPrescaler                         0x08006b4d   Thumb Code    28  stm32f10x_rtc.o(.text)
    RTC_SetAlarm                             0x08006b69   Thumb Code    26  stm32f10x_rtc.o(.text)
    RTC_GetDivider                           0x08006b83   Thumb Code    22  stm32f10x_rtc.o(.text)
    RTC_WaitForLastTask                      0x08006b99   Thumb Code    16  stm32f10x_rtc.o(.text)
    RTC_WaitForSynchro                       0x08006ba9   Thumb Code    34  stm32f10x_rtc.o(.text)
    RTC_GetFlagStatus                        0x08006bcb   Thumb Code    22  stm32f10x_rtc.o(.text)
    RTC_ClearFlag                            0x08006be1   Thumb Code    16  stm32f10x_rtc.o(.text)
    RTC_GetITStatus                          0x08006bf1   Thumb Code    32  stm32f10x_rtc.o(.text)
    RTC_ClearITPendingBit                    0x08006c11   Thumb Code    16  stm32f10x_rtc.o(.text)
    TIM_DeInit                               0x08006c25   Thumb Code   424  stm32f10x_tim.o(.text)
    TIM_TimeBaseInit                         0x08006dcd   Thumb Code   122  stm32f10x_tim.o(.text)
    TIM_OC1Init                              0x08006e47   Thumb Code   132  stm32f10x_tim.o(.text)
    TIM_OC2Init                              0x08006ecb   Thumb Code   154  stm32f10x_tim.o(.text)
    TIM_OC3Init                              0x08006f65   Thumb Code   150  stm32f10x_tim.o(.text)
    TIM_OC4Init                              0x08006ffb   Thumb Code   182  stm32f10x_tim.o(.text)
    TIM_SetIC4Prescaler                      0x080070b1   Thumb Code    26  stm32f10x_tim.o(.text)
    TIM_SetIC3Prescaler                      0x0800714d   Thumb Code    18  stm32f10x_tim.o(.text)
    TIM_SetIC2Prescaler                      0x080071d9   Thumb Code    26  stm32f10x_tim.o(.text)
    TIM_SetIC1Prescaler                      0x08007275   Thumb Code    18  stm32f10x_tim.o(.text)
    TIM_ICInit                               0x080072f3   Thumb Code   150  stm32f10x_tim.o(.text)
    TIM_PWMIConfig                           0x08007389   Thumb Code   124  stm32f10x_tim.o(.text)
    TIM_BDTRConfig                           0x08007405   Thumb Code    32  stm32f10x_tim.o(.text)
    TIM_TimeBaseStructInit                   0x08007425   Thumb Code    18  stm32f10x_tim.o(.text)
    TIM_OCStructInit                         0x08007437   Thumb Code    20  stm32f10x_tim.o(.text)
    TIM_ICStructInit                         0x0800744b   Thumb Code    18  stm32f10x_tim.o(.text)
    TIM_BDTRStructInit                       0x0800745d   Thumb Code    40  stm32f10x_tim.o(.text)
    TIM_Cmd                                  0x08007485   Thumb Code    24  stm32f10x_tim.o(.text)
    TIM_CtrlPWMOutputs                       0x0800749d   Thumb Code    30  stm32f10x_tim.o(.text)
    TIM_ITConfig                             0x080074bb   Thumb Code    18  stm32f10x_tim.o(.text)
    TIM_GenerateEvent                        0x080074cd   Thumb Code     4  stm32f10x_tim.o(.text)
    TIM_DMAConfig                            0x080074d1   Thumb Code    10  stm32f10x_tim.o(.text)
    TIM_DMACmd                               0x080074db   Thumb Code    18  stm32f10x_tim.o(.text)
    TIM_InternalClockConfig                  0x080074ed   Thumb Code    12  stm32f10x_tim.o(.text)
    TIM_SelectInputTrigger                   0x080074f9   Thumb Code    18  stm32f10x_tim.o(.text)
    TIM_ITRxExternalClockConfig              0x0800750b   Thumb Code    24  stm32f10x_tim.o(.text)
    TIM_TIxExternalClockConfig               0x08007523   Thumb Code    62  stm32f10x_tim.o(.text)
    TIM_ETRConfig                            0x08007561   Thumb Code    28  stm32f10x_tim.o(.text)
    TIM_ETRClockMode1Config                  0x0800757d   Thumb Code    54  stm32f10x_tim.o(.text)
    TIM_ETRClockMode2Config                  0x080075b3   Thumb Code    32  stm32f10x_tim.o(.text)
    TIM_PrescalerConfig                      0x080075d3   Thumb Code     6  stm32f10x_tim.o(.text)
    TIM_CounterModeConfig                    0x080075d9   Thumb Code    18  stm32f10x_tim.o(.text)
    TIM_EncoderInterfaceConfig               0x080075eb   Thumb Code    66  stm32f10x_tim.o(.text)
    TIM_ForcedOC1Config                      0x0800762d   Thumb Code    18  stm32f10x_tim.o(.text)
    TIM_ForcedOC2Config                      0x0800763f   Thumb Code    26  stm32f10x_tim.o(.text)
    TIM_ForcedOC3Config                      0x08007659   Thumb Code    18  stm32f10x_tim.o(.text)
    TIM_ForcedOC4Config                      0x0800766b   Thumb Code    26  stm32f10x_tim.o(.text)
    TIM_ARRPreloadConfig                     0x08007685   Thumb Code    24  stm32f10x_tim.o(.text)
    TIM_SelectCOM                            0x0800769d   Thumb Code    24  stm32f10x_tim.o(.text)
    TIM_SelectCCDMA                          0x080076b5   Thumb Code    24  stm32f10x_tim.o(.text)
    TIM_CCPreloadControl                     0x080076cd   Thumb Code    24  stm32f10x_tim.o(.text)
    TIM_OC1PreloadConfig                     0x080076e5   Thumb Code    18  stm32f10x_tim.o(.text)
    TIM_OC2PreloadConfig                     0x080076f7   Thumb Code    26  stm32f10x_tim.o(.text)
    TIM_OC3PreloadConfig                     0x08007711   Thumb Code    18  stm32f10x_tim.o(.text)
    TIM_OC4PreloadConfig                     0x08007723   Thumb Code    26  stm32f10x_tim.o(.text)
    TIM_OC1FastConfig                        0x0800773d   Thumb Code    18  stm32f10x_tim.o(.text)
    TIM_OC2FastConfig                        0x0800774f   Thumb Code    26  stm32f10x_tim.o(.text)
    TIM_OC3FastConfig                        0x08007769   Thumb Code    18  stm32f10x_tim.o(.text)
    TIM_OC4FastConfig                        0x0800777b   Thumb Code    26  stm32f10x_tim.o(.text)
    TIM_ClearOC1Ref                          0x08007795   Thumb Code    18  stm32f10x_tim.o(.text)
    TIM_ClearOC2Ref                          0x080077a7   Thumb Code    24  stm32f10x_tim.o(.text)
    TIM_ClearOC3Ref                          0x080077bf   Thumb Code    18  stm32f10x_tim.o(.text)
    TIM_ClearOC4Ref                          0x080077d1   Thumb Code    24  stm32f10x_tim.o(.text)
    TIM_OC1PolarityConfig                    0x080077e9   Thumb Code    18  stm32f10x_tim.o(.text)
    TIM_OC1NPolarityConfig                   0x080077fb   Thumb Code    18  stm32f10x_tim.o(.text)
    TIM_OC2PolarityConfig                    0x0800780d   Thumb Code    26  stm32f10x_tim.o(.text)
    TIM_OC2NPolarityConfig                   0x08007827   Thumb Code    26  stm32f10x_tim.o(.text)
    TIM_OC3PolarityConfig                    0x08007841   Thumb Code    26  stm32f10x_tim.o(.text)
    TIM_OC3NPolarityConfig                   0x0800785b   Thumb Code    26  stm32f10x_tim.o(.text)
    TIM_OC4PolarityConfig                    0x08007875   Thumb Code    26  stm32f10x_tim.o(.text)
    TIM_CCxCmd                               0x0800788f   Thumb Code    30  stm32f10x_tim.o(.text)
    TIM_CCxNCmd                              0x080078ad   Thumb Code    30  stm32f10x_tim.o(.text)
    TIM_SelectOCxM                           0x080078cb   Thumb Code    82  stm32f10x_tim.o(.text)
    TIM_UpdateDisableConfig                  0x0800791d   Thumb Code    24  stm32f10x_tim.o(.text)
    TIM_UpdateRequestConfig                  0x08007935   Thumb Code    24  stm32f10x_tim.o(.text)
    TIM_SelectHallSensor                     0x0800794d   Thumb Code    24  stm32f10x_tim.o(.text)
    TIM_SelectOnePulseMode                   0x08007965   Thumb Code    18  stm32f10x_tim.o(.text)
    TIM_SelectOutputTrigger                  0x08007977   Thumb Code    18  stm32f10x_tim.o(.text)
    TIM_SelectSlaveMode                      0x08007989   Thumb Code    18  stm32f10x_tim.o(.text)
    TIM_SelectMasterSlaveMode                0x0800799b   Thumb Code    18  stm32f10x_tim.o(.text)
    TIM_SetCounter                           0x080079ad   Thumb Code     4  stm32f10x_tim.o(.text)
    TIM_SetAutoreload                        0x080079b1   Thumb Code     4  stm32f10x_tim.o(.text)
    TIM_SetCompare1                          0x080079b5   Thumb Code     4  stm32f10x_tim.o(.text)
    TIM_SetCompare2                          0x080079b9   Thumb Code     4  stm32f10x_tim.o(.text)
    TIM_SetCompare3                          0x080079bd   Thumb Code     4  stm32f10x_tim.o(.text)
    TIM_SetCompare4                          0x080079c1   Thumb Code     6  stm32f10x_tim.o(.text)
    TIM_SetClockDivision                     0x080079c7   Thumb Code    18  stm32f10x_tim.o(.text)
    TIM_GetCapture1                          0x080079d9   Thumb Code     6  stm32f10x_tim.o(.text)
    TIM_GetCapture2                          0x080079df   Thumb Code     6  stm32f10x_tim.o(.text)
    TIM_GetCapture3                          0x080079e5   Thumb Code     6  stm32f10x_tim.o(.text)
    TIM_GetCapture4                          0x080079eb   Thumb Code     8  stm32f10x_tim.o(.text)
    TIM_GetCounter                           0x080079f3   Thumb Code     6  stm32f10x_tim.o(.text)
    TIM_GetPrescaler                         0x080079f9   Thumb Code     6  stm32f10x_tim.o(.text)
    TIM_GetFlagStatus                        0x080079ff   Thumb Code    18  stm32f10x_tim.o(.text)
    TIM_ClearFlag                            0x08007a11   Thumb Code     6  stm32f10x_tim.o(.text)
    TIM_GetITStatus                          0x08007a17   Thumb Code    34  stm32f10x_tim.o(.text)
    TIM_ClearITPendingBit                    0x08007a39   Thumb Code     6  stm32f10x_tim.o(.text)
    USART_DeInit                             0x08007a41   Thumb Code   134  stm32f10x_usart.o(.text)
    USART_Init                               0x08007ac7   Thumb Code   210  stm32f10x_usart.o(.text)
    USART_StructInit                         0x08007b99   Thumb Code    24  stm32f10x_usart.o(.text)
    USART_ClockInit                          0x08007bb1   Thumb Code    34  stm32f10x_usart.o(.text)
    USART_ClockStructInit                    0x08007bd3   Thumb Code    12  stm32f10x_usart.o(.text)
    USART_Cmd                                0x08007bdf   Thumb Code    24  stm32f10x_usart.o(.text)
    USART_ITConfig                           0x08007bf7   Thumb Code    74  stm32f10x_usart.o(.text)
    USART_DMACmd                             0x08007c41   Thumb Code    18  stm32f10x_usart.o(.text)
    USART_SetAddress                         0x08007c53   Thumb Code    18  stm32f10x_usart.o(.text)
    USART_WakeUpConfig                       0x08007c65   Thumb Code    18  stm32f10x_usart.o(.text)
    USART_ReceiverWakeUpCmd                  0x08007c77   Thumb Code    24  stm32f10x_usart.o(.text)
    USART_LINBreakDetectLengthConfig         0x08007c8f   Thumb Code    18  stm32f10x_usart.o(.text)
    USART_LINCmd                             0x08007ca1   Thumb Code    24  stm32f10x_usart.o(.text)
    USART_SendData                           0x08007cb9   Thumb Code     8  stm32f10x_usart.o(.text)
    USART_ReceiveData                        0x08007cc1   Thumb Code    10  stm32f10x_usart.o(.text)
    USART_SendBreak                          0x08007ccb   Thumb Code    10  stm32f10x_usart.o(.text)
    USART_SetGuardTime                       0x08007cd5   Thumb Code    16  stm32f10x_usart.o(.text)
    USART_SetPrescaler                       0x08007ce5   Thumb Code    16  stm32f10x_usart.o(.text)
    USART_SmartCardCmd                       0x08007cf5   Thumb Code    24  stm32f10x_usart.o(.text)
    USART_SmartCardNACKCmd                   0x08007d0d   Thumb Code    24  stm32f10x_usart.o(.text)
    USART_HalfDuplexCmd                      0x08007d25   Thumb Code    24  stm32f10x_usart.o(.text)
    USART_OverSampling8Cmd                   0x08007d3d   Thumb Code    22  stm32f10x_usart.o(.text)
    USART_OneBitMethodCmd                    0x08007d53   Thumb Code    24  stm32f10x_usart.o(.text)
    USART_IrDAConfig                         0x08007d6b   Thumb Code    18  stm32f10x_usart.o(.text)
    USART_IrDACmd                            0x08007d7d   Thumb Code    24  stm32f10x_usart.o(.text)
    USART_GetFlagStatus                      0x08007d95   Thumb Code    26  stm32f10x_usart.o(.text)
    USART_ClearFlag                          0x08007daf   Thumb Code    18  stm32f10x_usart.o(.text)
    USART_GetITStatus                        0x08007dc1   Thumb Code    84  stm32f10x_usart.o(.text)
    USART_ClearITPendingBit                  0x08007e15   Thumb Code    52  stm32f10x_usart.o(.text)
    IIC_GPIO_Configuration                   0x08007e49   Thumb Code    50  iic_analog.o(.text)
    IIC_Start                                0x08007e7b   Thumb Code    72  iic_analog.o(.text)
    IIC_Stop                                 0x08007ec3   Thumb Code    70  iic_analog.o(.text)
    IIC_Wait_Ack                             0x08007f09   Thumb Code    86  iic_analog.o(.text)
    IIC_Ack                                  0x08007f5f   Thumb Code    72  iic_analog.o(.text)
    IIC_NAck                                 0x08007fa7   Thumb Code    72  iic_analog.o(.text)
    IIC_Send_Byte                            0x08007fef   Thumb Code   108  iic_analog.o(.text)
    IIC_Read_Byte                            0x0800805b   Thumb Code    98  iic_analog.o(.text)
    Single_Write_IIC                         0x080080bd   Thumb Code    54  iic_analog.o(.text)
    Single_Read_IIC                          0x080080f3   Thumb Code    64  iic_analog.o(.text)
    GPIO_Filter                              0x08008133   Thumb Code    86  iic_analog.o(.text)
    IIC_WriteBits                            0x08008189   Thumb Code    74  iic_analog.o(.text)
    IIC_WriteBit                             0x080081d3   Thumb Code    56  iic_analog.o(.text)
    GUI_DispChar                             0x080082dd   Thumb Code    12  gui_dispchar.o(.text)
    GUI_DispCharAt                           0x080082e9   Thumb Code    22  gui_dispchar.o(.text)
    GUI_DrawHLine                            0x08008305   Thumb Code    78  gui_drawhline.o(.text)
    GUI_DrawPolyLine                         0x08008393   Thumb Code    58  gui_drawpolyline.o(.text)
    GUI_FillRect                             0x080083d1   Thumb Code    94  gui_fillrect.o(.text)
    GUI_GotoY                                0x0800844d   Thumb Code    16  gui_goto.o(.text)
    GUI_GotoX                                0x0800845d   Thumb Code    16  gui_goto.o(.text)
    GUI_GotoXY                               0x0800846d   Thumb Code    26  gui_goto.o(.text)
    GUI_SetDrawMode                          0x0800848d   Thumb Code    16  gui_setdrawmode.o(.text)
    GUI_ClearRect                            0x080084d9   Thumb Code   116  guicore.o(.text)
    GUI_Clear                                0x0800854d   Thumb Code    26  guicore.o(.text)
    GUI_Init                                 0x08008567   Thumb Code    34  guicore.o(.text)
    GUI_GetFontSizeY                         0x08008599   Thumb Code    12  gui_getfontsizey.o(.text)
    GUI_UC_SetEncodeNone                     0x080085c3   Thumb Code     8  gui_uc_encodenone.o(.text)
    GUI_sin                                  0x080085ed   Thumb Code    88  gui2dlib.o(.text)
    GUI_cos                                  0x08008645   Thumb Code    14  gui2dlib.o(.text)
    GL_DrawPoint                             0x080087ff   Thumb Code    46  gui2dlib.o(.text)
    GL_DrawLine1                             0x0800884f   Thumb Code   334  gui2dlib.o(.text)
    GL_DrawLine                              0x0800899d   Thumb Code   308  gui2dlib.o(.text)
    GUI_DrawLine                             0x08008ad1   Thumb Code    70  gui2dlib.o(.text)
    GL_DrawLineTo                            0x08008b17   Thumb Code    36  gui2dlib.o(.text)
    GL_MoveTo                                0x08008b3b   Thumb Code    12  gui2dlib.o(.text)
    GL_DrawPolygon                           0x08008b47   Thumb Code   104  gui2dlib.o(.text)
    GUI_DrawPolygon                          0x08008baf   Thumb Code    58  gui2dlib.o(.text)
    GUI_MoveRel                              0x08008c0f   Thumb Code    24  gui2dlib.o(.text)
    GUI_DrawLineRel                          0x08008c27   Thumb Code    42  gui2dlib.o(.text)
    GUI_DrawLineTo                           0x08008c6b   Thumb Code    54  gui2dlib.o(.text)
    GUI_MoveTo                               0x08008ca1   Thumb Code    28  gui2dlib.o(.text)
    GUI_DrawRect                             0x08008cf5   Thumb Code   110  gui2dlib.o(.text)
    GUI_DrawPoint                            0x08008d63   Thumb Code    46  gui2dlib.o(.text)
    GUI_GetFontDistY                         0x08008d95   Thumb Code    18  guichar.o(.text)
    GUI_DispNextLine                         0x08008da7   Thumb Code    26  guichar.o(.text)
    GL_DispChar                              0x08008dc1   Thumb Code    44  guichar.o(.text)
    GUI_GetYAdjust                           0x08008ded   Thumb Code    68  guichar.o(.text)
    GUI_GetCharDistX                         0x08008e31   Thumb Code    20  guichar.o(.text)
    LCD_SetColorIndex                        0x08008e61   Thumb Code    16  lcd.o(.text)
    LCD_SetBkColorIndex                      0x08008e71   Thumb Code    16  lcd.o(.text)
    LCD_SetDrawMode                          0x08008e81   Thumb Code    40  lcd.o(.text)
    LCD_DrawPixel                            0x08008ea9   Thumb Code    90  lcd.o(.text)
    LCD_DrawHLine                            0x08008f03   Thumb Code    84  lcd.o(.text)
    LCD_FillRect                             0x08008f57   Thumb Code   106  lcd.o(.text)
    LCD_DrawBitmap                           0x08008fc1   Thumb Code   556  lcd.o(.text)
    LCD_SetClipRectMax                       0x080091ed   Thumb Code    12  lcd.o(.text)
    LCD_Init                                 0x080091f9   Thumb Code    60  lcd.o(.text)
    LCD_Color2Index                          0x08009235   Thumb Code    12  lcd.o(.text)
    LCD_Index2Color                          0x08009241   Thumb Code    12  lcd.o(.text)
    LCD_SetBkColor                           0x0800924d   Thumb Code    30  lcd.o(.text)
    LCD_SetColor                             0x0800926b   Thumb Code    30  lcd.o(.text)
    LCD_L0_Color2Index                       0x0800928d   Thumb Code    16  lcd_l0_generic.o(.text)
    LCD_L0_Index2Color                       0x0800929d   Thumb Code    12  lcd_l0_generic.o(.text)
    LCD_L0_GetIndexMask                      0x080092a9   Thumb Code     8  lcd_l0_generic.o(.text)
    LCD_L0_GetRect                           0x080092b1   Thumb Code    16  lcd_l0_generic.o(.text)
    GUI_X_GetTime                            0x080092c1   Thumb Code     6  gui_x.o(.text)
    GUI_X_Delay                              0x080092c7   Thumb Code    20  gui_x.o(.text)
    GUI_X_Init                               0x080092db   Thumb Code     2  gui_x.o(.text)
    GUI_X_ExecIdle                           0x080092dd   Thumb Code     2  gui_x.o(.text)
    GUI_X_Log                                0x080092df   Thumb Code     4  gui_x.o(.text)
    GUI_X_Warn                               0x080092e3   Thumb Code     4  gui_x.o(.text)
    GUI_X_ErrorOut                           0x080092e7   Thumb Code     4  gui_x.o(.text)
    WM__RectIsNZ                             0x08009323   Thumb Code    38  wm.o(.text)
    WM__Client2Screen                        0x080093df   Thumb Code    22  wm.o(.text)
    WM__ClipAtParentBorders                  0x08009437   Thumb Code    68  wm.o(.text)
    WM__ActivateClipRect                     0x0800947b   Thumb Code    64  wm.o(.text)
    WM__InsertWindowIntoList                 0x080094bb   Thumb Code   146  wm.o(.text)
    WM__RemoveWindowFromList                 0x0800954d   Thumb Code    94  wm.o(.text)
    WM_InvalidateArea                        0x080095ab   Thumb Code    36  wm.o(.text)
    WM__DetachWindow                         0x080095cf   Thumb Code    36  wm.o(.text)
    WM_SelectWindow                          0x080095f3   Thumb Code    52  wm.o(.text)
    WM__RemoveFromLinList                    0x08009627   Thumb Code    54  wm.o(.text)
    WM_SendMessage                           0x0800965d   Thumb Code    32  wm.o(.text)
    WM__SendMsgNoData                        0x0800967d   Thumb Code    22  wm.o(.text)
    WM__IsWindow                             0x08009693   Thumb Code    38  wm.o(.text)
    WM_DeleteWindow                          0x080096b9   Thumb Code   218  wm.o(.text)
    WM__InvalidateAreaBelow                  0x080097b5   Thumb Code    16  wm.o(.text)
    WM__GetClientRectWin                     0x080099b5   Thumb Code    28  wm.o(.text)
    WM_InvalidateRect                        0x080099db   Thumb Code   104  wm.o(.text)
    WM_InvalidateWindow                      0x08009a43   Thumb Code    14  wm.o(.text)
    WM_CreateWindowAsChild                   0x08009a51   Thumb Code   306  wm.o(.text)
    WM_CreateWindow                          0x08009b83   Thumb Code    44  wm.o(.text)
    WM_GetActiveWindow                       0x08009baf   Thumb Code     8  wm.o(.text)
    WM__GetNextIVR                           0x08009d2b   Thumb Code    72  wm.o(.text)
    WM__InitIVRSearch                        0x08009d73   Thumb Code   248  wm.o(.text)
    WM_SetDefault                            0x08009e6b   Thumb Code    14  wm.o(.text)
    WM__PaintWinAndOverlays                  0x0800a023   Thumb Code    52  wm.o(.text)
    WM_Exec1                                 0x0800a105   Thumb Code    66  wm.o(.text)
    WM_Exec                                  0x0800a147   Thumb Code    20  wm.o(.text)
    WM_DefaultProc                           0x0800a15b   Thumb Code   102  wm.o(.text)
    WM_Activate                              0x0800a20d   Thumb Code     8  wm.o(.text)
    WM_Deactivate                            0x0800a215   Thumb Code    14  wm.o(.text)
    WM_Init                                  0x0800a223   Thumb Code   108  wm.o(.text)
    WM_GetDesktopWindow                      0x0800a2d1   Thumb Code     8  wm_getdesktopwindow.o(.text)
    GUI__GetFontSizeY                        0x0800a2dd   Thumb Code    16  gui__getfontsizey.o(.text)
    GUI__IntersectRect                       0x0800a2f1   Thumb Code    66  gui__intersectrect.o(.text)
    GUI__IntersectRects                      0x0800a333   Thumb Code   136  gui__intersectrects.o(.text)
    GUI_ALLOC_AllocZero                      0x0800a3bb   Thumb Code    34  gui_alloc_alloczero.o(.text)
    GL_FillPolygon                           0x0800a57f   Thumb Code   320  gui_fillpolygon.o(.text)
    GUI_FillPolygon                          0x0800a6bf   Thumb Code    58  gui_fillpolygon.o(.text)
    GUI_MergeRect                            0x0800a705   Thumb Code   130  gui_mergerect.o(.text)
    GUI_MoveRect                             0x0800a787   Thumb Code    36  gui_moverect.o(.text)
    GUI_GetKey                               0x0800a7ad   Thumb Code    12  gui_onkey.o(.text)
    GUI_StoreKey                             0x0800a7b9   Thumb Code    12  gui_onkey.o(.text)
    GUI_ClearKeyBuffer                       0x0800a7c5   Thumb Code    14  gui_onkey.o(.text)
    GUI_StoreKeyMsg                          0x0800a7d3   Thumb Code    14  gui_onkey.o(.text)
    GUI_PollKeyMsg                           0x0800a7e1   Thumb Code    54  gui_onkey.o(.text)
    GUI_SendKeyMsg                           0x0800a817   Thumb Code    26  gui_onkey.o(.text)
    GUI_RectsIntersect                       0x0800a83d   Thumb Code    58  gui_rectsintersect.o(.text)
    GUI_SaveContext_W                        0x0800a879   Thumb Code    16  gui_savecontext.o(.text)
    GUI_RestoreContext                       0x0800a889   Thumb Code    16  gui_savecontext.o(.text)
    GUI_SetBkColor                           0x0800a89d   Thumb Code    12  gui_setcolor.o(.text)
    GUI_SetColor                             0x0800a8a9   Thumb Code    12  gui_setcolor.o(.text)
    GL_SetDefault                            0x0800a8b5   Thumb Code    54  gui_setdefault.o(.text)
    GUI_SetDefault                           0x0800a8eb   Thumb Code     8  gui_setdefault.o(.text)
    GUI_ALLOC_Init                           0x0800ab0b   Thumb Code    42  guialloc.o(.text)
    GUI_ALLOC_AllocNoInit                    0x0800ac43   Thumb Code    22  guialloc.o(.text)
    GUI_ALLOC_h2p                            0x0800ac59   Thumb Code    24  guialloc.o(.text)
    GUI_ALLOC_GetNumFreeBytes                0x0800ac71   Thumb Code    14  guialloc.o(.text)
    GUI_ALLOC_GetMaxSize                     0x0800ac7f   Thumb Code   134  guialloc.o(.text)
    GUI_ALLOC_GetSize                        0x0800ad05   Thumb Code    18  guialloc.o(.text)
    GUI_ALLOC_Free                           0x0800ad17   Thumb Code    18  guialloc.o(.text)
    GUI_ALLOC_FreePtr                        0x0800ad29   Thumb Code    18  guialloc.o(.text)
    GUIMONO_DispChar                         0x0800ad3d   Thumb Code   388  guicharm.o(.text)
    GUIMONO_GetCharDistX                     0x0800aec1   Thumb Code    22  guicharm.o(.text)
    GUIMONO_GetFontInfo                      0x0800aed7   Thumb Code     8  guicharm.o(.text)
    GUIMONO_IsInFont                         0x0800aedf   Thumb Code    48  guicharm.o(.text)
    GL_DrawCircle                            0x0800af67   Thumb Code   104  guicirc.o(.text)
    GUI_DrawCircle                           0x0800afcf   Thumb Code    82  guicirc.o(.text)
    GL_FillCircle                            0x0800b021   Thumb Code   138  guicirc.o(.text)
    GUI_FillCircle                           0x0800b0ab   Thumb Code    50  guicirc.o(.text)
    GL_FillEllipse                           0x0800b0dd   Thumb Code   146  guicirc.o(.text)
    GUI_FillEllipse                          0x0800b16f   Thumb Code    90  guicirc.o(.text)
    GL_DrawEllipse                           0x0800b1c9   Thumb Code   218  guicirc.o(.text)
    GUI_DrawEllipse                          0x0800b2a3   Thumb Code    90  guicirc.o(.text)
    LCD_DrawVLine                            0x0800b301   Thumb Code    84  lcd_drawvline.o(.text)
    LCD_SetClipRectEx                        0x0800b359   Thumb Code    22  lcd_setcliprectex.o(.text)
    LCD_GetpPalConvTableUncached             0x0800b375   Thumb Code    64  lcdcolor.o(.text)
    LCD_GetpPalConvTable                     0x0800b3b5   Thumb Code    12  lcdcolor.o(.text)
    LCD_InitLUT                              0x0800b3c1   Thumb Code    30  lcdcolor.o(.text)
    LCD_Color2Index_1                        0x0800b3e5   Thumb Code    30  lcdp1.o(.text)
    LCD_Index2Color_1                        0x0800b403   Thumb Code    14  lcdp1.o(.text)
    LCD_GetIndexMask_1                       0x0800b411   Thumb Code     4  lcdp1.o(.text)
    LCD_L0_SetPixelIndex                     0x0800b415   Thumb Code    20  lcddummy.o(.text)
    LCD_L0_GetPixelIndex                     0x0800b429   Thumb Code    20  lcddummy.o(.text)
    LCD_L0_XorPixel                          0x0800b873   Thumb Code    30  lcddummy.o(.text)
    LCD_L0_DrawHLine                         0x0800b891   Thumb Code    58  lcddummy.o(.text)
    LCD_L0_DrawVLine                         0x0800b8cb   Thumb Code    58  lcddummy.o(.text)
    LCD_L0_FillRect                          0x0800b905   Thumb Code    34  lcddummy.o(.text)
    LCD_L0_DrawBitmap                        0x0800b927   Thumb Code   138  lcddummy.o(.text)
    LCD_L0_SetOrg                            0x0800b9b1   Thumb Code     6  lcddummy.o(.text)
    LCD_L0_On                                0x0800b9b7   Thumb Code     2  lcddummy.o(.text)
    LCD_L0_Off                               0x0800b9b9   Thumb Code     2  lcddummy.o(.text)
    LCD_L0_Init                              0x0800b9bb   Thumb Code    10  lcddummy.o(.text)
    LCD_L0_SetLUTEntry                       0x0800b9c5   Thumb Code     6  lcddummy.o(.text)
    WM_BringToBottom                         0x0800b9d1   Thumb Code    72  wm_bringtobottom.o(.text)
    WM__AddCriticalHandle                    0x0800ba19   Thumb Code    12  wm_criticalhandle.o(.text)
    WM__RemoveCriticalHandle                 0x0800ba25   Thumb Code    64  wm_criticalhandle.o(.text)
    WM_NotifyParent                          0x0800ba69   Thumb Code    22  wm_notifyparent.o(.text)
    WM_SendToParent                          0x0800ba7f   Thumb Code    32  wm_sendtoparent.o(.text)
    GUI__memset                              0x0800ba9f   Thumb Code    84  gui__memset.o(.text)
    GUI_GetPenSize                           0x0800baf5   Thumb Code     6  gui_pen.o(.text)
    GUI_GetPenShape                          0x0800bafb   Thumb Code     6  gui_pen.o(.text)
    GUI_SetPenSize                           0x0800bb01   Thumb Code    10  gui_pen.o(.text)
    GUI_SetPenShape                          0x0800bb0b   Thumb Code    10  gui_pen.o(.text)
    GUI_SetFont                              0x0800bb19   Thumb Code    12  gui_setfont.o(.text)
    GUI_SetLineStyle                         0x0800bb29   Thumb Code    10  gui_setlinestyle.o(.text)
    GUI_SetTextAlign                         0x0800bb39   Thumb Code    16  gui_settextalign.o(.text)
    GUI_SetTextMode                          0x0800bb4d   Thumb Code    16  gui_settextmode.o(.text)
    WM__GetPrevSibling                       0x0800bb61   Thumb Code    54  wm__getprevsibling.o(.text)
    WM_GetParent                             0x0800bb97   Thumb Code    20  wm_getparent.o(.text)
    WM_OnKey                                 0x0800bbad   Thumb Code    50  wm_onkey.o(.text)
    WM__GetFirstSibling                      0x0800bbe5   Thumb Code    30  wm__getfirstsibling.o(.text)
    WM__SendMessage                          0x0800bc03   Thumb Code    36  wm__sendmessage.o(.text)
    ___aeabi_memcpy$move                     0x0800bc27   Thumb Code    64  memmovea.o(.text)
    ___aeabi_memcpy8$move                    0x0800bc27   Thumb Code     0  memmovea.o(.text)
    __aeabi_memcpy4                          0x0800bc27   Thumb Code     0  memmovea.o(.text)
    __aeabi_memmove                          0x0800bc27   Thumb Code     0  memmovea.o(.text)
    __aeabi_memmove4                         0x0800bc27   Thumb Code     0  memmovea.o(.text)
    __aeabi_memmove8                         0x0800bc27   Thumb Code     0  memmovea.o(.text)
    __aeabi_memset                           0x0800bc67   Thumb Code    14  memseta.o(.text)
    __aeabi_memset4                          0x0800bc67   Thumb Code     0  memseta.o(.text)
    __aeabi_memset8                          0x0800bc67   Thumb Code     0  memseta.o(.text)
    __aeabi_memclr                           0x0800bc75   Thumb Code     4  memseta.o(.text)
    __aeabi_memclr4                          0x0800bc75   Thumb Code     0  memseta.o(.text)
    __aeabi_memclr8                          0x0800bc75   Thumb Code     0  memseta.o(.text)
    _memset$wrapper                          0x0800bc79   Thumb Code    18  memseta.o(.text)
    vsscanf                                  0x0800bc8d   Thumb Code    40  vsscanf.o(.text)
    __aeabi_dadd                             0x0800bcbd   Thumb Code   322  dadd.o(.text)
    __aeabi_dsub                             0x0800bdff   Thumb Code     6  dadd.o(.text)
    __aeabi_drsub                            0x0800be05   Thumb Code     6  dadd.o(.text)
    __aeabi_dmul                             0x0800be0b   Thumb Code   228  dmul.o(.text)
    __aeabi_ddiv                             0x0800beef   Thumb Code   222  ddiv.o(.text)
    __aeabi_i2d                              0x0800bfcd   Thumb Code    34  dflti.o(.text)
    __aeabi_ui2d                             0x0800bfef   Thumb Code    26  dfltui.o(.text)
    __aeabi_d2iz                             0x0800c009   Thumb Code    62  dfixi.o(.text)
    __aeabi_d2uiz                            0x0800c047   Thumb Code    50  dfixui.o(.text)
    __aeabi_f2d                              0x0800c079   Thumb Code    38  f2d.o(.text)
    __aeabi_cdcmpeq                          0x0800c0a1   Thumb Code     0  cdcmple.o(.text)
    __aeabi_cdcmple                          0x0800c0a1   Thumb Code    38  cdcmple.o(.text)
    __aeabi_cdrcmple                         0x0800c0c9   Thumb Code    38  cdrcmple.o(.text)
    __aeabi_d2f                              0x0800c0f1   Thumb Code    56  d2f.o(.text)
    __aeabi_uidiv                            0x0800c129   Thumb Code     0  uidiv.o(.text)
    __aeabi_uidivmod                         0x0800c129   Thumb Code    44  uidiv.o(.text)
    __aeabi_uldivmod                         0x0800c155   Thumb Code    98  uldiv.o(.text)
    __aeabi_llsl                             0x0800c1b7   Thumb Code    30  llshl.o(.text)
    _ll_shift_l                              0x0800c1b7   Thumb Code     0  llshl.o(.text)
    __aeabi_llsr                             0x0800c1d5   Thumb Code    32  llushr.o(.text)
    _ll_ushift_r                             0x0800c1d5   Thumb Code     0  llushr.o(.text)
    __aeabi_lasr                             0x0800c1f5   Thumb Code    36  llsshr.o(.text)
    _ll_sshift_r                             0x0800c1f5   Thumb Code     0  llsshr.o(.text)
    _scanf_longlong                          0x0800c219   Thumb Code   342  _scanf_longlong.o(.text)
    _scanf_int                               0x0800c36f   Thumb Code   336  _scanf_int.o(.text)
    _scanf_string                            0x0800c4bf   Thumb Code   218  _scanf_str.o(.text)
    _scanf_real                              0x0800c699   Thumb Code     0  scanf_fp.o(.text)
    _scanf_really_real                       0x0800c699   Thumb Code   560  scanf_fp.o(.text)
    __vfscanf_char                           0x0800c8e1   Thumb Code    20  scanf_char.o(.text)
    _sgetc                                   0x0800c8fd   Thumb Code    30  _sgetc.o(.text)
    _sbackspace                              0x0800c91b   Thumb Code    34  _sgetc.o(.text)
    __I$use$fp                               0x0800c93d   Thumb Code     0  iusefp.o(.text)
    _float_round                             0x0800c93d   Thumb Code    18  fepilogue.o(.text)
    _float_epilogue                          0x0800c94f   Thumb Code    90  fepilogue.o(.text)
    _double_round                            0x0800c9a9   Thumb Code    26  depilogue.o(.text)
    _double_epilogue                         0x0800c9c3   Thumb Code   164  depilogue.o(.text)
    __aeabi_d2ulz                            0x0800ca67   Thumb Code    48  dfixul.o(.text)
    __scatterload                            0x0800ca99   Thumb Code    28  init.o(.text)
    __scatterload_rt2                        0x0800ca99   Thumb Code     0  init.o(.text)
    isspace                                  0x0800cabd   Thumb Code    10  isspace_c.o(.text)
    _chval                                   0x0800cac7   Thumb Code    28  _chval.o(.text)
    __vfscanf                                0x0800cae5   Thumb Code   806  _scanf.o(.text)
    __aeabi_ul2d                             0x0800ce11   Thumb Code    24  dfltul.o(.text)
    __ctype_lookup                           0x0800ce29   Thumb Code    34  ctype_c.o(.text)
    __decompress                             0x0800ce51   Thumb Code     0  __dczerorl2.o(.text)
    __decompress1                            0x0800ce51   Thumb Code    92  __dczerorl2.o(.text)
    __0printf$2                              0x0800cead   Thumb Code    22  printf2.o(i.__0printf$2)
    __1printf$2                              0x0800cead   Thumb Code     0  printf2.o(i.__0printf$2)
    __2printf                                0x0800cead   Thumb Code     0  printf2.o(i.__0printf$2)
    __0vsnprintf                             0x0800cecd   Thumb Code    32  printfa.o(i.__0vsnprintf)
    __1vsnprintf                             0x0800cecd   Thumb Code     0  printfa.o(i.__0vsnprintf)
    __2vsnprintf                             0x0800cecd   Thumb Code     0  printfa.o(i.__0vsnprintf)
    __c89vsnprintf                           0x0800cecd   Thumb Code     0  printfa.o(i.__0vsnprintf)
    vsnprintf                                0x0800cecd   Thumb Code     0  printfa.o(i.__0vsnprintf)
    __scatterload_copy                       0x0800cef1   Thumb Code    14  handlers.o(i.__scatterload_copy)
    __scatterload_null                       0x0800ceff   Thumb Code     2  handlers.o(i.__scatterload_null)
    __scatterload_zeroinit                   0x0800cf01   Thumb Code    14  handlers.o(i.__scatterload_zeroinit)
    _is_digit                                0x0800d06d   Thumb Code    14  scanf_fp.o(i._is_digit)
    font_s                                   0x0800d8a8   Data         552  jlx12864g.o(.constdata)
    font_l                                   0x0800dad0   Data        1520  jlx12864g.o(.constdata)
    font_hz_tongxgc                          0x0800e0c0   Data         128  jlx12864g.o(.constdata)
    tsktsk                                   0x0800e140   Data        1024  jlx12864g.o(.constdata)
    GUI__API_TableNone                       0x0800e540   Data          16  gui_uc_encodenone.o(.constdata)
    aTan                                     0x0800e572   Data          34  gui2dlib.o(.constdata)
    GUI_acFont6x8                            0x0800e594   Data        1304  f6x8.o(.constdata)
    GUI_F6x8_TL8859_1                        0x0800eaac   Data         448  f6x8.o(.constdata)
    GUI_F6x8_TI8859_1                        0x0800ec6c   Data           8  f6x8.o(.constdata)
    GUI_F6x8_Mono                            0x0800ec74   Data          20  f6x8.o(.constdata)
    GUI_Font6x8                              0x0800ec88   Data          32  f6x8.o(.constdata)
    GUI_Font6x9                              0x0800eca8   Data          32  f6x8.o(.constdata)
    __ctype_categories                       0x0800ecc8   Data          64  ctype_c.o(.constdata)
    Region$$Table$$Base                      0x0800ed08   Number         0  anon$$obj.o(Region$$Table)
    Region$$Table$$Limit                     0x0800ed28   Number         0  anon$$obj.o(Region$$Table)
    SystemCoreClock                          0x20000000   Data           4  system_stm32f10x.o(.data)
    AHBPrescTable                            0x20000004   Data          16  system_stm32f10x.o(.data)
    PID_target                               0x20000018   Data           8  main.o(.data)
    PID_input                                0x20000020   Data           8  main.o(.data)
    PID_output                               0x20000028   Data           8  main.o(.data)
    KP                                       0x20000030   Data           8  main.o(.data)
    KI                                       0x20000038   Data           8  main.o(.data)
    KD                                       0x20000040   Data           8  main.o(.data)
    PIDSampleTime                            0x20000048   Data           8  main.o(.data)
    heater_PWM                               0x20000050   Data           8  main.o(.data)
    OUTPUT_REAL_MAX                          0x20000058   Data           4  main.o(.data)
    PID_lastinput                            0x20000060   Data           8  main.o(.data)
    STOP_HEATER                              0x20000068   Data           1  main.o(.data)
    STOP_MOTOR                               0x20000069   Data           1  main.o(.data)
    PID_alarm_MIN                            0x20000070   Data           8  main.o(.data)
    PID_alarm_MAX                            0x20000078   Data           8  main.o(.data)
    speed                                    0x20000080   Data           8  main.o(.data)
    time2speed                               0x20000088   Data           4  main.o(.data)
    timecount                                0x2000008c   Data           4  main.o(.data)
    spoken                                   0x20000090   Data           1  main.o(.data)
    timeKeyScan                              0x20000094   Data           4  main.o(.data)
    regularIDLE                              0x20000098   Data           4  main.o(.data)
    Curve_Top                                0x200000a0   Data           1  display.o(.data)
    Key_Value                                0x200000a1   Data           1  display.o(.data)
    FSM_VAL                                  0x200000a4   Data           4  display.o(.data)
    CfgPN                                    0x200000a8   Data           1  display.o(.data)
    Key_Cmd_Value                            0x200000a9   Data           8  display.o(.data)
    Key_Cmd_Length                           0x200000b1   Data           1  display.o(.data)
    disp__i                                  0x200000b4   Data           4  display.o(.data)
    curve_current_len                        0x200000b8   Data           1  display.o(.data)
    DISP_Update                              0x200000b9   Data           1  display.o(.data)
    Curve_Per_Len                            0x200000c0   Data           8  display.o(.data)
    _tmp                                     0x200000c8   Data           8  display.o(.data)
    __tmp                                    0x200000d0   Data           1  display.o(.data)
    IR_CODE                                  0x200000d1   Data          15  bttalk.o(.data)
    NEC_Data                                 0x200000e0   Data           2  bttalk.o(.data)
    defaultADCManager                        0x200000e4   Data           4  adcmanager.o(.data)
    defaultEXTIManager                       0x200000ec   Data           4  extimanager.o(.data)
    catchWhat_Flag                           0x200000f0   Data           4  inputcatcher.o(.data)
    ISROUTEENABLED_Flag                      0x200000f4   Data           4  inputcatcher.o(.data)
    defaultInputCatchManager                 0x200000f8   Data           4  inputcatcher.o(.data)
    defaultDoSomeThing                       0x200000fc   Data           4  millis.o(.data)
    _PID_lastTime                            0x20000100   Data           4  newpid.o(.data)
    _PID_ITerm                               0x20000108   Data           8  newpid.o(.data)
    _PID_lastInput                           0x20000110   Data           8  newpid.o(.data)
    _PID_kp                                  0x20000118   Data           8  newpid.o(.data)
    _PID_ki                                  0x20000120   Data           8  newpid.o(.data)
    _PID_kd                                  0x20000128   Data           8  newpid.o(.data)
    defaultPID                               0x20000130   Data           4  newpid.o(.data)
    _error                                   0x20000138   Data           8  newpid.o(.data)
    _dInput                                  0x20000140   Data           8  newpid.o(.data)
    __PID_ITerm                              0x20000148   Data           8  newpid.o(.data)
    defaultPWMManager                        0x20000150   Data           4  pwmmanager.o(.data)
    __stdout                                 0x20000154   Data           4  usart.o(.data)
    _buf2_Oldest_Data_Pointer                0x20000158   Data           4  usart2bufreceiever.o(.data)
    _ALL2_Pointer_Circles                    0x2000015c   Data           4  usart2bufreceiever.o(.data)
    _ALL2_Circles_Count                      0x20000160   Data           4  usart2bufreceiever.o(.data)
    defaultUSART2BufReceiever                0x20000164   Data           4  usart2bufreceiever.o(.data)
    _buf_Oldest_Data_Pointer                 0x20000168   Data           4  usartbufreceiever.o(.data)
    _ALL_Pointer_Circles                     0x2000016c   Data           4  usartbufreceiever.o(.data)
    _ALL_Circles_Count                       0x20000170   Data           4  usartbufreceiever.o(.data)
    defaultUSARTBufReceiever                 0x20000174   Data           4  usartbufreceiever.o(.data)
    DoEvery_xillis_count                     0x20000180   Data           4  doevery.o(.data)
    IRrecv_DoWhenDone                        0x20000184   Data           4  irremote.o(.data)
    IRrecv_DoWhenFlow                        0x20000188   Data           4  irremote.o(.data)
    key_output                               0x2000018c   Data          32  keyscan.o(.data)
    key_input                                0x200001ac   Data          24  keyscan.o(.data)
    DoWhenMKTriggered                        0x200001c4   Data           4  keyscan.o(.data)
    _Scan_Key_Value                          0x200001c8   Data           1  keyscan.o(.data)
    _Scan_Key_FSM                            0x200001c9   Data           1  keyscan.o(.data)
    key_out                                  0x200001cc   Data          32  newkeyscan.o(.data)
    key_in                                   0x200001ec   Data          24  newkeyscan.o(.data)
    NewKeyTriggered                          0x20000204   Data           4  newkeyscan.o(.data)
    NewKeyScan_Trg                           0x20000208   Data           1  newkeyscan.o(.data)
    NewKeyScan_Cont                          0x20000209   Data           1  newkeyscan.o(.data)
    GUI_DecChar                              0x20000220   Data           1  guicore.o(.data)
    GUI_pfTimerExec                          0x20000224   Data           4  guicore.o(.data)
    WM_pfHandlePID                           0x20000228   Data           4  guicore.o(.data)
    GUI_pfDispCharStyle                      0x2000022c   Data           4  guicore.o(.data)
    GUI_pLCD_APIList                         0x20000230   Data           4  guicore.o(.data)
    OS_TimeMS                                0x20000234   Data           4  gui_x.o(.data)
    WM__NumWindows                           0x20000238   Data           2  wm.o(.data)
    WM__NumInvalidWindows                    0x2000023a   Data           2  wm.o(.data)
    WM__FirstWin                             0x2000023c   Data           2  wm.o(.data)
    WM__pFirstCriticalHandle                 0x20000240   Data           4  wm.o(.data)
    WM__ahDesktopWin                         0x20000244   Data           2  wm.o(.data)
    WM__aBkColor                             0x20000248   Data           4  wm.o(.data)
    WM_IsActive                              0x2000024c   Data           1  wm.o(.data)
    WM__CreateFlags                          0x2000024e   Data           2  wm.o(.data)
    WM__hCapture                             0x20000250   Data           2  wm.o(.data)
    WM__hWinFocus                            0x20000252   Data           2  wm.o(.data)
    WM__CaptureReleaseAuto                   0x20000254   Data           1  wm.o(.data)
    WM_pfPollPID                             0x20000258   Data           4  wm.o(.data)
    WM__PaintCallbackCnt                     0x2000025c   Data           1  wm.o(.data)
    WM__TransWindowCnt                       0x20000260   Data           4  wm.o(.data)
    WM__hATransWindow                        0x20000264   Data           2  wm.o(.data)
    GUI_pfKeyMsgHook                         0x20000280   Data           4  gui_onkey.o(.data)
    WM__CHWinModal                           0x20000288   Data           8  wmtouch.o(.data)
    WM__CHWinLast                            0x20000290   Data           8  wmtouch.o(.data)
    USARTBufReceiever                        0x20000298   Data          24  main.o(.bss)
    PWMManager                               0x200002b0   Data         208  main.o(.bss)
    EXTIManager                              0x20000380   Data         200  main.o(.bss)
    PID                                      0x20000448   Data          96  main.o(.bss)
    aPoints                                  0x200004a8   Data         200  display.o(.bss)
    curvePoints                              0x20000570   Data         200  display.o(.bss)
    ADC_DEFAULT_DATA                         0x20000638   Data          34  adcmanager.o(.bss)
    _EXTILine                                0x2000065c   Data          64  extimanager.o(.bss)
    TIM_CAPTURE_STA_VAL1_VAL2_VAL3           0x2000069c   Data         256  inputcatcher.o(.bss)
    OLED_BUF                                 0x2000079c   Data        1024  jlx12864g.o(.bss)
    USART2_defaultBuf                        0x20000b9c   Data          50  usart2bufreceiever.o(.bss)
    USART_defaultBuf                         0x20000bce   Data          50  usartbufreceiever.o(.bss)
    GUI_Context                              0x200011c4   Data          72  guicore.o(.bss)
    WM_PID__StateLast                        0x2000120c   Data          12  wm.o(.bss)
    GUI_Heap                                 0x20001248   Data         256  guialloc.o(.bss)
    GUI_ALLOC                                0x20001384   Data          20  guialloc.o(.bss)
    LCD__aConvTable                          0x20001398   Data         256  lcdcolor.o(.bss)
    __initial_sp                             0x20001898   Data           0  startup_stm32f10x_md.o(STACK)



==============================================================================

Memory Map of the image

  Image Entry point : 0x080000ed

  Load Region LR_IROM1 (Base: 0x08000000, Size: 0x0000efc0, Max: 0x00020000, ABSOLUTE, COMPRESSED[0x0000eda0])

    Execution Region ER_IROM1 (Base: 0x08000000, Size: 0x0000ed28, Max: 0x00020000, ABSOLUTE)

    Base Addr    Size         Type   Attr      Idx    E Section Name        Object

    0x08000000   0x000000ec   Data   RO          841    RESET               startup_stm32f10x_md.o
    0x080000ec   0x00000000   Code   RO         2108  * .ARM.Collect$$$$00000000  mc_w.l(entry.o)
    0x080000ec   0x00000004   Code   RO         2412    .ARM.Collect$$$$00000001  mc_w.l(entry2.o)
    0x080000f0   0x00000004   Code   RO         2415    .ARM.Collect$$$$00000004  mc_w.l(entry5.o)
    0x080000f4   0x00000000   Code   RO         2417    .ARM.Collect$$$$00000008  mc_w.l(entry7b.o)
    0x080000f4   0x00000000   Code   RO         2419    .ARM.Collect$$$$0000000A  mc_w.l(entry8b.o)
    0x080000f4   0x00000008   Code   RO         2420    .ARM.Collect$$$$0000000B  mc_w.l(entry9a.o)
    0x080000fc   0x00000000   Code   RO         2422    .ARM.Collect$$$$0000000D  mc_w.l(entry10a.o)
    0x080000fc   0x00000000   Code   RO         2424    .ARM.Collect$$$$0000000F  mc_w.l(entry11a.o)
    0x080000fc   0x00000004   Code   RO         2413    .ARM.Collect$$$$00002712  mc_w.l(entry2.o)
    0x08000100   0x00000012   Code   RO          713    .emb_text           supertask.o
    0x08000112   0x00000002   PAD
    0x08000114   0x000001dc   Code   RO            1    .text               system_stm32f10x.o
    0x080002f0   0x00000020   Code   RO           79    .text               stm32f10x_it.o
    0x08000310   0x000006f0   Code   RO          113    .text               main.o
    0x08000a00   0x00000e00   Code   RO          300    .text               display.o
    0x08001800   0x00000158   Code   RO          321    .text               bttalk.o
    0x08001958   0x00000088   Code   RO          336    .text               led.o
    0x080019e0   0x0000038c   Code   RO          348    .text               adcmanager.o
    0x08001d6c   0x000000d0   Code   RO          367    .text               delay.o
    0x08001e3c   0x00000260   Code   RO          381    .text               ds18b20.o
    0x0800209c   0x00000430   Code   RO          393    .text               extimanager.o
    0x080024cc   0x00000814   Code   RO          427    .text               inputcatcher.o
    0x08002ce0   0x00000160   Code   RO          462    .text               millis.o
    0x08002e40   0x0000067c   Code   RO          477    .text               jlx12864g.o
    0x080034bc   0x00000588   Code   RO          499    .text               newpid.o
    0x08003a44   0x0000066c   Code   RO          514    .text               pwmmanager.o
    0x080040b0   0x000000a4   Code   RO          541    .text               usart.o
    0x08004154   0x0000017c   Code   RO          560    .text               usart2.o
    0x080042d0   0x000001e0   Code   RO          572    .text               usart2bufreceiever.o
    0x080044b0   0x000001e0   Code   RO          588    .text               usartbufreceiever.o
    0x08004690   0x00000804   Code   RO          646    .text               protocol.o
    0x08004e94   0x00000170   Code   RO          662    .text               doevery.o
    0x08005004   0x0000004c   Code   RO          714    .text               supertask.o
    0x08005050   0x000000f2   Code   RO          747    .text               24cxx.o
    0x08005142   0x00000002   PAD
    0x08005144   0x00000390   Code   RO          759    .text               irremote.o
    0x080054d4   0x0000027c   Code   RO          781    .text               keyscan.o
    0x08005750   0x00000134   Code   RO          799    .text               mymath.o
    0x08005884   0x000001d8   Code   RO          811    .text               newkeyscan.o
    0x08005a5c   0x00000024   Code   RO          842    .text               startup_stm32f10x_md.o
    0x08005a80   0x000000dc   Code   RO          846    .text               misc.o
    0x08005b5c   0x0000044e   Code   RO          858    .text               stm32f10x_adc.o
    0x08005faa   0x00000002   PAD
    0x08005fac   0x00000250   Code   RO          951    .text               stm32f10x_dma.o
    0x080061fc   0x0000011c   Code   RO          963    .text               stm32f10x_exti.o
    0x08006318   0x00000358   Code   RO         1002    .text               stm32f10x_gpio.o
    0x08006670   0x000000cc   Code   RO         1044    .text               stm32f10x_pwr.o
    0x0800673c   0x000003a4   Code   RO         1056    .text               stm32f10x_rcc.o
    0x08006ae0   0x00000144   Code   RO         1070    .text               stm32f10x_rtc.o
    0x08006c24   0x00000e1a   Code   RO         1109    .text               stm32f10x_tim.o
    0x08007a3e   0x00000002   PAD
    0x08007a40   0x00000408   Code   RO         1121    .text               stm32f10x_usart.o
    0x08007e48   0x000003f4   Code   RO         1163    .text               iic_analog.o
    0x0800823c   0x000000c8   Code   RO         1175    .text               LCD.lib(gui_dispchar.o)
    0x08008304   0x00000054   Code   RO         1225    .text               LCD.lib(gui_drawhline.o)
    0x08008358   0x00000078   Code   RO         1237    .text               LCD.lib(gui_drawpolyline.o)
    0x080083d0   0x00000064   Code   RO         1252    .text               LCD.lib(gui_fillrect.o)
    0x08008434   0x00000058   Code   RO         1264    .text               LCD.lib(gui_goto.o)
    0x0800848c   0x00000010   Code   RO         1283    .text               LCD.lib(gui_setdrawmode.o)
    0x0800849c   0x000000fc   Code   RO         1295    .text               LCD.lib(guicore.o)
    0x08008598   0x0000000c   Code   RO         1331    .text               LCD.lib(gui_getfontsizey.o)
    0x080085a4   0x00000030   Code   RO         1343    .text               LCD.lib(gui_uc_encodenone.o)
    0x080085d4   0x000007c0   Code   RO         1362    .text               LCD.lib(gui2dlib.o)
    0x08008d94   0x000000b8   Code   RO         1377    .text               LCD.lib(guichar.o)
    0x08008e4c   0x00000440   Code   RO         1389    .text               LCD.lib(lcd.o)
    0x0800928c   0x00000034   Code   RO         1405    .text               LCD.lib(lcd_l0_generic.o)
    0x080092c0   0x00000030   Code   RO         1434    .text               LCD.lib(gui_x.o)
    0x080092f0   0x00000fe0   Code   RO         1449    .text               LCD.lib(wm.o)
    0x0800a2d0   0x0000000c   Code   RO         1472    .text               LCD.lib(wm_getdesktopwindow.o)
    0x0800a2dc   0x00000014   Code   RO         1492    .text               LCD.lib(gui__getfontsizey.o)
    0x0800a2f0   0x00000042   Code   RO         1504    .text               LCD.lib(gui__intersectrect.o)
    0x0800a332   0x00000088   Code   RO         1516    .text               LCD.lib(gui__intersectrects.o)
    0x0800a3ba   0x00000022   Code   RO         1528    .text               LCD.lib(gui_alloc_alloczero.o)
    0x0800a3dc   0x00000328   Code   RO         1540    .text               LCD.lib(gui_fillpolygon.o)
    0x0800a704   0x00000082   Code   RO         1555    .text               LCD.lib(gui_mergerect.o)
    0x0800a786   0x00000024   Code   RO         1567    .text               LCD.lib(gui_moverect.o)
    0x0800a7aa   0x00000002   PAD
    0x0800a7ac   0x00000090   Code   RO         1579    .text               LCD.lib(gui_onkey.o)
    0x0800a83c   0x0000003a   Code   RO         1602    .text               LCD.lib(gui_rectsintersect.o)
    0x0800a876   0x00000002   PAD
    0x0800a878   0x00000024   Code   RO         1614    .text               LCD.lib(gui_savecontext.o)
    0x0800a89c   0x00000018   Code   RO         1626    .text               LCD.lib(gui_setcolor.o)
    0x0800a8b4   0x00000044   Code   RO         1638    .text               LCD.lib(gui_setdefault.o)
    0x0800a8f8   0x00000442   Code   RO         1650    .text               LCD.lib(guialloc.o)
    0x0800ad3a   0x00000002   PAD
    0x0800ad3c   0x000001d8   Code   RO         1666    .text               LCD.lib(guicharm.o)
    0x0800af14   0x000003ec   Code   RO         1678    .text               LCD.lib(guicirc.o)
    0x0800b300   0x00000058   Code   RO         1690    .text               LCD.lib(lcd_drawvline.o)
    0x0800b358   0x0000001c   Code   RO         1702    .text               LCD.lib(lcd_setcliprectex.o)
    0x0800b374   0x00000070   Code   RO         1714    .text               LCD.lib(lcdcolor.o)
    0x0800b3e4   0x00000030   Code   RO         1733    .text               LCD.lib(lcdp1.o)
    0x0800b414   0x000005bc   Code   RO         1748    .text               LCD.lib(lcddummy.o)
    0x0800b9d0   0x00000048   Code   RO         1817    .text               LCD.lib(wm_bringtobottom.o)
    0x0800ba18   0x00000050   Code   RO         1829    .text               LCD.lib(wm_criticalhandle.o)
    0x0800ba68   0x00000016   Code   RO         1841    .text               LCD.lib(wm_notifyparent.o)
    0x0800ba7e   0x00000020   Code   RO         1853    .text               LCD.lib(wm_sendtoparent.o)
    0x0800ba9e   0x00000054   Code   RO         1884    .text               LCD.lib(gui__memset.o)
    0x0800baf2   0x00000002   PAD
    0x0800baf4   0x00000024   Code   RO         1896    .text               LCD.lib(gui_pen.o)
    0x0800bb18   0x00000010   Code   RO         1928    .text               LCD.lib(gui_setfont.o)
    0x0800bb28   0x00000010   Code   RO         1940    .text               LCD.lib(gui_setlinestyle.o)
    0x0800bb38   0x00000014   Code   RO         1952    .text               LCD.lib(gui_settextalign.o)
    0x0800bb4c   0x00000014   Code   RO         1964    .text               LCD.lib(gui_settextmode.o)
    0x0800bb60   0x00000036   Code   RO         1976    .text               LCD.lib(wm__getprevsibling.o)
    0x0800bb96   0x00000014   Code   RO         2012    .text               LCD.lib(wm_getparent.o)
    0x0800bbaa   0x00000002   PAD
    0x0800bbac   0x00000038   Code   RO         2036    .text               LCD.lib(wm_onkey.o)
    0x0800bbe4   0x0000001e   Code   RO         2072    .text               LCD.lib(wm__getfirstsibling.o)
    0x0800bc02   0x00000024   Code   RO         2096    .text               LCD.lib(wm__sendmessage.o)
    0x0800bc26   0x00000040   Code   RO         2113    .text               mc_w.l(memmovea.o)
    0x0800bc66   0x00000024   Code   RO         2115    .text               mc_w.l(memseta.o)
    0x0800bc8a   0x00000002   PAD
    0x0800bc8c   0x00000030   Code   RO         2384    .text               mc_w.l(vsscanf.o)
    0x0800bcbc   0x0000014e   Code   RO         2390    .text               mf_w.l(dadd.o)
    0x0800be0a   0x000000e4   Code   RO         2392    .text               mf_w.l(dmul.o)
    0x0800beee   0x000000de   Code   RO         2394    .text               mf_w.l(ddiv.o)
    0x0800bfcc   0x00000022   Code   RO         2396    .text               mf_w.l(dflti.o)
    0x0800bfee   0x0000001a   Code   RO         2398    .text               mf_w.l(dfltui.o)
    0x0800c008   0x0000003e   Code   RO         2400    .text               mf_w.l(dfixi.o)
    0x0800c046   0x00000032   Code   RO         2402    .text               mf_w.l(dfixui.o)
    0x0800c078   0x00000026   Code   RO         2404    .text               mf_w.l(f2d.o)
    0x0800c09e   0x00000002   PAD
    0x0800c0a0   0x00000028   Code   RO         2406    .text               mf_w.l(cdcmple.o)
    0x0800c0c8   0x00000028   Code   RO         2408    .text               mf_w.l(cdrcmple.o)
    0x0800c0f0   0x00000038   Code   RO         2410    .text               mf_w.l(d2f.o)
    0x0800c128   0x0000002c   Code   RO         2426    .text               mc_w.l(uidiv.o)
    0x0800c154   0x00000062   Code   RO         2428    .text               mc_w.l(uldiv.o)
    0x0800c1b6   0x0000001e   Code   RO         2430    .text               mc_w.l(llshl.o)
    0x0800c1d4   0x00000020   Code   RO         2432    .text               mc_w.l(llushr.o)
    0x0800c1f4   0x00000024   Code   RO         2434    .text               mc_w.l(llsshr.o)
    0x0800c218   0x00000156   Code   RO         2436    .text               mc_w.l(_scanf_longlong.o)
    0x0800c36e   0x00000150   Code   RO         2438    .text               mc_w.l(_scanf_int.o)
    0x0800c4be   0x000000da   Code   RO         2440    .text               mc_w.l(_scanf_str.o)
    0x0800c598   0x0000033c   Code   RO         2442    .text               mc_w.l(scanf_fp.o)
    0x0800c8d4   0x00000028   Code   RO         2446    .text               mc_w.l(scanf_char.o)
    0x0800c8fc   0x00000040   Code   RO         2448    .text               mc_w.l(_sgetc.o)
    0x0800c93c   0x00000000   Code   RO         2450    .text               mc_w.l(iusefp.o)
    0x0800c93c   0x0000006c   Code   RO         2451    .text               mf_w.l(fepilogue.o)
    0x0800c9a8   0x000000be   Code   RO         2453    .text               mf_w.l(depilogue.o)
    0x0800ca66   0x00000030   Code   RO         2455    .text               mf_w.l(dfixul.o)
    0x0800ca96   0x00000002   PAD
    0x0800ca98   0x00000024   Code   RO         2457    .text               mc_w.l(init.o)
    0x0800cabc   0x0000000a   Code   RO         2459    .text               mc_w.l(isspace_c.o)
    0x0800cac6   0x0000001c   Code   RO         2461    .text               mc_w.l(_chval.o)
    0x0800cae2   0x00000002   PAD
    0x0800cae4   0x0000032c   Code   RO         2463    .text               mc_w.l(_scanf.o)
    0x0800ce10   0x00000018   Code   RO         2465    .text               mf_w.l(dfltul.o)
    0x0800ce28   0x00000028   Code   RO         2467    .text               mc_w.l(ctype_c.o)
    0x0800ce50   0x0000005c   Code   RO         2478    .text               mc_w.l(__dczerorl2.o)
    0x0800ceac   0x00000020   Code   RO         2190    i.__0printf$2       mc_w.l(printf2.o)
    0x0800cecc   0x00000024   Code   RO         2361    i.__0vsnprintf      mc_w.l(printfa.o)
    0x0800cef0   0x0000000e   Code   RO         2472    i.__scatterload_copy  mc_w.l(handlers.o)
    0x0800cefe   0x00000002   Code   RO         2473    i.__scatterload_null  mc_w.l(handlers.o)
    0x0800cf00   0x0000000e   Code   RO         2474    i.__scatterload_zeroinit  mc_w.l(handlers.o)
    0x0800cf0e   0x00000002   PAD
    0x0800cf10   0x0000015c   Code   RO         2363    i._fp_digits        mc_w.l(printfa.o)
    0x0800d06c   0x0000000e   Code   RO         2444    i._is_digit         mc_w.l(scanf_fp.o)
    0x0800d07a   0x000000d0   Code   RO         2197    i._printf_core      mc_w.l(printf2.o)
    0x0800d14a   0x00000002   PAD
    0x0800d14c   0x000006f0   Code   RO         2364    i._printf_core      mc_w.l(printfa.o)
    0x0800d83c   0x00000026   Code   RO         2365    i._printf_post_padding  mc_w.l(printfa.o)
    0x0800d862   0x00000030   Code   RO         2366    i._printf_pre_padding  mc_w.l(printfa.o)
    0x0800d892   0x00000016   Code   RO         2367    i._snputc           mc_w.l(printfa.o)
    0x0800d8a8   0x00000c98   Data   RO          479    .constdata          jlx12864g.o
    0x0800e540   0x00000010   Data   RO         1344    .constdata          LCD.lib(gui_uc_encodenone.o)
    0x0800e550   0x00000044   Data   RO         1363    .constdata          LCD.lib(gui2dlib.o)
    0x0800e594   0x00000734   Data   RO         1417    .constdata          LCD.lib(f6x8.o)
    0x0800ecc8   0x00000040   Data   RO         2468    .constdata          mc_w.l(ctype_c.o)
    0x0800ed08   0x00000020   Data   RO         2470    Region$$Table       anon$$obj.o


    Execution Region RW_IRAM1 (Base: 0x20000000, Size: 0x00001898, Max: 0x00005000, ABSOLUTE, COMPRESSED[0x00000078])

    Base Addr    Size         Type   Attr      Idx    E Section Name        Object

    0x20000000   0x00000014   Data   RW            2    .data               system_stm32f10x.o
    0x20000014   0x00000004   PAD
    0x20000018   0x00000084   Data   RW          115    .data               main.o
    0x2000009c   0x00000004   PAD
    0x200000a0   0x00000031   Data   RW          302    .data               display.o
    0x200000d1   0x00000011   Data   RW          322    .data               bttalk.o
    0x200000e2   0x00000002   PAD
    0x200000e4   0x00000004   Data   RW          350    .data               adcmanager.o
    0x200000e8   0x00000004   Data   RW          368    .data               delay.o
    0x200000ec   0x00000004   Data   RW          395    .data               extimanager.o
    0x200000f0   0x0000000c   Data   RW          429    .data               inputcatcher.o
    0x200000fc   0x00000004   Data   RW          463    .data               millis.o
    0x20000100   0x00000050   Data   RW          500    .data               newpid.o
    0x20000150   0x00000004   Data   RW          515    .data               pwmmanager.o
    0x20000154   0x00000004   Data   RW          542    .data               usart.o
    0x20000158   0x00000010   Data   RW          574    .data               usart2bufreceiever.o
    0x20000168   0x00000010   Data   RW          590    .data               usartbufreceiever.o
    0x20000178   0x00000003   Data   RW          648    .data               protocol.o
    0x2000017b   0x00000001   PAD
    0x2000017c   0x00000008   Data   RW          663    .data               doevery.o
    0x20000184   0x00000008   Data   RW          761    .data               irremote.o
    0x2000018c   0x0000003e   Data   RW          782    .data               keyscan.o
    0x200001ca   0x00000002   PAD
    0x200001cc   0x0000003e   Data   RW          812    .data               newkeyscan.o
    0x2000020a   0x00000014   Data   RW         1057    .data               stm32f10x_rcc.o
    0x2000021e   0x00000002   PAD
    0x20000220   0x00000014   Data   RW         1297    .data               LCD.lib(guicore.o)
    0x20000234   0x00000004   Data   RW         1435    .data               LCD.lib(gui_x.o)
    0x20000238   0x00000031   Data   RW         1451    .data               LCD.lib(wm.o)
    0x20000269   0x00000003   PAD
    0x2000026c   0x00000004   Data   RW         1542    .data               LCD.lib(gui_fillpolygon.o)
    0x20000270   0x00000014   Data   RW         1580    .data               LCD.lib(gui_onkey.o)
    0x20000284   0x00000001   Data   RW         1652    .data               LCD.lib(guialloc.o)
    0x20000285   0x00000003   PAD
    0x20000288   0x00000010   Data   RW         1866    .data               LCD.lib(wmtouch.o)
    0x20000298   0x00000210   Zero   RW          114    .bss                main.o
    0x200004a8   0x00000190   Zero   RW          301    .bss                display.o
    0x20000638   0x00000022   Zero   RW          349    .bss                adcmanager.o
    0x2000065a   0x00000002   PAD
    0x2000065c   0x00000040   Zero   RW          394    .bss                extimanager.o
    0x2000069c   0x00000100   Zero   RW          428    .bss                inputcatcher.o
    0x2000079c   0x00000400   Zero   RW          478    .bss                jlx12864g.o
    0x20000b9c   0x00000032   Zero   RW          573    .bss                usart2bufreceiever.o
    0x20000bce   0x00000032   Zero   RW          589    .bss                usartbufreceiever.o
    0x20000c00   0x00000098   Zero   RW          647    .bss                protocol.o
    0x20000c98   0x0000052c   Zero   RW          760    .bss                irremote.o
    0x200011c4   0x00000048   Zero   RW         1296    .bss                LCD.lib(guicore.o)
    0x2000120c   0x00000024   Zero   RW         1450    .bss                LCD.lib(wm.o)
    0x20001230   0x00000018   Zero   RW         1541    .bss                LCD.lib(gui_fillpolygon.o)
    0x20001248   0x00000150   Zero   RW         1651    .bss                LCD.lib(guialloc.o)
    0x20001398   0x00000100   Zero   RW         1715    .bss                LCD.lib(lcdcolor.o)
    0x20001498   0x00000400   Zero   RW          839    STACK               startup_stm32f10x_md.o


==============================================================================

Image component sizes


      Code (inc. data)   RO Data    RW Data    ZI Data      Debug   Object Name

       242          0          0          0          0       2406   24cxx.o
       908         60          0          4         34       3764   adcmanager.o
       344         16          0         17          0       1997   bttalk.o
       208         18          0          4          0        911   delay.o
      3584        752          0         49        400       4346   display.o
       368         20          0          8          0       2528   doevery.o
       608         26          0          0          0       2210   ds18b20.o
      1072         20          0          4         64       4250   extimanager.o
      1012         50          0          0          0       3762   iic_analog.o
      2068         80          0         12        256       8545   inputcatcher.o
       912         28          0          8       1324       4861   irremote.o
      1660         50       3224          0       1024       6762   jlx12864g.o
       636         20          0         62          0       2787   keyscan.o
       136          8          0          0          0        908   led.o
      1776        266          0        132        528     230359   main.o
       352          8          0          4          0       1752   millis.o
       220         20          0          0          0       1637   misc.o
       308          8          0          0          0       1282   mymath.o
       472         22          0         62          0       2110   newkeyscan.o
      1416         66          0         80          0       3725   newpid.o
      2052         58          0          3        152       2460   protocol.o
      1644         60          0          4          0       5153   pwmmanager.o
        36          8        236          0       1024        736   startup_stm32f10x_md.o
      1102         26          0          0          0      10669   stm32f10x_adc.o
       592          8          0          0          0       4166   stm32f10x_dma.o
       284         10          0          0          0       2067   stm32f10x_exti.o
       856         40          0          0          0       5481   stm32f10x_gpio.o
        32          0          0          0          0       1224   stm32f10x_it.o
       204         16          0          0          0       1843   stm32f10x_pwr.o
       932         44          0         20          0       8588   stm32f10x_rcc.o
       324          4          0          0          0       2594   stm32f10x_rtc.o
      3610         88          0          0          0      21964   stm32f10x_tim.o
      1032         22          0          0          0       8208   stm32f10x_usart.o
        94          0          0          0          0        967   supertask.o
       476         36          0         20          0      58767   system_stm32f10x.o
       164          8          0          4          0       2894   usart.o
       380         10          0          0          0       2253   usart2.o
       480         28          0         16         50       3113   usart2bufreceiever.o
       480         28          0         16         50       3072   usartbufreceiever.o

    ----------------------------------------------------------------------
     33084       2032       3492        544       4908     437121   Object Totals
         0          0         32          0          0          0   (incl. Generated)
         8          0          0         15          2          0   (incl. Padding)

    ----------------------------------------------------------------------

      Code (inc. data)   RO Data    RW Data    ZI Data      Debug   Library Member Name

         0          0       1844          0          0       2086   f6x8.o
      1984         18         68          0          0       8116   gui2dlib.o
        20          4          0          0          0        448   gui__getfontsizey.o
        66          0          0          0          0        833   gui__intersectrect.o
       136          0          0          0          0       1062   gui__intersectrects.o
        84          0          0          0          0        742   gui__memset.o
        34          0          0          0          0        546   gui_alloc_alloczero.o
       200          6          0          0          0      24653   gui_dispchar.o
        84          6          0          0          0        584   gui_drawhline.o
       120          4          0          0          0        879   gui_drawpolyline.o
       808         12          0          4         24       4073   gui_fillpolygon.o
       100          6          0          0          0        631   gui_fillrect.o
        12          0          0          0          0        479   gui_getfontsizey.o
        88          6          0          0          0       1145   gui_goto.o
       130          0          0          0          0        976   gui_mergerect.o
        36          0          0          0          0        803   gui_moverect.o
       144         12          0         20          0      16743   gui_onkey.o
        36          4          0          0          0        972   gui_pen.o
        58          0          0          0          0        921   gui_rectsintersect.o
        36          4          0          0          0        963   gui_savecontext.o
        24          0          0          0          0        630   gui_setcolor.o
        68          6          0          0          0        587   gui_setdefault.o
        16          0          0          0          0        518   gui_setdrawmode.o
        16          4          0          0          0        490   gui_setfont.o
        16          6          0          0          0        507   gui_setlinestyle.o
        20          4          0          0          0        499   gui_settextalign.o
        20          4          0          0          0        490   gui_settextmode.o
        48         10         16          0          0       1632   gui_uc_encodenone.o
        48          6          0          4          0       1426   gui_x.o
      1090         18          0          1        336       5492   guialloc.o
       184          8          0          0          0       1176   guichar.o
       472          6          0          0          0       2065   guicharm.o
      1004          4          0          0          0       3394   guicirc.o
       252         16          0         20         72       8514   guicore.o
      1088         12          0          0          0       4400   lcd.o
        88          4          0          0          0        576   lcd_drawvline.o
        52          0          0          0          0       1091   lcd_l0_generic.o
        28          6          0          0          0        808   lcd_setcliprectex.o
       112          6          0          0        256       1750   lcdcolor.o
      1468         10          0          0          0       6066   lcddummy.o
        48          0          0          0          0        969   lcdp1.o
      4064        164          0         49         36      18406   wm.o
        30          0          0          0          0        546   wm__getfirstsibling.o
        54          0          0          0          0        853   wm__getprevsibling.o
        36          0          0          0          0        882   wm__sendmessage.o
        72          0          0          0          0       1007   wm_bringtobottom.o
        80          4          0          0          0        869   wm_criticalhandle.o
        12          4          0          0          0       2327   wm_getdesktopwindow.o
        20          0          0          0          0        487   wm_getparent.o
        22          0          0          0          0        542   wm_notifyparent.o
        56          6          0          0          0        611   wm_onkey.o
        32          0          0          0          0        578   wm_sendtoparent.o
         0          0          0         16          0       2047   wmtouch.o
        92          0          0          0          0          0   __dczerorl2.o
        28          0          0          0          0         68   _chval.o
       812          6          0          0          0        112   _scanf.o
       336          0          0          0          0         96   _scanf_int.o
       342          0          0          0          0        100   _scanf_longlong.o
       218          0          0          0          0         96   _scanf_str.o
        64          0          0          0          0         84   _sgetc.o
        40          6         64          0          0         68   ctype_c.o
         0          0          0          0          0          0   entry.o
         0          0          0          0          0          0   entry10a.o
         0          0          0          0          0          0   entry11a.o
         8          4          0          0          0          0   entry2.o
         4          0          0          0          0          0   entry5.o
         0          0          0          0          0          0   entry7b.o
         0          0          0          0          0          0   entry8b.o
         8          4          0          0          0          0   entry9a.o
        30          0          0          0          0          0   handlers.o
        36          8          0          0          0         68   init.o
        10          0          0          0          0         68   isspace_c.o
         0          0          0          0          0          0   iusefp.o
        30          0          0          0          0         68   llshl.o
        36          0          0          0          0         68   llsshr.o
        32          0          0          0          0         68   llushr.o
        64          0          0          0          0         76   memmovea.o
        36          0          0          0          0        108   memseta.o
       240         10          0          0          0        176   printf2.o
      2268         84          0          0          0        508   printfa.o
        40          8          0          0          0         84   scanf_char.o
       842         12          0          0          0        216   scanf_fp.o
        44          0          0          0          0         80   uidiv.o
        98          0          0          0          0         92   uldiv.o
        48          8          0          0          0         80   vsscanf.o
        40          2          0          0          0         68   cdcmple.o
        40          2          0          0          0         68   cdrcmple.o
        56          0          0          0          0         88   d2f.o
       334          0          0          0          0        148   dadd.o
       222          0          0          0          0        100   ddiv.o
       190          0          0          0          0        176   depilogue.o
        62          0          0          0          0         80   dfixi.o
        50          0          0          0          0         76   dfixui.o
        48          0          0          0          0         68   dfixul.o
        34          0          0          0          0         76   dflti.o
        26          0          0          0          0         76   dfltui.o
        24          0          0          0          0         76   dfltul.o
       228          0          0          0          0         96   dmul.o
        38          0          0          0          0         68   f2d.o
       108          0          0          0          0        168   fepilogue.o

    ----------------------------------------------------------------------
     22144        544       1992        120        724     143706   Library Totals
        22          0          0          6          0          0   (incl. Padding)

    ----------------------------------------------------------------------

      Code (inc. data)   RO Data    RW Data    ZI Data      Debug   Library Name

     14816        390       1928        114        724     139890   LCD.lib
      5806        150         64          0          0       2384   mc_w.l
      1500          4          0          0          0       1432   mf_w.l

    ----------------------------------------------------------------------
     22144        544       1992        120        724     143706   Library Totals

    ----------------------------------------------------------------------

==============================================================================


      Code (inc. data)   RO Data    RW Data    ZI Data      Debug   

     55228       2576       5484        664       5632     570947   Grand Totals
     55228       2576       5484        120       5632     570947   ELF Image Totals (compressed)
     55228       2576       5484        120          0          0   ROM Totals

==============================================================================

    Total RO  Size (Code + RO Data)                60712 (  59.29kB)
    Total RW  Size (RW Data + ZI Data)              6296 (   6.15kB)
    Total ROM Size (Code + RO Data + RW Data)      60832 (  59.41kB)

==============================================================================

