ARM Linker, 5.03 [Build 76] [MDK-ARM Standard]

==============================================================================

Section Cross References

    system_stm32f10x.o(.text) refers to system_stm32f10x.o(.data) for SystemCoreClock
    main.o(.text) refers to bcar.o(.text) for WriteAllMotors
    main.o(.text) refers to mpu6050.o(.text) for MPU6050_GetTransformedData
    main.o(.text) refers to newpid.o(.text) for PID_Structure_Init
    main.o(.text) refers to delay.o(.text) for delay_init
    main.o(.text) refers to usart.o(.text) for uart_init
    main.o(.text) refers to millis.o(.text) for MILLIS_Init
    main.o(.text) refers to filter.o(.text) for ComplementaryFilter_Init
    main.o(.text) refers to usmart.o(.text) for usmart_init
    main.o(.text) refers to main.o(.bss) for PID
    main.o(.text) refers to main.o(.data) for PID_output
    bcar.o(.text) refers to pwmmanager.o(.text) for PWMManagerStructure
    bcar.o(.text) refers to cdrcmple.o(.text) for __aeabi_cdrcmple
    bcar.o(.text) refers to dadd.o(.text) for __aeabi_dadd
    bcar.o(.text) refers to dmul.o(.text) for __aeabi_dmul
    bcar.o(.text) refers to d2f.o(.text) for __aeabi_d2f
    bcar.o(.text) refers to dflti.o(.text) for __aeabi_i2d
    bcar.o(.text) refers to ddiv.o(.text) for __aeabi_ddiv
    bcar.o(.text) refers to bcar.o(.bss) for PWMManager
    bcar.o(.text) refers to main.o(.bss) for PID
    adcmanager.o(.text) refers to stm32f10x_adc.o(.text) for ADC_SoftwareStartConvCmd
    adcmanager.o(.text) refers to stm32f10x_rcc.o(.text) for RCC_AHBPeriphClockCmd
    adcmanager.o(.text) refers to stm32f10x_dma.o(.text) for DMA_DeInit
    adcmanager.o(.text) refers to misc.o(.text) for NVIC_Init
    adcmanager.o(.text) refers to stm32f10x_gpio.o(.text) for GPIO_Init
    adcmanager.o(.text) refers to adcmanager.o(.data) for defaultADCManager
    adcmanager.o(.text) refers to adcmanager.o(.bss) for ADC_DEFAULT_DATA
    delay.o(.text) refers to misc.o(.text) for SysTick_CLKSourceConfig
    delay.o(.text) refers to system_stm32f10x.o(.data) for SystemCoreClock
    delay.o(.text) refers to delay.o(.data) for fac_us
    ds18b20.o(.text) refers to delay.o(.text) for delay_us
    ds18b20.o(.text) refers to stm32f10x_rcc.o(.text) for RCC_APB2PeriphClockCmd
    ds18b20.o(.text) refers to stm32f10x_gpio.o(.text) for GPIO_Init
    ds18b20.o(.text) refers to dflti.o(.text) for __aeabi_i2d
    ds18b20.o(.text) refers to dmul.o(.text) for __aeabi_dmul
    extimanager.o(.text) refers to stm32f10x_rcc.o(.text) for RCC_APB2PeriphClockCmd
    extimanager.o(.text) refers to stm32f10x_gpio.o(.text) for GPIO_Init
    extimanager.o(.text) refers to stm32f10x_exti.o(.text) for EXTI_Init
    extimanager.o(.text) refers to misc.o(.text) for NVIC_Init
    extimanager.o(.text) refers to extimanager.o(.bss) for _EXTILine
    extimanager.o(.text) refers to extimanager.o(.data) for defaultEXTIManager
    filter.o(.text) refers to dadd.o(.text) for __aeabi_drsub
    filter.o(.text) refers to dmul.o(.text) for __aeabi_dmul
    filter.o(.text) refers to ddiv.o(.text) for __aeabi_ddiv
    filter.o(.text) refers to d2f.o(.text) for __aeabi_d2f
    filter.o(.text) refers to fadd.o(.text) for __aeabi_fsub
    filter.o(.text) refers to f2d.o(.text) for __aeabi_f2d
    filter.o(.text) refers to filter.o(.data) for DefaultComplementaryFilter
    inputcatcher.o(.text) refers to stm32f10x_tim.o(.text) for TIM_OC1PolarityConfig
    inputcatcher.o(.text) refers to stm32f10x_rcc.o(.text) for RCC_APB2PeriphClockCmd
    inputcatcher.o(.text) refers to stm32f10x_gpio.o(.text) for GPIO_Init
    inputcatcher.o(.text) refers to dmul.o(.text) for __aeabi_dmul
    inputcatcher.o(.text) refers to dadd.o(.text) for __aeabi_dsub
    inputcatcher.o(.text) refers to dfixui.o(.text) for __aeabi_d2uiz
    inputcatcher.o(.text) refers to inputcatcher.o(.data) for defaultInputCatchManager
    inputcatcher.o(.text) refers to misc.o(.text) for NVIC_Init
    inputcatcher.o(.text) refers to dfltui.o(.text) for __aeabi_ui2d
    inputcatcher.o(.text) refers to ddiv.o(.text) for __aeabi_ddiv
    inputcatcher.o(.text) refers to cdcmple.o(.text) for __aeabi_cdcmpeq
    inputcatcher.o(.text) refers to inputcatcher.o(.bss) for TIM_CAPTURE_STA_VAL1_VAL2_VAL3
    keyfsm.o(.text) refers to stm32f10x_gpio.o(.text) for GPIO_ReadInputDataBit
    keyfsm.o(.text) refers to millis.o(.text) for millis
    keyfsm.o(.text) refers to stm32f10x_rcc.o(.text) for RCC_APB2PeriphClockCmd
    keyfsm.o(.text) refers to keyfsm.o(.bss) for defaultKeyFSM
    keyfsm.o(.text) refers to keyfsm.o(.data) for defaultKeyFSM_NUM
    millis.o(.text) refers to stm32f10x_rcc.o(.text) for RCC_APB1PeriphClockCmd
    millis.o(.text) refers to stm32f10x_pwr.o(.text) for PWR_BackupAccessCmd
    millis.o(.text) refers to stm32f10x_rtc.o(.text) for RTC_WaitForLastTask
    millis.o(.text) refers to misc.o(.text) for NVIC_Init
    millis.o(.text) refers to millis.o(.data) for defaultDoSomeThing
[...]
    system_stm32f10x.c                       0x00000000   Number         0  system_stm32f10x.o ABSOLUTE
    RESET                                    0x08000000   Section      236  startup_stm32f10x_md.o(RESET)
    .ARM.Collect$$$$00000000                 0x080000ec   Section        0  entry.o(.ARM.Collect$$$$00000000)
    .ARM.Collect$$$$00000001                 0x080000ec   Section        4  entry2.o(.ARM.Collect$$$$00000001)
    .ARM.Collect$$$$00000004                 0x080000f0   Section        4  entry5.o(.ARM.Collect$$$$00000004)
    .ARM.Collect$$$$00000008                 0x080000f4   Section        0  entry7b.o(.ARM.Collect$$$$00000008)
    .ARM.Collect$$$$0000000A                 0x080000f4   Section        0  entry8b.o(.ARM.Collect$$$$0000000A)
    .ARM.Collect$$$$0000000B                 0x080000f4   Section        8  entry9a.o(.ARM.Collect$$$$0000000B)
    .ARM.Collect$$$$0000000D                 0x080000fc   Section        0  entry10a.o(.ARM.Collect$$$$0000000D)
    .ARM.Collect$$$$0000000F                 0x080000fc   Section        0  entry11a.o(.ARM.Collect$$$$0000000F)
    .ARM.Collect$$$$00002712                 0x080000fc   Section        4  entry2.o(.ARM.Collect$$$$00002712)
    __lit__00000000                          0x080000fc   Data           4  entry2.o(.ARM.Collect$$$$00002712)
    .emb_text                                0x08000100   Section       18  supertask.o(.emb_text)
    .text                                    0x08000114   Section        0  system_stm32f10x.o(.text)
    SetSysClockTo72                          0x08000115   Thumb Code   212  system_stm32f10x.o(.text)
    SetSysClock                              0x080001e9   Thumb Code     8  system_stm32f10x.o(.text)
    .text                                    0x080002f0   Section        0  stm32f10x_it.o(.text)
    .text                                    0x08000308   Section        0  main.o(.text)
    .text                                    0x0800040c   Section        0  bcar.o(.text)
    .text                                    0x080005f4   Section        0  adcmanager.o(.text)
    .text                                    0x08000980   Section        0  delay.o(.text)
    .text                                    0x08000a50   Section        0  extimanager.o(.text)
    .text                                    0x08000e80   Section        0  filter.o(.text)
    .text                                    0x080014c4   Section        0  inputcatcher.o(.text)
    .text                                    0x08001ccc   Section        0  millis.o(.text)
    .text                                    0x08001e2c   Section        0  newpid.o(.text)
    .text                                    0x08002380   Section        0  pwmmanager.o(.text)
    .text                                    0x080029f0   Section        0  usart.o(.text)
    .text                                    0x08002a94   Section        0  usart2.o(.text)
    .text                                    0x08002c10   Section        0  usart2bufreceiever.o(.text)
    .text                                    0x08002df0   Section        0  usartbufreceiever.o(.text)
    .text                                    0x08002fd0   Section        0  thb7128.o(.text)
    .text                                    0x080031cc   Section        0  doevery.o(.text)
    .text                                    0x0800333c   Section        0  supertask.o(.text)
    .text                                    0x08003388   Section       36  startup_stm32f10x_md.o(.text)
    .text                                    0x080033ac   Section        0  misc.o(.text)
    .text                                    0x08003488   Section        0  stm32f10x_adc.o(.text)
    .text                                    0x080038d8   Section        0  stm32f10x_dma.o(.text)
    .text                                    0x08003b28   Section        0  stm32f10x_exti.o(.text)
    .text                                    0x08003c44   Section        0  stm32f10x_gpio.o(.text)
    .text                                    0x08003f9c   Section        0  stm32f10x_pwr.o(.text)
    .text                                    0x08004068   Section        0  stm32f10x_rcc.o(.text)
    .text                                    0x0800440c   Section        0  stm32f10x_rtc.o(.text)
    .text                                    0x08004550   Section        0  stm32f10x_tim.o(.text)
    TI4_Config                               0x080049f7   Thumb Code   130  stm32f10x_tim.o(.text)
    TI3_Config                               0x08004a8b   Thumb Code   122  stm32f10x_tim.o(.text)
    TI2_Config                               0x08004b1f   Thumb Code   130  stm32f10x_tim.o(.text)
    TI1_Config                               0x08004bb3   Thumb Code   108  stm32f10x_tim.o(.text)
    .text                                    0x0800536c   Section        0  stm32f10x_usart.o(.text)
    .text                                    0x08005774   Section        0  mpu6050.o(.text)
    .text                                    0x08005a40   Section        0  iic_analog.o(.text)
    .text                                    0x08005fd8   Section        0  usmart.o(.text)
    .text                                    0x08006b04   Section        0  usmart_str.o(.text)
    .text                                    0x08007014   Section        0  vsscanf.o(.text)
    .text                                    0x08007044   Section        0  fadd.o(.text)
    .text                                    0x080070f4   Section        0  dadd.o(.text)
    .text                                    0x08007242   Section        0  dmul.o(.text)
    .text                                    0x08007326   Section        0  ddiv.o(.text)
    .text                                    0x08007404   Section        0  dflti.o(.text)
    .text                                    0x08007426   Section        0  dfltui.o(.text)
    .text                                    0x08007440   Section        0  dfixui.o(.text)
    .text                                    0x08007472   Section        0  f2d.o(.text)
    .text                                    0x08007498   Section       40  cdcmple.o(.text)
    .text                                    0x080074c0   Section       40  cdrcmple.o(.text)
    .text                                    0x080074e8   Section        0  d2f.o(.text)
    .text                                    0x08007520   Section        0  uidiv.o(.text)
    .text                                    0x0800754c   Section        0  uldiv.o(.text)
    .text                                    0x080075ae   Section        0  llshl.o(.text)
    .text                                    0x080075cc   Section        0  llushr.o(.text)
    .text                                    0x080075ec   Section        0  llsshr.o(.text)
    .text                                    0x08007610   Section        0  _scanf_longlong.o(.text)
    .text                                    0x08007766   Section        0  _scanf_int.o(.text)
    .text                                    0x080078b6   Section        0  _scanf_str.o(.text)
    .text                                    0x08007990   Section        0  scanf_fp.o(.text)
    _fp_value                                0x08007991   Thumb Code   256  scanf_fp.o(.text)
    .text                                    0x08007ccc   Section        0  scanf_char.o(.text)
    _scanf_char_input                        0x08007ccd   Thumb Code    12  scanf_char.o(.text)
    .text                                    0x08007cf4   Section        0  _sgetc.o(.text)
    .text                                    0x08007d34   Section        0  iusefp.o(.text)
    .text                                    0x08007d34   Section        0  fepilogue.o(.text)
    .text                                    0x08007da0   Section        0  depilogue.o(.text)
    .text                                    0x08007e5e   Section        0  dfixul.o(.text)
    .text                                    0x08007e90   Section       36  init.o(.text)
    .text                                    0x08007eb4   Section        0  isspace_c.o(.text)
    .text                                    0x08007ebe   Section        0  _chval.o(.text)
    .text                                    0x08007edc   Section        0  _scanf.o(.text)
    .text                                    0x08008208   Section        0  dfltul.o(.text)
    .text                                    0x08008220   Section        0  ctype_c.o(.text)
    .text                                    0x08008248   Section        0  __dczerorl2.o(.text)
    i.__0vsnprintf                           0x080082a4   Section        0  printfa.o(i.__0vsnprintf)
    i.__scatterload_copy                     0x080082c8   Section       14  handlers.o(i.__scatterload_copy)
    i.__scatterload_null                     0x080082d6   Section        2  handlers.o(i.__scatterload_null)
    i.__scatterload_zeroinit                 0x080082d8   Section       14  handlers.o(i.__scatterload_zeroinit)
    i._fp_digits                             0x080082e8   Section        0  printfa.o(i._fp_digits)
    _fp_digits                               0x080082e9   Thumb Code   326  printfa.o(i._fp_digits)
    i._is_digit                              0x08008444   Section        0  scanf_fp.o(i._is_digit)
    i._printf_core                           0x08008454   Section        0  printfa.o(i._printf_core)
    _printf_core                             0x08008455   Thumb Code  1762  printfa.o(i._printf_core)
    i._printf_post_padding                   0x08008b44   Section        0  printfa.o(i._printf_post_padding)
    _printf_post_padding                     0x08008b45   Thumb Code    38  printfa.o(i._printf_post_padding)
    i._printf_pre_padding                    0x08008b6a   Section        0  printfa.o(i._printf_pre_padding)
    _printf_pre_padding                      0x08008b6b   Thumb Code    48  printfa.o(i._printf_pre_padding)
    i._snputc                                0x08008b9a   Section        0  printfa.o(i._snputc)
    _snputc                                  0x08008b9b   Thumb Code    22  printfa.o(i._snputc)
    .constdata                               0x08008bb0   Section       64  ctype_c.o(.constdata)
    .conststring                             0x08008bf0   Section       23  usmart.o(.conststring)
    .conststring                             0x08008c07   Section      133  usmart_config.o(.conststring)
    .data                                    0x20000000   Section       20  system_stm32f10x.o(.data)
    .data                                    0x20000018   Section       24  main.o(.data)
    .data                                    0x20000030   Section        4  adcmanager.o(.data)
    .data                                    0x20000034   Section        4  delay.o(.data)
    fac_us                                   0x20000034   Data           1  delay.o(.data)
    fac_ms                                   0x20000036   Data           2  delay.o(.data)
    .data                                    0x20000038   Section        4  extimanager.o(.data)
    .data                                    0x2000003c   Section        8  filter.o(.data)
    .data                                    0x20000044   Section       12  inputcatcher.o(.data)
    .data                                    0x20000050   Section        4  millis.o(.data)
    .data                                    0x20000058   Section       52  newpid.o(.data)
    .data                                    0x2000008c   Section        4  pwmmanager.o(.data)
    .data                                    0x20000090   Section       16  usart2bufreceiever.o(.data)
    .data                                    0x200000a0   Section       16  usartbufreceiever.o(.data)
    .data                                    0x200000b0   Section        8  thb7128.o(.data)
    .data                                    0x200000b8   Section        8  doevery.o(.data)
    defaultDoEvery                           0x200000b8   Data           4  doevery.o(.data)
    .data                                    0x200000c0   Section       20  stm32f10x_rcc.o(.data)
    APBAHBPrescTable                         0x200000c0   Data          16  stm32f10x_rcc.o(.data)
    ADCPrescTable                            0x200000d0   Data           4  stm32f10x_rcc.o(.data)
    .data                                    0x200000d4   Section       28  usmart.o(.data)
    .data                                    0x200000f0   Section      276  usmart_config.o(.data)
    .bss                                     0x20000208   Section      176  main.o(.bss)
    .bss                                     0x200002b8   Section      208  bcar.o(.bss)
    .bss                                     0x20000388   Section       34  adcmanager.o(.bss)
    .bss                                     0x200003ac   Section       64  extimanager.o(.bss)
    .bss                                     0x200003ec   Section      256  inputcatcher.o(.bss)
    .bss                                     0x200004ec   Section       50  usart2bufreceiever.o(.bss)
    .bss                                     0x2000051e   Section       50  usartbufreceiever.o(.bss)
    .bss                                     0x20000550   Section      200  usmart.o(.bss)
    STACK                                    0x20000618   Section     1024  startup_stm32f10x_md.o(STACK)

    Global Symbols

    Symbol Name                              Value     Ov Type        Size  Object(Section)

    BuildAttributes$$THM_ISAv4$P$D$K$B$S$PE$A:L22UL41UL21$X:L11$S22US41US21$IEEE1$IW$USESV6$~STKCKD$USESV7$~SHL$OTIME$ROPI$EBA8$MICROLIB$REQ8$PRES8$EABIv2 0x00000000   Number         0  anon$$obj.o ABSOLUTE
    __ARM_use_no_argv                        0x00000000   Number         0  main.o ABSOLUTE
    __use_no_errno                           0x00000000   Number         0  useno.o ABSOLUTE
    __use_no_exception_handling              0x00000000   Number         0  useno.o ABSOLUTE
    __use_no_fp                              0x00000000   Number         0  useno.o ABSOLUTE
    __use_no_heap                            0x00000000   Number         0  useno.o ABSOLUTE
    __use_no_heap_region                     0x00000000   Number         0  useno.o ABSOLUTE
    __use_no_semihosting                     0x00000000   Number         0  useno.o ABSOLUTE
    __use_no_semihosting_swi                 0x00000000   Number         0  useno.o ABSOLUTE
    __use_no_signal_handling                 0x00000000   Number         0  useno.o ABSOLUTE
    __cpp_initialize__aeabi_                  - Undefined Weak Reference
    __cxa_finalize                            - Undefined Weak Reference
    _clock_init                               - Undefined Weak Reference
    _microlib_exit                            - Undefined Weak Reference
    __Vectors_Size                           0x000000ec   Number         0  startup_stm32f10x_md.o ABSOLUTE
    __Vectors                                0x08000000   Data           4  startup_stm32f10x_md.o(RESET)
    __Vectors_End                            0x080000ec   Data           0  startup_stm32f10x_md.o(RESET)
    __main                                   0x080000ed   Thumb Code     0  entry.o(.ARM.Collect$$$$00000000)
    _main_stk                                0x080000ed   Thumb Code     0  entry2.o(.ARM.Collect$$$$00000001)
    _main_scatterload                        0x080000f1   Thumb Code     0  entry5.o(.ARM.Collect$$$$00000004)
    __main_after_scatterload                 0x080000f5   Thumb Code     0  entry5.o(.ARM.Collect$$$$00000004)
    _main_clock                              0x080000f5   Thumb Code     0  entry7b.o(.ARM.Collect$$$$00000008)
    _main_cpp_init                           0x080000f5   Thumb Code     0  entry8b.o(.ARM.Collect$$$$0000000A)
    _main_init                               0x080000f5   Thumb Code     0  entry9a.o(.ARM.Collect$$$$0000000B)
    __rt_final_cpp                           0x080000fd   Thumb Code     0  entry10a.o(.ARM.Collect$$$$0000000D)
    __rt_final_exit                          0x080000fd   Thumb Code     0  entry11a.o(.ARM.Collect$$$$0000000F)
    SVC_Handler                              0x08000101   Thumb Code    18  supertask.o(.emb_text)
    SystemInit                               0x080001f1   Thumb Code    78  system_stm32f10x.o(.text)
    SystemCoreClockUpdate                    0x0800023f   Thumb Code   142  system_stm32f10x.o(.text)
    NMI_Handler                              0x080002f1   Thumb Code     2  stm32f10x_it.o(.text)
    HardFault_Handler                        0x080002f3   Thumb Code     4  stm32f10x_it.o(.text)
    MemManage_Handler                        0x080002f7   Thumb Code     4  stm32f10x_it.o(.text)
    BusFault_Handler                         0x080002fb   Thumb Code     4  stm32f10x_it.o(.text)
    UsageFault_Handler                       0x080002ff   Thumb Code     4  stm32f10x_it.o(.text)
    DebugMon_Handler                         0x08000303   Thumb Code     2  stm32f10x_it.o(.text)
    PendSV_Handler                           0x08000305   Thumb Code     2  stm32f10x_it.o(.text)
    SysTick_Handler                          0x08000307   Thumb Code     2  stm32f10x_it.o(.text)
    balanceProc                              0x08000309   Thumb Code    66  main.o(.text)
    PIDConfigure                             0x0800034b   Thumb Code    60  main.o(.text)
    All_Init                                 0x08000387   Thumb Code    60  main.o(.text)
    main                                     0x080003c3   Thumb Code    16  main.o(.text)
    Motor_Init                               0x0800040d   Thumb Code    66  bcar.o(.text)
    WriteAllMotors                           0x0800044f   Thumb Code   242  bcar.o(.text)
    StopAllMotors                            0x08000541   Thumb Code    52  bcar.o(.text)
    setPID                                   0x08000575   Thumb Code    94  bcar.o(.text)
    filterGPIO_ADC                           0x080005f5   Thumb Code    94  adcmanager.o(.text)
    filterPin_ADC                            0x08000653   Thumb Code    94  adcmanager.o(.text)
    filterGPIO_RCC_ADC                       0x080006b1   Thumb Code   106  adcmanager.o(.text)
    ADCManager_startTransfer                 0x0800071b   Thumb Code    20  adcmanager.o(.text)
    ADCManager_getData                       0x0800072f   Thumb Code    44  adcmanager.o(.text)
    ADC_DMA_Config                           0x0800075b   Thumb Code   140  adcmanager.o(.text)
    ADCManager_Structure                     0x080007e7   Thumb Code   356  adcmanager.o(.text)
    DMA1_Channel1_IRQHandler                 0x0800094b   Thumb Code    26  adcmanager.o(.text)
    delay_init                               0x08000981   Thumb Code    50  delay.o(.text)
    delay_us                                 0x080009b3   Thumb Code    70  delay.o(.text)
    delay_ms                                 0x080009f9   Thumb Code    70  delay.o(.text)
    setExactLine                             0x08000a51   Thumb Code    26  extimanager.o(.text)
    filterGPIO_PortSourceGPIOC               0x08000a6b   Thumb Code    84  extimanager.o(.text)
    filterGPIO_Mode                          0x08000abf   Thumb Code    38  extimanager.o(.text)
    filterGPIO_RCC_by_GPIO                   0x08000ae5   Thumb Code    86  extimanager.o(.text)
    filterTrigger_Type                       0x08000b3b   Thumb Code    38  extimanager.o(.text)
    filterPinSource                          0x08000b61   Thumb Code    20  extimanager.o(.text)
    filterEXTI_IRQn                          0x08000b75   Thumb Code    70  extimanager.o(.text)
    EXTIManager_StartListenling              0x08000bbb   Thumb Code   274  extimanager.o(.text)
    EXTIManager_Structure                    0x08000ccd   Thumb Code    32  extimanager.o(.text)
    EXTI0_IRQHandler                         0x08000ced   Thumb Code    20  extimanager.o(.text)
    EXTI1_IRQHandler                         0x08000d01   Thumb Code    20  extimanager.o(.text)
    EXTI2_IRQHandler                         0x08000d15   Thumb Code    20  extimanager.o(.text)
    EXTI3_IRQHandler                         0x08000d29   Thumb Code    20  extimanager.o(.text)
    EXTI4_IRQHandler                         0x08000d3d   Thumb Code    20  extimanager.o(.text)
    EXTI9_5_IRQHandler                       0x08000d51   Thumb Code   126  extimanager.o(.text)
    EXTI15_10_IRQHandler                     0x08000dcf   Thumb Code   178  extimanager.o(.text)
    Complementary2_getAngle                  0x08000e81   Thumb Code   278  filter.o(.text)
    Complementary1_getAngle                  0x08000f97   Thumb Code   188  filter.o(.text)
    ComplementaryFilter_Init                 0x08001053   Thumb Code    56  filter.o(.text)
    Kalman_setStartAngle                     0x0800108b   Thumb Code    10  filter.o(.text)
    Kalman_getAngle                          0x08001095   Thumb Code   868  filter.o(.text)
    Kalman_Init                              0x080013f9   Thumb Code   108  filter.o(.text)
    Kalman_getRate                           0x08001465   Thumb Code    10  filter.o(.text)
    Kalman_setQangle                         0x0800146f   Thumb Code     8  filter.o(.text)
    Kalman_setQbias                          0x08001477   Thumb Code    10  filter.o(.text)
    Kalman_setRmeasure                       0x08001481   Thumb Code    10  filter.o(.text)
    Kalman_getQangle                         0x0800148b   Thumb Code     8  filter.o(.text)
    Kalman_getQbias                          0x08001493   Thumb Code    10  filter.o(.text)
    Kalman_getRmeasure                       0x0800149d   Thumb Code    10  filter.o(.text)
    filterGPIO_Input_RCC_Input               0x080014c5   Thumb Code    14  inputcatcher.o(.text)
    filterGPIO_Input                         0x080014d3   Thumb Code    14  inputcatcher.o(.text)
    filterPin_Input                          0x080014e1   Thumb Code   106  inputcatcher.o(.text)
    filterTIM_Input                          0x0800154b   Thumb Code    32  inputcatcher.o(.text)
    filterTIM_Input_RCC_Input                0x0800156b   Thumb Code    32  inputcatcher.o(.text)
    filterTIM_Input_IRQn                     0x0800158b   Thumb Code    30  inputcatcher.o(.text)
    filterTIM_Input_IT_CC                    0x080015a9   Thumb Code    84  inputcatcher.o(.text)
    filterTIM_InputChannel                   0x080015fd   Thumb Code    84  inputcatcher.o(.text)
    filterPolarity                           0x08001651   Thumb Code    38  inputcatcher.o(.text)
    filterInputCatcher                       0x08001677   Thumb Code    56  inputcatcher.o(.text)
    TIM_OCxPolarityConfig                    0x080016af   Thumb Code   116  inputcatcher.o(.text)
    TIM_getCRRx                              0x08001723   Thumb Code    96  inputcatcher.o(.text)
    InputCatchManager_startCatching          0x08001783   Thumb Code   520  inputcatcher.o(.text)
    InputCatchManager_setDoWhenDone          0x0800198b   Thumb Code    16  inputcatcher.o(.text)
    InputCatchManager_setDoWhenTimeout       0x0800199b   Thumb Code    16  inputcatcher.o(.text)
    InputCatchManagerStructure               0x080019ab   Thumb Code    52  inputcatcher.o(.text)
    InputCatchManager_isCatchingDone         0x080019df   Thumb Code    16  inputcatcher.o(.text)
    InputCatchManager_getduration            0x080019ef   Thumb Code    18  inputcatcher.o(.text)
    IRQ_HIGH_LOW                             0x08001a01   Thumb Code   624  inputcatcher.o(.text)
    TIM1_CC_IRQHandler                       0x08001c71   Thumb Code    68  inputcatcher.o(.text)
    MILLIS_Init                              0x08001ccd   Thumb Code   180  millis.o(.text)
    doAfter_ms                               0x08001d81   Thumb Code   104  millis.o(.text)
    millis                                   0x08001de9   Thumb Code    18  millis.o(.text)
    RTCAlarm_IRQHandler                      0x08001dfb   Thumb Code    10  millis.o(.text)
    RTC_IRQHandler                           0x08001e05   Thumb Code    32  millis.o(.text)
    PID_SetPID                               0x08001e2d   Thumb Code   210  newpid.o(.text)
    PID_SetSampleTime                        0x08001eff   Thumb Code    92  newpid.o(.text)
    PID_SetOutputLimits                      0x08001f5b   Thumb Code   224  newpid.o(.text)
    PID_prepareM2A                           0x0800203b   Thumb Code   102  newpid.o(.text)
    PID_SetMode                              0x080020a1   Thumb Code    48  newpid.o(.text)
    PID_setIOT                               0x080020d1   Thumb Code    20  newpid.o(.text)
    PID_SetDirection                         0x080020e5   Thumb Code    80  newpid.o(.text)
    PID_Compute                              0x08002135   Thumb Code   392  newpid.o(.text)
    PID_Structure_Init                       0x080022bd   Thumb Code   174  newpid.o(.text)
    filterGPIO_RCC                           0x08002381   Thumb Code    14  pwmmanager.o(.text)
    filterGPIO                               0x0800238f   Thumb Code    14  pwmmanager.o(.text)
    filterPin                                0x0800239d   Thumb Code   106  pwmmanager.o(.text)
    filterTIM                                0x08002407   Thumb Code    32  pwmmanager.o(.text)
    filterTIM_RCC                            0x08002427   Thumb Code    32  pwmmanager.o(.text)
    TIM_OCxInit                              0x08002447   Thumb Code   116  pwmmanager.o(.text)
    TIM_OCxPreloadConfig                     0x080024bb   Thumb Code   116  pwmmanager.o(.text)
    filterTIM_FREQ_DIV                       0x0800252f   Thumb Code    66  pwmmanager.o(.text)
    filterTIM_REAL_FREQ                      0x08002571   Thumb Code    66  pwmmanager.o(.text)
    PWM_chageRatio                           0x080025b3   Thumb Code   234  pwmmanager.o(.text)
    PWMStart                                 0x0800269d   Thumb Code   394  pwmmanager.o(.text)
    PWMManager_changeFrequency               0x08002827   Thumb Code   166  pwmmanager.o(.text)
    PWMManager_changeRatio                   0x080028cd   Thumb Code    80  pwmmanager.o(.text)
    PWMManager_ProduceNewPWM                 0x0800291d   Thumb Code   162  pwmmanager.o(.text)
    PWMManagerStructure                      0x080029bf   Thumb Code    40  pwmmanager.o(.text)
    _sys_exit                                0x080029f1   Thumb Code     6  usart.o(.text)
    fputc                                    0x080029f7   Thumb Code    32  usart.o(.text)
    uart_init                                0x08002a17   Thumb Code   118  usart.o(.text)
    uart2_init                               0x08002a95   Thumb Code   120  usart2.o(.text)
    uart2_sendChar                           0x08002b0d   Thumb Code    28  usart2.o(.text)
    uart2_print                              0x08002b29   Thumb Code    26  usart2.o(.text)
    uart2_println                            0x08002b43   Thumb Code    32  usart2.o(.text)
    uart2_printf                             0x08002b63   Thumb Code    64  usart2.o(.text)
    recv_char                                0x08002ba3   Thumb Code    26  usart2.o(.text)
    uart2_scanf                              0x08002bbd   Thumb Code    74  usart2.o(.text)
    USART2BufReceiever_getByte               0x08002c11   Thumb Code    42  usart2bufreceiever.o(.text)
    USART2BufReceiever_getBytes              0x08002c3b   Thumb Code    76  usart2bufreceiever.o(.text)
    USART2BufReceiever_checkAllRight         0x08002c87   Thumb Code    36  usart2bufreceiever.o(.text)
    USART2BufReceiever_getAvaliableNum       0x08002cab   Thumb Code    26  usart2bufreceiever.o(.text)
    USART2BufReceiever_enableReceieve        0x08002cc5   Thumb Code   138  usart2bufreceiever.o(.text)
    USART2BufReceiever_getRxNum              0x08002d4f   Thumb Code    12  usart2bufreceiever.o(.text)
    USART2BufReceiever_Structure             0x08002d5b   Thumb Code    66  usart2bufreceiever.o(.text)
    uart2_init_BR                            0x08002d9d   Thumb Code    24  usart2bufreceiever.o(.text)
    DMA1_Channel6_IRQHandler                 0x08002db5   Thumb Code    32  usart2bufreceiever.o(.text)
    USARTBufReceiever_getByte                0x08002df1   Thumb Code    42  usartbufreceiever.o(.text)
    USARTBufReceiever_getBytes               0x08002e1b   Thumb Code    76  usartbufreceiever.o(.text)
    USARTBufReceiever_checkAllRight          0x08002e67   Thumb Code    36  usartbufreceiever.o(.text)
    USARTBufReceiever_getAvaliableNum        0x08002e8b   Thumb Code    26  usartbufreceiever.o(.text)
    USARTBufReceiever_enableReceieve         0x08002ea5   Thumb Code   138  usartbufreceiever.o(.text)
    USARTBufReceiever_getRxNum               0x08002f2f   Thumb Code    12  usartbufreceiever.o(.text)
    USARTBufReceiever_Structure              0x08002f3b   Thumb Code    66  usartbufreceiever.o(.text)
    uart_init_BR                             0x08002f7d   Thumb Code    24  usartbufreceiever.o(.text)
    DMA1_Channel5_IRQHandler                 0x08002f95   Thumb Code    32  usartbufreceiever.o(.text)
    THB7128_GPIO_Init                        0x08002fd1   Thumb Code    56  thb7128.o(.text)
    THB7128_TIM_Init                         0x08003009   Thumb Code   116  thb7128.o(.text)
    THB7128_RCC_Init                         0x0800307d   Thumb Code    20  thb7128.o(.text)
    THB7128_NVIC_Configuration               0x08003091   Thumb Code    32  thb7128.o(.text)
    THB7128_Enable                           0x080030b1   Thumb Code    12  thb7128.o(.text)
    THB7128_AntiClockWise                    0x080030bd   Thumb Code    12  thb7128.o(.text)
    THB7128_ClockWise                        0x080030c9   Thumb Code    12  thb7128.o(.text)
    THB7128_Init                             0x080030d5   Thumb Code    78  thb7128.o(.text)
    THB7128_PWM_Out                          0x08003123   Thumb Code    18  thb7128.o(.text)
    THB7128_Disable                          0x08003135   Thumb Code    12  thb7128.o(.text)
    THB7128_IsLastDone                       0x08003141   Thumb Code    14  thb7128.o(.text)
    THB7128_SetDoWhenDone                    0x0800314f   Thumb Code     6  thb7128.o(.text)
    THB7128_ChangeFreq                       0x08003155   Thumb Code    42  thb7128.o(.text)
    TIM2_IRQHandler                          0x0800317f   Thumb Code    60  thb7128.o(.text)
    filterTIM_RCC_DO_EVERY                   0x080031cd   Thumb Code    46  doevery.o(.text)
    filterTIM_IRQn_DO_EVERY                  0x080031fb   Thumb Code    46  doevery.o(.text)
    _DoEvery_GetPrescaler                    0x08003229   Thumb Code    24  doevery.o(.text)
    _DoEvery_GetPeriod                       0x08003241   Thumb Code    34  doevery.o(.text)
    doEvery                                  0x08003263   Thumb Code   150  doevery.o(.text)
    TIM_xillis                               0x080032f9   Thumb Code     6  doevery.o(.text)
    TIM4_IRQHandler                          0x080032ff   Thumb Code    42  doevery.o(.text)
    SVC_CHandler                             0x0800333d   Thumb Code    76  supertask.o(.text)
    Reset_Handler                            0x08003389   Thumb Code     8  startup_stm32f10x_md.o(.text)
    ADC1_2_IRQHandler                        0x080033a3   Thumb Code     0  startup_stm32f10x_md.o(.text)
    CAN1_RX1_IRQHandler                      0x080033a3   Thumb Code     0  startup_stm32f10x_md.o(.text)
    CAN1_SCE_IRQHandler                      0x080033a3   Thumb Code     0  startup_stm32f10x_md.o(.text)
    DMA1_Channel2_IRQHandler                 0x080033a3   Thumb Code     0  startup_stm32f10x_md.o(.text)
    DMA1_Channel3_IRQHandler                 0x080033a3   Thumb Code     0  startup_stm32f10x_md.o(.text)
    DMA1_Channel4_IRQHandler                 0x080033a3   Thumb Code     0  startup_stm32f10x_md.o(.text)
    DMA1_Channel7_IRQHandler                 0x080033a3   Thumb Code     0  startup_stm32f10x_md.o(.text)
    FLASH_IRQHandler                         0x080033a3   Thumb Code     0  startup_stm32f10x_md.o(.text)
    I2C1_ER_IRQHandler                       0x080033a3   Thumb Code     0  startup_stm32f10x_md.o(.text)
    I2C1_EV_IRQHandler                       0x080033a3   Thumb Code     0  startup_stm32f10x_md.o(.text)
    I2C2_ER_IRQHandler                       0x080033a3   Thumb Code     0  startup_stm32f10x_md.o(.text)
    I2C2_EV_IRQHandler                       0x080033a3   Thumb Code     0  startup_stm32f10x_md.o(.text)
    PVD_IRQHandler                           0x080033a3   Thumb Code     0  startup_stm32f10x_md.o(.text)
    RCC_IRQHandler                           0x080033a3   Thumb Code     0  startup_stm32f10x_md.o(.text)
    SPI1_IRQHandler                          0x080033a3   Thumb Code     0  startup_stm32f10x_md.o(.text)
    SPI2_IRQHandler                          0x080033a3   Thumb Code     0  startup_stm32f10x_md.o(.text)
    TAMPER_IRQHandler                        0x080033a3   Thumb Code     0  startup_stm32f10x_md.o(.text)
    TIM1_BRK_IRQHandler                      0x080033a3   Thumb Code     0  startup_stm32f10x_md.o(.text)
    TIM1_TRG_COM_IRQHandler                  0x080033a3   Thumb Code     0  startup_stm32f10x_md.o(.text)
    TIM1_UP_IRQHandler                       0x080033a3   Thumb Code     0  startup_stm32f10x_md.o(.text)
    TIM3_IRQHandler                          0x080033a3   Thumb Code     0  startup_stm32f10x_md.o(.text)
    USART1_IRQHandler                        0x080033a3   Thumb Code     0  startup_stm32f10x_md.o(.text)
    USART3_IRQHandler                        0x080033a3   Thumb Code     0  startup_stm32f10x_md.o(.text)
    USBWakeUp_IRQHandler                     0x080033a3   Thumb Code     0  startup_stm32f10x_md.o(.text)
    USB_HP_CAN1_TX_IRQHandler                0x080033a3   Thumb Code     0  startup_stm32f10x_md.o(.text)
    USB_LP_CAN1_RX0_IRQHandler               0x080033a3   Thumb Code     0  startup_stm32f10x_md.o(.text)
    WWDG_IRQHandler                          0x080033a3   Thumb Code     0  startup_stm32f10x_md.o(.text)
    NVIC_PriorityGroupConfig                 0x080033ad   Thumb Code    10  misc.o(.text)
    NVIC_Init                                0x080033b7   Thumb Code   102  misc.o(.text)
    NVIC_SetVectorTable                      0x0800341d   Thumb Code    14  misc.o(.text)
    NVIC_SystemLPConfig                      0x0800342b   Thumb Code    34  misc.o(.text)
    SysTick_CLKSourceConfig                  0x0800344d   Thumb Code    40  misc.o(.text)
    ADC_DeInit                               0x08003489   Thumb Code    78  stm32f10x_adc.o(.text)
    ADC_Init                                 0x080034d7   Thumb Code    70  stm32f10x_adc.o(.text)
    ADC_StructInit                           0x0800351d   Thumb Code    18  stm32f10x_adc.o(.text)
    ADC_Cmd                                  0x0800352f   Thumb Code    22  stm32f10x_adc.o(.text)
    ADC_DMACmd                               0x08003545   Thumb Code    22  stm32f10x_adc.o(.text)
    ADC_ITConfig                             0x0800355b   Thumb Code    24  stm32f10x_adc.o(.text)
    ADC_ResetCalibration                     0x08003573   Thumb Code    10  stm32f10x_adc.o(.text)
    ADC_GetResetCalibrationStatus            0x0800357d   Thumb Code    20  stm32f10x_adc.o(.text)
    ADC_StartCalibration                     0x08003591   Thumb Code    10  stm32f10x_adc.o(.text)
    ADC_GetCalibrationStatus                 0x0800359b   Thumb Code    20  stm32f10x_adc.o(.text)
    ADC_SoftwareStartConvCmd                 0x080035af   Thumb Code    22  stm32f10x_adc.o(.text)
    ADC_GetSoftwareStartConvStatus           0x080035c5   Thumb Code    20  stm32f10x_adc.o(.text)
    ADC_DiscModeChannelCountConfig           0x080035d9   Thumb Code    24  stm32f10x_adc.o(.text)
    ADC_DiscModeCmd                          0x080035f1   Thumb Code    22  stm32f10x_adc.o(.text)
    ADC_RegularChannelConfig                 0x08003607   Thumb Code   184  stm32f10x_adc.o(.text)
    ADC_ExternalTrigConvCmd                  0x080036bf   Thumb Code    22  stm32f10x_adc.o(.text)
    ADC_GetConversionValue                   0x080036d5   Thumb Code     8  stm32f10x_adc.o(.text)
    ADC_GetDualModeConversionValue           0x080036dd   Thumb Code     8  stm32f10x_adc.o(.text)
    ADC_AutoInjectedConvCmd                  0x080036e5   Thumb Code    22  stm32f10x_adc.o(.text)
    ADC_InjectedDiscModeCmd                  0x080036fb   Thumb Code    22  stm32f10x_adc.o(.text)
    ADC_ExternalTrigInjectedConvConfig       0x08003711   Thumb Code    16  stm32f10x_adc.o(.text)
    ADC_ExternalTrigInjectedConvCmd          0x08003721   Thumb Code    22  stm32f10x_adc.o(.text)
    ADC_SoftwareStartInjectedConvCmd         0x08003737   Thumb Code    22  stm32f10x_adc.o(.text)
    ADC_GetSoftwareStartInjectedConvCmdStatus 0x0800374d   Thumb Code    20  stm32f10x_adc.o(.text)
    ADC_InjectedChannelConfig                0x08003761   Thumb Code   130  stm32f10x_adc.o(.text)
    ADC_InjectedSequencerLengthConfig        0x080037e3   Thumb Code    24  stm32f10x_adc.o(.text)
    ADC_SetInjectedOffset                    0x080037fb   Thumb Code    20  stm32f10x_adc.o(.text)
    ADC_GetInjectedConversionValue           0x0800380f   Thumb Code    28  stm32f10x_adc.o(.text)
    ADC_AnalogWatchdogCmd                    0x0800382b   Thumb Code    16  stm32f10x_adc.o(.text)
    ADC_AnalogWatchdogThresholdsConfig       0x0800383b   Thumb Code     6  stm32f10x_adc.o(.text)
    ADC_AnalogWatchdogSingleChannelConfig    0x08003841   Thumb Code    16  stm32f10x_adc.o(.text)
    ADC_TempSensorVrefintCmd                 0x08003851   Thumb Code    64  stm32f10x_adc.o(.text)
    ADC_GetFlagStatus                        0x08003891   Thumb Code    18  stm32f10x_adc.o(.text)
    ADC_ClearFlag                            0x080038a3   Thumb Code     6  stm32f10x_adc.o(.text)
    ADC_GetITStatus                          0x080038a9   Thumb Code    36  stm32f10x_adc.o(.text)
    ADC_ClearITPendingBit                    0x080038cd   Thumb Code    10  stm32f10x_adc.o(.text)
    DMA_DeInit                               0x080038d9   Thumb Code   324  stm32f10x_dma.o(.text)
    DMA_Init                                 0x08003a1d   Thumb Code    60  stm32f10x_dma.o(.text)
    DMA_StructInit                           0x08003a59   Thumb Code    26  stm32f10x_dma.o(.text)
    DMA_Cmd                                  0x08003a73   Thumb Code    24  stm32f10x_dma.o(.text)
    DMA_ITConfig                             0x08003a8b   Thumb Code    18  stm32f10x_dma.o(.text)
    DMA_SetCurrDataCounter                   0x08003a9d   Thumb Code     4  stm32f10x_dma.o(.text)
    DMA_GetCurrDataCounter                   0x08003aa1   Thumb Code     8  stm32f10x_dma.o(.text)
    DMA_GetFlagStatus                        0x08003aa9   Thumb Code    38  stm32f10x_dma.o(.text)
    DMA_ClearFlag                            0x08003acf   Thumb Code    22  stm32f10x_dma.o(.text)
    DMA_GetITStatus                          0x08003ae5   Thumb Code    38  stm32f10x_dma.o(.text)
    DMA_ClearITPendingBit                    0x08003b0b   Thumb Code    22  stm32f10x_dma.o(.text)
    EXTI_DeInit                              0x08003b29   Thumb Code    28  stm32f10x_exti.o(.text)
    EXTI_Init                                0x08003b45   Thumb Code   142  stm32f10x_exti.o(.text)
    EXTI_StructInit                          0x08003bd3   Thumb Code    16  stm32f10x_exti.o(.text)
    EXTI_GenerateSWInterrupt                 0x08003be3   Thumb Code    16  stm32f10x_exti.o(.text)
    EXTI_GetFlagStatus                       0x08003bf3   Thumb Code    22  stm32f10x_exti.o(.text)
    EXTI_ClearFlag                           0x08003c09   Thumb Code     8  stm32f10x_exti.o(.text)
    EXTI_GetITStatus                         0x08003c11   Thumb Code    34  stm32f10x_exti.o(.text)
    EXTI_ClearITPendingBit                   0x08003c33   Thumb Code     8  stm32f10x_exti.o(.text)
    GPIO_DeInit                              0x08003c45   Thumb Code   172  stm32f10x_gpio.o(.text)
    GPIO_AFIODeInit                          0x08003cf1   Thumb Code    20  stm32f10x_gpio.o(.text)
    GPIO_Init                                0x08003d05   Thumb Code   274  stm32f10x_gpio.o(.text)
    GPIO_StructInit                          0x08003e17   Thumb Code    16  stm32f10x_gpio.o(.text)
    GPIO_ReadInputDataBit                    0x08003e27   Thumb Code    18  stm32f10x_gpio.o(.text)
    GPIO_ReadInputData                       0x08003e39   Thumb Code     8  stm32f10x_gpio.o(.text)
    GPIO_ReadOutputDataBit                   0x08003e41   Thumb Code    18  stm32f10x_gpio.o(.text)
    GPIO_ReadOutputData                      0x08003e53   Thumb Code     8  stm32f10x_gpio.o(.text)
    GPIO_SetBits                             0x08003e5b   Thumb Code     4  stm32f10x_gpio.o(.text)
    GPIO_ResetBits                           0x08003e5f   Thumb Code     4  stm32f10x_gpio.o(.text)
    GPIO_WriteBit                            0x08003e63   Thumb Code    10  stm32f10x_gpio.o(.text)
    GPIO_Write                               0x08003e6d   Thumb Code     4  stm32f10x_gpio.o(.text)
    GPIO_PinLockConfig                       0x08003e71   Thumb Code    18  stm32f10x_gpio.o(.text)
    GPIO_EventOutputConfig                   0x08003e83   Thumb Code    26  stm32f10x_gpio.o(.text)
    GPIO_EventOutputCmd                      0x08003e9d   Thumb Code     6  stm32f10x_gpio.o(.text)
    GPIO_PinRemapConfig                      0x08003ea3   Thumb Code   138  stm32f10x_gpio.o(.text)
    GPIO_EXTILineConfig                      0x08003f2d   Thumb Code    66  stm32f10x_gpio.o(.text)
    GPIO_ETH_MediaInterfaceConfig            0x08003f6f   Thumb Code     6  stm32f10x_gpio.o(.text)
    PWR_DeInit                               0x08003f9d   Thumb Code    22  stm32f10x_pwr.o(.text)
    PWR_BackupAccessCmd                      0x08003fb3   Thumb Code     6  stm32f10x_pwr.o(.text)
    PWR_PVDCmd                               0x08003fb9   Thumb Code     6  stm32f10x_pwr.o(.text)
    PWR_PVDLevelConfig                       0x08003fbf   Thumb Code    18  stm32f10x_pwr.o(.text)
    PWR_WakeUpPinCmd                         0x08003fd1   Thumb Code     6  stm32f10x_pwr.o(.text)
    PWR_EnterSTOPMode                        0x08003fd7   Thumb Code    54  stm32f10x_pwr.o(.text)
    PWR_EnterSTANDBYMode                     0x0800400d   Thumb Code    42  stm32f10x_pwr.o(.text)
    PWR_GetFlagStatus                        0x08004037   Thumb Code    20  stm32f10x_pwr.o(.text)
    PWR_ClearFlag                            0x0800404b   Thumb Code    14  stm32f10x_pwr.o(.text)
    RCC_DeInit                               0x08004069   Thumb Code    64  stm32f10x_rcc.o(.text)
    RCC_HSEConfig                            0x080040a9   Thumb Code    70  stm32f10x_rcc.o(.text)
    RCC_GetFlagStatus                        0x080040ef   Thumb Code    56  stm32f10x_rcc.o(.text)
    RCC_WaitForHSEStartUp                    0x08004127   Thumb Code    56  stm32f10x_rcc.o(.text)
    RCC_AdjustHSICalibrationValue            0x0800415f   Thumb Code    20  stm32f10x_rcc.o(.text)
    RCC_HSICmd                               0x08004173   Thumb Code     6  stm32f10x_rcc.o(.text)
    RCC_PLLConfig                            0x08004179   Thumb Code    24  stm32f10x_rcc.o(.text)
    RCC_PLLCmd                               0x08004191   Thumb Code     6  stm32f10x_rcc.o(.text)
    RCC_SYSCLKConfig                         0x08004197   Thumb Code    18  stm32f10x_rcc.o(.text)
    RCC_GetSYSCLKSource                      0x080041a9   Thumb Code    10  stm32f10x_rcc.o(.text)
    RCC_HCLKConfig                           0x080041b3   Thumb Code    18  stm32f10x_rcc.o(.text)
    RCC_PCLK1Config                          0x080041c5   Thumb Code    18  stm32f10x_rcc.o(.text)
    RCC_PCLK2Config                          0x080041d7   Thumb Code    20  stm32f10x_rcc.o(.text)
    RCC_ITConfig                             0x080041eb   Thumb Code    26  stm32f10x_rcc.o(.text)
    RCC_USBCLKConfig                         0x08004205   Thumb Code     6  stm32f10x_rcc.o(.text)
    RCC_ADCCLKConfig                         0x0800420b   Thumb Code    18  stm32f10x_rcc.o(.text)
    RCC_LSEConfig                            0x0800421d   Thumb Code    44  stm32f10x_rcc.o(.text)
    RCC_LSICmd                               0x08004249   Thumb Code     6  stm32f10x_rcc.o(.text)
    RCC_RTCCLKConfig                         0x0800424f   Thumb Code    12  stm32f10x_rcc.o(.text)
    RCC_RTCCLKCmd                            0x0800425b   Thumb Code     8  stm32f10x_rcc.o(.text)
    RCC_GetClocksFreq                        0x08004263   Thumb Code   192  stm32f10x_rcc.o(.text)
    RCC_AHBPeriphClockCmd                    0x08004323   Thumb Code    26  stm32f10x_rcc.o(.text)
    RCC_APB2PeriphClockCmd                   0x0800433d   Thumb Code    26  stm32f10x_rcc.o(.text)
    RCC_APB1PeriphClockCmd                   0x08004357   Thumb Code    26  stm32f10x_rcc.o(.text)
    RCC_APB2PeriphResetCmd                   0x08004371   Thumb Code    26  stm32f10x_rcc.o(.text)
    RCC_APB1PeriphResetCmd                   0x0800438b   Thumb Code    26  stm32f10x_rcc.o(.text)
    RCC_BackupResetCmd                       0x080043a5   Thumb Code     8  stm32f10x_rcc.o(.text)
    RCC_ClockSecuritySystemCmd               0x080043ad   Thumb Code     6  stm32f10x_rcc.o(.text)
    RCC_MCOConfig                            0x080043b3   Thumb Code     6  stm32f10x_rcc.o(.text)
    RCC_ClearFlag                            0x080043b9   Thumb Code    14  stm32f10x_rcc.o(.text)
    RCC_GetITStatus                          0x080043c7   Thumb Code    20  stm32f10x_rcc.o(.text)
    RCC_ClearITPendingBit                    0x080043db   Thumb Code     6  stm32f10x_rcc.o(.text)
    RTC_ITConfig                             0x0800440d   Thumb Code    26  stm32f10x_rtc.o(.text)
    RTC_EnterConfigMode                      0x08004427   Thumb Code    18  stm32f10x_rtc.o(.text)
    RTC_ExitConfigMode                       0x08004439   Thumb Code    20  stm32f10x_rtc.o(.text)
    RTC_GetCounter                           0x0800444d   Thumb Code    18  stm32f10x_rtc.o(.text)
    RTC_SetCounter                           0x0800445f   Thumb Code    26  stm32f10x_rtc.o(.text)
    RTC_SetPrescaler                         0x08004479   Thumb Code    28  stm32f10x_rtc.o(.text)
    RTC_SetAlarm                             0x08004495   Thumb Code    26  stm32f10x_rtc.o(.text)
    RTC_GetDivider                           0x080044af   Thumb Code    22  stm32f10x_rtc.o(.text)
    RTC_WaitForLastTask                      0x080044c5   Thumb Code    16  stm32f10x_rtc.o(.text)
    RTC_WaitForSynchro                       0x080044d5   Thumb Code    34  stm32f10x_rtc.o(.text)
    RTC_GetFlagStatus                        0x080044f7   Thumb Code    22  stm32f10x_rtc.o(.text)
    RTC_ClearFlag                            0x0800450d   Thumb Code    16  stm32f10x_rtc.o(.text)
    RTC_GetITStatus                          0x0800451d   Thumb Code    32  stm32f10x_rtc.o(.text)
    RTC_ClearITPendingBit                    0x0800453d   Thumb Code    16  stm32f10x_rtc.o(.text)
    TIM_DeInit                               0x08004551   Thumb Code   424  stm32f10x_tim.o(.text)
    TIM_TimeBaseInit                         0x080046f9   Thumb Code   122  stm32f10x_tim.o(.text)
    TIM_OC1Init                              0x08004773   Thumb Code   132  stm32f10x_tim.o(.text)
    TIM_OC2Init                              0x080047f7   Thumb Code   154  stm32f10x_tim.o(.text)
    TIM_OC3Init                              0x08004891   Thumb Code   150  stm32f10x_tim.o(.text)
    TIM_OC4Init                              0x08004927   Thumb Code   182  stm32f10x_tim.o(.text)
    TIM_SetIC4Prescaler                      0x080049dd   Thumb Code    26  stm32f10x_tim.o(.text)
    TIM_SetIC3Prescaler                      0x08004a79   Thumb Code    18  stm32f10x_tim.o(.text)
    TIM_SetIC2Prescaler                      0x08004b05   Thumb Code    26  stm32f10x_tim.o(.text)
    TIM_SetIC1Prescaler                      0x08004ba1   Thumb Code    18  stm32f10x_tim.o(.text)
    TIM_ICInit                               0x08004c1f   Thumb Code   150  stm32f10x_tim.o(.text)
    TIM_PWMIConfig                           0x08004cb5   Thumb Code   124  stm32f10x_tim.o(.text)
    TIM_BDTRConfig                           0x08004d31   Thumb Code    32  stm32f10x_tim.o(.text)
    TIM_TimeBaseStructInit                   0x08004d51   Thumb Code    18  stm32f10x_tim.o(.text)
    TIM_OCStructInit                         0x08004d63   Thumb Code    20  stm32f10x_tim.o(.text)
    TIM_ICStructInit                         0x08004d77   Thumb Code    18  stm32f10x_tim.o(.text)
    TIM_BDTRStructInit                       0x08004d89   Thumb Code    40  stm32f10x_tim.o(.text)
    TIM_Cmd                                  0x08004db1   Thumb Code    24  stm32f10x_tim.o(.text)
    TIM_CtrlPWMOutputs                       0x08004dc9   Thumb Code    30  stm32f10x_tim.o(.text)
    TIM_ITConfig                             0x08004de7   Thumb Code    18  stm32f10x_tim.o(.text)
    TIM_GenerateEvent                        0x08004df9   Thumb Code     4  stm32f10x_tim.o(.text)
    TIM_DMAConfig                            0x08004dfd   Thumb Code    10  stm32f10x_tim.o(.text)
    TIM_DMACmd                               0x08004e07   Thumb Code    18  stm32f10x_tim.o(.text)
    TIM_InternalClockConfig                  0x08004e19   Thumb Code    12  stm32f10x_tim.o(.text)
    TIM_SelectInputTrigger                   0x08004e25   Thumb Code    18  stm32f10x_tim.o(.text)
    TIM_ITRxExternalClockConfig              0x08004e37   Thumb Code    24  stm32f10x_tim.o(.text)
    TIM_TIxExternalClockConfig               0x08004e4f   Thumb Code    62  stm32f10x_tim.o(.text)
    TIM_ETRConfig                            0x08004e8d   Thumb Code    28  stm32f10x_tim.o(.text)
    TIM_ETRClockMode1Config                  0x08004ea9   Thumb Code    54  stm32f10x_tim.o(.text)
    TIM_ETRClockMode2Config                  0x08004edf   Thumb Code    32  stm32f10x_tim.o(.text)
    TIM_PrescalerConfig                      0x08004eff   Thumb Code     6  stm32f10x_tim.o(.text)
    TIM_CounterModeConfig                    0x08004f05   Thumb Code    18  stm32f10x_tim.o(.text)
    TIM_EncoderInterfaceConfig               0x08004f17   Thumb Code    66  stm32f10x_tim.o(.text)
    TIM_ForcedOC1Config                      0x08004f59   Thumb Code    18  stm32f10x_tim.o(.text)
    TIM_ForcedOC2Config                      0x08004f6b   Thumb Code    26  stm32f10x_tim.o(.text)
    TIM_ForcedOC3Config                      0x08004f85   Thumb Code    18  stm32f10x_tim.o(.text)
    TIM_ForcedOC4Config                      0x08004f97   Thumb Code    26  stm32f10x_tim.o(.text)
    TIM_ARRPreloadConfig                     0x08004fb1   Thumb Code    24  stm32f10x_tim.o(.text)
    TIM_SelectCOM                            0x08004fc9   Thumb Code    24  stm32f10x_tim.o(.text)
    TIM_SelectCCDMA                          0x08004fe1   Thumb Code    24  stm32f10x_tim.o(.text)
    TIM_CCPreloadControl                     0x08004ff9   Thumb Code    24  stm32f10x_tim.o(.text)
    TIM_OC1PreloadConfig                     0x08005011   Thumb Code    18  stm32f10x_tim.o(.text)
    TIM_OC2PreloadConfig                     0x08005023   Thumb Code    26  stm32f10x_tim.o(.text)
    TIM_OC3PreloadConfig                     0x0800503d   Thumb Code    18  stm32f10x_tim.o(.text)
    TIM_OC4PreloadConfig                     0x0800504f   Thumb Code    26  stm32f10x_tim.o(.text)
    TIM_OC1FastConfig                        0x08005069   Thumb Code    18  stm32f10x_tim.o(.text)
    TIM_OC2FastConfig                        0x0800507b   Thumb Code    26  stm32f10x_tim.o(.text)
    TIM_OC3FastConfig                        0x08005095   Thumb Code    18  stm32f10x_tim.o(.text)
    TIM_OC4FastConfig                        0x080050a7   Thumb Code    26  stm32f10x_tim.o(.text)
    TIM_ClearOC1Ref                          0x080050c1   Thumb Code    18  stm32f10x_tim.o(.text)
    TIM_ClearOC2Ref                          0x080050d3   Thumb Code    24  stm32f10x_tim.o(.text)
    TIM_ClearOC3Ref                          0x080050eb   Thumb Code    18  stm32f10x_tim.o(.text)
    TIM_ClearOC4Ref                          0x080050fd   Thumb Code    24  stm32f10x_tim.o(.text)
    TIM_OC1PolarityConfig                    0x08005115   Thumb Code    18  stm32f10x_tim.o(.text)
    TIM_OC1NPolarityConfig                   0x08005127   Thumb Code    18  stm32f10x_tim.o(.text)
    TIM_OC2PolarityConfig                    0x08005139   Thumb Code    26  stm32f10x_tim.o(.text)
    TIM_OC2NPolarityConfig                   0x08005153   Thumb Code    26  stm32f10x_tim.o(.text)
    TIM_OC3PolarityConfig                    0x0800516d   Thumb Code    26  stm32f10x_tim.o(.text)
    TIM_OC3NPolarityConfig                   0x08005187   Thumb Code    26  stm32f10x_tim.o(.text)
    TIM_OC4PolarityConfig                    0x080051a1   Thumb Code    26  stm32f10x_tim.o(.text)
    TIM_CCxCmd                               0x080051bb   Thumb Code    30  stm32f10x_tim.o(.text)
    TIM_CCxNCmd                              0x080051d9   Thumb Code    30  stm32f10x_tim.o(.text)
    TIM_SelectOCxM                           0x080051f7   Thumb Code    82  stm32f10x_tim.o(.text)
    TIM_UpdateDisableConfig                  0x08005249   Thumb Code    24  stm32f10x_tim.o(.text)
    TIM_UpdateRequestConfig                  0x08005261   Thumb Code    24  stm32f10x_tim.o(.text)
    TIM_SelectHallSensor                     0x08005279   Thumb Code    24  stm32f10x_tim.o(.text)
    TIM_SelectOnePulseMode                   0x08005291   Thumb Code    18  stm32f10x_tim.o(.text)
    TIM_SelectOutputTrigger                  0x080052a3   Thumb Code    18  stm32f10x_tim.o(.text)
    TIM_SelectSlaveMode                      0x080052b5   Thumb Code    18  stm32f10x_tim.o(.text)
    TIM_SelectMasterSlaveMode                0x080052c7   Thumb Code    18  stm32f10x_tim.o(.text)
    TIM_SetCounter                           0x080052d9   Thumb Code     4  stm32f10x_tim.o(.text)
    TIM_SetAutoreload                        0x080052dd   Thumb Code     4  stm32f10x_tim.o(.text)
    TIM_SetCompare1                          0x080052e1   Thumb Code     4  stm32f10x_tim.o(.text)
    TIM_SetCompare2                          0x080052e5   Thumb Code     4  stm32f10x_tim.o(.text)
    TIM_SetCompare3                          0x080052e9   Thumb Code     4  stm32f10x_tim.o(.text)
    TIM_SetCompare4                          0x080052ed   Thumb Code     6  stm32f10x_tim.o(.text)
    TIM_SetClockDivision                     0x080052f3   Thumb Code    18  stm32f10x_tim.o(.text)
    TIM_GetCapture1                          0x08005305   Thumb Code     6  stm32f10x_tim.o(.text)
    TIM_GetCapture2                          0x0800530b   Thumb Code     6  stm32f10x_tim.o(.text)
    TIM_GetCapture3                          0x08005311   Thumb Code     6  stm32f10x_tim.o(.text)
    TIM_GetCapture4                          0x08005317   Thumb Code     8  stm32f10x_tim.o(.text)
    TIM_GetCounter                           0x0800531f   Thumb Code     6  stm32f10x_tim.o(.text)
    TIM_GetPrescaler                         0x08005325   Thumb Code     6  stm32f10x_tim.o(.text)
    TIM_GetFlagStatus                        0x0800532b   Thumb Code    18  stm32f10x_tim.o(.text)
    TIM_ClearFlag                            0x0800533d   Thumb Code     6  stm32f10x_tim.o(.text)
    TIM_GetITStatus                          0x08005343   Thumb Code    34  stm32f10x_tim.o(.text)
    TIM_ClearITPendingBit                    0x08005365   Thumb Code     6  stm32f10x_tim.o(.text)
    USART_DeInit                             0x0800536d   Thumb Code   134  stm32f10x_usart.o(.text)
    USART_Init                               0x080053f3   Thumb Code   210  stm32f10x_usart.o(.text)
    USART_StructInit                         0x080054c5   Thumb Code    24  stm32f10x_usart.o(.text)
    USART_ClockInit                          0x080054dd   Thumb Code    34  stm32f10x_usart.o(.text)
    USART_ClockStructInit                    0x080054ff   Thumb Code    12  stm32f10x_usart.o(.text)
    USART_Cmd                                0x0800550b   Thumb Code    24  stm32f10x_usart.o(.text)
    USART_ITConfig                           0x08005523   Thumb Code    74  stm32f10x_usart.o(.text)
    USART_DMACmd                             0x0800556d   Thumb Code    18  stm32f10x_usart.o(.text)
    USART_SetAddress                         0x0800557f   Thumb Code    18  stm32f10x_usart.o(.text)
    USART_WakeUpConfig                       0x08005591   Thumb Code    18  stm32f10x_usart.o(.text)
    USART_ReceiverWakeUpCmd                  0x080055a3   Thumb Code    24  stm32f10x_usart.o(.text)
    USART_LINBreakDetectLengthConfig         0x080055bb   Thumb Code    18  stm32f10x_usart.o(.text)
    USART_LINCmd                             0x080055cd   Thumb Code    24  stm32f10x_usart.o(.text)
    USART_SendData                           0x080055e5   Thumb Code     8  stm32f10x_usart.o(.text)
    USART_ReceiveData                        0x080055ed   Thumb Code    10  stm32f10x_usart.o(.text)
    USART_SendBreak                          0x080055f7   Thumb Code    10  stm32f10x_usart.o(.text)
    USART_SetGuardTime                       0x08005601   Thumb Code    16  stm32f10x_usart.o(.text)
    USART_SetPrescaler                       0x08005611   Thumb Code    16  stm32f10x_usart.o(.text)
    USART_SmartCardCmd                       0x08005621   Thumb Code    24  stm32f10x_usart.o(.text)
    USART_SmartCardNACKCmd                   0x08005639   Thumb Code    24  stm32f10x_usart.o(.text)
    USART_HalfDuplexCmd                      0x08005651   Thumb Code    24  stm32f10x_usart.o(.text)
    USART_OverSampling8Cmd                   0x08005669   Thumb Code    22  stm32f10x_usart.o(.text)
    USART_OneBitMethodCmd                    0x0800567f   Thumb Code    24  stm32f10x_usart.o(.text)
    USART_IrDAConfig                         0x08005697   Thumb Code    18  stm32f10x_usart.o(.text)
    USART_IrDACmd                            0x080056a9   Thumb Code    24  stm32f10x_usart.o(.text)
    USART_GetFlagStatus                      0x080056c1   Thumb Code    26  stm32f10x_usart.o(.text)
    USART_ClearFlag                          0x080056db   Thumb Code    18  stm32f10x_usart.o(.text)
    USART_GetITStatus                        0x080056ed   Thumb Code    84  stm32f10x_usart.o(.text)
    USART_ClearITPendingBit                  0x08005741   Thumb Code    52  stm32f10x_usart.o(.text)
    MPU6050_SetFullScaleAccelRange           0x08005775   Thumb Code    20  mpu6050.o(.text)
    MPU6050_SetFullScaleGyroRange            0x08005789   Thumb Code    20  mpu6050.o(.text)
    MPU6050_SetClockSource                   0x0800579d   Thumb Code    20  mpu6050.o(.text)
    MPU6050_SetSleepModeStatus               0x080057b1   Thumb Code    18  mpu6050.o(.text)
    MPU6050_Initialize                       0x080057c3   Thumb Code    28  mpu6050.o(.text)
    MPU6050_ALL_Initialize                   0x080057df   Thumb Code    22  mpu6050.o(.text)
    getWho                                   0x080057f5   Thumb Code    18  mpu6050.o(.text)
    getAccX                                  0x08005807   Thumb Code    38  mpu6050.o(.text)
    getAccY                                  0x0800582d   Thumb Code    38  mpu6050.o(.text)
    getAccZ                                  0x08005853   Thumb Code    38  mpu6050.o(.text)
    getGyroX                                 0x08005879   Thumb Code    38  mpu6050.o(.text)
    getGyroY                                 0x0800589f   Thumb Code    38  mpu6050.o(.text)
    getGyroZ                                 0x080058c5   Thumb Code    38  mpu6050.o(.text)
    getTemperature                           0x080058eb   Thumb Code    38  mpu6050.o(.text)
    MPU6050_GetCarRawData                    0x08005911   Thumb Code    42  mpu6050.o(.text)
    MPU6050_GetTransformedData               0x0800593b   Thumb Code   214  mpu6050.o(.text)
    GPIO_Filter                              0x08005a41   Thumb Code    86  iic_analog.o(.text)
    IIC_GPIO_Configuration                   0x08005a97   Thumb Code   122  iic_analog.o(.text)
    IIC_Delay                                0x08005b11   Thumb Code    14  iic_analog.o(.text)
    IIC_Start_Super                          0x08005b1f   Thumb Code    92  iic_analog.o(.text)
    IIC_Start                                0x08005b7b   Thumb Code    92  iic_analog.o(.text)
    IIC_StopSuper                            0x08005bd7   Thumb Code    46  iic_analog.o(.text)
    IIC_Stop                                 0x08005c05   Thumb Code    46  iic_analog.o(.text)
    IIC_SendNACKSuper                        0x08005c33   Thumb Code    46  iic_analog.o(.text)
    IIC_SendNACK                             0x08005c61   Thumb Code    46  iic_analog.o(.text)
    IIC_SendACKSuper                         0x08005c8f   Thumb Code    46  iic_analog.o(.text)
    IIC_SendACK                              0x08005cbd   Thumb Code    46  iic_analog.o(.text)
    IIC_SendByteSuper                        0x08005ceb   Thumb Code   158  iic_analog.o(.text)
    IIC_SendByte                             0x08005d89   Thumb Code   188  iic_analog.o(.text)
    IIC_RecvByteSuper                        0x08005e45   Thumb Code    90  iic_analog.o(.text)
    IIC_RecvByte                             0x08005e9f   Thumb Code    90  iic_analog.o(.text)
    Single_Write_IIC                         0x08005ef9   Thumb Code    36  iic_analog.o(.text)
    Single_Read_IIC                          0x08005f1d   Thumb Code    52  iic_analog.o(.text)
    IIC_WriteBits                            0x08005f51   Thumb Code    74  iic_analog.o(.text)
    IIC_WriteBit                             0x08005f9b   Thumb Code    56  iic_analog.o(.text)
    usmart_sys_cmd_exe                       0x08005fd9   Thumb Code  1570  usmart.o(.text)
    usmart_init                              0x080065fb   Thumb Code    62  usmart.o(.text)
    usmart_cmd_rec                           0x08006639   Thumb Code   170  usmart.o(.text)
    usmart_exe                               0x080066e3   Thumb Code   714  usmart.o(.text)
    usmart_scan                              0x080069ad   Thumb Code   118  usmart.o(.text)
    read_addr                                0x08006a23   Thumb Code     6  usmart.o(.text)
    write_addr                               0x08006a29   Thumb Code     4  usmart.o(.text)
    USART2_IRQHandler                        0x08006a2d   Thumb Code   122  usmart.o(.text)
    usmart_strcmp                            0x08006b05   Thumb Code    34  usmart_str.o(.text)
    usmart_strcopy                           0x08006b27   Thumb Code    22  usmart_str.o(.text)
    usmart_strlen                            0x08006b3d   Thumb Code    24  usmart_str.o(.text)
    usmart_pow                               0x08006b55   Thumb Code    22  usmart_str.o(.text)
    usmart_str2num                           0x08006b6b   Thumb Code   202  usmart_str.o(.text)
    usmart_get_cmdname                       0x08006c35   Thumb Code    54  usmart_str.o(.text)
    usmart_search_nextc                      0x08006c6b   Thumb Code    20  usmart_str.o(.text)
    usmart_get_fname                         0x08006c7f   Thumb Code   430  usmart_str.o(.text)
    usmart_get_aparm                         0x08006e2d   Thumb Code   188  usmart_str.o(.text)
    usmart_get_parmpos                       0x08006ee9   Thumb Code    26  usmart_str.o(.text)
    usmart_get_fparam                        0x08006f03   Thumb Code   262  usmart_str.o(.text)
    vsscanf                                  0x08007015   Thumb Code    40  vsscanf.o(.text)
    __aeabi_fadd                             0x08007045   Thumb Code   164  fadd.o(.text)
    __aeabi_fsub                             0x080070e9   Thumb Code     6  fadd.o(.text)
    __aeabi_frsub                            0x080070ef   Thumb Code     6  fadd.o(.text)
    __aeabi_dadd                             0x080070f5   Thumb Code   322  dadd.o(.text)
    __aeabi_dsub                             0x08007237   Thumb Code     6  dadd.o(.text)
    __aeabi_drsub                            0x0800723d   Thumb Code     6  dadd.o(.text)
    __aeabi_dmul                             0x08007243   Thumb Code   228  dmul.o(.text)
    __aeabi_ddiv                             0x08007327   Thumb Code   222  ddiv.o(.text)
    __aeabi_i2d                              0x08007405   Thumb Code    34  dflti.o(.text)
    __aeabi_ui2d                             0x08007427   Thumb Code    26  dfltui.o(.text)
    __aeabi_d2uiz                            0x08007441   Thumb Code    50  dfixui.o(.text)
    __aeabi_f2d                              0x08007473   Thumb Code    38  f2d.o(.text)
    __aeabi_cdcmpeq                          0x08007499   Thumb Code     0  cdcmple.o(.text)
    __aeabi_cdcmple                          0x08007499   Thumb Code    38  cdcmple.o(.text)
    __aeabi_cdrcmple                         0x080074c1   Thumb Code    38  cdrcmple.o(.text)
    __aeabi_d2f                              0x080074e9   Thumb Code    56  d2f.o(.text)
    __aeabi_uidiv                            0x08007521   Thumb Code     0  uidiv.o(.text)
    __aeabi_uidivmod                         0x08007521   Thumb Code    44  uidiv.o(.text)
    __aeabi_uldivmod                         0x0800754d   Thumb Code    98  uldiv.o(.text)
    __aeabi_llsl                             0x080075af   Thumb Code    30  llshl.o(.text)
    _ll_shift_l                              0x080075af   Thumb Code     0  llshl.o(.text)
    __aeabi_llsr                             0x080075cd   Thumb Code    32  llushr.o(.text)
    _ll_ushift_r                             0x080075cd   Thumb Code     0  llushr.o(.text)
    __aeabi_lasr                             0x080075ed   Thumb Code    36  llsshr.o(.text)
    _ll_sshift_r                             0x080075ed   Thumb Code     0  llsshr.o(.text)
    _scanf_longlong                          0x08007611   Thumb Code   342  _scanf_longlong.o(.text)
    _scanf_int                               0x08007767   Thumb Code   336  _scanf_int.o(.text)
    _scanf_string                            0x080078b7   Thumb Code   218  _scanf_str.o(.text)
    _scanf_real                              0x08007a91   Thumb Code     0  scanf_fp.o(.text)
    _scanf_really_real                       0x08007a91   Thumb Code   560  scanf_fp.o(.text)
    __vfscanf_char                           0x08007cd9   Thumb Code    20  scanf_char.o(.text)
    _sgetc                                   0x08007cf5   Thumb Code    30  _sgetc.o(.text)
    _sbackspace                              0x08007d13   Thumb Code    34  _sgetc.o(.text)
    __I$use$fp                               0x08007d35   Thumb Code     0  iusefp.o(.text)
    _float_round                             0x08007d35   Thumb Code    18  fepilogue.o(.text)
    _float_epilogue                          0x08007d47   Thumb Code    90  fepilogue.o(.text)
    _double_round                            0x08007da1   Thumb Code    26  depilogue.o(.text)
    _double_epilogue                         0x08007dbb   Thumb Code   164  depilogue.o(.text)
    __aeabi_d2ulz                            0x08007e5f   Thumb Code    48  dfixul.o(.text)
    __scatterload                            0x08007e91   Thumb Code    28  init.o(.text)
    __scatterload_rt2                        0x08007e91   Thumb Code     0  init.o(.text)
    isspace                                  0x08007eb5   Thumb Code    10  isspace_c.o(.text)
    _chval                                   0x08007ebf   Thumb Code    28  _chval.o(.text)
    __vfscanf                                0x08007edd   Thumb Code   806  _scanf.o(.text)
    __aeabi_ul2d                             0x08008209   Thumb Code    24  dfltul.o(.text)
    __ctype_lookup                           0x08008221   Thumb Code    34  ctype_c.o(.text)
    __decompress                             0x08008249   Thumb Code     0  __dczerorl2.o(.text)
    __decompress1                            0x08008249   Thumb Code    92  __dczerorl2.o(.text)
    __0vsnprintf                             0x080082a5   Thumb Code    32  printfa.o(i.__0vsnprintf)
    __1vsnprintf                             0x080082a5   Thumb Code     0  printfa.o(i.__0vsnprintf)
    __2vsnprintf                             0x080082a5   Thumb Code     0  printfa.o(i.__0vsnprintf)
    __c89vsnprintf                           0x080082a5   Thumb Code     0  printfa.o(i.__0vsnprintf)
    vsnprintf                                0x080082a5   Thumb Code     0  printfa.o(i.__0vsnprintf)
    __scatterload_copy                       0x080082c9   Thumb Code    14  handlers.o(i.__scatterload_copy)
    __scatterload_null                       0x080082d7   Thumb Code     2  handlers.o(i.__scatterload_null)
    __scatterload_zeroinit                   0x080082d9   Thumb Code    14  handlers.o(i.__scatterload_zeroinit)
    _is_digit                                0x08008445   Thumb Code    14  scanf_fp.o(i._is_digit)
    __ctype_categories                       0x08008bb0   Data          64  ctype_c.o(.constdata)
    Region$$Table$$Base                      0x08008c8c   Number         0  anon$$obj.o(Region$$Table)
    Region$$Table$$Limit                     0x08008cac   Number         0  anon$$obj.o(Region$$Table)
    SystemCoreClock                          0x20000000   Data           4  system_stm32f10x.o(.data)
    AHBPrescTable                            0x20000004   Data          16  system_stm32f10x.o(.data)
    PID_target                               0x20000018   Data           8  main.o(.data)
    PID_input                                0x20000020   Data           8  main.o(.data)
    PID_output                               0x20000028   Data           8  main.o(.data)
    defaultADCManager                        0x20000030   Data           4  adcmanager.o(.data)
    defaultEXTIManager                       0x20000038   Data           4  extimanager.o(.data)
    DefaultKalmanFilter                      0x2000003c   Data           4  filter.o(.data)
    DefaultComplementaryFilter               0x20000040   Data           4  filter.o(.data)
    catchWhat_Flag                           0x20000044   Data           4  inputcatcher.o(.data)
    ISROUTEENABLED_Flag                      0x20000048   Data           4  inputcatcher.o(.data)
    defaultInputCatchManager                 0x2000004c   Data           4  inputcatcher.o(.data)
    defaultDoSomeThing                       0x20000050   Data           4  millis.o(.data)
    _PID_lastTime                            0x20000058   Data           4  newpid.o(.data)
    _PID_ITerm                               0x20000060   Data           8  newpid.o(.data)
    _PID_lastInput                           0x20000068   Data           8  newpid.o(.data)
    _PID_kp                                  0x20000070   Data           8  newpid.o(.data)
    _PID_ki                                  0x20000078   Data           8  newpid.o(.data)
    _PID_kd                                  0x20000080   Data           8  newpid.o(.data)
    defaultPID                               0x20000088   Data           4  newpid.o(.data)
    defaultPWMManager                        0x2000008c   Data           4  pwmmanager.o(.data)
    _buf2_Oldest_Data_Pointer                0x20000090   Data           4  usart2bufreceiever.o(.data)
    _ALL2_Pointer_Circles                    0x20000094   Data           4  usart2bufreceiever.o(.data)
    _ALL2_Circles_Count                      0x20000098   Data           4  usart2bufreceiever.o(.data)
    defaultUSART2BufReceiever                0x2000009c   Data           4  usart2bufreceiever.o(.data)
    _buf_Oldest_Data_Pointer                 0x200000a0   Data           4  usartbufreceiever.o(.data)
    _ALL_Pointer_Circles                     0x200000a4   Data           4  usartbufreceiever.o(.data)
    _ALL_Circles_Count                       0x200000a8   Data           4  usartbufreceiever.o(.data)
    defaultUSARTBufReceiever                 0x200000ac   Data           4  usartbufreceiever.o(.data)
    thb7128_defaultDoWhenDone                0x200000b0   Data           4  thb7128.o(.data)
    thb7128_pwm_count                        0x200000b4   Data           4  thb7128.o(.data)
    DoEvery_xillis_count                     0x200000bc   Data           4  doevery.o(.data)
    USART_RX_STA                             0x200000d4   Data           2  usmart.o(.data)
    sys_cmd_tab                              0x200000d8   Data          24  usmart.o(.data)
    usmart_nametab                           0x200000f0   Data          40  usmart_config.o(.data)
    usmart_dev                               0x20000118   Data         236  usmart_config.o(.data)
    ComplementaryFilter                      0x20000208   Data          32  main.o(.bss)
    PID                                      0x20000228   Data          96  main.o(.bss)
    sensorData                               0x20000288   Data          48  main.o(.bss)
    PWMManager                               0x200002b8   Data         208  bcar.o(.bss)
    ADC_DEFAULT_DATA                         0x20000388   Data          34  adcmanager.o(.bss)
    _EXTILine                                0x200003ac   Data          64  extimanager.o(.bss)
    TIM_CAPTURE_STA_VAL1_VAL2_VAL3           0x200003ec   Data         256  inputcatcher.o(.bss)
    USART2_defaultBuf                        0x200004ec   Data          50  usart2bufreceiever.o(.bss)
    USART_defaultBuf                         0x2000051e   Data          50  usartbufreceiever.o(.bss)
    USART_RX_BUF                             0x20000550   Data         200  usmart.o(.bss)
    __initial_sp                             0x20000a18   Data           0  startup_stm32f10x_md.o(STACK)



==============================================================================

Memory Map of the image

  Image Entry point : 0x080000ed

  Load Region LR_IROM1 (Base: 0x08000000, Size: 0x00008eb0, Max: 0x00010000, ABSOLUTE, COMPRESSED[0x00008d18])

    Execution Region ER_IROM1 (Base: 0x08000000, Size: 0x00008cac, Max: 0x00010000, ABSOLUTE)

    Base Addr    Size         Type   Attr      Idx    E Section Name        Object

    0x08000000   0x000000ec   Data   RO          640    RESET               startup_stm32f10x_md.o
    0x080000ec   0x00000000   Code   RO         1135  * .ARM.Collect$$$$00000000  mc_w.l(entry.o)
    0x080000ec   0x00000004   Code   RO         1192    .ARM.Collect$$$$00000001  mc_w.l(entry2.o)
    0x080000f0   0x00000004   Code   RO         1195    .ARM.Collect$$$$00000004  mc_w.l(entry5.o)
    0x080000f4   0x00000000   Code   RO         1197    .ARM.Collect$$$$00000008  mc_w.l(entry7b.o)
    0x080000f4   0x00000000   Code   RO         1199    .ARM.Collect$$$$0000000A  mc_w.l(entry8b.o)
    0x080000f4   0x00000008   Code   RO         1200    .ARM.Collect$$$$0000000B  mc_w.l(entry9a.o)
    0x080000fc   0x00000000   Code   RO         1202    .ARM.Collect$$$$0000000D  mc_w.l(entry10a.o)
    0x080000fc   0x00000000   Code   RO         1204    .ARM.Collect$$$$0000000F  mc_w.l(entry11a.o)
    0x080000fc   0x00000004   Code   RO         1193    .ARM.Collect$$$$00002712  mc_w.l(entry2.o)
    0x08000100   0x00000012   Code   RO          611    .emb_text           supertask.o
    0x08000112   0x00000002   PAD
    0x08000114   0x000001dc   Code   RO            1    .text               system_stm32f10x.o
    0x080002f0   0x00000018   Code   RO           82    .text               stm32f10x_it.o
    0x08000308   0x00000104   Code   RO          116    .text               main.o
    0x0800040c   0x000001e8   Code   RO          190    .text               bcar.o
    0x080005f4   0x0000038c   Code   RO          206    .text               adcmanager.o
    0x08000980   0x000000d0   Code   RO          225    .text               delay.o
    0x08000a50   0x00000430   Code   RO          254    .text               extimanager.o
    0x08000e80   0x00000644   Code   RO          273    .text               filter.o
    0x080014c4   0x00000808   Code   RO          288    .text               inputcatcher.o
    0x08001ccc   0x00000160   Code   RO          326    .text               millis.o
    0x08001e2c   0x00000554   Code   RO          362    .text               newpid.o
    0x08002380   0x00000670   Code   RO          377    .text               pwmmanager.o
    0x080029f0   0x000000a4   Code   RO          404    .text               usart.o
    0x08002a94   0x0000017c   Code   RO          423    .text               usart2.o
    0x08002c10   0x000001e0   Code   RO          435    .text               usart2bufreceiever.o
    0x08002df0   0x000001e0   Code   RO          454    .text               usartbufreceiever.o
    0x08002fd0   0x000001fc   Code   RO          473    .text               thb7128.o
    0x080031cc   0x00000170   Code   RO          557    .text               doevery.o
    0x0800333c   0x0000004c   Code   RO          612    .text               supertask.o
    0x08003388   0x00000024   Code   RO          641    .text               startup_stm32f10x_md.o
    0x080033ac   0x000000dc   Code   RO          645    .text               misc.o
    0x08003488   0x0000044e   Code   RO          657    .text               stm32f10x_adc.o
    0x080038d6   0x00000002   PAD
    0x080038d8   0x00000250   Code   RO          750    .text               stm32f10x_dma.o
    0x08003b28   0x0000011c   Code   RO          762    .text               stm32f10x_exti.o
    0x08003c44   0x00000358   Code   RO          798    .text               stm32f10x_gpio.o
    0x08003f9c   0x000000cc   Code   RO          840    .text               stm32f10x_pwr.o
    0x08004068   0x000003a4   Code   RO          852    .text               stm32f10x_rcc.o
    0x0800440c   0x00000144   Code   RO          866    .text               stm32f10x_rtc.o
    0x08004550   0x00000e1a   Code   RO          905    .text               stm32f10x_tim.o
    0x0800536a   0x00000002   PAD
    0x0800536c   0x00000408   Code   RO          917    .text               stm32f10x_usart.o
    0x08005774   0x000002cc   Code   RO         1056    .text               mpu6050.o
    0x08005a40   0x00000598   Code   RO         1071    .text               iic_analog.o
    0x08005fd8   0x00000b2c   Code   RO         1086    .text               usmart.o
    0x08006b04   0x00000510   Code   RO         1123    .text               usmart_str.o
    0x08007014   0x00000030   Code   RO         1168    .text               mc_w.l(vsscanf.o)
    0x08007044   0x000000b0   Code   RO         1170    .text               mf_w.l(fadd.o)
    0x080070f4   0x0000014e   Code   RO         1172    .text               mf_w.l(dadd.o)
    0x08007242   0x000000e4   Code   RO         1174    .text               mf_w.l(dmul.o)
    0x08007326   0x000000de   Code   RO         1176    .text               mf_w.l(ddiv.o)
    0x08007404   0x00000022   Code   RO         1178    .text               mf_w.l(dflti.o)
    0x08007426   0x0000001a   Code   RO         1180    .text               mf_w.l(dfltui.o)
    0x08007440   0x00000032   Code   RO         1182    .text               mf_w.l(dfixui.o)
    0x08007472   0x00000026   Code   RO         1184    .text               mf_w.l(f2d.o)
    0x08007498   0x00000028   Code   RO         1186    .text               mf_w.l(cdcmple.o)
    0x080074c0   0x00000028   Code   RO         1188    .text               mf_w.l(cdrcmple.o)
    0x080074e8   0x00000038   Code   RO         1190    .text               mf_w.l(d2f.o)
    0x08007520   0x0000002c   Code   RO         1206    .text               mc_w.l(uidiv.o)
    0x0800754c   0x00000062   Code   RO         1208    .text               mc_w.l(uldiv.o)
    0x080075ae   0x0000001e   Code   RO         1210    .text               mc_w.l(llshl.o)
    0x080075cc   0x00000020   Code   RO         1212    .text               mc_w.l(llushr.o)
    0x080075ec   0x00000024   Code   RO         1214    .text               mc_w.l(llsshr.o)
    0x08007610   0x00000156   Code   RO         1216    .text               mc_w.l(_scanf_longlong.o)
    0x08007766   0x00000150   Code   RO         1218    .text               mc_w.l(_scanf_int.o)
    0x080078b6   0x000000da   Code   RO         1220    .text               mc_w.l(_scanf_str.o)
    0x08007990   0x0000033c   Code   RO         1222    .text               mc_w.l(scanf_fp.o)
    0x08007ccc   0x00000028   Code   RO         1226    .text               mc_w.l(scanf_char.o)
    0x08007cf4   0x00000040   Code   RO         1228    .text               mc_w.l(_sgetc.o)
    0x08007d34   0x00000000   Code   RO         1230    .text               mc_w.l(iusefp.o)
    0x08007d34   0x0000006c   Code   RO         1231    .text               mf_w.l(fepilogue.o)
    0x08007da0   0x000000be   Code   RO         1233    .text               mf_w.l(depilogue.o)
    0x08007e5e   0x00000030   Code   RO         1235    .text               mf_w.l(dfixul.o)
    0x08007e8e   0x00000002   PAD
    0x08007e90   0x00000024   Code   RO         1237    .text               mc_w.l(init.o)
    0x08007eb4   0x0000000a   Code   RO         1239    .text               mc_w.l(isspace_c.o)
    0x08007ebe   0x0000001c   Code   RO         1241    .text               mc_w.l(_chval.o)
    0x08007eda   0x00000002   PAD
    0x08007edc   0x0000032c   Code   RO         1243    .text               mc_w.l(_scanf.o)
    0x08008208   0x00000018   Code   RO         1245    .text               mf_w.l(dfltul.o)
    0x08008220   0x00000028   Code   RO         1247    .text               mc_w.l(ctype_c.o)
    0x08008248   0x0000005c   Code   RO         1258    .text               mc_w.l(__dczerorl2.o)
    0x080082a4   0x00000024   Code   RO         1146    i.__0vsnprintf      mc_w.l(printfa.o)
    0x080082c8   0x0000000e   Code   RO         1252    i.__scatterload_copy  mc_w.l(handlers.o)
    0x080082d6   0x00000002   Code   RO         1253    i.__scatterload_null  mc_w.l(handlers.o)
    0x080082d8   0x0000000e   Code   RO         1254    i.__scatterload_zeroinit  mc_w.l(handlers.o)
    0x080082e6   0x00000002   PAD
    0x080082e8   0x0000015c   Code   RO         1148    i._fp_digits        mc_w.l(printfa.o)
    0x08008444   0x0000000e   Code   RO         1224    i._is_digit         mc_w.l(scanf_fp.o)
    0x08008452   0x00000002   PAD
    0x08008454   0x000006f0   Code   RO         1149    i._printf_core      mc_w.l(printfa.o)
    0x08008b44   0x00000026   Code   RO         1150    i._printf_post_padding  mc_w.l(printfa.o)
    0x08008b6a   0x00000030   Code   RO         1151    i._printf_pre_padding  mc_w.l(printfa.o)
    0x08008b9a   0x00000016   Code   RO         1152    i._snputc           mc_w.l(printfa.o)
    0x08008bb0   0x00000040   Data   RO         1248    .constdata          mc_w.l(ctype_c.o)
    0x08008bf0   0x00000017   Data   RO         1088    .conststring        usmart.o
    0x08008c07   0x00000085   Data   RO         1107    .conststring        usmart_config.o
    0x08008c8c   0x00000020   Data   RO         1250    Region$$Table       anon$$obj.o


    Execution Region RW_IRAM1 (Base: 0x20000000, Size: 0x00000a18, Max: 0x00005000, ABSOLUTE, COMPRESSED[0x0000006c])

    Base Addr    Size         Type   Attr      Idx    E Section Name        Object

    0x20000000   0x00000014   Data   RW            2    .data               system_stm32f10x.o
    0x20000014   0x00000004   PAD
    0x20000018   0x00000018   Data   RW          118    .data               main.o
    0x20000030   0x00000004   Data   RW          208    .data               adcmanager.o
    0x20000034   0x00000004   Data   RW          226    .data               delay.o
    0x20000038   0x00000004   Data   RW          256    .data               extimanager.o
    0x2000003c   0x00000008   Data   RW          274    .data               filter.o
    0x20000044   0x0000000c   Data   RW          290    .data               inputcatcher.o
    0x20000050   0x00000004   Data   RW          327    .data               millis.o
    0x20000054   0x00000004   PAD
    0x20000058   0x00000034   Data   RW          363    .data               newpid.o
    0x2000008c   0x00000004   Data   RW          378    .data               pwmmanager.o
    0x20000090   0x00000010   Data   RW          437    .data               usart2bufreceiever.o
    0x200000a0   0x00000010   Data   RW          456    .data               usartbufreceiever.o
    0x200000b0   0x00000008   Data   RW          474    .data               thb7128.o
    0x200000b8   0x00000008   Data   RW          558    .data               doevery.o
    0x200000c0   0x00000014   Data   RW          853    .data               stm32f10x_rcc.o
    0x200000d4   0x0000001c   Data   RW         1089    .data               usmart.o
    0x200000f0   0x00000114   Data   RW         1108    .data               usmart_config.o
    0x20000204   0x00000004   PAD
    0x20000208   0x000000b0   Zero   RW          117    .bss                main.o
    0x200002b8   0x000000d0   Zero   RW          191    .bss                bcar.o
    0x20000388   0x00000022   Zero   RW          207    .bss                adcmanager.o
    0x200003aa   0x00000002   PAD
    0x200003ac   0x00000040   Zero   RW          255    .bss                extimanager.o
    0x200003ec   0x00000100   Zero   RW          289    .bss                inputcatcher.o
    0x200004ec   0x00000032   Zero   RW          436    .bss                usart2bufreceiever.o
    0x2000051e   0x00000032   Zero   RW          455    .bss                usartbufreceiever.o
    0x20000550   0x000000c8   Zero   RW         1087    .bss                usmart.o
    0x20000618   0x00000400   Zero   RW          638    STACK               startup_stm32f10x_md.o


==============================================================================

Image component sizes


      Code (inc. data)   RO Data    RW Data    ZI Data      Debug   Object Name

       908         60          0          4         34       3764   adcmanager.o
       488         34          0          0        208       1162   bcar.o
       208         18          0          4          0        911   delay.o
       368         20          0          8          0       2888   doevery.o
      1072         20          0          4         64       5162   extimanager.o
      1604         38          0          8          0       3660   filter.o
      1432         36          0          0          0       5070   iic_analog.o
      2056         80          0         12        256       8520   inputcatcher.o
         0          0          0          0          0        520   jlx12864g.o
       260         58          0         24        176     229030   main.o
       352          8          0          4          0       1752   millis.o
       220         20          0          0          0       1637   misc.o
       716         48          0          0          0       3593   mpu6050.o
      1364         54          0         52          0       3598   newpid.o
      1648         64          0          4          0       5153   pwmmanager.o
        36          8        236          0       1024        736   startup_stm32f10x_md.o
      1102         26          0          0          0      10669   stm32f10x_adc.o
       592          8          0          0          0       4166   stm32f10x_dma.o
       284         10          0          0          0       2067   stm32f10x_exti.o
       856         40          0          0          0       5481   stm32f10x_gpio.o
        24          0          0          0          0       1046   stm32f10x_it.o
       204         16          0          0          0       1843   stm32f10x_pwr.o
       932         44          0         20          0       8588   stm32f10x_rcc.o
       324          4          0          0          0       2594   stm32f10x_rtc.o
      3610         88          0          0          0      21964   stm32f10x_tim.o
      1032         22          0          0          0       8208   stm32f10x_usart.o
        94          0          0          0          0        967   supertask.o
       476         36          0         20          0      58767   system_stm32f10x.o
       508         18          0          8          0       3359   thb7128.o
       164          8          0          0          0       2719   usart.o
       380         10          0          0          0       2253   usart2.o
       480         28          0         16         50       4005   usart2bufreceiever.o
       480         28          0         16         50       3940   usartbufreceiever.o
      2860       1166         23         28        200       3854   usmart.o
         0          0        133        276          0       1516   usmart_config.o
      1296         12          0          0          0       4953   usmart_str.o

    ----------------------------------------------------------------------
     28436       2130        424        516       2068     430115   Object Totals
         0          0         32          0          0          0   (incl. Generated)
         6          0          0          8          6          0   (incl. Padding)

    ----------------------------------------------------------------------

      Code (inc. data)   RO Data    RW Data    ZI Data      Debug   Library Member Name

        92          0          0          0          0          0   __dczerorl2.o
        28          0          0          0          0         68   _chval.o
       812          6          0          0          0        112   _scanf.o
       336          0          0          0          0         96   _scanf_int.o
       342          0          0          0          0        100   _scanf_longlong.o
       218          0          0          0          0         96   _scanf_str.o
        64          0          0          0          0         84   _sgetc.o
        40          6         64          0          0         68   ctype_c.o
         0          0          0          0          0          0   entry.o
         0          0          0          0          0          0   entry10a.o
         0          0          0          0          0          0   entry11a.o
         8          4          0          0          0          0   entry2.o
         4          0          0          0          0          0   entry5.o
         0          0          0          0          0          0   entry7b.o
         0          0          0          0          0          0   entry8b.o
         8          4          0          0          0          0   entry9a.o
        30          0          0          0          0          0   handlers.o
        36          8          0          0          0         68   init.o
        10          0          0          0          0         68   isspace_c.o
         0          0          0          0          0          0   iusefp.o
        30          0          0          0          0         68   llshl.o
        36          0          0          0          0         68   llsshr.o
        32          0          0          0          0         68   llushr.o
      2268         84          0          0          0        508   printfa.o
        40          8          0          0          0         84   scanf_char.o
       842         12          0          0          0        216   scanf_fp.o
        44          0          0          0          0         80   uidiv.o
        98          0          0          0          0         92   uldiv.o
        48          8          0          0          0         80   vsscanf.o
        40          2          0          0          0         68   cdcmple.o
        40          2          0          0          0         68   cdrcmple.o
        56          0          0          0          0         88   d2f.o
       334          0          0          0          0        148   dadd.o
       222          0          0          0          0        100   ddiv.o
       190          0          0          0          0        176   depilogue.o
        50          0          0          0          0         76   dfixui.o
        48          0          0          0          0         68   dfixul.o
        34          0          0          0          0         76   dflti.o
        26          0          0          0          0         76   dfltui.o
        24          0          0          0          0         76   dfltul.o
       228          0          0          0          0         96   dmul.o
        38          0          0          0          0         68   f2d.o
       176          0          0          0          0        140   fadd.o
       108          0          0          0          0        168   fepilogue.o

    ----------------------------------------------------------------------
      7088        144         64          0          0       3516   Library Totals
         8          0          0          0          0          0   (incl. Padding)

    ----------------------------------------------------------------------

      Code (inc. data)   RO Data    RW Data    ZI Data      Debug   Library Name

      5466        140         64          0          0       2024   mc_w.l
      1614          4          0          0          0       1492   mf_w.l

    ----------------------------------------------------------------------
      7088        144         64          0          0       3516   Library Totals

    ----------------------------------------------------------------------

==============================================================================


      Code (inc. data)   RO Data    RW Data    ZI Data      Debug   

     35524       2274        488        516       2068     427703   Grand Totals
     35524       2274        488        108       2068     427703   ELF Image Totals (compressed)
     35524       2274        488        108          0          0   ROM Totals

==============================================================================

    Total RO  Size (Code + RO Data)                36012 (  35.17kB)
    Total RW  Size (RW Data + ZI Data)              2584 (   2.52kB)
    Total ROM Size (Code + RO Data + RW Data)      36120 (  35.27kB)

==============================================================================

