ARM Linker, 5.03 [Build 76] [MDK-ARM Standard]

==============================================================================

Section Cross References

    system_stm32f10x.o(.text) refers to system_stm32f10x.o(.data) for SystemCoreClock
    stm32f10x_it.o(.text) refers to protocol.o(.text) for PT_IRq_Handler
    main.o(.text) refers to usart2.o(.text) for uart2_init
    main.o(.text) refers to protocol.o(.text) for PT_EnableIRQ
    main.o(.text) refers to delay.o(.text) for delay_init
    main.o(.text) refers to servomanager.o(.text) for ServoManager_Struc_Init
    main.o(.text) refers to main.o(.data) for ServoManager
    adcmanager.o(.text) refers to stm32f10x_adc.o(.text) for ADC_SoftwareStartConvCmd
    adcmanager.o(.text) refers to stm32f10x_rcc.o(.text) for RCC_AHBPeriphClockCmd
    adcmanager.o(.text) refers to stm32f10x_dma.o(.text) for DMA_DeInit
    adcmanager.o(.text) refers to misc.o(.text) for NVIC_Init
    adcmanager.o(.text) refers to stm32f10x_gpio.o(.text) for GPIO_Init
    adcmanager.o(.text) refers to adcmanager.o(.data) for defaultADCManager
    adcmanager.o(.text) refers to adcmanager.o(.bss) for ADC_DEFAULT_DATA
    delay.o(.text) refers to misc.o(.text) for SysTick_CLKSourceConfig
    delay.o(.text) refers to system_stm32f10x.o(.data) for SystemCoreClock
    delay.o(.text) refers to delay.o(.data) for fac_us
    ds18b20.o(.text) refers to delay.o(.text) for delay_us
    ds18b20.o(.text) refers to stm32f10x_rcc.o(.text) for RCC_APB2PeriphClockCmd
    ds18b20.o(.text) refers to stm32f10x_gpio.o(.text) for GPIO_Init
    ds18b20.o(.text) refers to dflti.o(.text) for __aeabi_i2d
    ds18b20.o(.text) refers to dmul.o(.text) for __aeabi_dmul
    extimanager.o(.text) refers to stm32f10x_rcc.o(.text) for RCC_APB2PeriphClockCmd
    extimanager.o(.text) refers to stm32f10x_gpio.o(.text) for GPIO_Init
    extimanager.o(.text) refers to stm32f10x_exti.o(.text) for EXTI_Init
    extimanager.o(.text) refers to misc.o(.text) for NVIC_Init
    extimanager.o(.text) refers to extimanager.o(.bss) for _EXTILine
    extimanager.o(.text) refers to extimanager.o(.data) for defaultEXTIManager
    filter.o(.text) refers to dadd.o(.text) for __aeabi_drsub
    filter.o(.text) refers to dmul.o(.text) for __aeabi_dmul
    filter.o(.text) refers to ddiv.o(.text) for __aeabi_ddiv
    filter.o(.text) refers to d2f.o(.text) for __aeabi_d2f
    filter.o(.text) refers to fadd.o(.text) for __aeabi_fsub
    filter.o(.text) refers to f2d.o(.text) for __aeabi_f2d
    filter.o(.text) refers to filter.o(.data) for DefaultComplementaryFilter
    inputcatcher.o(.text) refers to stm32f10x_tim.o(.text) for TIM_OC1PolarityConfig
    inputcatcher.o(.text) refers to stm32f10x_rcc.o(.text) for RCC_APB2PeriphClockCmd
    inputcatcher.o(.text) refers to stm32f10x_gpio.o(.text) for GPIO_Init
    inputcatcher.o(.text) refers to dmul.o(.text) for __aeabi_dmul
    inputcatcher.o(.text) refers to dadd.o(.text) for __aeabi_dsub
    inputcatcher.o(.text) refers to dfixui.o(.text) for __aeabi_d2uiz
    inputcatcher.o(.text) refers to inputcatcher.o(.data) for defaultInputCatchManager
    inputcatcher.o(.text) refers to misc.o(.text) for NVIC_Init
    inputcatcher.o(.text) refers to dfltui.o(.text) for __aeabi_ui2d
    inputcatcher.o(.text) refers to ddiv.o(.text) for __aeabi_ddiv
    inputcatcher.o(.text) refers to cdcmple.o(.text) for __aeabi_cdcmpeq
    inputcatcher.o(.text) refers to inputcatcher.o(.bss) for TIM_CAPTURE_STA_VAL1_VAL2_VAL3
    keyfsm.o(.text) refers to stm32f10x_gpio.o(.text) for GPIO_ReadInputDataBit
    keyfsm.o(.text) refers to millis.o(.text) for millis
    keyfsm.o(.text) refers to stm32f10x_rcc.o(.text) for RCC_APB2PeriphClockCmd
    keyfsm.o(.text) refers to keyfsm.o(.bss) for defaultKeyFSM
    keyfsm.o(.text) refers to keyfsm.o(.data) for defaultKeyFSM_NUM
    millis.o(.text) refers to stm32f10x_rcc.o(.text) for RCC_APB1PeriphClockCmd
    millis.o(.text) refers to stm32f10x_pwr.o(.text) for PWR_BackupAccessCmd
    millis.o(.text) refers to stm32f10x_rtc.o(.text) for RTC_WaitForLastTask
    millis.o(.text) refers to misc.o(.text) for NVIC_Init
    millis.o(.text) refers to millis.o(.data) for defaultDoSomeThing
    jlx12864g.o(.text) refers to delay.o(.text) for delay_init
    jlx12864g.o(.text) refers to stm32f10x_rcc.o(.text) for RCC_APB2PeriphClockCmd
    jlx12864g.o(.text) refers to stm32f10x_gpio.o(.text) for GPIO_Init
    jlx12864g.o(.text) refers to jlx12864g.o(.constdata) for font_s
    jlx12864g.o(.text) refers to memseta.o(.text) for __aeabi_memclr4
    jlx12864g.o(.text) refers to printfa.o(i.__0vsnprintf) for __c89vsnprintf
    newpid.o(.text) refers to cdcmple.o(.text) for __aeabi_cdcmple
    newpid.o(.text) refers to dfltui.o(.text) for __aeabi_ui2d
    newpid.o(.text) refers to ddiv.o(.text) for __aeabi_ddiv
    newpid.o(.text) refers to dmul.o(.text) for __aeabi_dmul
    newpid.o(.text) refers to dadd.o(.text) for __aeabi_dsub
    newpid.o(.text) refers to dflti.o(.text) for __aeabi_i2d
[...]
    Removing core_cm3.o(.emb_text), (32 bytes).
    Removing startup_stm32f10x_md.o(HEAP), (512 bytes).
    Removing stm32f10x_bkp.o(.text), (196 bytes).
    Removing stm32f10x_can.o(.text), (2540 bytes).
    Removing stm32f10x_cec.o(.text), (288 bytes).
    Removing stm32f10x_crc.o(.text), (72 bytes).
    Removing stm32f10x_dac.o(.text), (396 bytes).
    Removing stm32f10x_dbgmcu.o(.text), (48 bytes).
    Removing stm32f10x_flash.o(.text), (1468 bytes).
    Removing stm32f10x_fsmc.o(.text), (1560 bytes).
    Removing stm32f10x_i2c.o(.text), (1028 bytes).
    Removing stm32f10x_iwdg.o(.text), (64 bytes).
    Removing stm32f10x_sdio.o(.text), (472 bytes).
    Removing stm32f10x_spi.o(.text), (780 bytes).
    Removing stm32f10x_wwdg.o(.text), (136 bytes).
    Removing diskio.o(.text), (340 bytes).
    Removing ff.o(.text), (12278 bytes).
    Removing ff.o(.bss), (512 bytes).
    Removing ff.o(.constdata), (186 bytes).
    Removing ff.o(.data), (11 bytes).
    Removing spi.o(.text), (264 bytes).
    Removing mmc_sd.o(.text), (1380 bytes).
    Removing mmc_sd.o(.data), (1 bytes).
    Removing ccsbcs.o(.text), (128 bytes).
    Removing ccsbcs.o(.constdata), (1216 bytes).
    Removing easyfatfs.o(.text), (74 bytes).
    Removing mpu6050.o(.text), (624 bytes).
    Removing iic_analog.o(.text), (952 bytes).
    Removing fadd.o(.text), (176 bytes).
    Removing dflti.o(.text), (34 bytes).

50 unused section(s) (total 38380 bytes) removed from the image.

==============================================================================

Image Symbol Table

    Local Symbols

    Symbol Name                              Value     Ov Type        Size  Object(Section)

    ../clib/microlib/ctype/ctype.c           0x00000000   Number         0  ctype_c.o ABSOLUTE
    ../clib/microlib/ctype/ctype.c           0x00000000   Number         0  isspace_c.o ABSOLUTE
    ../clib/microlib/division.c              0x00000000   Number         0  uldiv.o ABSOLUTE
    ../clib/microlib/division.c              0x00000000   Number         0  uidiv.o ABSOLUTE
    ../clib/microlib/init/entry.s            0x00000000   Number         0  entry8a.o ABSOLUTE
    ../clib/microlib/init/entry.s            0x00000000   Number         0  entry9b.o ABSOLUTE
    ../clib/microlib/init/entry.s            0x00000000   Number         0  entry7b.o ABSOLUTE
    ../clib/microlib/init/entry.s            0x00000000   Number         0  entry10b.o ABSOLUTE
    ../clib/microlib/init/entry.s            0x00000000   Number         0  entry.o ABSOLUTE
    ../clib/microlib/init/entry.s            0x00000000   Number         0  entry7a.o ABSOLUTE
    ../clib/microlib/init/entry.s            0x00000000   Number         0  entry5.o ABSOLUTE
    ../clib/microlib/init/entry.s            0x00000000   Number         0  entry9a.o ABSOLUTE
    ../clib/microlib/init/entry.s            0x00000000   Number         0  entry2.o ABSOLUTE
    ../clib/microlib/init/entry.s            0x00000000   Number         0  entry10a.o ABSOLUTE
    ../clib/microlib/init/entry.s            0x00000000   Number         0  entry8b.o ABSOLUTE
    ../clib/microlib/init/entry.s            0x00000000   Number         0  entry11b.o ABSOLUTE
    ../clib/microlib/init/entry.s            0x00000000   Number         0  entry11a.o ABSOLUTE
    ../clib/microlib/longlong.c              0x00000000   Number         0  llshl.o ABSOLUTE
    ../clib/microlib/longlong.c              0x00000000   Number         0  llushr.o ABSOLUTE
    ../clib/microlib/longlong.c              0x00000000   Number         0  llsshr.o ABSOLUTE
    ../clib/microlib/printf/printf.c         0x00000000   Number         0  printfa.o ABSOLUTE
    ../clib/microlib/string/memset.c         0x00000000   Number         0  memseta.o ABSOLUTE
    ../clib/microlib/stubs.s                 0x00000000   Number         0  useno.o ABSOLUTE
    ../clib/microlib/stubs.s                 0x00000000   Number         0  iusefp.o ABSOLUTE
    ../clib/scanf.c                          0x00000000   Number         0  vsscanf.o ABSOLUTE
    ../clib/scanf.c                          0x00000000   Number         0  _scanf_longlong.o ABSOLUTE
    ../clib/scanf.c                          0x00000000   Number         0  _scanf_str.o ABSOLUTE
    ../clib/scanf.c                          0x00000000   Number         0  _scanf_int.o ABSOLUTE
    ../clib/scanf.c                          0x00000000   Number         0  scanf_fp.o ABSOLUTE
    ../clib/scanf.c                          0x00000000   Number         0  _chval.o ABSOLUTE
    ../clib/scanf.c                          0x00000000   Number         0  _scanf.o ABSOLUTE
    ../clib/scanf.c                          0x00000000   Number         0  _sgetc.o ABSOLUTE
    ../clib/scanf.c                          0x00000000   Number         0  scanf_char.o ABSOLUTE
    ../fplib/microlib/d2f.c                  0x00000000   Number         0  d2f.o ABSOLUTE
    ../fplib/microlib/f2d.c                  0x00000000   Number         0  f2d.o ABSOLUTE
    ../fplib/microlib/fpadd.c                0x00000000   Number         0  dadd.o ABSOLUTE
    ../fplib/microlib/fpadd.c                0x00000000   Number         0  fadd.o ABSOLUTE
    ../fplib/microlib/fpdiv.c                0x00000000   Number         0  ddiv.o ABSOLUTE
    ../fplib/microlib/fpepilogue.c           0x00000000   Number         0  fepilogue.o ABSOLUTE
    ../fplib/microlib/fpepilogue.c           0x00000000   Number         0  depilogue.o ABSOLUTE
    ../fplib/microlib/fpfix.c                0x00000000   Number         0  dfixul.o ABSOLUTE
    ../fplib/microlib/fpfix.c                0x00000000   Number         0  dfixui.o ABSOLUTE
    ../fplib/microlib/fpflt.c                0x00000000   Number         0  dfltui.o ABSOLUTE
    ../fplib/microlib/fpflt.c                0x00000000   Number         0  dfltul.o ABSOLUTE
    ../fplib/microlib/fpflt.c                0x00000000   Number         0  dflti.o ABSOLUTE
    ../fplib/microlib/fpmul.c                0x00000000   Number         0  dmul.o ABSOLUTE
    ..\CORE\core_cm3.c                       0x00000000   Number         0  core_cm3.o ABSOLUTE
    ..\CORE\startup_stm32f10x_md.s           0x00000000   Number         0  startup_stm32f10x_md.o ABSOLUTE
    ..\FATFS\SD\MMC_SD.C                     0x00000000   Number         0  mmc_sd.o ABSOLUTE
    ..\FATFS\SPI\spi.c                       0x00000000   Number         0  spi.o ABSOLUTE
    ..\FATFS\src\diskio.c                    0x00000000   Number         0  diskio.o ABSOLUTE
    ..\FATFS\src\easyFATFS.c                 0x00000000   Number         0  easyfatfs.o ABSOLUTE
    ..\FATFS\src\ff.c                        0x00000000   Number         0  ff.o ABSOLUTE
    ..\FATFS\src\option\ccsbcs.c             0x00000000   Number         0  ccsbcs.o ABSOLUTE
    ..\LIB\src\misc.c                        0x00000000   Number         0  misc.o ABSOLUTE
    ..\LIB\src\stm32f10x_adc.c               0x00000000   Number         0  stm32f10x_adc.o ABSOLUTE
    ..\LIB\src\stm32f10x_bkp.c               0x00000000   Number         0  stm32f10x_bkp.o ABSOLUTE
    ..\LIB\src\stm32f10x_can.c               0x00000000   Number         0  stm32f10x_can.o ABSOLUTE
    ..\LIB\src\stm32f10x_cec.c               0x00000000   Number         0  stm32f10x_cec.o ABSOLUTE
    ..\LIB\src\stm32f10x_crc.c               0x00000000   Number         0  stm32f10x_crc.o ABSOLUTE
    ..\LIB\src\stm32f10x_dac.c               0x00000000   Number         0  stm32f10x_dac.o ABSOLUTE
    ..\LIB\src\stm32f10x_dbgmcu.c            0x00000000   Number         0  stm32f10x_dbgmcu.o ABSOLUTE
    ..\LIB\src\stm32f10x_dma.c               0x00000000   Number         0  stm32f10x_dma.o ABSOLUTE
    ..\LIB\src\stm32f10x_exti.c              0x00000000   Number         0  stm32f10x_exti.o ABSOLUTE
    ..\LIB\src\stm32f10x_flash.c             0x00000000   Number         0  stm32f10x_flash.o ABSOLUTE
    ..\LIB\src\stm32f10x_fsmc.c              0x00000000   Number         0  stm32f10x_fsmc.o ABSOLUTE
    ..\LIB\src\stm32f10x_gpio.c              0x00000000   Number         0  stm32f10x_gpio.o ABSOLUTE
    ..\LIB\src\stm32f10x_i2c.c               0x00000000   Number         0  stm32f10x_i2c.o ABSOLUTE
    ..\LIB\src\stm32f10x_iwdg.c              0x00000000   Number         0  stm32f10x_iwdg.o ABSOLUTE
    ..\LIB\src\stm32f10x_pwr.c               0x00000000   Number         0  stm32f10x_pwr.o ABSOLUTE
    ..\LIB\src\stm32f10x_rcc.c               0x00000000   Number         0  stm32f10x_rcc.o ABSOLUTE
    ..\LIB\src\stm32f10x_rtc.c               0x00000000   Number         0  stm32f10x_rtc.o ABSOLUTE
    ..\LIB\src\stm32f10x_sdio.c              0x00000000   Number         0  stm32f10x_sdio.o ABSOLUTE
    ..\LIB\src\stm32f10x_spi.c               0x00000000   Number         0  stm32f10x_spi.o ABSOLUTE
    ..\LIB\src\stm32f10x_tim.c               0x00000000   Number         0  stm32f10x_tim.o ABSOLUTE
    ..\LIB\src\stm32f10x_usart.c             0x00000000   Number         0  stm32f10x_usart.o ABSOLUTE
    ..\LIB\src\stm32f10x_wwdg.c              0x00000000   Number         0  stm32f10x_wwdg.o ABSOLUTE
    ..\UTILS\ADCManager\ADCManager.c         0x00000000   Number         0  adcmanager.o ABSOLUTE
    ..\UTILS\DACManager\DACManager.c         0x00000000   Number         0  dacmanager.o ABSOLUTE
    ..\UTILS\DS18B20\ds18b20.c               0x00000000   Number         0  ds18b20.o ABSOLUTE
    ..\UTILS\EXTIManager\EXTIManager.c       0x00000000   Number         0  extimanager.o ABSOLUTE
    ..\UTILS\Filter\filter.c                 0x00000000   Number         0  filter.o ABSOLUTE
    ..\UTILS\InputCatcher\InputCatcher.c     0x00000000   Number         0  inputcatcher.o ABSOLUTE
    ..\UTILS\KeyFSM\KeyFSM.c                 0x00000000   Number         0  keyfsm.o ABSOLUTE
    ..\UTILS\NRF24L01\24l01.c                0x00000000   Number         0  24l01.o ABSOLUTE
    ..\UTILS\OLED\JLX12864G.c                0x00000000   Number         0  jlx12864g.o ABSOLUTE
    ..\UTILS\PID\newPID.c                    0x00000000   Number         0  newpid.o ABSOLUTE
    ..\UTILS\PWMManager\PWMManager.c         0x00000000   Number         0  pwmmanager.o ABSOLUTE
    ..\UTILS\Protocol\Protocol.c             0x00000000   Number         0  protocol.o ABSOLUTE
    ..\UTILS\RTC\rtc.c                       0x00000000   Number         0  rtc.o ABSOLUTE
    ..\UTILS\ServoManager\ServoManager.c     0x00000000   Number         0  servomanager.o ABSOLUTE
    ..\UTILS\THB7128\THB7128.c               0x00000000   Number         0  thb7128.o ABSOLUTE
    ..\UTILS\USART2BufReceiever\USART2BufReceiever.c 0x00000000   Number         0  usart2bufreceiever.o ABSOLUTE
    ..\UTILS\USARTBufReceiever\USARTBufReceiever.c 0x00000000   Number         0  usartbufreceiever.o ABSOLUTE
    ..\UTILS\delay\delay.c                   0x00000000   Number         0  delay.o ABSOLUTE
    ..\UTILS\doEvery\doEvery.c               0x00000000   Number         0  doevery.o ABSOLUTE
    ..\UTILS\millis\millis.c                 0x00000000   Number         0  millis.o ABSOLUTE
    ..\UTILS\sys\sys.c                       0x00000000   Number         0  sys.o ABSOLUTE
    ..\UTILS\usart2\usart2.c                 0x00000000   Number         0  usart2.o ABSOLUTE
    ..\UTILS\usart\usart.c                   0x00000000   Number         0  usart.o ABSOLUTE
    ..\\CORE\\core_cm3.c                     0x00000000   Number         0  core_cm3.o ABSOLUTE
    ..\mpu6050\I2C_analog\iic_analog.c       0x00000000   Number         0  iic_analog.o ABSOLUTE
    ..\mpu6050\mpu600\MPU6050.c              0x00000000   Number         0  mpu6050.o ABSOLUTE
    ..\probe\interrupt.c                     0x00000000   Number         0  interrupt.o ABSOLUTE
    cdcmple.s                                0x00000000   Number         0  cdcmple.o ABSOLUTE
    cdrcmple.s                               0x00000000   Number         0  cdrcmple.o ABSOLUTE
    dc.s                                     0x00000000   Number         0  dc.o ABSOLUTE
    handlers.s                               0x00000000   Number         0  handlers.o ABSOLUTE
    init.s                                   0x00000000   Number         0  init.o ABSOLUTE
    main.c                                   0x00000000   Number         0  main.o ABSOLUTE
    stm32f10x_it.c                           0x00000000   Number         0  stm32f10x_it.o ABSOLUTE
    system_stm32f10x.c                       0x00000000   Number         0  system_stm32f10x.o ABSOLUTE
    RESET                                    0x08000000   Section      236  startup_stm32f10x_md.o(RESET)
    .ARM.Collect$$$$00000000                 0x080000ec   Section        0  entry.o(.ARM.Collect$$$$00000000)
    .ARM.Collect$$$$00000001                 0x080000ec   Section        4  entry2.o(.ARM.Collect$$$$00000001)
    .ARM.Collect$$$$00000004                 0x080000f0   Section        4  entry5.o(.ARM.Collect$$$$00000004)
    .ARM.Collect$$$$00000008                 0x080000f4   Section        0  entry7b.o(.ARM.Collect$$$$00000008)
    .ARM.Collect$$$$0000000A                 0x080000f4   Section        0  entry8b.o(.ARM.Collect$$$$0000000A)
    .ARM.Collect$$$$0000000B                 0x080000f4   Section        8  entry9a.o(.ARM.Collect$$$$0000000B)
    .ARM.Collect$$$$0000000D                 0x080000fc   Section        0  entry10a.o(.ARM.Collect$$$$0000000D)
    .ARM.Collect$$$$0000000F                 0x080000fc   Section        0  entry11a.o(.ARM.Collect$$$$0000000F)
    .ARM.Collect$$$$00002712                 0x080000fc   Section        4  entry2.o(.ARM.Collect$$$$00002712)
    __lit__00000000                          0x080000fc   Data           4  entry2.o(.ARM.Collect$$$$00002712)
    .text                                    0x08000100   Section        0  system_stm32f10x.o(.text)
    SetSysClockTo72                          0x08000101   Thumb Code   212  system_stm32f10x.o(.text)
    SetSysClock                              0x080001d5   Thumb Code     8  system_stm32f10x.o(.text)
    .text                                    0x080002dc   Section        0  stm32f10x_it.o(.text)
    .text                                    0x08000300   Section        0  main.o(.text)
    .text                                    0x08000338   Section        0  adcmanager.o(.text)
    .text                                    0x080006c4   Section        0  delay.o(.text)
    .text                                    0x08000794   Section        0  extimanager.o(.text)
    .text                                    0x08000bc4   Section        0  inputcatcher.o(.text)
    .text                                    0x080013cc   Section        0  millis.o(.text)
    .text                                    0x0800152c   Section        0  pwmmanager.o(.text)
    .text                                    0x08001acc   Section        0  usart.o(.text)
    .text                                    0x08001b70   Section        0  usart2.o(.text)
    .text                                    0x08001cec   Section        0  usart2bufreceiever.o(.text)
    .text                                    0x08001ecc   Section        0  usartbufreceiever.o(.text)
    .text                                    0x080020ac   Section        0  thb7128.o(.text)
    .text                                    0x080022a8   Section        0  protocol.o(.text)
    .text                                    0x08002a78   Section        0  doevery.o(.text)
    .text                                    0x08002be8   Section        0  servomanager.o(.text)
    .text                                    0x08002c84   Section       36  startup_stm32f10x_md.o(.text)
    .text                                    0x08002ca8   Section        0  misc.o(.text)
    .text                                    0x08002d84   Section        0  stm32f10x_adc.o(.text)
    .text                                    0x080031d4   Section        0  stm32f10x_dma.o(.text)
    .text                                    0x08003424   Section        0  stm32f10x_exti.o(.text)
    .text                                    0x08003540   Section        0  stm32f10x_gpio.o(.text)
    .text                                    0x08003898   Section        0  stm32f10x_pwr.o(.text)
    .text                                    0x08003964   Section        0  stm32f10x_rcc.o(.text)
    .text                                    0x08003d08   Section        0  stm32f10x_rtc.o(.text)
    .text                                    0x08003e4c   Section        0  stm32f10x_tim.o(.text)
    TI4_Config                               0x080042f3   Thumb Code   130  stm32f10x_tim.o(.text)
    TI3_Config                               0x08004387   Thumb Code   122  stm32f10x_tim.o(.text)
    TI2_Config                               0x0800441b   Thumb Code   130  stm32f10x_tim.o(.text)
    TI1_Config                               0x080044af   Thumb Code   108  stm32f10x_tim.o(.text)
    .text                                    0x08004c68   Section        0  stm32f10x_usart.o(.text)
    .text                                    0x08005070   Section        0  vsscanf.o(.text)
    .text                                    0x080050a0   Section        0  dadd.o(.text)
    .text                                    0x080051ee   Section        0  dmul.o(.text)
    .text                                    0x080052d2   Section        0  ddiv.o(.text)
    .text                                    0x080053b0   Section        0  dfltui.o(.text)
    .text                                    0x080053ca   Section        0  dfixui.o(.text)
    .text                                    0x080053fc   Section        0  f2d.o(.text)
    .text                                    0x08005424   Section       40  cdcmple.o(.text)
    .text                                    0x0800544c   Section       40  cdrcmple.o(.text)
    .text                                    0x08005474   Section        0  d2f.o(.text)
    .text                                    0x080054ac   Section        0  uidiv.o(.text)
    .text                                    0x080054d8   Section        0  uldiv.o(.text)
    .text                                    0x0800553a   Section        0  llshl.o(.text)
    .text                                    0x08005558   Section        0  llushr.o(.text)
    .text                                    0x08005578   Section        0  llsshr.o(.text)
    .text                                    0x0800559c   Section        0  _scanf_longlong.o(.text)
    .text                                    0x080056f2   Section        0  _scanf_int.o(.text)
    .text                                    0x08005842   Section        0  _scanf_str.o(.text)
    .text                                    0x0800591c   Section        0  scanf_fp.o(.text)
    _fp_value                                0x0800591d   Thumb Code   256  scanf_fp.o(.text)
    .text                                    0x08005c58   Section        0  scanf_char.o(.text)
    _scanf_char_input                        0x08005c59   Thumb Code    12  scanf_char.o(.text)
    .text                                    0x08005c80   Section        0  _sgetc.o(.text)
    .text                                    0x08005cc0   Section        0  iusefp.o(.text)
    .text                                    0x08005cc0   Section        0  fepilogue.o(.text)
    .text                                    0x08005d2c   Section        0  depilogue.o(.text)
    .text                                    0x08005dea   Section        0  dfixul.o(.text)
    .text                                    0x08005e1c   Section       36  init.o(.text)
    .text                                    0x08005e40   Section        0  isspace_c.o(.text)
    .text                                    0x08005e4a   Section        0  _chval.o(.text)
    .text                                    0x08005e68   Section        0  _scanf.o(.text)
    .text                                    0x08006194   Section        0  dfltul.o(.text)
    .text                                    0x080061ac   Section        0  ctype_c.o(.text)
    i.__0vsnprintf                           0x080061d4   Section        0  printfa.o(i.__0vsnprintf)
    i.__scatterload_copy                     0x080061f8   Section       14  handlers.o(i.__scatterload_copy)
    i.__scatterload_null                     0x08006206   Section        2  handlers.o(i.__scatterload_null)
    i.__scatterload_zeroinit                 0x08006208   Section       14  handlers.o(i.__scatterload_zeroinit)
    i._fp_digits                             0x08006218   Section        0  printfa.o(i._fp_digits)
    _fp_digits                               0x08006219   Thumb Code   326  printfa.o(i._fp_digits)
    i._is_digit                              0x08006374   Section        0  scanf_fp.o(i._is_digit)
    i._printf_core                           0x08006384   Section        0  printfa.o(i._printf_core)
    _printf_core                             0x08006385   Thumb Code  1762  printfa.o(i._printf_core)
    i._printf_post_padding                   0x08006a74   Section        0  printfa.o(i._printf_post_padding)
    _printf_post_padding                     0x08006a75   Thumb Code    38  printfa.o(i._printf_post_padding)
    i._printf_pre_padding                    0x08006a9a   Section        0  printfa.o(i._printf_pre_padding)
    _printf_pre_padding                      0x08006a9b   Thumb Code    48  printfa.o(i._printf_pre_padding)
    i._snputc                                0x08006aca   Section        0  printfa.o(i._snputc)
    _snputc                                  0x08006acb   Thumb Code    22  printfa.o(i._snputc)
    .constdata                               0x08006ae0   Section       64  ctype_c.o(.constdata)
    .data                                    0x20000000   Section       20  system_stm32f10x.o(.data)
    .data                                    0x20000014   Section        8  main.o(.data)
    .data                                    0x2000001c   Section        4  adcmanager.o(.data)
    .data                                    0x20000020   Section        4  delay.o(.data)
    fac_us                                   0x20000020   Data           1  delay.o(.data)
    fac_ms                                   0x20000022   Data           2  delay.o(.data)
    .data                                    0x20000024   Section        4  extimanager.o(.data)
    .data                                    0x20000028   Section       12  inputcatcher.o(.data)
    .data                                    0x20000034   Section        4  millis.o(.data)
    .data                                    0x20000038   Section        4  pwmmanager.o(.data)
    .data                                    0x2000003c   Section       16  usart2bufreceiever.o(.data)
    .data                                    0x2000004c   Section       16  usartbufreceiever.o(.data)
    .data                                    0x2000005c   Section        8  thb7128.o(.data)
    .data                                    0x20000064   Section        3  protocol.o(.data)
    PT_FSM_STATE                             0x20000064   Data           1  protocol.o(.data)
    PT_PACKAGE_LENGTH                        0x20000065   Data           1  protocol.o(.data)
    PT_i                                     0x20000066   Data           1  protocol.o(.data)
    .data                                    0x20000068   Section        8  doevery.o(.data)
    defaultDoEvery                           0x20000068   Data           4  doevery.o(.data)
    .data                                    0x20000070   Section        1  servomanager.o(.data)
    _defaultServoPWMManagerInitialedFlag     0x20000070   Data           1  servomanager.o(.data)
    .data                                    0x20000071   Section       20  stm32f10x_rcc.o(.data)
    APBAHBPrescTable                         0x20000071   Data          16  stm32f10x_rcc.o(.data)
    ADCPrescTable                            0x20000081   Data           4  stm32f10x_rcc.o(.data)
    .bss                                     0x20000088   Section       34  adcmanager.o(.bss)
    .bss                                     0x200000ac   Section       64  extimanager.o(.bss)
    .bss                                     0x200000ec   Section      256  inputcatcher.o(.bss)
    .bss                                     0x200001ec   Section       50  usart2bufreceiever.o(.bss)
    .bss                                     0x2000021e   Section       50  usartbufreceiever.o(.bss)
    .bss                                     0x20000250   Section      152  protocol.o(.bss)
    PT_FSM_BUF                               0x20000250   Data         110  protocol.o(.bss)
    PT_FSM_PER_LEN                           0x200002c0   Data          40  protocol.o(.bss)
    .bss                                     0x200002e8   Section      272  servomanager.o(.bss)
    defaultServoManager                      0x200002e8   Data          64  servomanager.o(.bss)
    defaultServoPWMManager                   0x20000328   Data         208  servomanager.o(.bss)
    STACK                                    0x200003f8   Section     1024  startup_stm32f10x_md.o(STACK)

    Global Symbols

    Symbol Name                              Value     Ov Type        Size  Object(Section)

    BuildAttributes$$THM_ISAv4$P$D$K$B$S$PE$A:L22UL41UL21$X:L11$S22US41US21$IEEE1$IW$USESV6$~STKCKD$USESV7$~SHL$OTIME$ROPI$EBA8$MICROLIB$REQ8$PRES8$EABIv2 0x00000000   Number         0  anon$$obj.o ABSOLUTE
    __ARM_use_no_argv                        0x00000000   Number         0  main.o ABSOLUTE
    __use_no_errno                           0x00000000   Number         0  useno.o ABSOLUTE
    __use_no_exception_handling              0x00000000   Number         0  useno.o ABSOLUTE
    __use_no_fp                              0x00000000   Number         0  useno.o ABSOLUTE
    __use_no_heap                            0x00000000   Number         0  useno.o ABSOLUTE
    __use_no_heap_region                     0x00000000   Number         0  useno.o ABSOLUTE
    __use_no_semihosting                     0x00000000   Number         0  useno.o ABSOLUTE
    __use_no_semihosting_swi                 0x00000000   Number         0  useno.o ABSOLUTE
    __use_no_signal_handling                 0x00000000   Number         0  useno.o ABSOLUTE
    __cpp_initialize__aeabi_                  - Undefined Weak Reference
    __cxa_finalize                            - Undefined Weak Reference
    __decompress                              - Undefined Weak Reference
    _clock_init                               - Undefined Weak Reference
    _microlib_exit                            - Undefined Weak Reference
    __Vectors_Size                           0x000000ec   Number         0  startup_stm32f10x_md.o ABSOLUTE
    __Vectors                                0x08000000   Data           4  startup_stm32f10x_md.o(RESET)
    __Vectors_End                            0x080000ec   Data           0  startup_stm32f10x_md.o(RESET)
    __main                                   0x080000ed   Thumb Code     0  entry.o(.ARM.Collect$$$$00000000)
    _main_stk                                0x080000ed   Thumb Code     0  entry2.o(.ARM.Collect$$$$00000001)
    _main_scatterload                        0x080000f1   Thumb Code     0  entry5.o(.ARM.Collect$$$$00000004)
    __main_after_scatterload                 0x080000f5   Thumb Code     0  entry5.o(.ARM.Collect$$$$00000004)
    _main_clock                              0x080000f5   Thumb Code     0  entry7b.o(.ARM.Collect$$$$00000008)
    _main_cpp_init                           0x080000f5   Thumb Code     0  entry8b.o(.ARM.Collect$$$$0000000A)
    _main_init                               0x080000f5   Thumb Code     0  entry9a.o(.ARM.Collect$$$$0000000B)
    __rt_final_cpp                           0x080000fd   Thumb Code     0  entry10a.o(.ARM.Collect$$$$0000000D)
    __rt_final_exit                          0x080000fd   Thumb Code     0  entry11a.o(.ARM.Collect$$$$0000000F)
    SystemInit                               0x080001dd   Thumb Code    78  system_stm32f10x.o(.text)
    SystemCoreClockUpdate                    0x0800022b   Thumb Code   142  system_stm32f10x.o(.text)
    NMI_Handler                              0x080002dd   Thumb Code     2  stm32f10x_it.o(.text)
    HardFault_Handler                        0x080002df   Thumb Code     4  stm32f10x_it.o(.text)
    USART2_IRQHandler                        0x080002e3   Thumb Code     8  stm32f10x_it.o(.text)
    MemManage_Handler                        0x080002eb   Thumb Code     4  stm32f10x_it.o(.text)
    BusFault_Handler                         0x080002ef   Thumb Code     4  stm32f10x_it.o(.text)
    UsageFault_Handler                       0x080002f3   Thumb Code     4  stm32f10x_it.o(.text)
    SVC_Handler                              0x080002f7   Thumb Code     2  stm32f10x_it.o(.text)
    DebugMon_Handler                         0x080002f9   Thumb Code     2  stm32f10x_it.o(.text)
    PendSV_Handler                           0x080002fb   Thumb Code     2  stm32f10x_it.o(.text)
    SysTick_Handler                          0x080002fd   Thumb Code     2  stm32f10x_it.o(.text)
    main                                     0x08000301   Thumb Code    46  main.o(.text)
    filterGPIO_ADC                           0x08000339   Thumb Code    94  adcmanager.o(.text)
    filterPin_ADC                            0x08000397   Thumb Code    94  adcmanager.o(.text)
    filterGPIO_RCC_ADC                       0x080003f5   Thumb Code   106  adcmanager.o(.text)
    ADCManager_startTransfer                 0x0800045f   Thumb Code    20  adcmanager.o(.text)
    ADCManager_getData                       0x08000473   Thumb Code    44  adcmanager.o(.text)
    ADC_DMA_Config                           0x0800049f   Thumb Code   140  adcmanager.o(.text)
    ADCManager_Structure                     0x0800052b   Thumb Code   356  adcmanager.o(.text)
    DMA1_Channel1_IRQHandler                 0x0800068f   Thumb Code    26  adcmanager.o(.text)
    delay_init                               0x080006c5   Thumb Code    50  delay.o(.text)
    delay_us                                 0x080006f7   Thumb Code    70  delay.o(.text)
    delay_ms                                 0x0800073d   Thumb Code    70  delay.o(.text)
    setExactLine                             0x08000795   Thumb Code    26  extimanager.o(.text)
    filterGPIO_PortSourceGPIOC               0x080007af   Thumb Code    84  extimanager.o(.text)
    filterGPIO_Mode                          0x08000803   Thumb Code    38  extimanager.o(.text)
    filterGPIO_RCC_by_GPIO                   0x08000829   Thumb Code    86  extimanager.o(.text)
    filterTrigger_Type                       0x0800087f   Thumb Code    38  extimanager.o(.text)
    filterPinSource                          0x080008a5   Thumb Code    20  extimanager.o(.text)
    filterEXTI_IRQn                          0x080008b9   Thumb Code    70  extimanager.o(.text)
    EXTIManager_StartListenling              0x080008ff   Thumb Code   274  extimanager.o(.text)
    EXTIManager_Structure                    0x08000a11   Thumb Code    32  extimanager.o(.text)
    EXTI0_IRQHandler                         0x08000a31   Thumb Code    20  extimanager.o(.text)
    EXTI1_IRQHandler                         0x08000a45   Thumb Code    20  extimanager.o(.text)
    EXTI2_IRQHandler                         0x08000a59   Thumb Code    20  extimanager.o(.text)
    EXTI3_IRQHandler                         0x08000a6d   Thumb Code    20  extimanager.o(.text)
    EXTI4_IRQHandler                         0x08000a81   Thumb Code    20  extimanager.o(.text)
    EXTI9_5_IRQHandler                       0x08000a95   Thumb Code   126  extimanager.o(.text)
    EXTI15_10_IRQHandler                     0x08000b13   Thumb Code   178  extimanager.o(.text)
    filterGPIO_Input_RCC_Input               0x08000bc5   Thumb Code    14  inputcatcher.o(.text)
    filterGPIO_Input                         0x08000bd3   Thumb Code    14  inputcatcher.o(.text)
    filterPin_Input                          0x08000be1   Thumb Code   106  inputcatcher.o(.text)
    filterTIM_Input                          0x08000c4b   Thumb Code    32  inputcatcher.o(.text)
    filterTIM_Input_RCC_Input                0x08000c6b   Thumb Code    32  inputcatcher.o(.text)
    filterTIM_Input_IRQn                     0x08000c8b   Thumb Code    30  inputcatcher.o(.text)
    filterTIM_Input_IT_CC                    0x08000ca9   Thumb Code    84  inputcatcher.o(.text)
    filterTIM_InputChannel                   0x08000cfd   Thumb Code    84  inputcatcher.o(.text)
    filterPolarity                           0x08000d51   Thumb Code    38  inputcatcher.o(.text)
    filterInputCatcher                       0x08000d77   Thumb Code    56  inputcatcher.o(.text)
    TIM_OCxPolarityConfig                    0x08000daf   Thumb Code   116  inputcatcher.o(.text)
    TIM_getCRRx                              0x08000e23   Thumb Code    96  inputcatcher.o(.text)
    InputCatchManager_startCatching          0x08000e83   Thumb Code   520  inputcatcher.o(.text)
    InputCatchManager_setDoWhenDone          0x0800108b   Thumb Code    16  inputcatcher.o(.text)
    InputCatchManager_setDoWhenTimeout       0x0800109b   Thumb Code    16  inputcatcher.o(.text)
    InputCatchManagerStructure               0x080010ab   Thumb Code    52  inputcatcher.o(.text)
    InputCatchManager_isCatchingDone         0x080010df   Thumb Code    16  inputcatcher.o(.text)
    InputCatchManager_getduration            0x080010ef   Thumb Code    18  inputcatcher.o(.text)
    IRQ_HIGH_LOW                             0x08001101   Thumb Code   624  inputcatcher.o(.text)
    TIM1_CC_IRQHandler                       0x08001371   Thumb Code    68  inputcatcher.o(.text)
    MILLIS_Init                              0x080013cd   Thumb Code   180  millis.o(.text)
    doAfter_ms                               0x08001481   Thumb Code   104  millis.o(.text)
    millis                                   0x080014e9   Thumb Code    18  millis.o(.text)
    RTCAlarm_IRQHandler                      0x080014fb   Thumb Code    10  millis.o(.text)
    RTC_IRQHandler                           0x08001505   Thumb Code    32  millis.o(.text)
    filterGPIO_RCC                           0x0800152d   Thumb Code    14  pwmmanager.o(.text)
    filterGPIO                               0x0800153b   Thumb Code    14  pwmmanager.o(.text)
    filterPin                                0x08001549   Thumb Code   106  pwmmanager.o(.text)
    filterTIM                                0x080015b3   Thumb Code    32  pwmmanager.o(.text)
    filterTIM_RCC                            0x080015d3   Thumb Code    32  pwmmanager.o(.text)
    TIM_OCxInit                              0x080015f3   Thumb Code   116  pwmmanager.o(.text)
    TIM_OCxPreloadConfig                     0x08001667   Thumb Code   116  pwmmanager.o(.text)
    PWM_chageRatio                           0x080016db   Thumb Code   224  pwmmanager.o(.text)
    PWMStart                                 0x080017bb   Thumb Code   318  pwmmanager.o(.text)
    PWMManager_changeFrequency               0x080018f9   Thumb Code   178  pwmmanager.o(.text)
    PWMManager_changeRatio                   0x080019ab   Thumb Code    80  pwmmanager.o(.text)
    PWMManager_ProduceNewPWM                 0x080019fb   Thumb Code   162  pwmmanager.o(.text)
    PWMManagerStructure                      0x08001a9d   Thumb Code    40  pwmmanager.o(.text)
    _sys_exit                                0x08001acd   Thumb Code     6  usart.o(.text)
    fputc                                    0x08001ad3   Thumb Code    32  usart.o(.text)
    uart_init                                0x08001af3   Thumb Code   118  usart.o(.text)
    uart2_init                               0x08001b71   Thumb Code   120  usart2.o(.text)
    uart2_sendChar                           0x08001be9   Thumb Code    28  usart2.o(.text)
    uart2_print                              0x08001c05   Thumb Code    26  usart2.o(.text)
    uart2_println                            0x08001c1f   Thumb Code    32  usart2.o(.text)
    uart2_printf                             0x08001c3f   Thumb Code    64  usart2.o(.text)
    recv_char                                0x08001c7f   Thumb Code    26  usart2.o(.text)
    uart2_scanf                              0x08001c99   Thumb Code    74  usart2.o(.text)
    USART2BufReceiever_getByte               0x08001ced   Thumb Code    42  usart2bufreceiever.o(.text)
    USART2BufReceiever_getBytes              0x08001d17   Thumb Code    76  usart2bufreceiever.o(.text)
    USART2BufReceiever_checkAllRight         0x08001d63   Thumb Code    36  usart2bufreceiever.o(.text)
    USART2BufReceiever_getAvaliableNum       0x08001d87   Thumb Code    26  usart2bufreceiever.o(.text)
    USART2BufReceiever_enableReceieve        0x08001da1   Thumb Code   138  usart2bufreceiever.o(.text)
    USART2BufReceiever_getRxNum              0x08001e2b   Thumb Code    12  usart2bufreceiever.o(.text)
    USART2BufReceiever_Structure             0x08001e37   Thumb Code    66  usart2bufreceiever.o(.text)
    uart2_init_BR                            0x08001e79   Thumb Code    24  usart2bufreceiever.o(.text)
    DMA1_Channel6_IRQHandler                 0x08001e91   Thumb Code    32  usart2bufreceiever.o(.text)
    USARTBufReceiever_getByte                0x08001ecd   Thumb Code    42  usartbufreceiever.o(.text)
    USARTBufReceiever_getBytes               0x08001ef7   Thumb Code    76  usartbufreceiever.o(.text)
    USARTBufReceiever_checkAllRight          0x08001f43   Thumb Code    36  usartbufreceiever.o(.text)
    USARTBufReceiever_getAvaliableNum        0x08001f67   Thumb Code    26  usartbufreceiever.o(.text)
    USARTBufReceiever_enableReceieve         0x08001f81   Thumb Code   138  usartbufreceiever.o(.text)
    USARTBufReceiever_getRxNum               0x0800200b   Thumb Code    12  usartbufreceiever.o(.text)
    USARTBufReceiever_Structure              0x08002017   Thumb Code    66  usartbufreceiever.o(.text)
    uart_init_BR                             0x08002059   Thumb Code    24  usartbufreceiever.o(.text)
    DMA1_Channel5_IRQHandler                 0x08002071   Thumb Code    32  usartbufreceiever.o(.text)
    THB7128_GPIO_Init                        0x080020ad   Thumb Code    56  thb7128.o(.text)
    THB7128_TIM_Init                         0x080020e5   Thumb Code   116  thb7128.o(.text)
    THB7128_RCC_Init                         0x08002159   Thumb Code    20  thb7128.o(.text)
    THB7128_NVIC_Configuration               0x0800216d   Thumb Code    32  thb7128.o(.text)
    THB7128_Enable                           0x0800218d   Thumb Code    12  thb7128.o(.text)
    THB7128_AntiClockWise                    0x08002199   Thumb Code    12  thb7128.o(.text)
    THB7128_ClockWise                        0x080021a5   Thumb Code    12  thb7128.o(.text)
    THB7128_Init                             0x080021b1   Thumb Code    78  thb7128.o(.text)
    THB7128_PWM_Out                          0x080021ff   Thumb Code    18  thb7128.o(.text)
    THB7128_Disable                          0x08002211   Thumb Code    12  thb7128.o(.text)
    THB7128_IsLastDone                       0x0800221d   Thumb Code    14  thb7128.o(.text)
    THB7128_SetDoWhenDone                    0x0800222b   Thumb Code     6  thb7128.o(.text)
    THB7128_ChangeFreq                       0x08002231   Thumb Code    42  thb7128.o(.text)
    TIM2_IRQHandler                          0x0800225b   Thumb Code    60  thb7128.o(.text)
    PT_ParsePacket                           0x080022a9   Thumb Code     2  protocol.o(.text)
    PT_GetOneByte                            0x080022ab   Thumb Code    44  protocol.o(.text)
    PT_EnableIRQ                             0x080022d7   Thumb Code    44  protocol.o(.text)
    PT_IRq_Handler                           0x08002303   Thumb Code  1890  protocol.o(.text)
    filterTIM_RCC_DO_EVERY                   0x08002a79   Thumb Code    46  doevery.o(.text)
    filterTIM_IRQn_DO_EVERY                  0x08002aa7   Thumb Code    46  doevery.o(.text)
    _DoEvery_GetPrescaler                    0x08002ad5   Thumb Code    24  doevery.o(.text)
    _DoEvery_GetPeriod                       0x08002aed   Thumb Code    34  doevery.o(.text)
    doEvery                                  0x08002b0f   Thumb Code   150  doevery.o(.text)
    TIM_xillis                               0x08002ba5   Thumb Code     6  doevery.o(.text)
    TIM4_IRQHandler                          0x08002bab   Thumb Code    42  doevery.o(.text)
    ServoManager_ChangeAngle                 0x08002be9   Thumb Code    58  servomanager.o(.text)
    ServoManager_Struc_Init                  0x08002c23   Thumb Code    64  servomanager.o(.text)
    Reset_Handler                            0x08002c85   Thumb Code     8  startup_stm32f10x_md.o(.text)
    ADC1_2_IRQHandler                        0x08002c9f   Thumb Code     0  startup_stm32f10x_md.o(.text)
    CAN1_RX1_IRQHandler                      0x08002c9f   Thumb Code     0  startup_stm32f10x_md.o(.text)
    CAN1_SCE_IRQHandler                      0x08002c9f   Thumb Code     0  startup_stm32f10x_md.o(.text)
    DMA1_Channel2_IRQHandler                 0x08002c9f   Thumb Code     0  startup_stm32f10x_md.o(.text)
    DMA1_Channel3_IRQHandler                 0x08002c9f   Thumb Code     0  startup_stm32f10x_md.o(.text)
    DMA1_Channel4_IRQHandler                 0x08002c9f   Thumb Code     0  startup_stm32f10x_md.o(.text)
    DMA1_Channel7_IRQHandler                 0x08002c9f   Thumb Code     0  startup_stm32f10x_md.o(.text)
    FLASH_IRQHandler                         0x08002c9f   Thumb Code     0  startup_stm32f10x_md.o(.text)
    I2C1_ER_IRQHandler                       0x08002c9f   Thumb Code     0  startup_stm32f10x_md.o(.text)
    I2C1_EV_IRQHandler                       0x08002c9f   Thumb Code     0  startup_stm32f10x_md.o(.text)
    I2C2_ER_IRQHandler                       0x08002c9f   Thumb Code     0  startup_stm32f10x_md.o(.text)
    I2C2_EV_IRQHandler                       0x08002c9f   Thumb Code     0  startup_stm32f10x_md.o(.text)
    PVD_IRQHandler                           0x08002c9f   Thumb Code     0  startup_stm32f10x_md.o(.text)
    RCC_IRQHandler                           0x08002c9f   Thumb Code     0  startup_stm32f10x_md.o(.text)
    SPI1_IRQHandler                          0x08002c9f   Thumb Code     0  startup_stm32f10x_md.o(.text)
    SPI2_IRQHandler                          0x08002c9f   Thumb Code     0  startup_stm32f10x_md.o(.text)
    TAMPER_IRQHandler                        0x08002c9f   Thumb Code     0  startup_stm32f10x_md.o(.text)
    TIM1_BRK_IRQHandler                      0x08002c9f   Thumb Code     0  startup_stm32f10x_md.o(.text)
    TIM1_TRG_COM_IRQHandler                  0x08002c9f   Thumb Code     0  startup_stm32f10x_md.o(.text)
    TIM1_UP_IRQHandler                       0x08002c9f   Thumb Code     0  startup_stm32f10x_md.o(.text)
    TIM3_IRQHandler                          0x08002c9f   Thumb Code     0  startup_stm32f10x_md.o(.text)
    USART1_IRQHandler                        0x08002c9f   Thumb Code     0  startup_stm32f10x_md.o(.text)
    USART3_IRQHandler                        0x08002c9f   Thumb Code     0  startup_stm32f10x_md.o(.text)
    USBWakeUp_IRQHandler                     0x08002c9f   Thumb Code     0  startup_stm32f10x_md.o(.text)
    USB_HP_CAN1_TX_IRQHandler                0x08002c9f   Thumb Code     0  startup_stm32f10x_md.o(.text)
    USB_LP_CAN1_RX0_IRQHandler               0x08002c9f   Thumb Code     0  startup_stm32f10x_md.o(.text)
    WWDG_IRQHandler                          0x08002c9f   Thumb Code     0  startup_stm32f10x_md.o(.text)
    NVIC_PriorityGroupConfig                 0x08002ca9   Thumb Code    10  misc.o(.text)
    NVIC_Init                                0x08002cb3   Thumb Code   102  misc.o(.text)
    NVIC_SetVectorTable                      0x08002d19   Thumb Code    14  misc.o(.text)
    NVIC_SystemLPConfig                      0x08002d27   Thumb Code    34  misc.o(.text)
    SysTick_CLKSourceConfig                  0x08002d49   Thumb Code    40  misc.o(.text)
    ADC_DeInit                               0x08002d85   Thumb Code    78  stm32f10x_adc.o(.text)
    ADC_Init                                 0x08002dd3   Thumb Code    70  stm32f10x_adc.o(.text)
    ADC_StructInit                           0x08002e19   Thumb Code    18  stm32f10x_adc.o(.text)
    ADC_Cmd                                  0x08002e2b   Thumb Code    22  stm32f10x_adc.o(.text)
    ADC_DMACmd                               0x08002e41   Thumb Code    22  stm32f10x_adc.o(.text)
    ADC_ITConfig                             0x08002e57   Thumb Code    24  stm32f10x_adc.o(.text)
    ADC_ResetCalibration                     0x08002e6f   Thumb Code    10  stm32f10x_adc.o(.text)
    ADC_GetResetCalibrationStatus            0x08002e79   Thumb Code    20  stm32f10x_adc.o(.text)
    ADC_StartCalibration                     0x08002e8d   Thumb Code    10  stm32f10x_adc.o(.text)
    ADC_GetCalibrationStatus                 0x08002e97   Thumb Code    20  stm32f10x_adc.o(.text)
    ADC_SoftwareStartConvCmd                 0x08002eab   Thumb Code    22  stm32f10x_adc.o(.text)
    ADC_GetSoftwareStartConvStatus           0x08002ec1   Thumb Code    20  stm32f10x_adc.o(.text)
    ADC_DiscModeChannelCountConfig           0x08002ed5   Thumb Code    24  stm32f10x_adc.o(.text)
    ADC_DiscModeCmd                          0x08002eed   Thumb Code    22  stm32f10x_adc.o(.text)
    ADC_RegularChannelConfig                 0x08002f03   Thumb Code   184  stm32f10x_adc.o(.text)
    ADC_ExternalTrigConvCmd                  0x08002fbb   Thumb Code    22  stm32f10x_adc.o(.text)
    ADC_GetConversionValue                   0x08002fd1   Thumb Code     8  stm32f10x_adc.o(.text)
    ADC_GetDualModeConversionValue           0x08002fd9   Thumb Code     8  stm32f10x_adc.o(.text)
    ADC_AutoInjectedConvCmd                  0x08002fe1   Thumb Code    22  stm32f10x_adc.o(.text)
    ADC_InjectedDiscModeCmd                  0x08002ff7   Thumb Code    22  stm32f10x_adc.o(.text)
    ADC_ExternalTrigInjectedConvConfig       0x0800300d   Thumb Code    16  stm32f10x_adc.o(.text)
    ADC_ExternalTrigInjectedConvCmd          0x0800301d   Thumb Code    22  stm32f10x_adc.o(.text)
    ADC_SoftwareStartInjectedConvCmd         0x08003033   Thumb Code    22  stm32f10x_adc.o(.text)
    ADC_GetSoftwareStartInjectedConvCmdStatus 0x08003049   Thumb Code    20  stm32f10x_adc.o(.text)
    ADC_InjectedChannelConfig                0x0800305d   Thumb Code   130  stm32f10x_adc.o(.text)
    ADC_InjectedSequencerLengthConfig        0x080030df   Thumb Code    24  stm32f10x_adc.o(.text)
    ADC_SetInjectedOffset                    0x080030f7   Thumb Code    20  stm32f10x_adc.o(.text)
    ADC_GetInjectedConversionValue           0x0800310b   Thumb Code    28  stm32f10x_adc.o(.text)
    ADC_AnalogWatchdogCmd                    0x08003127   Thumb Code    16  stm32f10x_adc.o(.text)
    ADC_AnalogWatchdogThresholdsConfig       0x08003137   Thumb Code     6  stm32f10x_adc.o(.text)
    ADC_AnalogWatchdogSingleChannelConfig    0x0800313d   Thumb Code    16  stm32f10x_adc.o(.text)
    ADC_TempSensorVrefintCmd                 0x0800314d   Thumb Code    64  stm32f10x_adc.o(.text)
    ADC_GetFlagStatus                        0x0800318d   Thumb Code    18  stm32f10x_adc.o(.text)
    ADC_ClearFlag                            0x0800319f   Thumb Code     6  stm32f10x_adc.o(.text)
    ADC_GetITStatus                          0x080031a5   Thumb Code    36  stm32f10x_adc.o(.text)
    ADC_ClearITPendingBit                    0x080031c9   Thumb Code    10  stm32f10x_adc.o(.text)
    DMA_DeInit                               0x080031d5   Thumb Code   324  stm32f10x_dma.o(.text)
    DMA_Init                                 0x08003319   Thumb Code    60  stm32f10x_dma.o(.text)
    DMA_StructInit                           0x08003355   Thumb Code    26  stm32f10x_dma.o(.text)
    DMA_Cmd                                  0x0800336f   Thumb Code    24  stm32f10x_dma.o(.text)
    DMA_ITConfig                             0x08003387   Thumb Code    18  stm32f10x_dma.o(.text)
    DMA_SetCurrDataCounter                   0x08003399   Thumb Code     4  stm32f10x_dma.o(.text)
    DMA_GetCurrDataCounter                   0x0800339d   Thumb Code     8  stm32f10x_dma.o(.text)
    DMA_GetFlagStatus                        0x080033a5   Thumb Code    38  stm32f10x_dma.o(.text)
    DMA_ClearFlag                            0x080033cb   Thumb Code    22  stm32f10x_dma.o(.text)
    DMA_GetITStatus                          0x080033e1   Thumb Code    38  stm32f10x_dma.o(.text)
    DMA_ClearITPendingBit                    0x08003407   Thumb Code    22  stm32f10x_dma.o(.text)
    EXTI_DeInit                              0x08003425   Thumb Code    28  stm32f10x_exti.o(.text)
    EXTI_Init                                0x08003441   Thumb Code   142  stm32f10x_exti.o(.text)
    EXTI_StructInit                          0x080034cf   Thumb Code    16  stm32f10x_exti.o(.text)
    EXTI_GenerateSWInterrupt                 0x080034df   Thumb Code    16  stm32f10x_exti.o(.text)
    EXTI_GetFlagStatus                       0x080034ef   Thumb Code    22  stm32f10x_exti.o(.text)
    EXTI_ClearFlag                           0x08003505   Thumb Code     8  stm32f10x_exti.o(.text)
    EXTI_GetITStatus                         0x0800350d   Thumb Code    34  stm32f10x_exti.o(.text)
    EXTI_ClearITPendingBit                   0x0800352f   Thumb Code     8  stm32f10x_exti.o(.text)
    GPIO_DeInit                              0x08003541   Thumb Code   172  stm32f10x_gpio.o(.text)
    GPIO_AFIODeInit                          0x080035ed   Thumb Code    20  stm32f10x_gpio.o(.text)
    GPIO_Init                                0x08003601   Thumb Code   274  stm32f10x_gpio.o(.text)
    GPIO_StructInit                          0x08003713   Thumb Code    16  stm32f10x_gpio.o(.text)
    GPIO_ReadInputDataBit                    0x08003723   Thumb Code    18  stm32f10x_gpio.o(.text)
    GPIO_ReadInputData                       0x08003735   Thumb Code     8  stm32f10x_gpio.o(.text)
    GPIO_ReadOutputDataBit                   0x0800373d   Thumb Code    18  stm32f10x_gpio.o(.text)
    GPIO_ReadOutputData                      0x0800374f   Thumb Code     8  stm32f10x_gpio.o(.text)
    GPIO_SetBits                             0x08003757   Thumb Code     4  stm32f10x_gpio.o(.text)
    GPIO_ResetBits                           0x0800375b   Thumb Code     4  stm32f10x_gpio.o(.text)
    GPIO_WriteBit                            0x0800375f   Thumb Code    10  stm32f10x_gpio.o(.text)
    GPIO_Write                               0x08003769   Thumb Code     4  stm32f10x_gpio.o(.text)
    GPIO_PinLockConfig                       0x0800376d   Thumb Code    18  stm32f10x_gpio.o(.text)
    GPIO_EventOutputConfig                   0x0800377f   Thumb Code    26  stm32f10x_gpio.o(.text)
    GPIO_EventOutputCmd                      0x08003799   Thumb Code     6  stm32f10x_gpio.o(.text)
    GPIO_PinRemapConfig                      0x0800379f   Thumb Code   138  stm32f10x_gpio.o(.text)
    GPIO_EXTILineConfig                      0x08003829   Thumb Code    66  stm32f10x_gpio.o(.text)
    GPIO_ETH_MediaInterfaceConfig            0x0800386b   Thumb Code     6  stm32f10x_gpio.o(.text)
    PWR_DeInit                               0x08003899   Thumb Code    22  stm32f10x_pwr.o(.text)
    PWR_BackupAccessCmd                      0x080038af   Thumb Code     6  stm32f10x_pwr.o(.text)
    PWR_PVDCmd                               0x080038b5   Thumb Code     6  stm32f10x_pwr.o(.text)
    PWR_PVDLevelConfig                       0x080038bb   Thumb Code    18  stm32f10x_pwr.o(.text)
    PWR_WakeUpPinCmd                         0x080038cd   Thumb Code     6  stm32f10x_pwr.o(.text)
    PWR_EnterSTOPMode                        0x080038d3   Thumb Code    54  stm32f10x_pwr.o(.text)
    PWR_EnterSTANDBYMode                     0x08003909   Thumb Code    42  stm32f10x_pwr.o(.text)
    PWR_GetFlagStatus                        0x08003933   Thumb Code    20  stm32f10x_pwr.o(.text)
    PWR_ClearFlag                            0x08003947   Thumb Code    14  stm32f10x_pwr.o(.text)
    RCC_DeInit                               0x08003965   Thumb Code    64  stm32f10x_rcc.o(.text)
    RCC_HSEConfig                            0x080039a5   Thumb Code    70  stm32f10x_rcc.o(.text)
    RCC_GetFlagStatus                        0x080039eb   Thumb Code    56  stm32f10x_rcc.o(.text)
    RCC_WaitForHSEStartUp                    0x08003a23   Thumb Code    56  stm32f10x_rcc.o(.text)
    RCC_AdjustHSICalibrationValue            0x08003a5b   Thumb Code    20  stm32f10x_rcc.o(.text)
    RCC_HSICmd                               0x08003a6f   Thumb Code     6  stm32f10x_rcc.o(.text)
    RCC_PLLConfig                            0x08003a75   Thumb Code    24  stm32f10x_rcc.o(.text)
    RCC_PLLCmd                               0x08003a8d   Thumb Code     6  stm32f10x_rcc.o(.text)
    RCC_SYSCLKConfig                         0x08003a93   Thumb Code    18  stm32f10x_rcc.o(.text)
    RCC_GetSYSCLKSource                      0x08003aa5   Thumb Code    10  stm32f10x_rcc.o(.text)
    RCC_HCLKConfig                           0x08003aaf   Thumb Code    18  stm32f10x_rcc.o(.text)
    RCC_PCLK1Config                          0x08003ac1   Thumb Code    18  stm32f10x_rcc.o(.text)
    RCC_PCLK2Config                          0x08003ad3   Thumb Code    20  stm32f10x_rcc.o(.text)
    RCC_ITConfig                             0x08003ae7   Thumb Code    26  stm32f10x_rcc.o(.text)
    RCC_USBCLKConfig                         0x08003b01   Thumb Code     6  stm32f10x_rcc.o(.text)
    RCC_ADCCLKConfig                         0x08003b07   Thumb Code    18  stm32f10x_rcc.o(.text)
    RCC_LSEConfig                            0x08003b19   Thumb Code    44  stm32f10x_rcc.o(.text)
    RCC_LSICmd                               0x08003b45   Thumb Code     6  stm32f10x_rcc.o(.text)
    RCC_RTCCLKConfig                         0x08003b4b   Thumb Code    12  stm32f10x_rcc.o(.text)
    RCC_RTCCLKCmd                            0x08003b57   Thumb Code     8  stm32f10x_rcc.o(.text)
    RCC_GetClocksFreq                        0x08003b5f   Thumb Code   192  stm32f10x_rcc.o(.text)
    RCC_AHBPeriphClockCmd                    0x08003c1f   Thumb Code    26  stm32f10x_rcc.o(.text)
    RCC_APB2PeriphClockCmd                   0x08003c39   Thumb Code    26  stm32f10x_rcc.o(.text)
    RCC_APB1PeriphClockCmd                   0x08003c53   Thumb Code    26  stm32f10x_rcc.o(.text)
    RCC_APB2PeriphResetCmd                   0x08003c6d   Thumb Code    26  stm32f10x_rcc.o(.text)
    RCC_APB1PeriphResetCmd                   0x08003c87   Thumb Code    26  stm32f10x_rcc.o(.text)
    RCC_BackupResetCmd                       0x08003ca1   Thumb Code     8  stm32f10x_rcc.o(.text)
    RCC_ClockSecuritySystemCmd               0x08003ca9   Thumb Code     6  stm32f10x_rcc.o(.text)
    RCC_MCOConfig                            0x08003caf   Thumb Code     6  stm32f10x_rcc.o(.text)
    RCC_ClearFlag                            0x08003cb5   Thumb Code    14  stm32f10x_rcc.o(.text)
    RCC_GetITStatus                          0x08003cc3   Thumb Code    20  stm32f10x_rcc.o(.text)
    RCC_ClearITPendingBit                    0x08003cd7   Thumb Code     6  stm32f10x_rcc.o(.text)
    RTC_ITConfig                             0x08003d09   Thumb Code    26  stm32f10x_rtc.o(.text)
    RTC_EnterConfigMode                      0x08003d23   Thumb Code    18  stm32f10x_rtc.o(.text)
    RTC_ExitConfigMode                       0x08003d35   Thumb Code    20  stm32f10x_rtc.o(.text)
    RTC_GetCounter                           0x08003d49   Thumb Code    18  stm32f10x_rtc.o(.text)
    RTC_SetCounter                           0x08003d5b   Thumb Code    26  stm32f10x_rtc.o(.text)
    RTC_SetPrescaler                         0x08003d75   Thumb Code    28  stm32f10x_rtc.o(.text)
    RTC_SetAlarm                             0x08003d91   Thumb Code    26  stm32f10x_rtc.o(.text)
    RTC_GetDivider                           0x08003dab   Thumb Code    22  stm32f10x_rtc.o(.text)
    RTC_WaitForLastTask                      0x08003dc1   Thumb Code    16  stm32f10x_rtc.o(.text)
    RTC_WaitForSynchro                       0x08003dd1   Thumb Code    34  stm32f10x_rtc.o(.text)
    RTC_GetFlagStatus                        0x08003df3   Thumb Code    22  stm32f10x_rtc.o(.text)
    RTC_ClearFlag                            0x08003e09   Thumb Code    16  stm32f10x_rtc.o(.text)
    RTC_GetITStatus                          0x08003e19   Thumb Code    32  stm32f10x_rtc.o(.text)
    RTC_ClearITPendingBit                    0x08003e39   Thumb Code    16  stm32f10x_rtc.o(.text)
    TIM_DeInit                               0x08003e4d   Thumb Code   424  stm32f10x_tim.o(.text)
    TIM_TimeBaseInit                         0x08003ff5   Thumb Code   122  stm32f10x_tim.o(.text)
    TIM_OC1Init                              0x0800406f   Thumb Code   132  stm32f10x_tim.o(.text)
    TIM_OC2Init                              0x080040f3   Thumb Code   154  stm32f10x_tim.o(.text)
    TIM_OC3Init                              0x0800418d   Thumb Code   150  stm32f10x_tim.o(.text)
    TIM_OC4Init                              0x08004223   Thumb Code   182  stm32f10x_tim.o(.text)
    TIM_SetIC4Prescaler                      0x080042d9   Thumb Code    26  stm32f10x_tim.o(.text)
    TIM_SetIC3Prescaler                      0x08004375   Thumb Code    18  stm32f10x_tim.o(.text)
    TIM_SetIC2Prescaler                      0x08004401   Thumb Code    26  stm32f10x_tim.o(.text)
    TIM_SetIC1Prescaler                      0x0800449d   Thumb Code    18  stm32f10x_tim.o(.text)
    TIM_ICInit                               0x0800451b   Thumb Code   150  stm32f10x_tim.o(.text)
    TIM_PWMIConfig                           0x080045b1   Thumb Code   124  stm32f10x_tim.o(.text)
    TIM_BDTRConfig                           0x0800462d   Thumb Code    32  stm32f10x_tim.o(.text)
    TIM_TimeBaseStructInit                   0x0800464d   Thumb Code    18  stm32f10x_tim.o(.text)
    TIM_OCStructInit                         0x0800465f   Thumb Code    20  stm32f10x_tim.o(.text)
    TIM_ICStructInit                         0x08004673   Thumb Code    18  stm32f10x_tim.o(.text)
    TIM_BDTRStructInit                       0x08004685   Thumb Code    40  stm32f10x_tim.o(.text)
    TIM_Cmd                                  0x080046ad   Thumb Code    24  stm32f10x_tim.o(.text)
    TIM_CtrlPWMOutputs                       0x080046c5   Thumb Code    30  stm32f10x_tim.o(.text)
    TIM_ITConfig                             0x080046e3   Thumb Code    18  stm32f10x_tim.o(.text)
    TIM_GenerateEvent                        0x080046f5   Thumb Code     4  stm32f10x_tim.o(.text)
    TIM_DMAConfig                            0x080046f9   Thumb Code    10  stm32f10x_tim.o(.text)
    TIM_DMACmd                               0x08004703   Thumb Code    18  stm32f10x_tim.o(.text)
    TIM_InternalClockConfig                  0x08004715   Thumb Code    12  stm32f10x_tim.o(.text)
    TIM_SelectInputTrigger                   0x08004721   Thumb Code    18  stm32f10x_tim.o(.text)
    TIM_ITRxExternalClockConfig              0x08004733   Thumb Code    24  stm32f10x_tim.o(.text)
    TIM_TIxExternalClockConfig               0x0800474b   Thumb Code    62  stm32f10x_tim.o(.text)
    TIM_ETRConfig                            0x08004789   Thumb Code    28  stm32f10x_tim.o(.text)
    TIM_ETRClockMode1Config                  0x080047a5   Thumb Code    54  stm32f10x_tim.o(.text)
    TIM_ETRClockMode2Config                  0x080047db   Thumb Code    32  stm32f10x_tim.o(.text)
    TIM_PrescalerConfig                      0x080047fb   Thumb Code     6  stm32f10x_tim.o(.text)
    TIM_CounterModeConfig                    0x08004801   Thumb Code    18  stm32f10x_tim.o(.text)
    TIM_EncoderInterfaceConfig               0x08004813   Thumb Code    66  stm32f10x_tim.o(.text)
    TIM_ForcedOC1Config                      0x08004855   Thumb Code    18  stm32f10x_tim.o(.text)
    TIM_ForcedOC2Config                      0x08004867   Thumb Code    26  stm32f10x_tim.o(.text)
    TIM_ForcedOC3Config                      0x08004881   Thumb Code    18  stm32f10x_tim.o(.text)
    TIM_ForcedOC4Config                      0x08004893   Thumb Code    26  stm32f10x_tim.o(.text)
    TIM_ARRPreloadConfig                     0x080048ad   Thumb Code    24  stm32f10x_tim.o(.text)
    TIM_SelectCOM                            0x080048c5   Thumb Code    24  stm32f10x_tim.o(.text)
    TIM_SelectCCDMA                          0x080048dd   Thumb Code    24  stm32f10x_tim.o(.text)
    TIM_CCPreloadControl                     0x080048f5   Thumb Code    24  stm32f10x_tim.o(.text)
    TIM_OC1PreloadConfig                     0x0800490d   Thumb Code    18  stm32f10x_tim.o(.text)
    TIM_OC2PreloadConfig                     0x0800491f   Thumb Code    26  stm32f10x_tim.o(.text)
    TIM_OC3PreloadConfig                     0x08004939   Thumb Code    18  stm32f10x_tim.o(.text)
    TIM_OC4PreloadConfig                     0x0800494b   Thumb Code    26  stm32f10x_tim.o(.text)
    TIM_OC1FastConfig                        0x08004965   Thumb Code    18  stm32f10x_tim.o(.text)
    TIM_OC2FastConfig                        0x08004977   Thumb Code    26  stm32f10x_tim.o(.text)
    TIM_OC3FastConfig                        0x08004991   Thumb Code    18  stm32f10x_tim.o(.text)
    TIM_OC4FastConfig                        0x080049a3   Thumb Code    26  stm32f10x_tim.o(.text)
    TIM_ClearOC1Ref                          0x080049bd   Thumb Code    18  stm32f10x_tim.o(.text)
    TIM_ClearOC2Ref                          0x080049cf   Thumb Code    24  stm32f10x_tim.o(.text)
    TIM_ClearOC3Ref                          0x080049e7   Thumb Code    18  stm32f10x_tim.o(.text)
    TIM_ClearOC4Ref                          0x080049f9   Thumb Code    24  stm32f10x_tim.o(.text)
    TIM_OC1PolarityConfig                    0x08004a11   Thumb Code    18  stm32f10x_tim.o(.text)
    TIM_OC1NPolarityConfig                   0x08004a23   Thumb Code    18  stm32f10x_tim.o(.text)
    TIM_OC2PolarityConfig                    0x08004a35   Thumb Code    26  stm32f10x_tim.o(.text)
    TIM_OC2NPolarityConfig                   0x08004a4f   Thumb Code    26  stm32f10x_tim.o(.text)
    TIM_OC3PolarityConfig                    0x08004a69   Thumb Code    26  stm32f10x_tim.o(.text)
    TIM_OC3NPolarityConfig                   0x08004a83   Thumb Code    26  stm32f10x_tim.o(.text)
    TIM_OC4PolarityConfig                    0x08004a9d   Thumb Code    26  stm32f10x_tim.o(.text)
    TIM_CCxCmd                               0x08004ab7   Thumb Code    30  stm32f10x_tim.o(.text)
    TIM_CCxNCmd                              0x08004ad5   Thumb Code    30  stm32f10x_tim.o(.text)
    TIM_SelectOCxM                           0x08004af3   Thumb Code    82  stm32f10x_tim.o(.text)
    TIM_UpdateDisableConfig                  0x08004b45   Thumb Code    24  stm32f10x_tim.o(.text)
    TIM_UpdateRequestConfig                  0x08004b5d   Thumb Code    24  stm32f10x_tim.o(.text)
    TIM_SelectHallSensor                     0x08004b75   Thumb Code    24  stm32f10x_tim.o(.text)
    TIM_SelectOnePulseMode                   0x08004b8d   Thumb Code    18  stm32f10x_tim.o(.text)
    TIM_SelectOutputTrigger                  0x08004b9f   Thumb Code    18  stm32f10x_tim.o(.text)
    TIM_SelectSlaveMode                      0x08004bb1   Thumb Code    18  stm32f10x_tim.o(.text)
    TIM_SelectMasterSlaveMode                0x08004bc3   Thumb Code    18  stm32f10x_tim.o(.text)
    TIM_SetCounter                           0x08004bd5   Thumb Code     4  stm32f10x_tim.o(.text)
    TIM_SetAutoreload                        0x08004bd9   Thumb Code     4  stm32f10x_tim.o(.text)
    TIM_SetCompare1                          0x08004bdd   Thumb Code     4  stm32f10x_tim.o(.text)
    TIM_SetCompare2                          0x08004be1   Thumb Code     4  stm32f10x_tim.o(.text)
    TIM_SetCompare3                          0x08004be5   Thumb Code     4  stm32f10x_tim.o(.text)
    TIM_SetCompare4                          0x08004be9   Thumb Code     6  stm32f10x_tim.o(.text)
    TIM_SetClockDivision                     0x08004bef   Thumb Code    18  stm32f10x_tim.o(.text)
    TIM_GetCapture1                          0x08004c01   Thumb Code     6  stm32f10x_tim.o(.text)
    TIM_GetCapture2                          0x08004c07   Thumb Code     6  stm32f10x_tim.o(.text)
    TIM_GetCapture3                          0x08004c0d   Thumb Code     6  stm32f10x_tim.o(.text)
    TIM_GetCapture4                          0x08004c13   Thumb Code     8  stm32f10x_tim.o(.text)
    TIM_GetCounter                           0x08004c1b   Thumb Code     6  stm32f10x_tim.o(.text)
    TIM_GetPrescaler                         0x08004c21   Thumb Code     6  stm32f10x_tim.o(.text)
    TIM_GetFlagStatus                        0x08004c27   Thumb Code    18  stm32f10x_tim.o(.text)
    TIM_ClearFlag                            0x08004c39   Thumb Code     6  stm32f10x_tim.o(.text)
    TIM_GetITStatus                          0x08004c3f   Thumb Code    34  stm32f10x_tim.o(.text)
    TIM_ClearITPendingBit                    0x08004c61   Thumb Code     6  stm32f10x_tim.o(.text)
    USART_DeInit                             0x08004c69   Thumb Code   134  stm32f10x_usart.o(.text)
    USART_Init                               0x08004cef   Thumb Code   210  stm32f10x_usart.o(.text)
    USART_StructInit                         0x08004dc1   Thumb Code    24  stm32f10x_usart.o(.text)
    USART_ClockInit                          0x08004dd9   Thumb Code    34  stm32f10x_usart.o(.text)
    USART_ClockStructInit                    0x08004dfb   Thumb Code    12  stm32f10x_usart.o(.text)
    USART_Cmd                                0x08004e07   Thumb Code    24  stm32f10x_usart.o(.text)
    USART_ITConfig                           0x08004e1f   Thumb Code    74  stm32f10x_usart.o(.text)
    USART_DMACmd                             0x08004e69   Thumb Code    18  stm32f10x_usart.o(.text)
    USART_SetAddress                         0x08004e7b   Thumb Code    18  stm32f10x_usart.o(.text)
    USART_WakeUpConfig                       0x08004e8d   Thumb Code    18  stm32f10x_usart.o(.text)
    USART_ReceiverWakeUpCmd                  0x08004e9f   Thumb Code    24  stm32f10x_usart.o(.text)
    USART_LINBreakDetectLengthConfig         0x08004eb7   Thumb Code    18  stm32f10x_usart.o(.text)
    USART_LINCmd                             0x08004ec9   Thumb Code    24  stm32f10x_usart.o(.text)
    USART_SendData                           0x08004ee1   Thumb Code     8  stm32f10x_usart.o(.text)
    USART_ReceiveData                        0x08004ee9   Thumb Code    10  stm32f10x_usart.o(.text)
    USART_SendBreak                          0x08004ef3   Thumb Code    10  stm32f10x_usart.o(.text)
    USART_SetGuardTime                       0x08004efd   Thumb Code    16  stm32f10x_usart.o(.text)
    USART_SetPrescaler                       0x08004f0d   Thumb Code    16  stm32f10x_usart.o(.text)
    USART_SmartCardCmd                       0x08004f1d   Thumb Code    24  stm32f10x_usart.o(.text)
    USART_SmartCardNACKCmd                   0x08004f35   Thumb Code    24  stm32f10x_usart.o(.text)
    USART_HalfDuplexCmd                      0x08004f4d   Thumb Code    24  stm32f10x_usart.o(.text)
    USART_OverSampling8Cmd                   0x08004f65   Thumb Code    22  stm32f10x_usart.o(.text)
    USART_OneBitMethodCmd                    0x08004f7b   Thumb Code    24  stm32f10x_usart.o(.text)
    USART_IrDAConfig                         0x08004f93   Thumb Code    18  stm32f10x_usart.o(.text)
    USART_IrDACmd                            0x08004fa5   Thumb Code    24  stm32f10x_usart.o(.text)
    USART_GetFlagStatus                      0x08004fbd   Thumb Code    26  stm32f10x_usart.o(.text)
    USART_ClearFlag                          0x08004fd7   Thumb Code    18  stm32f10x_usart.o(.text)
    USART_GetITStatus                        0x08004fe9   Thumb Code    84  stm32f10x_usart.o(.text)
    USART_ClearITPendingBit                  0x0800503d   Thumb Code    52  stm32f10x_usart.o(.text)
    vsscanf                                  0x08005071   Thumb Code    40  vsscanf.o(.text)
    __aeabi_dadd                             0x080050a1   Thumb Code   322  dadd.o(.text)
    __aeabi_dsub                             0x080051e3   Thumb Code     6  dadd.o(.text)
    __aeabi_drsub                            0x080051e9   Thumb Code     6  dadd.o(.text)
    __aeabi_dmul                             0x080051ef   Thumb Code   228  dmul.o(.text)
    __aeabi_ddiv                             0x080052d3   Thumb Code   222  ddiv.o(.text)
    __aeabi_ui2d                             0x080053b1   Thumb Code    26  dfltui.o(.text)
    __aeabi_d2uiz                            0x080053cb   Thumb Code    50  dfixui.o(.text)
    __aeabi_f2d                              0x080053fd   Thumb Code    38  f2d.o(.text)
    __aeabi_cdcmpeq                          0x08005425   Thumb Code     0  cdcmple.o(.text)
    __aeabi_cdcmple                          0x08005425   Thumb Code    38  cdcmple.o(.text)
    __aeabi_cdrcmple                         0x0800544d   Thumb Code    38  cdrcmple.o(.text)
    __aeabi_d2f                              0x08005475   Thumb Code    56  d2f.o(.text)
    __aeabi_uidiv                            0x080054ad   Thumb Code     0  uidiv.o(.text)
    __aeabi_uidivmod                         0x080054ad   Thumb Code    44  uidiv.o(.text)
    __aeabi_uldivmod                         0x080054d9   Thumb Code    98  uldiv.o(.text)
    __aeabi_llsl                             0x0800553b   Thumb Code    30  llshl.o(.text)
    _ll_shift_l                              0x0800553b   Thumb Code     0  llshl.o(.text)
    __aeabi_llsr                             0x08005559   Thumb Code    32  llushr.o(.text)
    _ll_ushift_r                             0x08005559   Thumb Code     0  llushr.o(.text)
    __aeabi_lasr                             0x08005579   Thumb Code    36  llsshr.o(.text)
    _ll_sshift_r                             0x08005579   Thumb Code     0  llsshr.o(.text)
    _scanf_longlong                          0x0800559d   Thumb Code   342  _scanf_longlong.o(.text)
    _scanf_int                               0x080056f3   Thumb Code   336  _scanf_int.o(.text)
    _scanf_string                            0x08005843   Thumb Code   218  _scanf_str.o(.text)
    _scanf_real                              0x08005a1d   Thumb Code     0  scanf_fp.o(.text)
    _scanf_really_real                       0x08005a1d   Thumb Code   560  scanf_fp.o(.text)
    __vfscanf_char                           0x08005c65   Thumb Code    20  scanf_char.o(.text)
    _sgetc                                   0x08005c81   Thumb Code    30  _sgetc.o(.text)
    _sbackspace                              0x08005c9f   Thumb Code    34  _sgetc.o(.text)
    __I$use$fp                               0x08005cc1   Thumb Code     0  iusefp.o(.text)
    _float_round                             0x08005cc1   Thumb Code    18  fepilogue.o(.text)
    _float_epilogue                          0x08005cd3   Thumb Code    90  fepilogue.o(.text)
    _double_round                            0x08005d2d   Thumb Code    26  depilogue.o(.text)
    _double_epilogue                         0x08005d47   Thumb Code   164  depilogue.o(.text)
    __aeabi_d2ulz                            0x08005deb   Thumb Code    48  dfixul.o(.text)
    __scatterload                            0x08005e1d   Thumb Code    28  init.o(.text)
    __scatterload_rt2                        0x08005e1d   Thumb Code     0  init.o(.text)
    isspace                                  0x08005e41   Thumb Code    10  isspace_c.o(.text)
    _chval                                   0x08005e4b   Thumb Code    28  _chval.o(.text)
    __vfscanf                                0x08005e69   Thumb Code   806  _scanf.o(.text)
    __aeabi_ul2d                             0x08006195   Thumb Code    24  dfltul.o(.text)
    __ctype_lookup                           0x080061ad   Thumb Code    34  ctype_c.o(.text)
    __0vsnprintf                             0x080061d5   Thumb Code    32  printfa.o(i.__0vsnprintf)
    __1vsnprintf                             0x080061d5   Thumb Code     0  printfa.o(i.__0vsnprintf)
    __2vsnprintf                             0x080061d5   Thumb Code     0  printfa.o(i.__0vsnprintf)
    __c89vsnprintf                           0x080061d5   Thumb Code     0  printfa.o(i.__0vsnprintf)
    vsnprintf                                0x080061d5   Thumb Code     0  printfa.o(i.__0vsnprintf)
    __scatterload_copy                       0x080061f9   Thumb Code    14  handlers.o(i.__scatterload_copy)
    __scatterload_null                       0x08006207   Thumb Code     2  handlers.o(i.__scatterload_null)
    __scatterload_zeroinit                   0x08006209   Thumb Code    14  handlers.o(i.__scatterload_zeroinit)
    _is_digit                                0x08006375   Thumb Code    14  scanf_fp.o(i._is_digit)
    __ctype_categories                       0x08006ae0   Data          64  ctype_c.o(.constdata)
    Region$$Table$$Base                      0x08006b20   Number         0  anon$$obj.o(Region$$Table)
    Region$$Table$$Limit                     0x08006b40   Number         0  anon$$obj.o(Region$$Table)
    SystemCoreClock                          0x20000000   Data           4  system_stm32f10x.o(.data)
    AHBPrescTable                            0x20000004   Data          16  system_stm32f10x.o(.data)
    ServoManager                             0x20000014   Data           8  main.o(.data)
    defaultADCManager                        0x2000001c   Data           4  adcmanager.o(.data)
    defaultEXTIManager                       0x20000024   Data           4  extimanager.o(.data)
    catchWhat_Flag                           0x20000028   Data           4  inputcatcher.o(.data)
    ISROUTEENABLED_Flag                      0x2000002c   Data           4  inputcatcher.o(.data)
    defaultInputCatchManager                 0x20000030   Data           4  inputcatcher.o(.data)
    defaultDoSomeThing                       0x20000034   Data           4  millis.o(.data)
    defaultPWMManager                        0x20000038   Data           4  pwmmanager.o(.data)
    _buf2_Oldest_Data_Pointer                0x2000003c   Data           4  usart2bufreceiever.o(.data)
    _ALL2_Pointer_Circles                    0x20000040   Data           4  usart2bufreceiever.o(.data)
    _ALL2_Circles_Count                      0x20000044   Data           4  usart2bufreceiever.o(.data)
    defaultUSART2BufReceiever                0x20000048   Data           4  usart2bufreceiever.o(.data)
    _buf_Oldest_Data_Pointer                 0x2000004c   Data           4  usartbufreceiever.o(.data)
    _ALL_Pointer_Circles                     0x20000050   Data           4  usartbufreceiever.o(.data)
    _ALL_Circles_Count                       0x20000054   Data           4  usartbufreceiever.o(.data)
    defaultUSARTBufReceiever                 0x20000058   Data           4  usartbufreceiever.o(.data)
    thb7128_defaultDoWhenDone                0x2000005c   Data           4  thb7128.o(.data)
    thb7128_pwm_count                        0x20000060   Data           4  thb7128.o(.data)
    DoEvery_xillis_count                     0x2000006c   Data           4  doevery.o(.data)
    ADC_DEFAULT_DATA                         0x20000088   Data          34  adcmanager.o(.bss)
    _EXTILine                                0x200000ac   Data          64  extimanager.o(.bss)
    TIM_CAPTURE_STA_VAL1_VAL2_VAL3           0x200000ec   Data         256  inputcatcher.o(.bss)
    USART2_defaultBuf                        0x200001ec   Data          50  usart2bufreceiever.o(.bss)
    USART_defaultBuf                         0x2000021e   Data          50  usartbufreceiever.o(.bss)
    __initial_sp                             0x200007f8   Data           0  startup_stm32f10x_md.o(STACK)



==============================================================================

Memory Map of the image

  Image Entry point : 0x080000ed

  Load Region LR_IROM1 (Base: 0x08000000, Size: 0x00006bc8, Max: 0x00080000, ABSOLUTE)

    Execution Region ER_IROM1 (Base: 0x08000000, Size: 0x00006b40, Max: 0x00080000, ABSOLUTE)

    Base Addr    Size         Type   Attr      Idx    E Section Name        Object

    0x08000000   0x000000ec   Data   RO          591    RESET               startup_stm32f10x_md.o
    0x080000ec   0x00000000   Code   RO         1040  * .ARM.Collect$$$$00000000  mc_w.l(entry.o)
    0x080000ec   0x00000004   Code   RO         1097    .ARM.Collect$$$$00000001  mc_w.l(entry2.o)
    0x080000f0   0x00000004   Code   RO         1100    .ARM.Collect$$$$00000004  mc_w.l(entry5.o)
    0x080000f4   0x00000000   Code   RO         1102    .ARM.Collect$$$$00000008  mc_w.l(entry7b.o)
    0x080000f4   0x00000000   Code   RO         1104    .ARM.Collect$$$$0000000A  mc_w.l(entry8b.o)
    0x080000f4   0x00000008   Code   RO         1105    .ARM.Collect$$$$0000000B  mc_w.l(entry9a.o)
    0x080000fc   0x00000000   Code   RO         1107    .ARM.Collect$$$$0000000D  mc_w.l(entry10a.o)
    0x080000fc   0x00000000   Code   RO         1109    .ARM.Collect$$$$0000000F  mc_w.l(entry11a.o)
    0x080000fc   0x00000004   Code   RO         1098    .ARM.Collect$$$$00002712  mc_w.l(entry2.o)
    0x08000100   0x000001dc   Code   RO            1    .text               system_stm32f10x.o
    0x080002dc   0x00000022   Code   RO           82    .text               stm32f10x_it.o
    0x080002fe   0x00000002   PAD
    0x08000300   0x00000038   Code   RO          113    .text               main.o
    0x08000338   0x0000038c   Code   RO          160    .text               adcmanager.o
    0x080006c4   0x000000d0   Code   RO          179    .text               delay.o
    0x08000794   0x00000430   Code   RO          208    .text               extimanager.o
    0x08000bc4   0x00000808   Code   RO          245    .text               inputcatcher.o
    0x080013cc   0x00000160   Code   RO          286    .text               millis.o
    0x0800152c   0x000005a0   Code   RO          340    .text               pwmmanager.o
    0x08001acc   0x000000a4   Code   RO          367    .text               usart.o
    0x08001b70   0x0000017c   Code   RO          389    .text               usart2.o
    0x08001cec   0x000001e0   Code   RO          401    .text               usart2bufreceiever.o
    0x08001ecc   0x000001e0   Code   RO          420    .text               usartbufreceiever.o
    0x080020ac   0x000001fc   Code   RO          443    .text               thb7128.o
    0x080022a8   0x000007d0   Code   RO          481    .text               protocol.o
    0x08002a78   0x00000170   Code   RO          527    .text               doevery.o
    0x08002be8   0x0000009c   Code   RO          563    .text               servomanager.o
    0x08002c84   0x00000024   Code   RO          592    .text               startup_stm32f10x_md.o
    0x08002ca8   0x000000dc   Code   RO          596    .text               misc.o
    0x08002d84   0x0000044e   Code   RO          608    .text               stm32f10x_adc.o
    0x080031d2   0x00000002   PAD
    0x080031d4   0x00000250   Code   RO          701    .text               stm32f10x_dma.o
    0x08003424   0x0000011c   Code   RO          713    .text               stm32f10x_exti.o
    0x08003540   0x00000358   Code   RO          749    .text               stm32f10x_gpio.o
    0x08003898   0x000000cc   Code   RO          791    .text               stm32f10x_pwr.o
    0x08003964   0x000003a4   Code   RO          803    .text               stm32f10x_rcc.o
    0x08003d08   0x00000144   Code   RO          817    .text               stm32f10x_rtc.o
    0x08003e4c   0x00000e1a   Code   RO          856    .text               stm32f10x_tim.o
    0x08004c66   0x00000002   PAD
    0x08004c68   0x00000408   Code   RO          868    .text               stm32f10x_usart.o
    0x08005070   0x00000030   Code   RO         1073    .text               mc_w.l(vsscanf.o)
    0x080050a0   0x0000014e   Code   RO         1077    .text               mf_w.l(dadd.o)
    0x080051ee   0x000000e4   Code   RO         1079    .text               mf_w.l(dmul.o)
    0x080052d2   0x000000de   Code   RO         1081    .text               mf_w.l(ddiv.o)
    0x080053b0   0x0000001a   Code   RO         1085    .text               mf_w.l(dfltui.o)
    0x080053ca   0x00000032   Code   RO         1087    .text               mf_w.l(dfixui.o)
    0x080053fc   0x00000026   Code   RO         1089    .text               mf_w.l(f2d.o)
    0x08005422   0x00000002   PAD
    0x08005424   0x00000028   Code   RO         1091    .text               mf_w.l(cdcmple.o)
    0x0800544c   0x00000028   Code   RO         1093    .text               mf_w.l(cdrcmple.o)
    0x08005474   0x00000038   Code   RO         1095    .text               mf_w.l(d2f.o)
    0x080054ac   0x0000002c   Code   RO         1111    .text               mc_w.l(uidiv.o)
    0x080054d8   0x00000062   Code   RO         1113    .text               mc_w.l(uldiv.o)
    0x0800553a   0x0000001e   Code   RO         1115    .text               mc_w.l(llshl.o)
    0x08005558   0x00000020   Code   RO         1117    .text               mc_w.l(llushr.o)
    0x08005578   0x00000024   Code   RO         1119    .text               mc_w.l(llsshr.o)
    0x0800559c   0x00000156   Code   RO         1121    .text               mc_w.l(_scanf_longlong.o)
    0x080056f2   0x00000150   Code   RO         1123    .text               mc_w.l(_scanf_int.o)
    0x08005842   0x000000da   Code   RO         1125    .text               mc_w.l(_scanf_str.o)
    0x0800591c   0x0000033c   Code   RO         1127    .text               mc_w.l(scanf_fp.o)
    0x08005c58   0x00000028   Code   RO         1131    .text               mc_w.l(scanf_char.o)
    0x08005c80   0x00000040   Code   RO         1133    .text               mc_w.l(_sgetc.o)
    0x08005cc0   0x00000000   Code   RO         1135    .text               mc_w.l(iusefp.o)
    0x08005cc0   0x0000006c   Code   RO         1136    .text               mf_w.l(fepilogue.o)
    0x08005d2c   0x000000be   Code   RO         1138    .text               mf_w.l(depilogue.o)
    0x08005dea   0x00000030   Code   RO         1140    .text               mf_w.l(dfixul.o)
    0x08005e1a   0x00000002   PAD
    0x08005e1c   0x00000024   Code   RO         1142    .text               mc_w.l(init.o)
    0x08005e40   0x0000000a   Code   RO         1144    .text               mc_w.l(isspace_c.o)
    0x08005e4a   0x0000001c   Code   RO         1146    .text               mc_w.l(_chval.o)
    0x08005e66   0x00000002   PAD
    0x08005e68   0x0000032c   Code   RO         1148    .text               mc_w.l(_scanf.o)
    0x08006194   0x00000018   Code   RO         1150    .text               mf_w.l(dfltul.o)
    0x080061ac   0x00000028   Code   RO         1152    .text               mc_w.l(ctype_c.o)
    0x080061d4   0x00000024   Code   RO         1051    i.__0vsnprintf      mc_w.l(printfa.o)
    0x080061f8   0x0000000e   Code   RO         1157    i.__scatterload_copy  mc_w.l(handlers.o)
    0x08006206   0x00000002   Code   RO         1158    i.__scatterload_null  mc_w.l(handlers.o)
    0x08006208   0x0000000e   Code   RO         1159    i.__scatterload_zeroinit  mc_w.l(handlers.o)
    0x08006216   0x00000002   PAD
    0x08006218   0x0000015c   Code   RO         1053    i._fp_digits        mc_w.l(printfa.o)
    0x08006374   0x0000000e   Code   RO         1129    i._is_digit         mc_w.l(scanf_fp.o)
    0x08006382   0x00000002   PAD
    0x08006384   0x000006f0   Code   RO         1054    i._printf_core      mc_w.l(printfa.o)
    0x08006a74   0x00000026   Code   RO         1055    i._printf_post_padding  mc_w.l(printfa.o)
    0x08006a9a   0x00000030   Code   RO         1056    i._printf_pre_padding  mc_w.l(printfa.o)
    0x08006aca   0x00000016   Code   RO         1057    i._snputc           mc_w.l(printfa.o)
    0x08006ae0   0x00000040   Data   RO         1153    .constdata          mc_w.l(ctype_c.o)
    0x08006b20   0x00000020   Data   RO         1155    Region$$Table       anon$$obj.o


    Execution Region RW_IRAM1 (Base: 0x20000000, Size: 0x000007f8, Max: 0x00010000, ABSOLUTE)

    Base Addr    Size         Type   Attr      Idx    E Section Name        Object

    0x20000000   0x00000014   Data   RW            2    .data               system_stm32f10x.o
    0x20000014   0x00000008   Data   RW          114    .data               main.o
    0x2000001c   0x00000004   Data   RW          162    .data               adcmanager.o
    0x20000020   0x00000004   Data   RW          180    .data               delay.o
    0x20000024   0x00000004   Data   RW          210    .data               extimanager.o
    0x20000028   0x0000000c   Data   RW          247    .data               inputcatcher.o
    0x20000034   0x00000004   Data   RW          287    .data               millis.o
    0x20000038   0x00000004   Data   RW          341    .data               pwmmanager.o
    0x2000003c   0x00000010   Data   RW          403    .data               usart2bufreceiever.o
    0x2000004c   0x00000010   Data   RW          422    .data               usartbufreceiever.o
    0x2000005c   0x00000008   Data   RW          444    .data               thb7128.o
    0x20000064   0x00000003   Data   RW          483    .data               protocol.o
    0x20000067   0x00000001   PAD
    0x20000068   0x00000008   Data   RW          528    .data               doevery.o
    0x20000070   0x00000001   Data   RW          565    .data               servomanager.o
    0x20000071   0x00000014   Data   RW          804    .data               stm32f10x_rcc.o
    0x20000085   0x00000003   PAD
    0x20000088   0x00000022   Zero   RW          161    .bss                adcmanager.o
    0x200000aa   0x00000002   PAD
    0x200000ac   0x00000040   Zero   RW          209    .bss                extimanager.o
    0x200000ec   0x00000100   Zero   RW          246    .bss                inputcatcher.o
    0x200001ec   0x00000032   Zero   RW          402    .bss                usart2bufreceiever.o
    0x2000021e   0x00000032   Zero   RW          421    .bss                usartbufreceiever.o
    0x20000250   0x00000098   Zero   RW          482    .bss                protocol.o
    0x200002e8   0x00000110   Zero   RW          564    .bss                servomanager.o
    0x200003f8   0x00000400   Zero   RW          589    STACK               startup_stm32f10x_md.o


==============================================================================

Image component sizes


      Code (inc. data)   RO Data    RW Data    ZI Data      Debug   Object Name

       908         60          0          4         34       3764   adcmanager.o
         0          0          0          0          0         32   core_cm3.o
       208         18          0          4          0        911   delay.o
       368         20          0          8          0       2888   doevery.o
      1072         20          0          4         64       5162   extimanager.o
      2056         80          0         12        256       8520   inputcatcher.o
         0          0          0          0          0        520   jlx12864g.o
        56         10          0          8          0     217606   main.o
       352          8          0          4          0       1752   millis.o
       220         20          0          0          0       1637   misc.o
      2000         50          0          3        152       2239   protocol.o
      1440         52          0          4          0       4498   pwmmanager.o
       156         34          0          1        272       1339   servomanager.o
        36          8        236          0       1024        736   startup_stm32f10x_md.o
      1102         26          0          0          0      10669   stm32f10x_adc.o
       592          8          0          0          0       4166   stm32f10x_dma.o
       284         10          0          0          0       2067   stm32f10x_exti.o
       856         40          0          0          0       5481   stm32f10x_gpio.o
        34          0          0          0          0       1312   stm32f10x_it.o
       204         16          0          0          0       1843   stm32f10x_pwr.o
       932         44          0         20          0       8588   stm32f10x_rcc.o
       324          4          0          0          0       2594   stm32f10x_rtc.o
      3610         88          0          0          0      21964   stm32f10x_tim.o
      1032         22          0          0          0       8208   stm32f10x_usart.o
       476         36          0         20          0      58767   system_stm32f10x.o
       508         18          0          8          0       3359   thb7128.o
       164          8          0          0          0       2719   usart.o
       380         10          0          0          0       2253   usart2.o
       480         28          0         16         50       4005   usart2bufreceiever.o
       480         28          0         16         50       3940   usartbufreceiever.o

    ----------------------------------------------------------------------
     20336        766        268        136       1904     393539   Object Totals
         0          0         32          0          0          0   (incl. Generated)
         6          0          0          4          2          0   (incl. Padding)

    ----------------------------------------------------------------------

      Code (inc. data)   RO Data    RW Data    ZI Data      Debug   Library Member Name

        28          0          0          0          0         68   _chval.o
       812          6          0          0          0        112   _scanf.o
       336          0          0          0          0         96   _scanf_int.o
       342          0          0          0          0        100   _scanf_longlong.o
       218          0          0          0          0         96   _scanf_str.o
        64          0          0          0          0         84   _sgetc.o
        40          6         64          0          0         68   ctype_c.o
         0          0          0          0          0          0   entry.o
         0          0          0          0          0          0   entry10a.o
         0          0          0          0          0          0   entry11a.o
         8          4          0          0          0          0   entry2.o
         4          0          0          0          0          0   entry5.o
         0          0          0          0          0          0   entry7b.o
         0          0          0          0          0          0   entry8b.o
         8          4          0          0          0          0   entry9a.o
        30          0          0          0          0          0   handlers.o
        36          8          0          0          0         68   init.o
        10          0          0          0          0         68   isspace_c.o
         0          0          0          0          0          0   iusefp.o
        30          0          0          0          0         68   llshl.o
        36          0          0          0          0         68   llsshr.o
        32          0          0          0          0         68   llushr.o
      2268         84          0          0          0        508   printfa.o
        40          8          0          0          0         84   scanf_char.o
       842         12          0          0          0        216   scanf_fp.o
        44          0          0          0          0         80   uidiv.o
        98          0          0          0          0         92   uldiv.o
        48          8          0          0          0         80   vsscanf.o
        40          2          0          0          0         68   cdcmple.o
        40          2          0          0          0         68   cdrcmple.o
        56          0          0          0          0         88   d2f.o
       334          0          0          0          0        148   dadd.o
       222          0          0          0          0        100   ddiv.o
       190          0          0          0          0        176   depilogue.o
        50          0          0          0          0         76   dfixui.o
        48          0          0          0          0         68   dfixul.o
        26          0          0          0          0         76   dfltui.o
        24          0          0          0          0         76   dfltul.o
       228          0          0          0          0         96   dmul.o
        38          0          0          0          0         68   f2d.o
       108          0          0          0          0        168   fepilogue.o

    ----------------------------------------------------------------------
      6788        144         64          0          0       3300   Library Totals
        10          0          0          0          0          0   (incl. Padding)

    ----------------------------------------------------------------------

      Code (inc. data)   RO Data    RW Data    ZI Data      Debug   Library Name

      5374        140         64          0          0       2024   mc_w.l
      1404          4          0          0          0       1276   mf_w.l

    ----------------------------------------------------------------------
      6788        144         64          0          0       3300   Library Totals

    ----------------------------------------------------------------------

==============================================================================


      Code (inc. data)   RO Data    RW Data    ZI Data      Debug   

     27124        910        332        136       1904     391587   Grand Totals
     27124        910        332        136       1904     391587   ELF Image Totals
     27124        910        332        136          0          0   ROM Totals

==============================================================================

    Total RO  Size (Code + RO Data)                27456 (  26.81kB)
    Total RW  Size (RW Data + ZI Data)              2040 (   1.99kB)
    Total ROM Size (Code + RO Data + RW Data)      27592 (  26.95kB)

==============================================================================

