ARM Linker, 5.03 [Build 76] [MDK-ARM Standard]

==============================================================================

Section Cross References

    system_stm32f10x.o(.text) refers to system_stm32f10x.o(.data) for SystemCoreClock
    main.o(.text) refers to memcpya.o(.text) for __aeabi_memcpy4
    main.o(.text) refers to 24l01.o(.text) for NRF24L01_Init
    main.o(.text) refers to main.o(.constdata) for .constdata
    adcmanager.o(.text) refers to stm32f10x_adc.o(.text) for ADC_SoftwareStartConvCmd
    adcmanager.o(.text) refers to stm32f10x_rcc.o(.text) for RCC_AHBPeriphClockCmd
    adcmanager.o(.text) refers to stm32f10x_dma.o(.text) for DMA_DeInit
    adcmanager.o(.text) refers to misc.o(.text) for NVIC_Init
    adcmanager.o(.text) refers to stm32f10x_gpio.o(.text) for GPIO_Init
    adcmanager.o(.text) refers to adcmanager.o(.data) for defaultADCManager
    adcmanager.o(.text) refers to adcmanager.o(.bss) for ADC_DEFAULT_DATA
    delay.o(.text) refers to misc.o(.text) for SysTick_CLKSourceConfig
    delay.o(.text) refers to system_stm32f10x.o(.data) for SystemCoreClock
    delay.o(.text) refers to delay.o(.data) for fac_us
    ds18b20.o(.text) refers to delay.o(.text) for delay_us
    ds18b20.o(.text) refers to stm32f10x_rcc.o(.text) for RCC_APB2PeriphClockCmd
    ds18b20.o(.text) refers to stm32f10x_gpio.o(.text) for GPIO_Init
    ds18b20.o(.text) refers to dflti.o(.text) for __aeabi_i2d
    ds18b20.o(.text) refers to dmul.o(.text) for __aeabi_dmul
    extimanager.o(.text) refers to stm32f10x_rcc.o(.text) for RCC_APB2PeriphClockCmd
    extimanager.o(.text) refers to stm32f10x_gpio.o(.text) for GPIO_Init
    extimanager.o(.text) refers to stm32f10x_exti.o(.text) for EXTI_Init
    extimanager.o(.text) refers to misc.o(.text) for NVIC_Init
    extimanager.o(.text) refers to extimanager.o(.bss) for _EXTILine
    extimanager.o(.text) refers to extimanager.o(.data) for defaultEXTIManager
    filter.o(.text) refers to dadd.o(.text) for __aeabi_drsub
    filter.o(.text) refers to dmul.o(.text) for __aeabi_dmul
    filter.o(.text) refers to ddiv.o(.text) for __aeabi_ddiv
    filter.o(.text) refers to d2f.o(.text) for __aeabi_d2f
    filter.o(.text) refers to fadd.o(.text) for __aeabi_fsub
    filter.o(.text) refers to f2d.o(.text) for __aeabi_f2d
    filter.o(.text) refers to filter.o(.data) for DefaultComplementaryFilter
    inputcatcher.o(.text) refers to stm32f10x_tim.o(.text) for TIM_OC1PolarityConfig
    inputcatcher.o(.text) refers to stm32f10x_rcc.o(.text) for RCC_APB2PeriphClockCmd
    inputcatcher.o(.text) refers to stm32f10x_gpio.o(.text) for GPIO_Init
    inputcatcher.o(.text) refers to dmul.o(.text) for __aeabi_dmul
    inputcatcher.o(.text) refers to dadd.o(.text) for __aeabi_dsub
    inputcatcher.o(.text) refers to dfixui.o(.text) for __aeabi_d2uiz
    inputcatcher.o(.text) refers to inputcatcher.o(.data) for defaultInputCatchManager
    inputcatcher.o(.text) refers to misc.o(.text) for NVIC_Init
    inputcatcher.o(.text) refers to dfltui.o(.text) for __aeabi_ui2d
    inputcatcher.o(.text) refers to ddiv.o(.text) for __aeabi_ddiv
    inputcatcher.o(.text) refers to cdcmple.o(.text) for __aeabi_cdcmpeq
    inputcatcher.o(.text) refers to inputcatcher.o(.bss) for TIM_CAPTURE_STA_VAL1_VAL2_VAL3
    keyfsm.o(.text) refers to stm32f10x_gpio.o(.text) for GPIO_ReadInputDataBit
    keyfsm.o(.text) refers to millis.o(.text) for millis
    keyfsm.o(.text) refers to stm32f10x_rcc.o(.text) for RCC_APB2PeriphClockCmd
    keyfsm.o(.text) refers to keyfsm.o(.bss) for defaultKeyFSM
    keyfsm.o(.text) refers to keyfsm.o(.data) for defaultKeyFSM_NUM
    millis.o(.text) refers to stm32f10x_rcc.o(.text) for RCC_APB1PeriphClockCmd
    millis.o(.text) refers to stm32f10x_pwr.o(.text) for PWR_BackupAccessCmd
    millis.o(.text) refers to stm32f10x_rtc.o(.text) for RTC_WaitForLastTask
    millis.o(.text) refers to misc.o(.text) for NVIC_Init
    millis.o(.text) refers to millis.o(.data) for defaultDoSomeThing
    jlx12864g.o(.text) refers to delay.o(.text) for delay_init
    jlx12864g.o(.text) refers to stm32f10x_rcc.o(.text) for RCC_APB2PeriphClockCmd
    jlx12864g.o(.text) refers to stm32f10x_gpio.o(.text) for GPIO_Init
    jlx12864g.o(.text) refers to jlx12864g.o(.constdata) for font_s
    jlx12864g.o(.text) refers to memseta.o(.text) for __aeabi_memclr4
    jlx12864g.o(.text) refers to printfa.o(i.__0vsnprintf) for __c89vsnprintf
    newpid.o(.text) refers to cdcmple.o(.text) for __aeabi_cdcmple
    newpid.o(.text) refers to dfltui.o(.text) for __aeabi_ui2d
    newpid.o(.text) refers to ddiv.o(.text) for __aeabi_ddiv
    newpid.o(.text) refers to dmul.o(.text) for __aeabi_dmul
    newpid.o(.text) refers to dadd.o(.text) for __aeabi_dsub
    newpid.o(.text) refers to dflti.o(.text) for __aeabi_i2d
    newpid.o(.text) refers to cdrcmple.o(.text) for __aeabi_cdrcmple
    newpid.o(.text) refers to millis.o(.text) for millis
    newpid.o(.text) refers to newpid.o(.data) for defaultPID
[...]
    Removing startup_stm32f10x_md.o(HEAP), (512 bytes).
    Removing stm32f10x_bkp.o(.text), (196 bytes).
    Removing stm32f10x_can.o(.text), (2540 bytes).
    Removing stm32f10x_cec.o(.text), (288 bytes).
    Removing stm32f10x_crc.o(.text), (72 bytes).
    Removing stm32f10x_dac.o(.text), (396 bytes).
    Removing stm32f10x_dbgmcu.o(.text), (48 bytes).
    Removing stm32f10x_flash.o(.text), (1468 bytes).
    Removing stm32f10x_fsmc.o(.text), (1560 bytes).
    Removing stm32f10x_i2c.o(.text), (1028 bytes).
    Removing stm32f10x_iwdg.o(.text), (64 bytes).
    Removing stm32f10x_sdio.o(.text), (472 bytes).
    Removing stm32f10x_wwdg.o(.text), (136 bytes).
    Removing diskio.o(.text), (340 bytes).
    Removing ff.o(.text), (12278 bytes).
    Removing ff.o(.bss), (512 bytes).
    Removing ff.o(.constdata), (186 bytes).
    Removing ff.o(.data), (11 bytes).
    Removing mmc_sd.o(.text), (1380 bytes).
    Removing mmc_sd.o(.data), (1 bytes).
    Removing ccsbcs.o(.text), (128 bytes).
    Removing ccsbcs.o(.constdata), (1216 bytes).
    Removing easyfatfs.o(.text), (74 bytes).
    Removing mpu6050.o(.text), (704 bytes).
    Removing iic_analog.o(.text), (1012 bytes).
    Removing usmart.o(.text), (2672 bytes).
    Removing usmart.o(.bss), (200 bytes).
    Removing usmart.o(.conststring), (23 bytes).
    Removing usmart.o(.data), (28 bytes).
    Removing usmart_config.o(.conststring), (104 bytes).
    Removing usmart_config.o(.data), (268 bytes).
    Removing usmart_str.o(.text), (1296 bytes).
    Removing fadd.o(.text), (176 bytes).
    Removing fmul.o(.text), (108 bytes).
    Removing dflti.o(.text), (34 bytes).
    Removing f2d.o(.text), (38 bytes).

73 unused section(s) (total 49117 bytes) removed from the image.

==============================================================================

Image Symbol Table

    Local Symbols

    Symbol Name                              Value     Ov Type        Size  Object(Section)

    ../clib/microlib/ctype/ctype.c           0x00000000   Number         0  isspace_c.o ABSOLUTE
    ../clib/microlib/ctype/ctype.c           0x00000000   Number         0  ctype_c.o ABSOLUTE
    ../clib/microlib/division.c              0x00000000   Number         0  uidiv.o ABSOLUTE
    ../clib/microlib/division.c              0x00000000   Number         0  uldiv.o ABSOLUTE
    ../clib/microlib/init/entry.s            0x00000000   Number         0  entry10b.o ABSOLUTE
    ../clib/microlib/init/entry.s            0x00000000   Number         0  entry9a.o ABSOLUTE
    ../clib/microlib/init/entry.s            0x00000000   Number         0  entry11a.o ABSOLUTE
    ../clib/microlib/init/entry.s            0x00000000   Number         0  entry8a.o ABSOLUTE
    ../clib/microlib/init/entry.s            0x00000000   Number         0  entry7b.o ABSOLUTE
    ../clib/microlib/init/entry.s            0x00000000   Number         0  entry7a.o ABSOLUTE
    ../clib/microlib/init/entry.s            0x00000000   Number         0  entry5.o ABSOLUTE
    ../clib/microlib/init/entry.s            0x00000000   Number         0  entry2.o ABSOLUTE
    ../clib/microlib/init/entry.s            0x00000000   Number         0  entry10a.o ABSOLUTE
    ../clib/microlib/init/entry.s            0x00000000   Number         0  entry8b.o ABSOLUTE
    ../clib/microlib/init/entry.s            0x00000000   Number         0  entry9b.o ABSOLUTE
    ../clib/microlib/init/entry.s            0x00000000   Number         0  entry.o ABSOLUTE
    ../clib/microlib/init/entry.s            0x00000000   Number         0  entry11b.o ABSOLUTE
    ../clib/microlib/longlong.c              0x00000000   Number         0  llshl.o ABSOLUTE
    ../clib/microlib/longlong.c              0x00000000   Number         0  llsshr.o ABSOLUTE
    ../clib/microlib/longlong.c              0x00000000   Number         0  llushr.o ABSOLUTE
    ../clib/microlib/printf/printf.c         0x00000000   Number         0  printfa.o ABSOLUTE
    ../clib/microlib/string/memcpy.c         0x00000000   Number         0  memcpya.o ABSOLUTE
    ../clib/microlib/string/memcpy.c         0x00000000   Number         0  memcpyb.o ABSOLUTE
    ../clib/microlib/string/memset.c         0x00000000   Number         0  memseta.o ABSOLUTE
    ../clib/microlib/stubs.s                 0x00000000   Number         0  iusefp.o ABSOLUTE
    ../clib/microlib/stubs.s                 0x00000000   Number         0  useno.o ABSOLUTE
    ../clib/scanf.c                          0x00000000   Number         0  _scanf_longlong.o ABSOLUTE
    ../clib/scanf.c                          0x00000000   Number         0  _scanf_int.o ABSOLUTE
    ../clib/scanf.c                          0x00000000   Number         0  _scanf_str.o ABSOLUTE
    ../clib/scanf.c                          0x00000000   Number         0  scanf_fp.o ABSOLUTE
    ../clib/scanf.c                          0x00000000   Number         0  _sgetc.o ABSOLUTE
    ../clib/scanf.c                          0x00000000   Number         0  _chval.o ABSOLUTE
    ../clib/scanf.c                          0x00000000   Number         0  scanf_char.o ABSOLUTE
    ../clib/scanf.c                          0x00000000   Number         0  vsscanf.o ABSOLUTE
    ../clib/scanf.c                          0x00000000   Number         0  _scanf.o ABSOLUTE
    ../fplib/microlib/d2f.c                  0x00000000   Number         0  d2f.o ABSOLUTE
    ../fplib/microlib/f2d.c                  0x00000000   Number         0  f2d.o ABSOLUTE
    ../fplib/microlib/fpadd.c                0x00000000   Number         0  fadd.o ABSOLUTE
    ../fplib/microlib/fpadd.c                0x00000000   Number         0  dadd.o ABSOLUTE
    ../fplib/microlib/fpdiv.c                0x00000000   Number         0  ddiv.o ABSOLUTE
    ../fplib/microlib/fpepilogue.c           0x00000000   Number         0  depilogue.o ABSOLUTE
    ../fplib/microlib/fpepilogue.c           0x00000000   Number         0  fepilogue.o ABSOLUTE
    ../fplib/microlib/fpfix.c                0x00000000   Number         0  dfixui.o ABSOLUTE
    ../fplib/microlib/fpfix.c                0x00000000   Number         0  dfixul.o ABSOLUTE
    ../fplib/microlib/fpflt.c                0x00000000   Number         0  dflti.o ABSOLUTE
    ../fplib/microlib/fpflt.c                0x00000000   Number         0  dfltul.o ABSOLUTE
    ../fplib/microlib/fpflt.c                0x00000000   Number         0  dfltui.o ABSOLUTE
    ../fplib/microlib/fpmul.c                0x00000000   Number         0  fmul.o ABSOLUTE
    ../fplib/microlib/fpmul.c                0x00000000   Number         0  dmul.o ABSOLUTE
    ..\CORE\core_cm3.c                       0x00000000   Number         0  core_cm3.o ABSOLUTE
    ..\CORE\startup_stm32f10x_md.s           0x00000000   Number         0  startup_stm32f10x_md.o ABSOLUTE
    ..\FATFS\SD\MMC_SD.C                     0x00000000   Number         0  mmc_sd.o ABSOLUTE
    ..\FATFS\SPI\spi.c                       0x00000000   Number         0  spi.o ABSOLUTE
    ..\FATFS\src\diskio.c                    0x00000000   Number         0  diskio.o ABSOLUTE
    ..\FATFS\src\easyFATFS.c                 0x00000000   Number         0  easyfatfs.o ABSOLUTE
    ..\FATFS\src\ff.c                        0x00000000   Number         0  ff.o ABSOLUTE
    ..\FATFS\src\option\ccsbcs.c             0x00000000   Number         0  ccsbcs.o ABSOLUTE
    ..\LIB\src\misc.c                        0x00000000   Number         0  misc.o ABSOLUTE
    ..\LIB\src\stm32f10x_adc.c               0x00000000   Number         0  stm32f10x_adc.o ABSOLUTE
    ..\LIB\src\stm32f10x_bkp.c               0x00000000   Number         0  stm32f10x_bkp.o ABSOLUTE
    ..\LIB\src\stm32f10x_can.c               0x00000000   Number         0  stm32f10x_can.o ABSOLUTE
    ..\LIB\src\stm32f10x_cec.c               0x00000000   Number         0  stm32f10x_cec.o ABSOLUTE
    ..\LIB\src\stm32f10x_crc.c               0x00000000   Number         0  stm32f10x_crc.o ABSOLUTE
    ..\LIB\src\stm32f10x_dac.c               0x00000000   Number         0  stm32f10x_dac.o ABSOLUTE
    ..\LIB\src\stm32f10x_dbgmcu.c            0x00000000   Number         0  stm32f10x_dbgmcu.o ABSOLUTE
    ..\LIB\src\stm32f10x_dma.c               0x00000000   Number         0  stm32f10x_dma.o ABSOLUTE
    ..\LIB\src\stm32f10x_exti.c              0x00000000   Number         0  stm32f10x_exti.o ABSOLUTE
    ..\LIB\src\stm32f10x_flash.c             0x00000000   Number         0  stm32f10x_flash.o ABSOLUTE
    ..\LIB\src\stm32f10x_fsmc.c              0x00000000   Number         0  stm32f10x_fsmc.o ABSOLUTE
    ..\LIB\src\stm32f10x_gpio.c              0x00000000   Number         0  stm32f10x_gpio.o ABSOLUTE
    ..\LIB\src\stm32f10x_i2c.c               0x00000000   Number         0  stm32f10x_i2c.o ABSOLUTE
    ..\LIB\src\stm32f10x_iwdg.c              0x00000000   Number         0  stm32f10x_iwdg.o ABSOLUTE
    ..\LIB\src\stm32f10x_pwr.c               0x00000000   Number         0  stm32f10x_pwr.o ABSOLUTE
    ..\LIB\src\stm32f10x_rcc.c               0x00000000   Number         0  stm32f10x_rcc.o ABSOLUTE
    ..\LIB\src\stm32f10x_rtc.c               0x00000000   Number         0  stm32f10x_rtc.o ABSOLUTE
    ..\LIB\src\stm32f10x_sdio.c              0x00000000   Number         0  stm32f10x_sdio.o ABSOLUTE
    ..\LIB\src\stm32f10x_spi.c               0x00000000   Number         0  stm32f10x_spi.o ABSOLUTE
    ..\LIB\src\stm32f10x_tim.c               0x00000000   Number         0  stm32f10x_tim.o ABSOLUTE
    ..\LIB\src\stm32f10x_usart.c             0x00000000   Number         0  stm32f10x_usart.o ABSOLUTE
    ..\LIB\src\stm32f10x_wwdg.c              0x00000000   Number         0  stm32f10x_wwdg.o ABSOLUTE
    ..\UTILS\24CXX\24cxx.c                   0x00000000   Number         0  24cxx.o ABSOLUTE
    ..\UTILS\ADCManager\ADCManager.c         0x00000000   Number         0  adcmanager.o ABSOLUTE
    ..\UTILS\DACManager\DACManager.c         0x00000000   Number         0  dacmanager.o ABSOLUTE
    ..\UTILS\DS18B20\ds18b20.c               0x00000000   Number         0  ds18b20.o ABSOLUTE
    ..\UTILS\EXTIManager\EXTIManager.c       0x00000000   Number         0  extimanager.o ABSOLUTE
    ..\UTILS\Filter\filter.c                 0x00000000   Number         0  filter.o ABSOLUTE
    ..\UTILS\HX711\HX711.c                   0x00000000   Number         0  hx711.o ABSOLUTE
    ..\UTILS\IRremote\IRremote.c             0x00000000   Number         0  irremote.o ABSOLUTE
    ..\UTILS\InputCatcher\InputCatcher.c     0x00000000   Number         0  inputcatcher.o ABSOLUTE
    ..\UTILS\KeyFSM\KeyFSM.c                 0x00000000   Number         0  keyfsm.o ABSOLUTE
    ..\UTILS\NRF24L01\24l01.c                0x00000000   Number         0  24l01.o ABSOLUTE
    ..\UTILS\OLED\JLX12864G.c                0x00000000   Number         0  jlx12864g.o ABSOLUTE
    ..\UTILS\PID\newPID.c                    0x00000000   Number         0  newpid.o ABSOLUTE
    ..\UTILS\PWMManager\PWMManager.c         0x00000000   Number         0  pwmmanager.o ABSOLUTE
    ..\UTILS\Protocol\Protocol.c             0x00000000   Number         0  protocol.o ABSOLUTE
    ..\UTILS\RTC\rtc.c                       0x00000000   Number         0  rtc.o ABSOLUTE
    ..\UTILS\ServoManager\ServoManager.c     0x00000000   Number         0  servomanager.o ABSOLUTE
    ..\UTILS\SuperTask\SuperTask.c           0x00000000   Number         0  supertask.o ABSOLUTE
    ..\UTILS\THB7128\THB7128.c               0x00000000   Number         0  thb7128.o ABSOLUTE
    ..\UTILS\USART2BufReceiever\USART2BufReceiever.c 0x00000000   Number         0  usart2bufreceiever.o ABSOLUTE
    ..\UTILS\USARTBufReceiever\USARTBufReceiever.c 0x00000000   Number         0  usartbufreceiever.o ABSOLUTE
    ..\UTILS\USMART\usmart.c                 0x00000000   Number         0  usmart.o ABSOLUTE
    ..\UTILS\USMART\usmart_config.c          0x00000000   Number         0  usmart_config.o ABSOLUTE
    ..\UTILS\USMART\usmart_str.c             0x00000000   Number         0  usmart_str.o ABSOLUTE
    ..\UTILS\delay\delay.c                   0x00000000   Number         0  delay.o ABSOLUTE
    ..\UTILS\doEvery\doEvery.c               0x00000000   Number         0  doevery.o ABSOLUTE
    ..\UTILS\millis\millis.c                 0x00000000   Number         0  millis.o ABSOLUTE
    ..\UTILS\sys\sys.c                       0x00000000   Number         0  sys.o ABSOLUTE
    ..\UTILS\usart2\usart2.c                 0x00000000   Number         0  usart2.o ABSOLUTE
    ..\UTILS\usart\usart.c                   0x00000000   Number         0  usart.o ABSOLUTE
    ..\\CORE\\core_cm3.c                     0x00000000   Number         0  core_cm3.o ABSOLUTE
    ..\\UTILS\\SuperTask\\SuperTask.c        0x00000000   Number         0  supertask.o ABSOLUTE
    ..\mpu6050\I2C_analog\iic_analog.c       0x00000000   Number         0  iic_analog.o ABSOLUTE
    ..\mpu6050\mpu600\MPU6050.c              0x00000000   Number         0  mpu6050.o ABSOLUTE
    ..\probe\interrupt.c                     0x00000000   Number         0  interrupt.o ABSOLUTE
    cdcmple.s                                0x00000000   Number         0  cdcmple.o ABSOLUTE
    cdrcmple.s                               0x00000000   Number         0  cdrcmple.o ABSOLUTE
    dc.s                                     0x00000000   Number         0  dc.o ABSOLUTE
    handlers.s                               0x00000000   Number         0  handlers.o ABSOLUTE
    init.s                                   0x00000000   Number         0  init.o ABSOLUTE
    main.c                                   0x00000000   Number         0  main.o ABSOLUTE
    stm32f10x_it.c                           0x00000000   Number         0  stm32f10x_it.o ABSOLUTE
    system_stm32f10x.c                       0x00000000   Number         0  system_stm32f10x.o ABSOLUTE
    RESET                                    0x08000000   Section      236  startup_stm32f10x_md.o(RESET)
    .ARM.Collect$$$$00000000                 0x080000ec   Section        0  entry.o(.ARM.Collect$$$$00000000)
    .ARM.Collect$$$$00000001                 0x080000ec   Section        4  entry2.o(.ARM.Collect$$$$00000001)
    .ARM.Collect$$$$00000004                 0x080000f0   Section        4  entry5.o(.ARM.Collect$$$$00000004)
    .ARM.Collect$$$$00000008                 0x080000f4   Section        0  entry7b.o(.ARM.Collect$$$$00000008)
    .ARM.Collect$$$$0000000A                 0x080000f4   Section        0  entry8b.o(.ARM.Collect$$$$0000000A)
    .ARM.Collect$$$$0000000B                 0x080000f4   Section        8  entry9a.o(.ARM.Collect$$$$0000000B)
    .ARM.Collect$$$$0000000D                 0x080000fc   Section        0  entry10a.o(.ARM.Collect$$$$0000000D)
    .ARM.Collect$$$$0000000F                 0x080000fc   Section        0  entry11a.o(.ARM.Collect$$$$0000000F)
    .ARM.Collect$$$$00002712                 0x080000fc   Section        4  entry2.o(.ARM.Collect$$$$00002712)
    __lit__00000000                          0x080000fc   Data           4  entry2.o(.ARM.Collect$$$$00002712)
    .emb_text                                0x08000100   Section       18  supertask.o(.emb_text)
    .text                                    0x08000114   Section        0  system_stm32f10x.o(.text)
    SetSysClockTo72                          0x08000115   Thumb Code   212  system_stm32f10x.o(.text)
    SetSysClock                              0x080001e9   Thumb Code     8  system_stm32f10x.o(.text)
    .text                                    0x080002f0   Section        0  stm32f10x_it.o(.text)
    .text                                    0x08000308   Section        0  main.o(.text)
    .text                                    0x08000334   Section        0  adcmanager.o(.text)
    .text                                    0x080006c0   Section        0  extimanager.o(.text)
    .text                                    0x08000af0   Section        0  inputcatcher.o(.text)
    .text                                    0x080013b8   Section        0  millis.o(.text)
    .text                                    0x08001518   Section        0  usart.o(.text)
    .text                                    0x080015bc   Section        0  usart2.o(.text)
    .text                                    0x08001738   Section        0  usart2bufreceiever.o(.text)
    .text                                    0x08001918   Section        0  usartbufreceiever.o(.text)
    .text                                    0x08001af8   Section        0  thb7128.o(.text)
    .text                                    0x08001cf4   Section        0  24l01.o(.text)
    .text                                    0x08002000   Section        0  supertask.o(.text)
    .text                                    0x0800204c   Section       36  startup_stm32f10x_md.o(.text)
    .text                                    0x08002070   Section        0  misc.o(.text)
    .text                                    0x0800214c   Section        0  stm32f10x_adc.o(.text)
    .text                                    0x0800259c   Section        0  stm32f10x_dma.o(.text)
    .text                                    0x080027ec   Section        0  stm32f10x_exti.o(.text)
    .text                                    0x08002908   Section        0  stm32f10x_gpio.o(.text)
    .text                                    0x08002c60   Section        0  stm32f10x_pwr.o(.text)
    .text                                    0x08002d2c   Section        0  stm32f10x_rcc.o(.text)
    .text                                    0x080030d0   Section        0  stm32f10x_rtc.o(.text)
    .text                                    0x08003214   Section        0  stm32f10x_spi.o(.text)
    .text                                    0x08003520   Section        0  stm32f10x_tim.o(.text)
    TI4_Config                               0x080039c7   Thumb Code   130  stm32f10x_tim.o(.text)
    TI3_Config                               0x08003a5b   Thumb Code   122  stm32f10x_tim.o(.text)
    TI2_Config                               0x08003aef   Thumb Code   130  stm32f10x_tim.o(.text)
    TI1_Config                               0x08003b83   Thumb Code   108  stm32f10x_tim.o(.text)
    .text                                    0x0800433c   Section        0  stm32f10x_usart.o(.text)
    .text                                    0x08004744   Section        0  spi.o(.text)
    .text                                    0x0800484c   Section        0  memcpya.o(.text)
    .text                                    0x08004870   Section        0  vsscanf.o(.text)
    .text                                    0x080048a0   Section        0  dadd.o(.text)
    .text                                    0x080049ee   Section        0  dmul.o(.text)
    .text                                    0x08004ad2   Section        0  ddiv.o(.text)
    .text                                    0x08004bb0   Section        0  dfltui.o(.text)
    .text                                    0x08004bca   Section        0  dfixui.o(.text)
    .text                                    0x08004bfc   Section       40  cdcmple.o(.text)
    .text                                    0x08004c24   Section       40  cdrcmple.o(.text)
    .text                                    0x08004c4c   Section        0  d2f.o(.text)
    .text                                    0x08004c84   Section        0  uidiv.o(.text)
    .text                                    0x08004cb0   Section        0  uldiv.o(.text)
    .text                                    0x08004d12   Section        0  llshl.o(.text)
    .text                                    0x08004d30   Section        0  llushr.o(.text)
    .text                                    0x08004d50   Section        0  llsshr.o(.text)
    .text                                    0x08004d74   Section        0  _scanf_longlong.o(.text)
    .text                                    0x08004eca   Section        0  _scanf_int.o(.text)
    .text                                    0x0800501a   Section        0  _scanf_str.o(.text)
    .text                                    0x080050f4   Section        0  scanf_fp.o(.text)
    _fp_value                                0x080050f5   Thumb Code   256  scanf_fp.o(.text)
    .text                                    0x08005430   Section        0  scanf_char.o(.text)
    _scanf_char_input                        0x08005431   Thumb Code    12  scanf_char.o(.text)
    .text                                    0x08005458   Section        0  _sgetc.o(.text)
    .text                                    0x08005498   Section        0  iusefp.o(.text)
    .text                                    0x08005498   Section        0  fepilogue.o(.text)
    .text                                    0x08005504   Section        0  depilogue.o(.text)
    .text                                    0x080055c2   Section        0  dfixul.o(.text)
    .text                                    0x080055f4   Section       36  init.o(.text)
    .text                                    0x08005618   Section        0  isspace_c.o(.text)
    .text                                    0x08005622   Section        0  _chval.o(.text)
    .text                                    0x08005640   Section        0  _scanf.o(.text)
    .text                                    0x0800596c   Section        0  dfltul.o(.text)
    .text                                    0x08005984   Section        0  ctype_c.o(.text)
    i.__0vsnprintf                           0x080059ac   Section        0  printfa.o(i.__0vsnprintf)
    i.__scatterload_copy                     0x080059d0   Section       14  handlers.o(i.__scatterload_copy)
    i.__scatterload_null                     0x080059de   Section        2  handlers.o(i.__scatterload_null)
    i.__scatterload_zeroinit                 0x080059e0   Section       14  handlers.o(i.__scatterload_zeroinit)
    i._fp_digits                             0x080059f0   Section        0  printfa.o(i._fp_digits)
    _fp_digits                               0x080059f1   Thumb Code   326  printfa.o(i._fp_digits)
    i._is_digit                              0x08005b4c   Section        0  scanf_fp.o(i._is_digit)
    i._printf_core                           0x08005b5c   Section        0  printfa.o(i._printf_core)
    _printf_core                             0x08005b5d   Thumb Code  1762  printfa.o(i._printf_core)
    i._printf_post_padding                   0x0800624c   Section        0  printfa.o(i._printf_post_padding)
    _printf_post_padding                     0x0800624d   Thumb Code    38  printfa.o(i._printf_post_padding)
    i._printf_pre_padding                    0x08006272   Section        0  printfa.o(i._printf_pre_padding)
    _printf_pre_padding                      0x08006273   Thumb Code    48  printfa.o(i._printf_pre_padding)
    i._snputc                                0x080062a2   Section        0  printfa.o(i._snputc)
    _snputc                                  0x080062a3   Thumb Code    22  printfa.o(i._snputc)
    .constdata                               0x080062b8   Section       33  main.o(.constdata)
    .constdata                               0x080062d9   Section       10  24l01.o(.constdata)
    .constdata                               0x080062e3   Section       64  ctype_c.o(.constdata)
    .data                                    0x20000000   Section       20  system_stm32f10x.o(.data)
    .data                                    0x20000014   Section        4  adcmanager.o(.data)
    .data                                    0x20000018   Section        4  extimanager.o(.data)
    .data                                    0x2000001c   Section       12  inputcatcher.o(.data)
    .data                                    0x20000028   Section        4  millis.o(.data)
    .data                                    0x2000002c   Section       16  usart2bufreceiever.o(.data)
    .data                                    0x2000003c   Section       16  usartbufreceiever.o(.data)
    .data                                    0x2000004c   Section        8  thb7128.o(.data)
    .data                                    0x20000054   Section       20  stm32f10x_rcc.o(.data)
    APBAHBPrescTable                         0x20000054   Data          16  stm32f10x_rcc.o(.data)
    ADCPrescTable                            0x20000064   Data           4  stm32f10x_rcc.o(.data)
    .bss                                     0x20000068   Section       34  adcmanager.o(.bss)
    .bss                                     0x2000008c   Section       64  extimanager.o(.bss)
    .bss                                     0x200000cc   Section      256  inputcatcher.o(.bss)
    .bss                                     0x200001cc   Section       50  usart2bufreceiever.o(.bss)
    .bss                                     0x200001fe   Section       50  usartbufreceiever.o(.bss)
    STACK                                    0x20000230   Section     1024  startup_stm32f10x_md.o(STACK)

    Global Symbols

    Symbol Name                              Value     Ov Type        Size  Object(Section)

    BuildAttributes$$THM_ISAv4$P$D$K$B$S$PE$A:L22UL41UL21$X:L11$S22US41US21$IEEE1$IW$USESV6$~STKCKD$USESV7$~SHL$OTIME$ROPI$EBA8$MICROLIB$REQ8$PRES8$EABIv2 0x00000000   Number         0  anon$$obj.o ABSOLUTE
    __ARM_use_no_argv                        0x00000000   Number         0  main.o ABSOLUTE
    __use_no_errno                           0x00000000   Number         0  useno.o ABSOLUTE
    __use_no_exception_handling              0x00000000   Number         0  useno.o ABSOLUTE
    __use_no_fp                              0x00000000   Number         0  useno.o ABSOLUTE
    __use_no_heap                            0x00000000   Number         0  useno.o ABSOLUTE
    __use_no_heap_region                     0x00000000   Number         0  useno.o ABSOLUTE
    __use_no_semihosting                     0x00000000   Number         0  useno.o ABSOLUTE
    __use_no_semihosting_swi                 0x00000000   Number         0  useno.o ABSOLUTE
    __use_no_signal_handling                 0x00000000   Number         0  useno.o ABSOLUTE
    __cpp_initialize__aeabi_                  - Undefined Weak Reference
    __cxa_finalize                            - Undefined Weak Reference
    __decompress                              - Undefined Weak Reference
    _clock_init                               - Undefined Weak Reference
    _microlib_exit                            - Undefined Weak Reference
    __Vectors_Size                           0x000000ec   Number         0  startup_stm32f10x_md.o ABSOLUTE
    __Vectors                                0x08000000   Data           4  startup_stm32f10x_md.o(RESET)
    __Vectors_End                            0x080000ec   Data           0  startup_stm32f10x_md.o(RESET)
    __main                                   0x080000ed   Thumb Code     0  entry.o(.ARM.Collect$$$$00000000)
    _main_stk                                0x080000ed   Thumb Code     0  entry2.o(.ARM.Collect$$$$00000001)
    _main_scatterload                        0x080000f1   Thumb Code     0  entry5.o(.ARM.Collect$$$$00000004)
    __main_after_scatterload                 0x080000f5   Thumb Code     0  entry5.o(.ARM.Collect$$$$00000004)
    _main_clock                              0x080000f5   Thumb Code     0  entry7b.o(.ARM.Collect$$$$00000008)
    _main_cpp_init                           0x080000f5   Thumb Code     0  entry8b.o(.ARM.Collect$$$$0000000A)
    _main_init                               0x080000f5   Thumb Code     0  entry9a.o(.ARM.Collect$$$$0000000B)
    __rt_final_cpp                           0x080000fd   Thumb Code     0  entry10a.o(.ARM.Collect$$$$0000000D)
    __rt_final_exit                          0x080000fd   Thumb Code     0  entry11a.o(.ARM.Collect$$$$0000000F)
    SVC_Handler                              0x08000101   Thumb Code    18  supertask.o(.emb_text)
    SystemInit                               0x080001f1   Thumb Code    78  system_stm32f10x.o(.text)
    SystemCoreClockUpdate                    0x0800023f   Thumb Code   142  system_stm32f10x.o(.text)
    NMI_Handler                              0x080002f1   Thumb Code     2  stm32f10x_it.o(.text)
    HardFault_Handler                        0x080002f3   Thumb Code     4  stm32f10x_it.o(.text)
    MemManage_Handler                        0x080002f7   Thumb Code     4  stm32f10x_it.o(.text)
    BusFault_Handler                         0x080002fb   Thumb Code     4  stm32f10x_it.o(.text)
    UsageFault_Handler                       0x080002ff   Thumb Code     4  stm32f10x_it.o(.text)
    DebugMon_Handler                         0x08000303   Thumb Code     2  stm32f10x_it.o(.text)
    PendSV_Handler                           0x08000305   Thumb Code     2  stm32f10x_it.o(.text)
    SysTick_Handler                          0x08000307   Thumb Code     2  stm32f10x_it.o(.text)
    main                                     0x08000309   Thumb Code    40  main.o(.text)
    filterGPIO_ADC                           0x08000335   Thumb Code    94  adcmanager.o(.text)
    filterPin_ADC                            0x08000393   Thumb Code    94  adcmanager.o(.text)
    filterGPIO_RCC_ADC                       0x080003f1   Thumb Code   106  adcmanager.o(.text)
    ADCManager_startTransfer                 0x0800045b   Thumb Code    20  adcmanager.o(.text)
    ADCManager_getData                       0x0800046f   Thumb Code    44  adcmanager.o(.text)
    ADC_DMA_Config                           0x0800049b   Thumb Code   140  adcmanager.o(.text)
    ADCManager_Structure                     0x08000527   Thumb Code   356  adcmanager.o(.text)
    DMA1_Channel1_IRQHandler                 0x0800068b   Thumb Code    26  adcmanager.o(.text)
    setExactLine                             0x080006c1   Thumb Code    26  extimanager.o(.text)
    filterGPIO_PortSourceGPIOC               0x080006db   Thumb Code    84  extimanager.o(.text)
    filterGPIO_Mode                          0x0800072f   Thumb Code    38  extimanager.o(.text)
    filterGPIO_RCC_by_GPIO                   0x08000755   Thumb Code    86  extimanager.o(.text)
    filterTrigger_Type                       0x080007ab   Thumb Code    38  extimanager.o(.text)
    filterPinSource                          0x080007d1   Thumb Code    20  extimanager.o(.text)
    filterEXTI_IRQn                          0x080007e5   Thumb Code    70  extimanager.o(.text)
    EXTIManager_StartListenling              0x0800082b   Thumb Code   274  extimanager.o(.text)
    EXTIManager_Structure                    0x0800093d   Thumb Code    32  extimanager.o(.text)
    EXTI0_IRQHandler                         0x0800095d   Thumb Code    20  extimanager.o(.text)
    EXTI1_IRQHandler                         0x08000971   Thumb Code    20  extimanager.o(.text)
    EXTI2_IRQHandler                         0x08000985   Thumb Code    20  extimanager.o(.text)
    EXTI3_IRQHandler                         0x08000999   Thumb Code    20  extimanager.o(.text)
    EXTI4_IRQHandler                         0x080009ad   Thumb Code    20  extimanager.o(.text)
    EXTI9_5_IRQHandler                       0x080009c1   Thumb Code   126  extimanager.o(.text)
    EXTI15_10_IRQHandler                     0x08000a3f   Thumb Code   178  extimanager.o(.text)
    filterGPIO_Input_RCC_Input               0x08000af1   Thumb Code    14  inputcatcher.o(.text)
    filterGPIO_Input                         0x08000aff   Thumb Code    14  inputcatcher.o(.text)
    filterPin_Input                          0x08000b0d   Thumb Code   106  inputcatcher.o(.text)
    filterTIM_Input                          0x08000b77   Thumb Code    32  inputcatcher.o(.text)
    filterTIM_Input_RCC_Input                0x08000b97   Thumb Code    32  inputcatcher.o(.text)
    filterTIM_Input_IRQn                     0x08000bb7   Thumb Code    30  inputcatcher.o(.text)
    filterTIM_Input_IT_CC                    0x08000bd5   Thumb Code    84  inputcatcher.o(.text)
    filterTIM_InputChannel                   0x08000c29   Thumb Code    84  inputcatcher.o(.text)
    filterPolarity                           0x08000c7d   Thumb Code    38  inputcatcher.o(.text)
    filterInputCatcher                       0x08000ca3   Thumb Code    56  inputcatcher.o(.text)
    TIM_OCxPolarityConfig                    0x08000cdb   Thumb Code   116  inputcatcher.o(.text)
    TIM_getCRRx                              0x08000d4f   Thumb Code    96  inputcatcher.o(.text)
    InputCatchManager_startCatching          0x08000daf   Thumb Code   520  inputcatcher.o(.text)
    InputCatchManager_setDoWhenDone          0x08000fb7   Thumb Code    16  inputcatcher.o(.text)
    InputCatchManager_setDoWhenTimeout       0x08000fc7   Thumb Code    16  inputcatcher.o(.text)
    InputCatchManagerStructure               0x08000fd7   Thumb Code    52  inputcatcher.o(.text)
    InputCatchManager_isCatchingDone         0x0800100b   Thumb Code    16  inputcatcher.o(.text)
    InputCatchManager_getduration            0x0800101b   Thumb Code    18  inputcatcher.o(.text)
    IRQ_HIGH_LOW                             0x0800102d   Thumb Code   622  inputcatcher.o(.text)
    TIM1_CC_IRQHandler                       0x0800129b   Thumb Code    68  inputcatcher.o(.text)
    TIM1_UP_IRQHandler                       0x080012df   Thumb Code    22  inputcatcher.o(.text)
    TIM3_IRQHandler                          0x080012f5   Thumb Code   108  inputcatcher.o(.text)
    TIM4_IRQHandler                          0x08001361   Thumb Code    82  inputcatcher.o(.text)
    MILLIS_Init                              0x080013b9   Thumb Code   180  millis.o(.text)
    doAfter_ms                               0x0800146d   Thumb Code   104  millis.o(.text)
    millis                                   0x080014d5   Thumb Code    18  millis.o(.text)
    RTCAlarm_IRQHandler                      0x080014e7   Thumb Code    10  millis.o(.text)
    RTC_IRQHandler                           0x080014f1   Thumb Code    32  millis.o(.text)
    _sys_exit                                0x08001519   Thumb Code     6  usart.o(.text)
    fputc                                    0x0800151f   Thumb Code    32  usart.o(.text)
    uart_init                                0x0800153f   Thumb Code   118  usart.o(.text)
    uart2_init                               0x080015bd   Thumb Code   120  usart2.o(.text)
    uart2_sendChar                           0x08001635   Thumb Code    28  usart2.o(.text)
    uart2_print                              0x08001651   Thumb Code    26  usart2.o(.text)
    uart2_println                            0x0800166b   Thumb Code    32  usart2.o(.text)
    uart2_printf                             0x0800168b   Thumb Code    64  usart2.o(.text)
    recv_char                                0x080016cb   Thumb Code    26  usart2.o(.text)
    uart2_scanf                              0x080016e5   Thumb Code    74  usart2.o(.text)
    USART2BufReceiever_getByte               0x08001739   Thumb Code    42  usart2bufreceiever.o(.text)
    USART2BufReceiever_getBytes              0x08001763   Thumb Code    76  usart2bufreceiever.o(.text)
    USART2BufReceiever_checkAllRight         0x080017af   Thumb Code    36  usart2bufreceiever.o(.text)
    USART2BufReceiever_getAvaliableNum       0x080017d3   Thumb Code    26  usart2bufreceiever.o(.text)
    USART2BufReceiever_enableReceieve        0x080017ed   Thumb Code   138  usart2bufreceiever.o(.text)
    USART2BufReceiever_getRxNum              0x08001877   Thumb Code    12  usart2bufreceiever.o(.text)
    USART2BufReceiever_Structure             0x08001883   Thumb Code    66  usart2bufreceiever.o(.text)
    uart2_init_BR                            0x080018c5   Thumb Code    24  usart2bufreceiever.o(.text)
    DMA1_Channel6_IRQHandler                 0x080018dd   Thumb Code    32  usart2bufreceiever.o(.text)
    USARTBufReceiever_getByte                0x08001919   Thumb Code    42  usartbufreceiever.o(.text)
    USARTBufReceiever_getBytes               0x08001943   Thumb Code    76  usartbufreceiever.o(.text)
    USARTBufReceiever_checkAllRight          0x0800198f   Thumb Code    36  usartbufreceiever.o(.text)
    USARTBufReceiever_getAvaliableNum        0x080019b3   Thumb Code    26  usartbufreceiever.o(.text)
    USARTBufReceiever_enableReceieve         0x080019cd   Thumb Code   138  usartbufreceiever.o(.text)
    USARTBufReceiever_getRxNum               0x08001a57   Thumb Code    12  usartbufreceiever.o(.text)
    USARTBufReceiever_Structure              0x08001a63   Thumb Code    66  usartbufreceiever.o(.text)
    uart_init_BR                             0x08001aa5   Thumb Code    24  usartbufreceiever.o(.text)
    DMA1_Channel5_IRQHandler                 0x08001abd   Thumb Code    32  usartbufreceiever.o(.text)
    THB7128_GPIO_Init                        0x08001af9   Thumb Code    56  thb7128.o(.text)
    THB7128_TIM_Init                         0x08001b31   Thumb Code   116  thb7128.o(.text)
    THB7128_RCC_Init                         0x08001ba5   Thumb Code    20  thb7128.o(.text)
    THB7128_NVIC_Configuration               0x08001bb9   Thumb Code    32  thb7128.o(.text)
    THB7128_Enable                           0x08001bd9   Thumb Code    12  thb7128.o(.text)
    THB7128_AntiClockWise                    0x08001be5   Thumb Code    12  thb7128.o(.text)
    THB7128_ClockWise                        0x08001bf1   Thumb Code    12  thb7128.o(.text)
    THB7128_Init                             0x08001bfd   Thumb Code    78  thb7128.o(.text)
    THB7128_PWM_Out                          0x08001c4b   Thumb Code    18  thb7128.o(.text)
    THB7128_Disable                          0x08001c5d   Thumb Code    12  thb7128.o(.text)
    THB7128_IsLastDone                       0x08001c69   Thumb Code    14  thb7128.o(.text)
    THB7128_SetDoWhenDone                    0x08001c77   Thumb Code     6  thb7128.o(.text)
    THB7128_ChangeFreq                       0x08001c7d   Thumb Code    42  thb7128.o(.text)
    TIM2_IRQHandler                          0x08001ca7   Thumb Code    60  thb7128.o(.text)
    NRF24L01_Init                            0x08001cf5   Thumb Code   162  24l01.o(.text)
    NRF24L01_Read_Buf                        0x08001d97   Thumb Code    60  24l01.o(.text)
    NRF24L01_Write_Buf                       0x08001dd3   Thumb Code    60  24l01.o(.text)
    NRF24L01_Check                           0x08001e0f   Thumb Code    72  24l01.o(.text)
    NRF24L01_Write_Reg                       0x08001e57   Thumb Code    40  24l01.o(.text)
    NRF24L01_Read_Reg                        0x08001e7f   Thumb Code    38  24l01.o(.text)
    NRF24L01_TxPacket                        0x08001ea5   Thumb Code   100  24l01.o(.text)
    NRF24L01_RxPacket                        0x08001f09   Thumb Code    58  24l01.o(.text)
    NRF24L01_RX_Mode                         0x08001f43   Thumb Code    78  24l01.o(.text)
    NRF24L01_TX_Mode                         0x08001f91   Thumb Code    88  24l01.o(.text)
    SVC_CHandler                             0x08002001   Thumb Code    76  supertask.o(.text)
    Reset_Handler                            0x0800204d   Thumb Code     8  startup_stm32f10x_md.o(.text)
    ADC1_2_IRQHandler                        0x08002067   Thumb Code     0  startup_stm32f10x_md.o(.text)
    CAN1_RX1_IRQHandler                      0x08002067   Thumb Code     0  startup_stm32f10x_md.o(.text)
    CAN1_SCE_IRQHandler                      0x08002067   Thumb Code     0  startup_stm32f10x_md.o(.text)
    DMA1_Channel2_IRQHandler                 0x08002067   Thumb Code     0  startup_stm32f10x_md.o(.text)
    DMA1_Channel3_IRQHandler                 0x08002067   Thumb Code     0  startup_stm32f10x_md.o(.text)
    DMA1_Channel4_IRQHandler                 0x08002067   Thumb Code     0  startup_stm32f10x_md.o(.text)
    DMA1_Channel7_IRQHandler                 0x08002067   Thumb Code     0  startup_stm32f10x_md.o(.text)
    FLASH_IRQHandler                         0x08002067   Thumb Code     0  startup_stm32f10x_md.o(.text)
    I2C1_ER_IRQHandler                       0x08002067   Thumb Code     0  startup_stm32f10x_md.o(.text)
    I2C1_EV_IRQHandler                       0x08002067   Thumb Code     0  startup_stm32f10x_md.o(.text)
    I2C2_ER_IRQHandler                       0x08002067   Thumb Code     0  startup_stm32f10x_md.o(.text)
    I2C2_EV_IRQHandler                       0x08002067   Thumb Code     0  startup_stm32f10x_md.o(.text)
    PVD_IRQHandler                           0x08002067   Thumb Code     0  startup_stm32f10x_md.o(.text)
    RCC_IRQHandler                           0x08002067   Thumb Code     0  startup_stm32f10x_md.o(.text)
    SPI1_IRQHandler                          0x08002067   Thumb Code     0  startup_stm32f10x_md.o(.text)
    SPI2_IRQHandler                          0x08002067   Thumb Code     0  startup_stm32f10x_md.o(.text)
    TAMPER_IRQHandler                        0x08002067   Thumb Code     0  startup_stm32f10x_md.o(.text)
    TIM1_BRK_IRQHandler                      0x08002067   Thumb Code     0  startup_stm32f10x_md.o(.text)
    TIM1_TRG_COM_IRQHandler                  0x08002067   Thumb Code     0  startup_stm32f10x_md.o(.text)
    USART1_IRQHandler                        0x08002067   Thumb Code     0  startup_stm32f10x_md.o(.text)
    USART2_IRQHandler                        0x08002067   Thumb Code     0  startup_stm32f10x_md.o(.text)
    USART3_IRQHandler                        0x08002067   Thumb Code     0  startup_stm32f10x_md.o(.text)
    USBWakeUp_IRQHandler                     0x08002067   Thumb Code     0  startup_stm32f10x_md.o(.text)
    USB_HP_CAN1_TX_IRQHandler                0x08002067   Thumb Code     0  startup_stm32f10x_md.o(.text)
    USB_LP_CAN1_RX0_IRQHandler               0x08002067   Thumb Code     0  startup_stm32f10x_md.o(.text)
    WWDG_IRQHandler                          0x08002067   Thumb Code     0  startup_stm32f10x_md.o(.text)
    NVIC_PriorityGroupConfig                 0x08002071   Thumb Code    10  misc.o(.text)
    NVIC_Init                                0x0800207b   Thumb Code   102  misc.o(.text)
    NVIC_SetVectorTable                      0x080020e1   Thumb Code    14  misc.o(.text)
    NVIC_SystemLPConfig                      0x080020ef   Thumb Code    34  misc.o(.text)
    SysTick_CLKSourceConfig                  0x08002111   Thumb Code    40  misc.o(.text)
    ADC_DeInit                               0x0800214d   Thumb Code    78  stm32f10x_adc.o(.text)
    ADC_Init                                 0x0800219b   Thumb Code    70  stm32f10x_adc.o(.text)
    ADC_StructInit                           0x080021e1   Thumb Code    18  stm32f10x_adc.o(.text)
    ADC_Cmd                                  0x080021f3   Thumb Code    22  stm32f10x_adc.o(.text)
    ADC_DMACmd                               0x08002209   Thumb Code    22  stm32f10x_adc.o(.text)
    ADC_ITConfig                             0x0800221f   Thumb Code    24  stm32f10x_adc.o(.text)
    ADC_ResetCalibration                     0x08002237   Thumb Code    10  stm32f10x_adc.o(.text)
    ADC_GetResetCalibrationStatus            0x08002241   Thumb Code    20  stm32f10x_adc.o(.text)
    ADC_StartCalibration                     0x08002255   Thumb Code    10  stm32f10x_adc.o(.text)
    ADC_GetCalibrationStatus                 0x0800225f   Thumb Code    20  stm32f10x_adc.o(.text)
    ADC_SoftwareStartConvCmd                 0x08002273   Thumb Code    22  stm32f10x_adc.o(.text)
    ADC_GetSoftwareStartConvStatus           0x08002289   Thumb Code    20  stm32f10x_adc.o(.text)
    ADC_DiscModeChannelCountConfig           0x0800229d   Thumb Code    24  stm32f10x_adc.o(.text)
    ADC_DiscModeCmd                          0x080022b5   Thumb Code    22  stm32f10x_adc.o(.text)
    ADC_RegularChannelConfig                 0x080022cb   Thumb Code   184  stm32f10x_adc.o(.text)
    ADC_ExternalTrigConvCmd                  0x08002383   Thumb Code    22  stm32f10x_adc.o(.text)
    ADC_GetConversionValue                   0x08002399   Thumb Code     8  stm32f10x_adc.o(.text)
    ADC_GetDualModeConversionValue           0x080023a1   Thumb Code     8  stm32f10x_adc.o(.text)
    ADC_AutoInjectedConvCmd                  0x080023a9   Thumb Code    22  stm32f10x_adc.o(.text)
    ADC_InjectedDiscModeCmd                  0x080023bf   Thumb Code    22  stm32f10x_adc.o(.text)
    ADC_ExternalTrigInjectedConvConfig       0x080023d5   Thumb Code    16  stm32f10x_adc.o(.text)
    ADC_ExternalTrigInjectedConvCmd          0x080023e5   Thumb Code    22  stm32f10x_adc.o(.text)
    ADC_SoftwareStartInjectedConvCmd         0x080023fb   Thumb Code    22  stm32f10x_adc.o(.text)
    ADC_GetSoftwareStartInjectedConvCmdStatus 0x08002411   Thumb Code    20  stm32f10x_adc.o(.text)
    ADC_InjectedChannelConfig                0x08002425   Thumb Code   130  stm32f10x_adc.o(.text)
    ADC_InjectedSequencerLengthConfig        0x080024a7   Thumb Code    24  stm32f10x_adc.o(.text)
    ADC_SetInjectedOffset                    0x080024bf   Thumb Code    20  stm32f10x_adc.o(.text)
    ADC_GetInjectedConversionValue           0x080024d3   Thumb Code    28  stm32f10x_adc.o(.text)
    ADC_AnalogWatchdogCmd                    0x080024ef   Thumb Code    16  stm32f10x_adc.o(.text)
    ADC_AnalogWatchdogThresholdsConfig       0x080024ff   Thumb Code     6  stm32f10x_adc.o(.text)
    ADC_AnalogWatchdogSingleChannelConfig    0x08002505   Thumb Code    16  stm32f10x_adc.o(.text)
    ADC_TempSensorVrefintCmd                 0x08002515   Thumb Code    64  stm32f10x_adc.o(.text)
    ADC_GetFlagStatus                        0x08002555   Thumb Code    18  stm32f10x_adc.o(.text)
    ADC_ClearFlag                            0x08002567   Thumb Code     6  stm32f10x_adc.o(.text)
    ADC_GetITStatus                          0x0800256d   Thumb Code    36  stm32f10x_adc.o(.text)
    ADC_ClearITPendingBit                    0x08002591   Thumb Code    10  stm32f10x_adc.o(.text)
    DMA_DeInit                               0x0800259d   Thumb Code   324  stm32f10x_dma.o(.text)
    DMA_Init                                 0x080026e1   Thumb Code    60  stm32f10x_dma.o(.text)
    DMA_StructInit                           0x0800271d   Thumb Code    26  stm32f10x_dma.o(.text)
    DMA_Cmd                                  0x08002737   Thumb Code    24  stm32f10x_dma.o(.text)
    DMA_ITConfig                             0x0800274f   Thumb Code    18  stm32f10x_dma.o(.text)
    DMA_SetCurrDataCounter                   0x08002761   Thumb Code     4  stm32f10x_dma.o(.text)
    DMA_GetCurrDataCounter                   0x08002765   Thumb Code     8  stm32f10x_dma.o(.text)
    DMA_GetFlagStatus                        0x0800276d   Thumb Code    38  stm32f10x_dma.o(.text)
    DMA_ClearFlag                            0x08002793   Thumb Code    22  stm32f10x_dma.o(.text)
    DMA_GetITStatus                          0x080027a9   Thumb Code    38  stm32f10x_dma.o(.text)
    DMA_ClearITPendingBit                    0x080027cf   Thumb Code    22  stm32f10x_dma.o(.text)
    EXTI_DeInit                              0x080027ed   Thumb Code    28  stm32f10x_exti.o(.text)
    EXTI_Init                                0x08002809   Thumb Code   142  stm32f10x_exti.o(.text)
    EXTI_StructInit                          0x08002897   Thumb Code    16  stm32f10x_exti.o(.text)
    EXTI_GenerateSWInterrupt                 0x080028a7   Thumb Code    16  stm32f10x_exti.o(.text)
    EXTI_GetFlagStatus                       0x080028b7   Thumb Code    22  stm32f10x_exti.o(.text)
    EXTI_ClearFlag                           0x080028cd   Thumb Code     8  stm32f10x_exti.o(.text)
    EXTI_GetITStatus                         0x080028d5   Thumb Code    34  stm32f10x_exti.o(.text)
    EXTI_ClearITPendingBit                   0x080028f7   Thumb Code     8  stm32f10x_exti.o(.text)
    GPIO_DeInit                              0x08002909   Thumb Code   172  stm32f10x_gpio.o(.text)
    GPIO_AFIODeInit                          0x080029b5   Thumb Code    20  stm32f10x_gpio.o(.text)
    GPIO_Init                                0x080029c9   Thumb Code   274  stm32f10x_gpio.o(.text)
    GPIO_StructInit                          0x08002adb   Thumb Code    16  stm32f10x_gpio.o(.text)
    GPIO_ReadInputDataBit                    0x08002aeb   Thumb Code    18  stm32f10x_gpio.o(.text)
    GPIO_ReadInputData                       0x08002afd   Thumb Code     8  stm32f10x_gpio.o(.text)
    GPIO_ReadOutputDataBit                   0x08002b05   Thumb Code    18  stm32f10x_gpio.o(.text)
    GPIO_ReadOutputData                      0x08002b17   Thumb Code     8  stm32f10x_gpio.o(.text)
    GPIO_SetBits                             0x08002b1f   Thumb Code     4  stm32f10x_gpio.o(.text)
    GPIO_ResetBits                           0x08002b23   Thumb Code     4  stm32f10x_gpio.o(.text)
    GPIO_WriteBit                            0x08002b27   Thumb Code    10  stm32f10x_gpio.o(.text)
    GPIO_Write                               0x08002b31   Thumb Code     4  stm32f10x_gpio.o(.text)
    GPIO_PinLockConfig                       0x08002b35   Thumb Code    18  stm32f10x_gpio.o(.text)
    GPIO_EventOutputConfig                   0x08002b47   Thumb Code    26  stm32f10x_gpio.o(.text)
    GPIO_EventOutputCmd                      0x08002b61   Thumb Code     6  stm32f10x_gpio.o(.text)
    GPIO_PinRemapConfig                      0x08002b67   Thumb Code   138  stm32f10x_gpio.o(.text)
    GPIO_EXTILineConfig                      0x08002bf1   Thumb Code    66  stm32f10x_gpio.o(.text)
    GPIO_ETH_MediaInterfaceConfig            0x08002c33   Thumb Code     6  stm32f10x_gpio.o(.text)
    PWR_DeInit                               0x08002c61   Thumb Code    22  stm32f10x_pwr.o(.text)
    PWR_BackupAccessCmd                      0x08002c77   Thumb Code     6  stm32f10x_pwr.o(.text)
    PWR_PVDCmd                               0x08002c7d   Thumb Code     6  stm32f10x_pwr.o(.text)
    PWR_PVDLevelConfig                       0x08002c83   Thumb Code    18  stm32f10x_pwr.o(.text)
    PWR_WakeUpPinCmd                         0x08002c95   Thumb Code     6  stm32f10x_pwr.o(.text)
    PWR_EnterSTOPMode                        0x08002c9b   Thumb Code    54  stm32f10x_pwr.o(.text)
    PWR_EnterSTANDBYMode                     0x08002cd1   Thumb Code    42  stm32f10x_pwr.o(.text)
    PWR_GetFlagStatus                        0x08002cfb   Thumb Code    20  stm32f10x_pwr.o(.text)
    PWR_ClearFlag                            0x08002d0f   Thumb Code    14  stm32f10x_pwr.o(.text)
    RCC_DeInit                               0x08002d2d   Thumb Code    64  stm32f10x_rcc.o(.text)
    RCC_HSEConfig                            0x08002d6d   Thumb Code    70  stm32f10x_rcc.o(.text)
    RCC_GetFlagStatus                        0x08002db3   Thumb Code    56  stm32f10x_rcc.o(.text)
    RCC_WaitForHSEStartUp                    0x08002deb   Thumb Code    56  stm32f10x_rcc.o(.text)
    RCC_AdjustHSICalibrationValue            0x08002e23   Thumb Code    20  stm32f10x_rcc.o(.text)
    RCC_HSICmd                               0x08002e37   Thumb Code     6  stm32f10x_rcc.o(.text)
    RCC_PLLConfig                            0x08002e3d   Thumb Code    24  stm32f10x_rcc.o(.text)
    RCC_PLLCmd                               0x08002e55   Thumb Code     6  stm32f10x_rcc.o(.text)
    RCC_SYSCLKConfig                         0x08002e5b   Thumb Code    18  stm32f10x_rcc.o(.text)
    RCC_GetSYSCLKSource                      0x08002e6d   Thumb Code    10  stm32f10x_rcc.o(.text)
    RCC_HCLKConfig                           0x08002e77   Thumb Code    18  stm32f10x_rcc.o(.text)
    RCC_PCLK1Config                          0x08002e89   Thumb Code    18  stm32f10x_rcc.o(.text)
    RCC_PCLK2Config                          0x08002e9b   Thumb Code    20  stm32f10x_rcc.o(.text)
    RCC_ITConfig                             0x08002eaf   Thumb Code    26  stm32f10x_rcc.o(.text)
    RCC_USBCLKConfig                         0x08002ec9   Thumb Code     6  stm32f10x_rcc.o(.text)
    RCC_ADCCLKConfig                         0x08002ecf   Thumb Code    18  stm32f10x_rcc.o(.text)
    RCC_LSEConfig                            0x08002ee1   Thumb Code    44  stm32f10x_rcc.o(.text)
    RCC_LSICmd                               0x08002f0d   Thumb Code     6  stm32f10x_rcc.o(.text)
    RCC_RTCCLKConfig                         0x08002f13   Thumb Code    12  stm32f10x_rcc.o(.text)
    RCC_RTCCLKCmd                            0x08002f1f   Thumb Code     8  stm32f10x_rcc.o(.text)
    RCC_GetClocksFreq                        0x08002f27   Thumb Code   192  stm32f10x_rcc.o(.text)
    RCC_AHBPeriphClockCmd                    0x08002fe7   Thumb Code    26  stm32f10x_rcc.o(.text)
    RCC_APB2PeriphClockCmd                   0x08003001   Thumb Code    26  stm32f10x_rcc.o(.text)
    RCC_APB1PeriphClockCmd                   0x0800301b   Thumb Code    26  stm32f10x_rcc.o(.text)
    RCC_APB2PeriphResetCmd                   0x08003035   Thumb Code    26  stm32f10x_rcc.o(.text)
    RCC_APB1PeriphResetCmd                   0x0800304f   Thumb Code    26  stm32f10x_rcc.o(.text)
    RCC_BackupResetCmd                       0x08003069   Thumb Code     8  stm32f10x_rcc.o(.text)
    RCC_ClockSecuritySystemCmd               0x08003071   Thumb Code     6  stm32f10x_rcc.o(.text)
    RCC_MCOConfig                            0x08003077   Thumb Code     6  stm32f10x_rcc.o(.text)
    RCC_ClearFlag                            0x0800307d   Thumb Code    14  stm32f10x_rcc.o(.text)
    RCC_GetITStatus                          0x0800308b   Thumb Code    20  stm32f10x_rcc.o(.text)
    RCC_ClearITPendingBit                    0x0800309f   Thumb Code     6  stm32f10x_rcc.o(.text)
    RTC_ITConfig                             0x080030d1   Thumb Code    26  stm32f10x_rtc.o(.text)
    RTC_EnterConfigMode                      0x080030eb   Thumb Code    18  stm32f10x_rtc.o(.text)
    RTC_ExitConfigMode                       0x080030fd   Thumb Code    20  stm32f10x_rtc.o(.text)
    RTC_GetCounter                           0x08003111   Thumb Code    18  stm32f10x_rtc.o(.text)
    RTC_SetCounter                           0x08003123   Thumb Code    26  stm32f10x_rtc.o(.text)
    RTC_SetPrescaler                         0x0800313d   Thumb Code    28  stm32f10x_rtc.o(.text)
    RTC_SetAlarm                             0x08003159   Thumb Code    26  stm32f10x_rtc.o(.text)
    RTC_GetDivider                           0x08003173   Thumb Code    22  stm32f10x_rtc.o(.text)
    RTC_WaitForLastTask                      0x08003189   Thumb Code    16  stm32f10x_rtc.o(.text)
    RTC_WaitForSynchro                       0x08003199   Thumb Code    34  stm32f10x_rtc.o(.text)
    RTC_GetFlagStatus                        0x080031bb   Thumb Code    22  stm32f10x_rtc.o(.text)
    RTC_ClearFlag                            0x080031d1   Thumb Code    16  stm32f10x_rtc.o(.text)
    RTC_GetITStatus                          0x080031e1   Thumb Code    32  stm32f10x_rtc.o(.text)
    RTC_ClearITPendingBit                    0x08003201   Thumb Code    16  stm32f10x_rtc.o(.text)
    SPI_I2S_DeInit                           0x08003215   Thumb Code    76  stm32f10x_spi.o(.text)
    SPI_Init                                 0x08003261   Thumb Code    60  stm32f10x_spi.o(.text)
    I2S_Init                                 0x0800329d   Thumb Code   226  stm32f10x_spi.o(.text)
    SPI_StructInit                           0x0800337f   Thumb Code    24  stm32f10x_spi.o(.text)
    I2S_StructInit                           0x08003397   Thumb Code    20  stm32f10x_spi.o(.text)
    SPI_Cmd                                  0x080033ab   Thumb Code    24  stm32f10x_spi.o(.text)
    I2S_Cmd                                  0x080033c3   Thumb Code    24  stm32f10x_spi.o(.text)
    SPI_I2S_ITConfig                         0x080033db   Thumb Code    32  stm32f10x_spi.o(.text)
    SPI_I2S_DMACmd                           0x080033fb   Thumb Code    18  stm32f10x_spi.o(.text)
    SPI_I2S_SendData                         0x0800340d   Thumb Code     4  stm32f10x_spi.o(.text)
    SPI_I2S_ReceiveData                      0x08003411   Thumb Code     6  stm32f10x_spi.o(.text)
    SPI_NSSInternalSoftwareConfig            0x08003417   Thumb Code    30  stm32f10x_spi.o(.text)
    SPI_SSOutputCmd                          0x08003435   Thumb Code    24  stm32f10x_spi.o(.text)
    SPI_DataSizeConfig                       0x0800344d   Thumb Code    18  stm32f10x_spi.o(.text)
    SPI_TransmitCRC                          0x0800345f   Thumb Code    10  stm32f10x_spi.o(.text)
    SPI_CalculateCRC                         0x08003469   Thumb Code    24  stm32f10x_spi.o(.text)
    SPI_GetCRC                               0x08003481   Thumb Code    16  stm32f10x_spi.o(.text)
    SPI_GetCRCPolynomial                     0x08003491   Thumb Code     6  stm32f10x_spi.o(.text)
    SPI_BiDirectionalLineConfig              0x08003497   Thumb Code    28  stm32f10x_spi.o(.text)
    SPI_I2S_GetFlagStatus                    0x080034b3   Thumb Code    18  stm32f10x_spi.o(.text)
    SPI_I2S_ClearFlag                        0x080034c5   Thumb Code     6  stm32f10x_spi.o(.text)
    SPI_I2S_GetITStatus                      0x080034cb   Thumb Code    52  stm32f10x_spi.o(.text)
    SPI_I2S_ClearITPendingBit                0x080034ff   Thumb Code    20  stm32f10x_spi.o(.text)
    TIM_DeInit                               0x08003521   Thumb Code   424  stm32f10x_tim.o(.text)
    TIM_TimeBaseInit                         0x080036c9   Thumb Code   122  stm32f10x_tim.o(.text)
    TIM_OC1Init                              0x08003743   Thumb Code   132  stm32f10x_tim.o(.text)
    TIM_OC2Init                              0x080037c7   Thumb Code   154  stm32f10x_tim.o(.text)
    TIM_OC3Init                              0x08003861   Thumb Code   150  stm32f10x_tim.o(.text)
    TIM_OC4Init                              0x080038f7   Thumb Code   182  stm32f10x_tim.o(.text)
    TIM_SetIC4Prescaler                      0x080039ad   Thumb Code    26  stm32f10x_tim.o(.text)
    TIM_SetIC3Prescaler                      0x08003a49   Thumb Code    18  stm32f10x_tim.o(.text)
    TIM_SetIC2Prescaler                      0x08003ad5   Thumb Code    26  stm32f10x_tim.o(.text)
    TIM_SetIC1Prescaler                      0x08003b71   Thumb Code    18  stm32f10x_tim.o(.text)
    TIM_ICInit                               0x08003bef   Thumb Code   150  stm32f10x_tim.o(.text)
    TIM_PWMIConfig                           0x08003c85   Thumb Code   124  stm32f10x_tim.o(.text)
    TIM_BDTRConfig                           0x08003d01   Thumb Code    32  stm32f10x_tim.o(.text)
    TIM_TimeBaseStructInit                   0x08003d21   Thumb Code    18  stm32f10x_tim.o(.text)
    TIM_OCStructInit                         0x08003d33   Thumb Code    20  stm32f10x_tim.o(.text)
    TIM_ICStructInit                         0x08003d47   Thumb Code    18  stm32f10x_tim.o(.text)
    TIM_BDTRStructInit                       0x08003d59   Thumb Code    40  stm32f10x_tim.o(.text)
    TIM_Cmd                                  0x08003d81   Thumb Code    24  stm32f10x_tim.o(.text)
    TIM_CtrlPWMOutputs                       0x08003d99   Thumb Code    30  stm32f10x_tim.o(.text)
    TIM_ITConfig                             0x08003db7   Thumb Code    18  stm32f10x_tim.o(.text)
    TIM_GenerateEvent                        0x08003dc9   Thumb Code     4  stm32f10x_tim.o(.text)
    TIM_DMAConfig                            0x08003dcd   Thumb Code    10  stm32f10x_tim.o(.text)
    TIM_DMACmd                               0x08003dd7   Thumb Code    18  stm32f10x_tim.o(.text)
    TIM_InternalClockConfig                  0x08003de9   Thumb Code    12  stm32f10x_tim.o(.text)
    TIM_SelectInputTrigger                   0x08003df5   Thumb Code    18  stm32f10x_tim.o(.text)
    TIM_ITRxExternalClockConfig              0x08003e07   Thumb Code    24  stm32f10x_tim.o(.text)
    TIM_TIxExternalClockConfig               0x08003e1f   Thumb Code    62  stm32f10x_tim.o(.text)
    TIM_ETRConfig                            0x08003e5d   Thumb Code    28  stm32f10x_tim.o(.text)
    TIM_ETRClockMode1Config                  0x08003e79   Thumb Code    54  stm32f10x_tim.o(.text)
    TIM_ETRClockMode2Config                  0x08003eaf   Thumb Code    32  stm32f10x_tim.o(.text)
    TIM_PrescalerConfig                      0x08003ecf   Thumb Code     6  stm32f10x_tim.o(.text)
    TIM_CounterModeConfig                    0x08003ed5   Thumb Code    18  stm32f10x_tim.o(.text)
    TIM_EncoderInterfaceConfig               0x08003ee7   Thumb Code    66  stm32f10x_tim.o(.text)
    TIM_ForcedOC1Config                      0x08003f29   Thumb Code    18  stm32f10x_tim.o(.text)
    TIM_ForcedOC2Config                      0x08003f3b   Thumb Code    26  stm32f10x_tim.o(.text)
    TIM_ForcedOC3Config                      0x08003f55   Thumb Code    18  stm32f10x_tim.o(.text)
    TIM_ForcedOC4Config                      0x08003f67   Thumb Code    26  stm32f10x_tim.o(.text)
    TIM_ARRPreloadConfig                     0x08003f81   Thumb Code    24  stm32f10x_tim.o(.text)
    TIM_SelectCOM                            0x08003f99   Thumb Code    24  stm32f10x_tim.o(.text)
    TIM_SelectCCDMA                          0x08003fb1   Thumb Code    24  stm32f10x_tim.o(.text)
    TIM_CCPreloadControl                     0x08003fc9   Thumb Code    24  stm32f10x_tim.o(.text)
    TIM_OC1PreloadConfig                     0x08003fe1   Thumb Code    18  stm32f10x_tim.o(.text)
    TIM_OC2PreloadConfig                     0x08003ff3   Thumb Code    26  stm32f10x_tim.o(.text)
    TIM_OC3PreloadConfig                     0x0800400d   Thumb Code    18  stm32f10x_tim.o(.text)
    TIM_OC4PreloadConfig                     0x0800401f   Thumb Code    26  stm32f10x_tim.o(.text)
    TIM_OC1FastConfig                        0x08004039   Thumb Code    18  stm32f10x_tim.o(.text)
    TIM_OC2FastConfig                        0x0800404b   Thumb Code    26  stm32f10x_tim.o(.text)
    TIM_OC3FastConfig                        0x08004065   Thumb Code    18  stm32f10x_tim.o(.text)
    TIM_OC4FastConfig                        0x08004077   Thumb Code    26  stm32f10x_tim.o(.text)
    TIM_ClearOC1Ref                          0x08004091   Thumb Code    18  stm32f10x_tim.o(.text)
    TIM_ClearOC2Ref                          0x080040a3   Thumb Code    24  stm32f10x_tim.o(.text)
    TIM_ClearOC3Ref                          0x080040bb   Thumb Code    18  stm32f10x_tim.o(.text)
    TIM_ClearOC4Ref                          0x080040cd   Thumb Code    24  stm32f10x_tim.o(.text)
    TIM_OC1PolarityConfig                    0x080040e5   Thumb Code    18  stm32f10x_tim.o(.text)
    TIM_OC1NPolarityConfig                   0x080040f7   Thumb Code    18  stm32f10x_tim.o(.text)
    TIM_OC2PolarityConfig                    0x08004109   Thumb Code    26  stm32f10x_tim.o(.text)
    TIM_OC2NPolarityConfig                   0x08004123   Thumb Code    26  stm32f10x_tim.o(.text)
    TIM_OC3PolarityConfig                    0x0800413d   Thumb Code    26  stm32f10x_tim.o(.text)
    TIM_OC3NPolarityConfig                   0x08004157   Thumb Code    26  stm32f10x_tim.o(.text)
    TIM_OC4PolarityConfig                    0x08004171   Thumb Code    26  stm32f10x_tim.o(.text)
    TIM_CCxCmd                               0x0800418b   Thumb Code    30  stm32f10x_tim.o(.text)
    TIM_CCxNCmd                              0x080041a9   Thumb Code    30  stm32f10x_tim.o(.text)
    TIM_SelectOCxM                           0x080041c7   Thumb Code    82  stm32f10x_tim.o(.text)
    TIM_UpdateDisableConfig                  0x08004219   Thumb Code    24  stm32f10x_tim.o(.text)
    TIM_UpdateRequestConfig                  0x08004231   Thumb Code    24  stm32f10x_tim.o(.text)
    TIM_SelectHallSensor                     0x08004249   Thumb Code    24  stm32f10x_tim.o(.text)
    TIM_SelectOnePulseMode                   0x08004261   Thumb Code    18  stm32f10x_tim.o(.text)
    TIM_SelectOutputTrigger                  0x08004273   Thumb Code    18  stm32f10x_tim.o(.text)
    TIM_SelectSlaveMode                      0x08004285   Thumb Code    18  stm32f10x_tim.o(.text)
    TIM_SelectMasterSlaveMode                0x08004297   Thumb Code    18  stm32f10x_tim.o(.text)
    TIM_SetCounter                           0x080042a9   Thumb Code     4  stm32f10x_tim.o(.text)
    TIM_SetAutoreload                        0x080042ad   Thumb Code     4  stm32f10x_tim.o(.text)
    TIM_SetCompare1                          0x080042b1   Thumb Code     4  stm32f10x_tim.o(.text)
    TIM_SetCompare2                          0x080042b5   Thumb Code     4  stm32f10x_tim.o(.text)
    TIM_SetCompare3                          0x080042b9   Thumb Code     4  stm32f10x_tim.o(.text)
    TIM_SetCompare4                          0x080042bd   Thumb Code     6  stm32f10x_tim.o(.text)
    TIM_SetClockDivision                     0x080042c3   Thumb Code    18  stm32f10x_tim.o(.text)
    TIM_GetCapture1                          0x080042d5   Thumb Code     6  stm32f10x_tim.o(.text)
    TIM_GetCapture2                          0x080042db   Thumb Code     6  stm32f10x_tim.o(.text)
    TIM_GetCapture3                          0x080042e1   Thumb Code     6  stm32f10x_tim.o(.text)
    TIM_GetCapture4                          0x080042e7   Thumb Code     8  stm32f10x_tim.o(.text)
    TIM_GetCounter                           0x080042ef   Thumb Code     6  stm32f10x_tim.o(.text)
    TIM_GetPrescaler                         0x080042f5   Thumb Code     6  stm32f10x_tim.o(.text)
    TIM_GetFlagStatus                        0x080042fb   Thumb Code    18  stm32f10x_tim.o(.text)
    TIM_ClearFlag                            0x0800430d   Thumb Code     6  stm32f10x_tim.o(.text)
    TIM_GetITStatus                          0x08004313   Thumb Code    34  stm32f10x_tim.o(.text)
    TIM_ClearITPendingBit                    0x08004335   Thumb Code     6  stm32f10x_tim.o(.text)
    USART_DeInit                             0x0800433d   Thumb Code   134  stm32f10x_usart.o(.text)
    USART_Init                               0x080043c3   Thumb Code   210  stm32f10x_usart.o(.text)
    USART_StructInit                         0x08004495   Thumb Code    24  stm32f10x_usart.o(.text)
    USART_ClockInit                          0x080044ad   Thumb Code    34  stm32f10x_usart.o(.text)
    USART_ClockStructInit                    0x080044cf   Thumb Code    12  stm32f10x_usart.o(.text)
    USART_Cmd                                0x080044db   Thumb Code    24  stm32f10x_usart.o(.text)
    USART_ITConfig                           0x080044f3   Thumb Code    74  stm32f10x_usart.o(.text)
    USART_DMACmd                             0x0800453d   Thumb Code    18  stm32f10x_usart.o(.text)
    USART_SetAddress                         0x0800454f   Thumb Code    18  stm32f10x_usart.o(.text)
    USART_WakeUpConfig                       0x08004561   Thumb Code    18  stm32f10x_usart.o(.text)
    USART_ReceiverWakeUpCmd                  0x08004573   Thumb Code    24  stm32f10x_usart.o(.text)
    USART_LINBreakDetectLengthConfig         0x0800458b   Thumb Code    18  stm32f10x_usart.o(.text)
    USART_LINCmd                             0x0800459d   Thumb Code    24  stm32f10x_usart.o(.text)
    USART_SendData                           0x080045b5   Thumb Code     8  stm32f10x_usart.o(.text)
    USART_ReceiveData                        0x080045bd   Thumb Code    10  stm32f10x_usart.o(.text)
    USART_SendBreak                          0x080045c7   Thumb Code    10  stm32f10x_usart.o(.text)
    USART_SetGuardTime                       0x080045d1   Thumb Code    16  stm32f10x_usart.o(.text)
    USART_SetPrescaler                       0x080045e1   Thumb Code    16  stm32f10x_usart.o(.text)
    USART_SmartCardCmd                       0x080045f1   Thumb Code    24  stm32f10x_usart.o(.text)
    USART_SmartCardNACKCmd                   0x08004609   Thumb Code    24  stm32f10x_usart.o(.text)
    USART_HalfDuplexCmd                      0x08004621   Thumb Code    24  stm32f10x_usart.o(.text)
    USART_OverSampling8Cmd                   0x08004639   Thumb Code    22  stm32f10x_usart.o(.text)
    USART_OneBitMethodCmd                    0x0800464f   Thumb Code    24  stm32f10x_usart.o(.text)
    USART_IrDAConfig                         0x08004667   Thumb Code    18  stm32f10x_usart.o(.text)
    USART_IrDACmd                            0x08004679   Thumb Code    24  stm32f10x_usart.o(.text)
    USART_GetFlagStatus                      0x08004691   Thumb Code    26  stm32f10x_usart.o(.text)
    USART_ClearFlag                          0x080046ab   Thumb Code    18  stm32f10x_usart.o(.text)
    USART_GetITStatus                        0x080046bd   Thumb Code    84  stm32f10x_usart.o(.text)
    USART_ClearITPendingBit                  0x08004711   Thumb Code    52  stm32f10x_usart.o(.text)
    SPI2_ReadWriteByte                       0x08004745   Thumb Code    78  spi.o(.text)
    SPI2_Init                                0x08004793   Thumb Code   140  spi.o(.text)
    SPI2_SetSpeed                            0x0800481f   Thumb Code    36  spi.o(.text)
    __aeabi_memcpy                           0x0800484d   Thumb Code    36  memcpya.o(.text)
    __aeabi_memcpy4                          0x0800484d   Thumb Code     0  memcpya.o(.text)
    __aeabi_memcpy8                          0x0800484d   Thumb Code     0  memcpya.o(.text)
    vsscanf                                  0x08004871   Thumb Code    40  vsscanf.o(.text)
    __aeabi_dadd                             0x080048a1   Thumb Code   322  dadd.o(.text)
    __aeabi_dsub                             0x080049e3   Thumb Code     6  dadd.o(.text)
    __aeabi_drsub                            0x080049e9   Thumb Code     6  dadd.o(.text)
    __aeabi_dmul                             0x080049ef   Thumb Code   228  dmul.o(.text)
    __aeabi_ddiv                             0x08004ad3   Thumb Code   222  ddiv.o(.text)
    __aeabi_ui2d                             0x08004bb1   Thumb Code    26  dfltui.o(.text)
    __aeabi_d2uiz                            0x08004bcb   Thumb Code    50  dfixui.o(.text)
    __aeabi_cdcmpeq                          0x08004bfd   Thumb Code     0  cdcmple.o(.text)
    __aeabi_cdcmple                          0x08004bfd   Thumb Code    38  cdcmple.o(.text)
    __aeabi_cdrcmple                         0x08004c25   Thumb Code    38  cdrcmple.o(.text)
    __aeabi_d2f                              0x08004c4d   Thumb Code    56  d2f.o(.text)
    __aeabi_uidiv                            0x08004c85   Thumb Code     0  uidiv.o(.text)
    __aeabi_uidivmod                         0x08004c85   Thumb Code    44  uidiv.o(.text)
    __aeabi_uldivmod                         0x08004cb1   Thumb Code    98  uldiv.o(.text)
    __aeabi_llsl                             0x08004d13   Thumb Code    30  llshl.o(.text)
    _ll_shift_l                              0x08004d13   Thumb Code     0  llshl.o(.text)
    __aeabi_llsr                             0x08004d31   Thumb Code    32  llushr.o(.text)
    _ll_ushift_r                             0x08004d31   Thumb Code     0  llushr.o(.text)
    __aeabi_lasr                             0x08004d51   Thumb Code    36  llsshr.o(.text)
    _ll_sshift_r                             0x08004d51   Thumb Code     0  llsshr.o(.text)
    _scanf_longlong                          0x08004d75   Thumb Code   342  _scanf_longlong.o(.text)
    _scanf_int                               0x08004ecb   Thumb Code   336  _scanf_int.o(.text)
    _scanf_string                            0x0800501b   Thumb Code   218  _scanf_str.o(.text)
    _scanf_real                              0x080051f5   Thumb Code     0  scanf_fp.o(.text)
    _scanf_really_real                       0x080051f5   Thumb Code   560  scanf_fp.o(.text)
    __vfscanf_char                           0x0800543d   Thumb Code    20  scanf_char.o(.text)
    _sgetc                                   0x08005459   Thumb Code    30  _sgetc.o(.text)
    _sbackspace                              0x08005477   Thumb Code    34  _sgetc.o(.text)
    __I$use$fp                               0x08005499   Thumb Code     0  iusefp.o(.text)
    _float_round                             0x08005499   Thumb Code    18  fepilogue.o(.text)
    _float_epilogue                          0x080054ab   Thumb Code    90  fepilogue.o(.text)
    _double_round                            0x08005505   Thumb Code    26  depilogue.o(.text)
    _double_epilogue                         0x0800551f   Thumb Code   164  depilogue.o(.text)
    __aeabi_d2ulz                            0x080055c3   Thumb Code    48  dfixul.o(.text)
    __scatterload                            0x080055f5   Thumb Code    28  init.o(.text)
    __scatterload_rt2                        0x080055f5   Thumb Code     0  init.o(.text)
    isspace                                  0x08005619   Thumb Code    10  isspace_c.o(.text)
    _chval                                   0x08005623   Thumb Code    28  _chval.o(.text)
    __vfscanf                                0x08005641   Thumb Code   806  _scanf.o(.text)
    __aeabi_ul2d                             0x0800596d   Thumb Code    24  dfltul.o(.text)
    __ctype_lookup                           0x08005985   Thumb Code    34  ctype_c.o(.text)
    __0vsnprintf                             0x080059ad   Thumb Code    32  printfa.o(i.__0vsnprintf)
    __1vsnprintf                             0x080059ad   Thumb Code     0  printfa.o(i.__0vsnprintf)
    __2vsnprintf                             0x080059ad   Thumb Code     0  printfa.o(i.__0vsnprintf)
    __c89vsnprintf                           0x080059ad   Thumb Code     0  printfa.o(i.__0vsnprintf)
    vsnprintf                                0x080059ad   Thumb Code     0  printfa.o(i.__0vsnprintf)
    __scatterload_copy                       0x080059d1   Thumb Code    14  handlers.o(i.__scatterload_copy)
    __scatterload_null                       0x080059df   Thumb Code     2  handlers.o(i.__scatterload_null)
    __scatterload_zeroinit                   0x080059e1   Thumb Code    14  handlers.o(i.__scatterload_zeroinit)
    _is_digit                                0x08005b4d   Thumb Code    14  scanf_fp.o(i._is_digit)
    TX_ADDRESS                               0x080062d9   Data           5  24l01.o(.constdata)
    RX_ADDRESS                               0x080062de   Data           5  24l01.o(.constdata)
    __ctype_categories                       0x080062e3   Data          64  ctype_c.o(.constdata)
    Region$$Table$$Base                      0x08006324   Number         0  anon$$obj.o(Region$$Table)
    Region$$Table$$Limit                     0x08006344   Number         0  anon$$obj.o(Region$$Table)
    SystemCoreClock                          0x20000000   Data           4  system_stm32f10x.o(.data)
    AHBPrescTable                            0x20000004   Data          16  system_stm32f10x.o(.data)
    defaultADCManager                        0x20000014   Data           4  adcmanager.o(.data)
    defaultEXTIManager                       0x20000018   Data           4  extimanager.o(.data)
    catchWhat_Flag                           0x2000001c   Data           4  inputcatcher.o(.data)
    ISROUTEENABLED_Flag                      0x20000020   Data           4  inputcatcher.o(.data)
    defaultInputCatchManager                 0x20000024   Data           4  inputcatcher.o(.data)
    defaultDoSomeThing                       0x20000028   Data           4  millis.o(.data)
    _buf2_Oldest_Data_Pointer                0x2000002c   Data           4  usart2bufreceiever.o(.data)
    _ALL2_Pointer_Circles                    0x20000030   Data           4  usart2bufreceiever.o(.data)
    _ALL2_Circles_Count                      0x20000034   Data           4  usart2bufreceiever.o(.data)
    defaultUSART2BufReceiever                0x20000038   Data           4  usart2bufreceiever.o(.data)
    _buf_Oldest_Data_Pointer                 0x2000003c   Data           4  usartbufreceiever.o(.data)
    _ALL_Pointer_Circles                     0x20000040   Data           4  usartbufreceiever.o(.data)
    _ALL_Circles_Count                       0x20000044   Data           4  usartbufreceiever.o(.data)
    defaultUSARTBufReceiever                 0x20000048   Data           4  usartbufreceiever.o(.data)
    thb7128_defaultDoWhenDone                0x2000004c   Data           4  thb7128.o(.data)
    thb7128_pwm_count                        0x20000050   Data           4  thb7128.o(.data)
    ADC_DEFAULT_DATA                         0x20000068   Data          34  adcmanager.o(.bss)
    _EXTILine                                0x2000008c   Data          64  extimanager.o(.bss)
    TIM_CAPTURE_STA_VAL1_VAL2_VAL3           0x200000cc   Data         256  inputcatcher.o(.bss)
    USART2_defaultBuf                        0x200001cc   Data          50  usart2bufreceiever.o(.bss)
    USART_defaultBuf                         0x200001fe   Data          50  usartbufreceiever.o(.bss)
    __initial_sp                             0x20000630   Data           0  startup_stm32f10x_md.o(STACK)



==============================================================================

Memory Map of the image

  Image Entry point : 0x080000ed

  Load Region LR_IROM1 (Base: 0x08000000, Size: 0x000063ac, Max: 0x00010000, ABSOLUTE)

    Execution Region ER_IROM1 (Base: 0x08000000, Size: 0x00006344, Max: 0x00010000, ABSOLUTE)

    Base Addr    Size         Type   Attr      Idx    E Section Name        Object

    0x08000000   0x000000ec   Data   RO          704    RESET               startup_stm32f10x_md.o
    0x080000ec   0x00000000   Code   RO         1195  * .ARM.Collect$$$$00000000  mc_w.l(entry.o)
    0x080000ec   0x00000004   Code   RO         1258    .ARM.Collect$$$$00000001  mc_w.l(entry2.o)
    0x080000f0   0x00000004   Code   RO         1261    .ARM.Collect$$$$00000004  mc_w.l(entry5.o)
    0x080000f4   0x00000000   Code   RO         1263    .ARM.Collect$$$$00000008  mc_w.l(entry7b.o)
    0x080000f4   0x00000000   Code   RO         1265    .ARM.Collect$$$$0000000A  mc_w.l(entry8b.o)
    0x080000f4   0x00000008   Code   RO         1266    .ARM.Collect$$$$0000000B  mc_w.l(entry9a.o)
    0x080000fc   0x00000000   Code   RO         1268    .ARM.Collect$$$$0000000D  mc_w.l(entry10a.o)
    0x080000fc   0x00000000   Code   RO         1270    .ARM.Collect$$$$0000000F  mc_w.l(entry11a.o)
    0x080000fc   0x00000004   Code   RO         1259    .ARM.Collect$$$$00002712  mc_w.l(entry2.o)
    0x08000100   0x00000012   Code   RO          624    .emb_text           supertask.o
    0x08000112   0x00000002   PAD
    0x08000114   0x000001dc   Code   RO            1    .text               system_stm32f10x.o
    0x080002f0   0x00000018   Code   RO           79    .text               stm32f10x_it.o
    0x08000308   0x0000002c   Code   RO          113    .text               main.o
    0x08000334   0x0000038c   Code   RO          227    .text               adcmanager.o
    0x080006c0   0x00000430   Code   RO          275    .text               extimanager.o
    0x08000af0   0x000008c8   Code   RO          309    .text               inputcatcher.o
    0x080013b8   0x00000160   Code   RO          347    .text               millis.o
    0x08001518   0x000000a4   Code   RO          425    .text               usart.o
    0x080015bc   0x0000017c   Code   RO          444    .text               usart2.o
    0x08001738   0x000001e0   Code   RO          456    .text               usart2bufreceiever.o
    0x08001918   0x000001e0   Code   RO          472    .text               usartbufreceiever.o
    0x08001af8   0x000001fc   Code   RO          495    .text               thb7128.o
    0x08001cf4   0x0000030c   Code   RO          548    .text               24l01.o
    0x08002000   0x0000004c   Code   RO          625    .text               supertask.o
    0x0800204c   0x00000024   Code   RO          705    .text               startup_stm32f10x_md.o
    0x08002070   0x000000dc   Code   RO          709    .text               misc.o
    0x0800214c   0x0000044e   Code   RO          721    .text               stm32f10x_adc.o
    0x0800259a   0x00000002   PAD
    0x0800259c   0x00000250   Code   RO          814    .text               stm32f10x_dma.o
    0x080027ec   0x0000011c   Code   RO          826    .text               stm32f10x_exti.o
    0x08002908   0x00000358   Code   RO          865    .text               stm32f10x_gpio.o
    0x08002c60   0x000000cc   Code   RO          907    .text               stm32f10x_pwr.o
    0x08002d2c   0x000003a4   Code   RO          919    .text               stm32f10x_rcc.o
    0x080030d0   0x00000144   Code   RO          933    .text               stm32f10x_rtc.o
    0x08003214   0x0000030c   Code   RO          960    .text               stm32f10x_spi.o
    0x08003520   0x00000e1a   Code   RO          972    .text               stm32f10x_tim.o
    0x0800433a   0x00000002   PAD
    0x0800433c   0x00000408   Code   RO          984    .text               stm32f10x_usart.o
    0x08004744   0x00000108   Code   RO         1055    .text               spi.o
    0x0800484c   0x00000024   Code   RO         1198    .text               mc_w.l(memcpya.o)
    0x08004870   0x00000030   Code   RO         1232    .text               mc_w.l(vsscanf.o)
    0x080048a0   0x0000014e   Code   RO         1238    .text               mf_w.l(dadd.o)
    0x080049ee   0x000000e4   Code   RO         1240    .text               mf_w.l(dmul.o)
    0x08004ad2   0x000000de   Code   RO         1242    .text               mf_w.l(ddiv.o)
    0x08004bb0   0x0000001a   Code   RO         1246    .text               mf_w.l(dfltui.o)
    0x08004bca   0x00000032   Code   RO         1248    .text               mf_w.l(dfixui.o)
    0x08004bfc   0x00000028   Code   RO         1252    .text               mf_w.l(cdcmple.o)
    0x08004c24   0x00000028   Code   RO         1254    .text               mf_w.l(cdrcmple.o)
    0x08004c4c   0x00000038   Code   RO         1256    .text               mf_w.l(d2f.o)
    0x08004c84   0x0000002c   Code   RO         1272    .text               mc_w.l(uidiv.o)
    0x08004cb0   0x00000062   Code   RO         1274    .text               mc_w.l(uldiv.o)
    0x08004d12   0x0000001e   Code   RO         1276    .text               mc_w.l(llshl.o)
    0x08004d30   0x00000020   Code   RO         1278    .text               mc_w.l(llushr.o)
    0x08004d50   0x00000024   Code   RO         1280    .text               mc_w.l(llsshr.o)
    0x08004d74   0x00000156   Code   RO         1282    .text               mc_w.l(_scanf_longlong.o)
    0x08004eca   0x00000150   Code   RO         1284    .text               mc_w.l(_scanf_int.o)
    0x0800501a   0x000000da   Code   RO         1286    .text               mc_w.l(_scanf_str.o)
    0x080050f4   0x0000033c   Code   RO         1288    .text               mc_w.l(scanf_fp.o)
    0x08005430   0x00000028   Code   RO         1292    .text               mc_w.l(scanf_char.o)
    0x08005458   0x00000040   Code   RO         1294    .text               mc_w.l(_sgetc.o)
    0x08005498   0x00000000   Code   RO         1296    .text               mc_w.l(iusefp.o)
    0x08005498   0x0000006c   Code   RO         1297    .text               mf_w.l(fepilogue.o)
    0x08005504   0x000000be   Code   RO         1299    .text               mf_w.l(depilogue.o)
    0x080055c2   0x00000030   Code   RO         1301    .text               mf_w.l(dfixul.o)
    0x080055f2   0x00000002   PAD
    0x080055f4   0x00000024   Code   RO         1303    .text               mc_w.l(init.o)
    0x08005618   0x0000000a   Code   RO         1305    .text               mc_w.l(isspace_c.o)
    0x08005622   0x0000001c   Code   RO         1307    .text               mc_w.l(_chval.o)
    0x0800563e   0x00000002   PAD
    0x08005640   0x0000032c   Code   RO         1309    .text               mc_w.l(_scanf.o)
    0x0800596c   0x00000018   Code   RO         1311    .text               mf_w.l(dfltul.o)
    0x08005984   0x00000028   Code   RO         1313    .text               mc_w.l(ctype_c.o)
    0x080059ac   0x00000024   Code   RO         1210    i.__0vsnprintf      mc_w.l(printfa.o)
    0x080059d0   0x0000000e   Code   RO         1318    i.__scatterload_copy  mc_w.l(handlers.o)
    0x080059de   0x00000002   Code   RO         1319    i.__scatterload_null  mc_w.l(handlers.o)
    0x080059e0   0x0000000e   Code   RO         1320    i.__scatterload_zeroinit  mc_w.l(handlers.o)
    0x080059ee   0x00000002   PAD
    0x080059f0   0x0000015c   Code   RO         1212    i._fp_digits        mc_w.l(printfa.o)
    0x08005b4c   0x0000000e   Code   RO         1290    i._is_digit         mc_w.l(scanf_fp.o)
    0x08005b5a   0x00000002   PAD
    0x08005b5c   0x000006f0   Code   RO         1213    i._printf_core      mc_w.l(printfa.o)
    0x0800624c   0x00000026   Code   RO         1214    i._printf_post_padding  mc_w.l(printfa.o)
    0x08006272   0x00000030   Code   RO         1215    i._printf_pre_padding  mc_w.l(printfa.o)
    0x080062a2   0x00000016   Code   RO         1216    i._snputc           mc_w.l(printfa.o)
    0x080062b8   0x00000021   Data   RO          114    .constdata          main.o
    0x080062d9   0x0000000a   Data   RO          549    .constdata          24l01.o
    0x080062e3   0x00000040   Data   RO         1314    .constdata          mc_w.l(ctype_c.o)
    0x08006323   0x00000001   PAD
    0x08006324   0x00000020   Data   RO         1316    Region$$Table       anon$$obj.o


    Execution Region RW_IRAM1 (Base: 0x20000000, Size: 0x00000630, Max: 0x00005000, ABSOLUTE)

    Base Addr    Size         Type   Attr      Idx    E Section Name        Object

    0x20000000   0x00000014   Data   RW            2    .data               system_stm32f10x.o
    0x20000014   0x00000004   Data   RW          229    .data               adcmanager.o
    0x20000018   0x00000004   Data   RW          277    .data               extimanager.o
    0x2000001c   0x0000000c   Data   RW          311    .data               inputcatcher.o
    0x20000028   0x00000004   Data   RW          348    .data               millis.o
    0x2000002c   0x00000010   Data   RW          458    .data               usart2bufreceiever.o
    0x2000003c   0x00000010   Data   RW          474    .data               usartbufreceiever.o
    0x2000004c   0x00000008   Data   RW          496    .data               thb7128.o
    0x20000054   0x00000014   Data   RW          920    .data               stm32f10x_rcc.o
    0x20000068   0x00000022   Zero   RW          228    .bss                adcmanager.o
    0x2000008a   0x00000002   PAD
    0x2000008c   0x00000040   Zero   RW          276    .bss                extimanager.o
    0x200000cc   0x00000100   Zero   RW          310    .bss                inputcatcher.o
    0x200001cc   0x00000032   Zero   RW          457    .bss                usart2bufreceiever.o
    0x200001fe   0x00000032   Zero   RW          473    .bss                usartbufreceiever.o
    0x20000230   0x00000400   Zero   RW          702    STACK               startup_stm32f10x_md.o


==============================================================================

Image component sizes


      Code (inc. data)   RO Data    RW Data    ZI Data      Debug   Object Name

       780         24         10          0          0       3559   24l01.o
       908         60          0          4         34       3764   adcmanager.o
      1072         20          0          4         64       5162   extimanager.o
      2248         88          0         12        256       9007   inputcatcher.o
         0          0          0          0          0        520   jlx12864g.o
        44          4         33          0          0     215623   main.o
       352          8          0          4          0       1752   millis.o
       220         20          0          0          0       1637   misc.o
       264         10          0          0          0       1045   spi.o
        36          8        236          0       1024        736   startup_stm32f10x_md.o
      1102         26          0          0          0      10669   stm32f10x_adc.o
       592          8          0          0          0       4166   stm32f10x_dma.o
       284         10          0          0          0       2067   stm32f10x_exti.o
       856         40          0          0          0       5481   stm32f10x_gpio.o
        24          0          0          0          0       1046   stm32f10x_it.o
       204         16          0          0          0       1843   stm32f10x_pwr.o
       932         44          0         20          0       8588   stm32f10x_rcc.o
       324          4          0          0          0       2594   stm32f10x_rtc.o
       780         14          0          0          0       6362   stm32f10x_spi.o
      3610         88          0          0          0      21964   stm32f10x_tim.o
      1032         22          0          0          0       8208   stm32f10x_usart.o
        94          0          0          0          0        967   supertask.o
       476         36          0         20          0      65607   system_stm32f10x.o
       508         18          0          8          0       3359   thb7128.o
       164          8          0          0          0       2719   usart.o
       380         10          0          0          0       2253   usart2.o
       480         28          0         16         50       3113   usart2bufreceiever.o
       480         28          0         16         50       3940   usartbufreceiever.o

    ----------------------------------------------------------------------
     18252        642        311        104       1480     397751   Object Totals
         0          0         32          0          0          0   (incl. Generated)
         6          0          0          0          2          0   (incl. Padding)

    ----------------------------------------------------------------------

      Code (inc. data)   RO Data    RW Data    ZI Data      Debug   Library Member Name

        28          0          0          0          0         68   _chval.o
       812          6          0          0          0        112   _scanf.o
       336          0          0          0          0         96   _scanf_int.o
       342          0          0          0          0        100   _scanf_longlong.o
       218          0          0          0          0         96   _scanf_str.o
        64          0          0          0          0         84   _sgetc.o
        40          6         64          0          0         68   ctype_c.o
         0          0          0          0          0          0   entry.o
         0          0          0          0          0          0   entry10a.o
         0          0          0          0          0          0   entry11a.o
         8          4          0          0          0          0   entry2.o
         4          0          0          0          0          0   entry5.o
         0          0          0          0          0          0   entry7b.o
         0          0          0          0          0          0   entry8b.o
         8          4          0          0          0          0   entry9a.o
        30          0          0          0          0          0   handlers.o
        36          8          0          0          0         68   init.o
        10          0          0          0          0         68   isspace_c.o
         0          0          0          0          0          0   iusefp.o
        30          0          0          0          0         68   llshl.o
        36          0          0          0          0         68   llsshr.o
        32          0          0          0          0         68   llushr.o
        36          0          0          0          0         68   memcpya.o
      2268         84          0          0          0        508   printfa.o
        40          8          0          0          0         84   scanf_char.o
       842         12          0          0          0        216   scanf_fp.o
        44          0          0          0          0         80   uidiv.o
        98          0          0          0          0         92   uldiv.o
        48          8          0          0          0         80   vsscanf.o
        40          2          0          0          0         68   cdcmple.o
        40          2          0          0          0         68   cdrcmple.o
        56          0          0          0          0         88   d2f.o
       334          0          0          0          0        148   dadd.o
       222          0          0          0          0        100   ddiv.o
       190          0          0          0          0        176   depilogue.o
        50          0          0          0          0         76   dfixui.o
        48          0          0          0          0         68   dfixul.o
        26          0          0          0          0         76   dfltui.o
        24          0          0          0          0         76   dfltul.o
       228          0          0          0          0         96   dmul.o
       108          0          0          0          0        168   fepilogue.o

    ----------------------------------------------------------------------
      6784        144         65          0          0       3300   Library Totals
         8          0          1          0          0          0   (incl. Padding)

    ----------------------------------------------------------------------

      Code (inc. data)   RO Data    RW Data    ZI Data      Debug   Library Name

      5410        140         64          0          0       2092   mc_w.l
      1366          4          0          0          0       1208   mf_w.l

    ----------------------------------------------------------------------
      6784        144         65          0          0       3300   Library Totals

    ----------------------------------------------------------------------

==============================================================================


      Code (inc. data)   RO Data    RW Data    ZI Data      Debug   

     25036        786        376        104       1480     396059   Grand Totals
     25036        786        376        104       1480     396059   ELF Image Totals
     25036        786        376        104          0          0   ROM Totals

==============================================================================

    Total RO  Size (Code + RO Data)                25412 (  24.82kB)
    Total RW  Size (RW Data + ZI Data)              1584 (   1.55kB)
    Total ROM Size (Code + RO Data + RW Data)      25516 (  24.92kB)

==============================================================================

