ARM Linker, 5.03 [Build 76] [MDK-ARM Standard]

==============================================================================

Section Cross References

    main.o(.text) refers to guicore.o(.text) for GUI_Init
    main.o(.text) refers to wm.o(.text) for WM_CreateWindow
    main.o(.text) refers to guitime.o(.text) for GUI_Delay
    system_stm32f10x.o(.text) refers to system_stm32f10x.o(.data) for SystemCoreClock
    delay.o(.text) refers to misc.o(.text) for SysTick_CLKSourceConfig
    delay.o(.text) refers to delay.o(.data) for fac_us
    sys.o(.text) refers to misc.o(.text) for NVIC_PriorityGroupConfig
    usart.o(.text) refers (Special) to use_no_semi_2.o(.text) for __use_no_semihosting
    usart.o(.text) refers to stm32f10x_rcc.o(.text) for RCC_APB2PeriphClockCmd
    usart.o(.text) refers to stm32f10x_gpio.o(.text) for GPIO_Init
    usart.o(.text) refers to misc.o(.text) for NVIC_Init
    usart.o(.text) refers to stm32f10x_usart.o(.text) for USART_Init
    usart.o(.text) refers to usart.o(.data) for USART_RX_STA
    usart.o(.text) refers to usart.o(.bss) for USART_RX_BUF
    usart.o(.bss) refers (Special) to use_no_semi_2.o(.text) for __use_no_semihosting
    usart.o(.data) refers (Special) to use_no_semi_2.o(.text) for __use_no_semihosting
    startup_stm32f10x_md.o(STACK) refers (Special) to heapauxi.o(.text) for __use_two_region_memory
    startup_stm32f10x_md.o(HEAP) refers (Special) to heapauxi.o(.text) for __use_two_region_memory
    startup_stm32f10x_md.o(RESET) refers (Special) to heapauxi.o(.text) for __use_two_region_memory
    startup_stm32f10x_md.o(RESET) refers to startup_stm32f10x_md.o(STACK) for __initial_sp
    startup_stm32f10x_md.o(RESET) refers to startup_stm32f10x_md.o(.text) for Reset_Handler
    startup_stm32f10x_md.o(RESET) refers to stm32f10x_it.o(.text) for NMI_Handler
    startup_stm32f10x_md.o(RESET) refers to usart.o(.text) for USART1_IRQHandler
    startup_stm32f10x_md.o(.text) refers (Special) to heapauxi.o(.text) for __use_two_region_memory
    startup_stm32f10x_md.o(.text) refers to system_stm32f10x.o(.text) for SystemInit
    startup_stm32f10x_md.o(.text) refers to __main.o(!!!main) for __main
    startup_stm32f10x_md.o(.text) refers to startup_stm32f10x_md.o(HEAP) for Heap_Mem
    startup_stm32f10x_md.o(.text) refers to startup_stm32f10x_md.o(STACK) for Stack_Mem
    stm32f10x_adc.o(.text) refers to stm32f10x_rcc.o(.text) for RCC_APB2PeriphResetCmd
    stm32f10x_bkp.o(.text) refers to stm32f10x_rcc.o(.text) for RCC_BackupResetCmd
    stm32f10x_can.o(.text) refers to stm32f10x_rcc.o(.text) for RCC_APB1PeriphResetCmd
    stm32f10x_cec.o(.text) refers to stm32f10x_rcc.o(.text) for RCC_APB1PeriphResetCmd
    stm32f10x_dac.o(.text) refers to stm32f10x_rcc.o(.text) for RCC_APB1PeriphResetCmd
    stm32f10x_gpio.o(.text) refers to stm32f10x_rcc.o(.text) for RCC_APB2PeriphResetCmd
    stm32f10x_i2c.o(.text) refers to stm32f10x_rcc.o(.text) for RCC_APB1PeriphResetCmd
    stm32f10x_pwr.o(.text) refers to stm32f10x_rcc.o(.text) for RCC_APB1PeriphResetCmd
    stm32f10x_rcc.o(.text) refers to stm32f10x_rcc.o(.data) for APBAHBPrescTable
    stm32f10x_spi.o(.text) refers to stm32f10x_rcc.o(.text) for RCC_APB2PeriphResetCmd
    stm32f10x_tim.o(.text) refers to stm32f10x_rcc.o(.text) for RCC_APB2PeriphResetCmd
    stm32f10x_usart.o(.text) refers to stm32f10x_rcc.o(.text) for RCC_APB2PeriphResetCmd
    stm32f10x_wwdg.o(.text) refers to stm32f10x_rcc.o(.text) for RCC_APB1PeriphResetCmd
    lcdp0.o(.text) refers to gui_calccolordist.o(.text) for GUI_CalcColorDist
    gui__addspacehex.o(.text) refers to gui_addhex.o(.text) for GUI_AddHex
    gui__calctextrect.o(.text) refers to gui_getstringdistx.o(.text) for GUI_GetStringDistX
    gui__calctextrect.o(.text) refers to guichar.o(.text) for GUI_GetFontDistY
    gui__getfontsizey.o(.text) refers to guicore.o(.bss) for GUI_Context
    gui__getnumchars.o(.text) refers to gui_uc.o(.text) for GUI_UC__GetCharCodeInc
    gui__settext.o(.text) refers to gui__strcmp.o(.text) for GUI__strcmp_hp
    gui__settext.o(.text) refers to gui__strlen.o(.text) for GUI__strlen
    gui__settext.o(.text) refers to guialloc.o(.text) for GUI_ALLOC_AllocNoInit
    gui__settext.o(.text) refers to strcpy.o(.text) for strcpy
    gui__strcmp.o(.text) refers to guialloc.o(.text) for GUI_ALLOC_h2p
    gui__wrap.o(.text) refers to gui_uc.o(.text) for GUI_UC__GetCharCodeInc
    gui__wrap.o(.text) refers to guichar.o(.text) for GUI_GetCharDistX
    gui__wrap.o(.text) refers to guicharline.o(.text) for GUI__GetLineNumChars
    gui_adddec.o(.text) refers to gui_adddecshift.o(.text) for GUI_AddDecShift
    gui_adddecmin.o(.text) refers to gui_adddecshift.o(.text) for GUI_Long2Len
    gui_adddecshift.o(.text) refers to gui_adddecshift.o(.constdata) for GUI_Pow10
    gui_adddecshift.o(.text) refers to guicore.o(.data) for GUI_DecChar
    gui_addhex.o(.text) refers to gui_addhex.o(.constdata) for acHex
    gui_addkeymsghook.o(.text) refers to gui_onkey.o(.data) for GUI_pfKeyMsgHook
[...]
    .constdata                               0x080059fc   Section       16  gui_uc_encodenone.o(.constdata)
    x$fpl$usenofp                            0x080059fc   Section        0  usenofp.o(x$fpl$usenofp)
    .constdata                               0x08005a0c   Section     1844  f6x8.o(.constdata)
    .constdata                               0x08006140   Section     3224  jlx12864g.o(.constdata)
    .constdata                               0x08006dd8   Section        8  _printf_wctomb.o(.constdata)
    initial_mbstate                          0x08006dd8   Data           8  _printf_wctomb.o(.constdata)
    .constdata                               0x08006de0   Section       40  _printf_hex_int_ll_ptr.o(.constdata)
    uc_hextab                                0x08006de0   Data          20  _printf_hex_int_ll_ptr.o(.constdata)
    lc_hextab                                0x08006df4   Data          20  _printf_hex_int_ll_ptr.o(.constdata)
    .constdata                               0x08006e08   Section       17  __printf_flags_ss_wp.o(.constdata)
    maptable                                 0x08006e08   Data          17  __printf_flags_ss_wp.o(.constdata)
    .constdata                               0x08006e1c   Section      148  bigflt0.o(.constdata)
    tenpwrs_x                                0x08006e1c   Data          60  bigflt0.o(.constdata)
    tenpwrs_i                                0x08006e58   Data          64  bigflt0.o(.constdata)
    locale$$data                             0x08006ed0   Section       28  lc_numeric_c.o(locale$$data)
    __lcnum_c_name                           0x08006ed4   Data           2  lc_numeric_c.o(locale$$data)
    __lcnum_c_start                          0x08006edc   Data           0  lc_numeric_c.o(locale$$data)
    __lcnum_c_point                          0x08006ee8   Data           0  lc_numeric_c.o(locale$$data)
    __lcnum_c_thousands                      0x08006eea   Data           0  lc_numeric_c.o(locale$$data)
    __lcnum_c_grouping                       0x08006eeb   Data           0  lc_numeric_c.o(locale$$data)
    locale$$data                             0x08006eec   Section      272  lc_ctype_c.o(locale$$data)
    __lcnum_c_end                            0x08006eec   Data           0  lc_numeric_c.o(locale$$data)
    __lcctype_c_name                         0x08006ef0   Data           2  lc_ctype_c.o(locale$$data)
    __lcctype_c_start                        0x08006ef8   Data           0  lc_ctype_c.o(locale$$data)
    __lcctype_c_end                          0x08006ffc   Data           0  lc_ctype_c.o(locale$$data)
    .data                                    0x20000000   Section       20  system_stm32f10x.o(.data)
    .data                                    0x20000014   Section        4  delay.o(.data)
    fac_us                                   0x20000014   Data           1  delay.o(.data)
    fac_ms                                   0x20000016   Data           2  delay.o(.data)
    .data                                    0x20000018   Section        8  usart.o(.data)
    .data                                    0x20000020   Section       20  stm32f10x_rcc.o(.data)
    APBAHBPrescTable                         0x20000020   Data          16  stm32f10x_rcc.o(.data)
    ADCPrescTable                            0x20000030   Data           4  stm32f10x_rcc.o(.data)
    .data                                    0x20000034   Section       20  gui_onkey.o(.data)
    _KeyMsgCnt                               0x20000034   Data           4  gui_onkey.o(.data)
    _KeyMsg                                  0x20000038   Data           8  gui_onkey.o(.data)
    _Key                                     0x20000040   Data           4  gui_onkey.o(.data)
    .data                                    0x20000048   Section        1  guialloc.o(.data)
    IsInitialized                            0x20000048   Data           1  guialloc.o(.data)
    .data                                    0x2000004c   Section       20  guicore.o(.data)
    .data                                    0x20000060   Section        4  gui_x.o(.data)
    .data                                    0x20000064   Section       49  wm.o(.data)
    NextDrawWin                              0x20000092   Data           2  wm.o(.data)
    _IsInited                                0x20000094   Data           1  wm.o(.data)
    .data                                    0x20000098   Section       16  wmtouch.o(.data)
    .data                                    0x200000a8   Section        2  jlx12864g.o(.data)
    page                                     0x200000a8   Data           1  jlx12864g.o(.data)
    col                                      0x200000a9   Data           1  jlx12864g.o(.data)
    .bss                                     0x200000ac   Section       64  usart.o(.bss)
    .bss                                     0x200000ec   Section     5968  guialloc.o(.bss)
    aBlock                                   0x20001474   Data         948  guialloc.o(.bss)
    .bss                                     0x2000183c   Section       72  guicore.o(.bss)
    .bss                                     0x20001884   Section      256  lcdcolor.o(.bss)
    .bss                                     0x20001984   Section       36  wm.o(.bss)
    _ClipContext                             0x20001990   Data          24  wm.o(.bss)
    .bss                                     0x200019a8   Section     1024  jlx12864g.o(.bss)
    .bss                                     0x20001da8   Section       96  libspace.o(.bss)
    HEAP                                     0x20001e08   Section      512  startup_stm32f10x_md.o(HEAP)
    Heap_Mem                                 0x20001e08   Data         512  startup_stm32f10x_md.o(HEAP)
    STACK                                    0x20002008   Section     1024  startup_stm32f10x_md.o(STACK)
    Stack_Mem                                0x20002008   Data        1024  startup_stm32f10x_md.o(STACK)
    __initial_sp                             0x20002408   Data           0  startup_stm32f10x_md.o(STACK)

    Global Symbols

    Symbol Name                              Value     Ov Type        Size  Object(Section)

    BuildAttributes$$THM_ISAv4$P$D$K$B$S$PE$A:L22UL41UL21$X:L11$S22US41US21$IEEE1$IW$USESV6$~STKCKD$USESV7$~SHL$OTIME$ROPI$IEEEX$EBA8$UX$STANDARDLIB$REQ8$PRES8$EABIv2 0x00000000   Number         0  anon$$obj.o ABSOLUTE
    __ARM_use_no_argv                        0x00000000   Number         0  main.o ABSOLUTE
    _printf_flags                            0x00000000   Number         0  printf_stubs.o ABSOLUTE
    _printf_return_value                     0x00000000   Number         0  printf_stubs.o ABSOLUTE
    _printf_sizespec                         0x00000000   Number         0  printf_stubs.o ABSOLUTE
    _printf_widthprec                        0x00000000   Number         0  printf_stubs.o ABSOLUTE
    __ARM_exceptions_init                     - Undefined Weak Reference
    __alloca_initialize                       - Undefined Weak Reference
    __cpp_initialize__aeabi_                  - Undefined Weak Reference
    __cxa_finalize                            - Undefined Weak Reference
    __sigvec_lookup                           - Undefined Weak Reference
    _atexit_init                              - Undefined Weak Reference
    _call_atexit_fns                          - Undefined Weak Reference
    _clock_init                               - Undefined Weak Reference
    _fp_trap_init                             - Undefined Weak Reference
    _fp_trap_shutdown                         - Undefined Weak Reference
    _get_lc_collate                           - Undefined Weak Reference
    _get_lc_monetary                          - Undefined Weak Reference
    _get_lc_time                              - Undefined Weak Reference
    _getenv_init                              - Undefined Weak Reference
    _handle_redirection                       - Undefined Weak Reference
    _init_alloc                               - Undefined Weak Reference
    _init_user_alloc                          - Undefined Weak Reference
    _initio                                   - Undefined Weak Reference
    _printf_fp_hex                            - Undefined Weak Reference
    _printf_mbtowc                            - Undefined Weak Reference
    _printf_wc                                - Undefined Weak Reference
    _rand_init                                - Undefined Weak Reference
    _signal_finish                            - Undefined Weak Reference
    _signal_init                              - Undefined Weak Reference
    _terminate_alloc                          - Undefined Weak Reference
    _terminate_user_alloc                     - Undefined Weak Reference
    _terminateio                              - Undefined Weak Reference
    __Vectors_Size                           0x000000ec   Number         0  startup_stm32f10x_md.o ABSOLUTE
    __Vectors                                0x08000000   Data           4  startup_stm32f10x_md.o(RESET)
    __Vectors_End                            0x080000ec   Data           0  startup_stm32f10x_md.o(RESET)
    __main                                   0x080000ed   Thumb Code     8  __main.o(!!!main)
    __scatterload                            0x080000f5   Thumb Code     0  __scatter.o(!!!scatter)
    __scatterload_rt2                        0x080000f5   Thumb Code    44  __scatter.o(!!!scatter)
    __scatterload_rt2_thumb_only             0x080000f5   Thumb Code     0  __scatter.o(!!!scatter)
    __scatterload_null                       0x08000103   Thumb Code     0  __scatter.o(!!!scatter)
    __scatterload_copy                       0x08000129   Thumb Code    26  __scatter_copy.o(!!handler_copy)
    __scatterload_zeroinit                   0x08000145   Thumb Code    28  __scatter_zi.o(!!handler_zi)
    _printf_n                                0x08000161   Thumb Code     0  _printf_n.o(.ARM.Collect$$_printf_percent$$00000001)
    _printf_percent                          0x08000161   Thumb Code     0  _printf_percent.o(.ARM.Collect$$_printf_percent$$00000000)
    _printf_p                                0x08000167   Thumb Code     0  _printf_p.o(.ARM.Collect$$_printf_percent$$00000002)
    _printf_f                                0x0800016d   Thumb Code     0  _printf_f.o(.ARM.Collect$$_printf_percent$$00000003)
    _printf_e                                0x08000173   Thumb Code     0  _printf_e.o(.ARM.Collect$$_printf_percent$$00000004)
    _printf_g                                0x08000179   Thumb Code     0  _printf_g.o(.ARM.Collect$$_printf_percent$$00000005)
    _printf_a                                0x0800017f   Thumb Code     0  _printf_a.o(.ARM.Collect$$_printf_percent$$00000006)
    _printf_ll                               0x08000185   Thumb Code     0  _printf_ll.o(.ARM.Collect$$_printf_percent$$00000007)
    _printf_i                                0x0800018f   Thumb Code     0  _printf_i.o(.ARM.Collect$$_printf_percent$$00000008)
    _printf_d                                0x08000195   Thumb Code     0  _printf_d.o(.ARM.Collect$$_printf_percent$$00000009)
    _printf_u                                0x0800019b   Thumb Code     0  _printf_u.o(.ARM.Collect$$_printf_percent$$0000000A)
    _printf_o                                0x080001a1   Thumb Code     0  _printf_o.o(.ARM.Collect$$_printf_percent$$0000000B)
    _printf_x                                0x080001a7   Thumb Code     0  _printf_x.o(.ARM.Collect$$_printf_percent$$0000000C)
    _printf_lli                              0x080001ad   Thumb Code     0  _printf_lli.o(.ARM.Collect$$_printf_percent$$0000000D)
    _printf_lld                              0x080001b3   Thumb Code     0  _printf_lld.o(.ARM.Collect$$_printf_percent$$0000000E)
    _printf_llu                              0x080001b9   Thumb Code     0  _printf_llu.o(.ARM.Collect$$_printf_percent$$0000000F)
    _printf_llo                              0x080001bf   Thumb Code     0  _printf_llo.o(.ARM.Collect$$_printf_percent$$00000010)
    _printf_llx                              0x080001c5   Thumb Code     0  _printf_llx.o(.ARM.Collect$$_printf_percent$$00000011)
    _printf_l                                0x080001cb   Thumb Code     0  _printf_l.o(.ARM.Collect$$_printf_percent$$00000012)
    _printf_c                                0x080001d5   Thumb Code     0  _printf_c.o(.ARM.Collect$$_printf_percent$$00000013)
    _printf_s                                0x080001db   Thumb Code     0  _printf_s.o(.ARM.Collect$$_printf_percent$$00000014)
    _printf_lc                               0x080001e1   Thumb Code     0  _printf_lc.o(.ARM.Collect$$_printf_percent$$00000015)
    _printf_ls                               0x080001e7   Thumb Code     0  _printf_ls.o(.ARM.Collect$$_printf_percent$$00000016)
    _printf_percent_end                      0x080001ed   Thumb Code     0  _printf_percent_end.o(.ARM.Collect$$_printf_percent$$00000017)
    __rt_lib_init                            0x080001f1   Thumb Code     0  libinit.o(.ARM.Collect$$libinit$$00000000)
    __rt_lib_init_fp_1                       0x080001f3   Thumb Code     0  libinit2.o(.ARM.Collect$$libinit$$00000002)
    __rt_lib_init_heap_1                     0x080001f3   Thumb Code     0  libinit2.o(.ARM.Collect$$libinit$$00000008)
    __rt_lib_init_lc_common                  0x080001f3   Thumb Code     0  libinit2.o(.ARM.Collect$$libinit$$0000000D)
    __rt_lib_init_rand_1                     0x080001f3   Thumb Code     0  libinit2.o(.ARM.Collect$$libinit$$0000000C)
    __rt_lib_init_user_alloc_1               0x080001f3   Thumb Code     0  libinit2.o(.ARM.Collect$$libinit$$0000000A)
    __rt_lib_init_lc_collate_1               0x080001f9   Thumb Code     0  libinit2.o(.ARM.Collect$$libinit$$0000000F)
    __rt_lib_init_lc_ctype_2                 0x080001f9   Thumb Code     0  libinit2.o(.ARM.Collect$$libinit$$00000010)
    __rt_lib_init_lc_ctype_1                 0x08000205   Thumb Code     0  libinit2.o(.ARM.Collect$$libinit$$00000011)
    __rt_lib_init_lc_monetary_1              0x08000205   Thumb Code     0  libinit2.o(.ARM.Collect$$libinit$$00000013)
    __rt_lib_init_lc_numeric_2               0x08000205   Thumb Code     0  libinit2.o(.ARM.Collect$$libinit$$00000014)
    __rt_lib_init_alloca_1                   0x0800020f   Thumb Code     0  libinit2.o(.ARM.Collect$$libinit$$0000002C)
    __rt_lib_init_argv_1                     0x0800020f   Thumb Code     0  libinit2.o(.ARM.Collect$$libinit$$0000002A)
    __rt_lib_init_atexit_1                   0x0800020f   Thumb Code     0  libinit2.o(.ARM.Collect$$libinit$$00000019)
    __rt_lib_init_clock_1                    0x0800020f   Thumb Code     0  libinit2.o(.ARM.Collect$$libinit$$0000001F)
    __rt_lib_init_cpp_1                      0x0800020f   Thumb Code     0  libinit2.o(.ARM.Collect$$libinit$$00000030)
    __rt_lib_init_exceptions_1               0x0800020f   Thumb Code     0  libinit2.o(.ARM.Collect$$libinit$$0000002E)
    __rt_lib_init_fp_trap_1                  0x0800020f   Thumb Code     0  libinit2.o(.ARM.Collect$$libinit$$0000001D)
    __rt_lib_init_getenv_1                   0x0800020f   Thumb Code     0  libinit2.o(.ARM.Collect$$libinit$$00000021)
    __rt_lib_init_lc_numeric_1               0x0800020f   Thumb Code     0  libinit2.o(.ARM.Collect$$libinit$$00000015)
    __rt_lib_init_lc_time_1                  0x0800020f   Thumb Code     0  libinit2.o(.ARM.Collect$$libinit$$00000017)
    __rt_lib_init_return                     0x0800020f   Thumb Code     0  libinit2.o(.ARM.Collect$$libinit$$00000031)
    __rt_lib_init_signal_1                   0x0800020f   Thumb Code     0  libinit2.o(.ARM.Collect$$libinit$$0000001B)
    __rt_lib_init_stdio_1                    0x0800020f   Thumb Code     0  libinit2.o(.ARM.Collect$$libinit$$00000023)
    __rt_lib_shutdown                        0x08000211   Thumb Code     0  libshutdown.o(.ARM.Collect$$libshutdown$$00000000)
    __rt_lib_shutdown_fp_trap_1              0x08000213   Thumb Code     0  libshutdown2.o(.ARM.Collect$$libshutdown$$00000006)
    __rt_lib_shutdown_heap_1                 0x08000213   Thumb Code     0  libshutdown2.o(.ARM.Collect$$libshutdown$$0000000E)
    __rt_lib_shutdown_return                 0x08000213   Thumb Code     0  libshutdown2.o(.ARM.Collect$$libshutdown$$0000000F)
    __rt_lib_shutdown_signal_1               0x08000213   Thumb Code     0  libshutdown2.o(.ARM.Collect$$libshutdown$$00000009)
    __rt_lib_shutdown_stdio_1                0x08000213   Thumb Code     0  libshutdown2.o(.ARM.Collect$$libshutdown$$00000003)
    __rt_lib_shutdown_user_alloc_1           0x08000213   Thumb Code     0  libshutdown2.o(.ARM.Collect$$libshutdown$$0000000B)
    __rt_entry                               0x08000215   Thumb Code     0  rtentry.o(.ARM.Collect$$rtentry$$00000000)
    __rt_entry_presh_1                       0x08000215   Thumb Code     0  rtentry2.o(.ARM.Collect$$rtentry$$00000002)
    __rt_entry_sh                            0x08000215   Thumb Code     0  rtentry4.o(.ARM.Collect$$rtentry$$00000004)
    __rt_entry_li                            0x0800021b   Thumb Code     0  rtentry2.o(.ARM.Collect$$rtentry$$0000000A)
    __rt_entry_postsh_1                      0x0800021b   Thumb Code     0  rtentry2.o(.ARM.Collect$$rtentry$$00000009)
    __rt_entry_main                          0x0800021f   Thumb Code     0  rtentry2.o(.ARM.Collect$$rtentry$$0000000D)
    __rt_entry_postli_1                      0x0800021f   Thumb Code     0  rtentry2.o(.ARM.Collect$$rtentry$$0000000C)
    __rt_exit                                0x08000227   Thumb Code     0  rtexit.o(.ARM.Collect$$rtexit$$00000000)
    __rt_exit_ls                             0x08000229   Thumb Code     0  rtexit2.o(.ARM.Collect$$rtexit$$00000003)
    __rt_exit_prels_1                        0x08000229   Thumb Code     0  rtexit2.o(.ARM.Collect$$rtexit$$00000002)
    __rt_exit_exit                           0x0800022d   Thumb Code     0  rtexit2.o(.ARM.Collect$$rtexit$$00000004)
    main                                     0x08000233   Thumb Code    40  main.o(.text)
    NMI_Handler                              0x0800025b   Thumb Code     2  stm32f10x_it.o(.text)
    HardFault_Handler                        0x0800025d   Thumb Code     4  stm32f10x_it.o(.text)
    MemManage_Handler                        0x08000261   Thumb Code     4  stm32f10x_it.o(.text)
    BusFault_Handler                         0x08000265   Thumb Code     4  stm32f10x_it.o(.text)
    UsageFault_Handler                       0x08000269   Thumb Code     4  stm32f10x_it.o(.text)
    SVC_Handler                              0x0800026d   Thumb Code     2  stm32f10x_it.o(.text)
    DebugMon_Handler                         0x0800026f   Thumb Code     2  stm32f10x_it.o(.text)
    PendSV_Handler                           0x08000271   Thumb Code     2  stm32f10x_it.o(.text)
    SysTick_Handler                          0x08000273   Thumb Code     2  stm32f10x_it.o(.text)
    SystemInit                               0x08000351   Thumb Code    78  system_stm32f10x.o(.text)
    SystemCoreClockUpdate                    0x0800039f   Thumb Code   142  system_stm32f10x.o(.text)
    delay_init                               0x08000451   Thumb Code    52  delay.o(.text)
    delay_ms                                 0x08000485   Thumb Code    54  delay.o(.text)
    delay_us                                 0x080004bb   Thumb Code    54  delay.o(.text)
    _sys_exit                                0x080004f9   Thumb Code     6  usart.o(.text)
    fputc                                    0x080004ff   Thumb Code    22  usart.o(.text)
    uart_init                                0x08000515   Thumb Code   152  usart.o(.text)
    USART1_IRQHandler                        0x080005ad   Thumb Code   122  usart.o(.text)
    Reset_Handler                            0x08000639   Thumb Code     8  startup_stm32f10x_md.o(.text)
    ADC1_2_IRQHandler                        0x08000653   Thumb Code     0  startup_stm32f10x_md.o(.text)
    CAN1_RX1_IRQHandler                      0x08000653   Thumb Code     0  startup_stm32f10x_md.o(.text)
    CAN1_SCE_IRQHandler                      0x08000653   Thumb Code     0  startup_stm32f10x_md.o(.text)
    DMA1_Channel1_IRQHandler                 0x08000653   Thumb Code     0  startup_stm32f10x_md.o(.text)
    DMA1_Channel2_IRQHandler                 0x08000653   Thumb Code     0  startup_stm32f10x_md.o(.text)
    DMA1_Channel3_IRQHandler                 0x08000653   Thumb Code     0  startup_stm32f10x_md.o(.text)
    DMA1_Channel4_IRQHandler                 0x08000653   Thumb Code     0  startup_stm32f10x_md.o(.text)
    DMA1_Channel5_IRQHandler                 0x08000653   Thumb Code     0  startup_stm32f10x_md.o(.text)
    DMA1_Channel6_IRQHandler                 0x08000653   Thumb Code     0  startup_stm32f10x_md.o(.text)
    DMA1_Channel7_IRQHandler                 0x08000653   Thumb Code     0  startup_stm32f10x_md.o(.text)
    EXTI0_IRQHandler                         0x08000653   Thumb Code     0  startup_stm32f10x_md.o(.text)
    EXTI15_10_IRQHandler                     0x08000653   Thumb Code     0  startup_stm32f10x_md.o(.text)
    EXTI1_IRQHandler                         0x08000653   Thumb Code     0  startup_stm32f10x_md.o(.text)
    EXTI2_IRQHandler                         0x08000653   Thumb Code     0  startup_stm32f10x_md.o(.text)
    EXTI3_IRQHandler                         0x08000653   Thumb Code     0  startup_stm32f10x_md.o(.text)
    EXTI4_IRQHandler                         0x08000653   Thumb Code     0  startup_stm32f10x_md.o(.text)
    EXTI9_5_IRQHandler                       0x08000653   Thumb Code     0  startup_stm32f10x_md.o(.text)
    FLASH_IRQHandler                         0x08000653   Thumb Code     0  startup_stm32f10x_md.o(.text)
    I2C1_ER_IRQHandler                       0x08000653   Thumb Code     0  startup_stm32f10x_md.o(.text)
    I2C1_EV_IRQHandler                       0x08000653   Thumb Code     0  startup_stm32f10x_md.o(.text)
    I2C2_ER_IRQHandler                       0x08000653   Thumb Code     0  startup_stm32f10x_md.o(.text)
    I2C2_EV_IRQHandler                       0x08000653   Thumb Code     0  startup_stm32f10x_md.o(.text)
    PVD_IRQHandler                           0x08000653   Thumb Code     0  startup_stm32f10x_md.o(.text)
    RCC_IRQHandler                           0x08000653   Thumb Code     0  startup_stm32f10x_md.o(.text)
    RTCAlarm_IRQHandler                      0x08000653   Thumb Code     0  startup_stm32f10x_md.o(.text)
    RTC_IRQHandler                           0x08000653   Thumb Code     0  startup_stm32f10x_md.o(.text)
    SPI1_IRQHandler                          0x08000653   Thumb Code     0  startup_stm32f10x_md.o(.text)
    SPI2_IRQHandler                          0x08000653   Thumb Code     0  startup_stm32f10x_md.o(.text)
    TAMPER_IRQHandler                        0x08000653   Thumb Code     0  startup_stm32f10x_md.o(.text)
    TIM1_BRK_IRQHandler                      0x08000653   Thumb Code     0  startup_stm32f10x_md.o(.text)
    TIM1_CC_IRQHandler                       0x08000653   Thumb Code     0  startup_stm32f10x_md.o(.text)
    TIM1_TRG_COM_IRQHandler                  0x08000653   Thumb Code     0  startup_stm32f10x_md.o(.text)
    TIM1_UP_IRQHandler                       0x08000653   Thumb Code     0  startup_stm32f10x_md.o(.text)
    TIM2_IRQHandler                          0x08000653   Thumb Code     0  startup_stm32f10x_md.o(.text)
    TIM3_IRQHandler                          0x08000653   Thumb Code     0  startup_stm32f10x_md.o(.text)
    TIM4_IRQHandler                          0x08000653   Thumb Code     0  startup_stm32f10x_md.o(.text)
    USART2_IRQHandler                        0x08000653   Thumb Code     0  startup_stm32f10x_md.o(.text)
    USART3_IRQHandler                        0x08000653   Thumb Code     0  startup_stm32f10x_md.o(.text)
    USBWakeUp_IRQHandler                     0x08000653   Thumb Code     0  startup_stm32f10x_md.o(.text)
    USB_HP_CAN1_TX_IRQHandler                0x08000653   Thumb Code     0  startup_stm32f10x_md.o(.text)
    USB_LP_CAN1_RX0_IRQHandler               0x08000653   Thumb Code     0  startup_stm32f10x_md.o(.text)
    WWDG_IRQHandler                          0x08000653   Thumb Code     0  startup_stm32f10x_md.o(.text)
    __user_initial_stackheap                 0x08000655   Thumb Code     0  startup_stm32f10x_md.o(.text)
    NVIC_PriorityGroupConfig                 0x08000679   Thumb Code    10  misc.o(.text)
    NVIC_Init                                0x08000683   Thumb Code   102  misc.o(.text)
    NVIC_SetVectorTable                      0x080006e9   Thumb Code    14  misc.o(.text)
    NVIC_SystemLPConfig                      0x080006f7   Thumb Code    34  misc.o(.text)
    SysTick_CLKSourceConfig                  0x08000719   Thumb Code    40  misc.o(.text)
    GPIO_DeInit                              0x08000755   Thumb Code   172  stm32f10x_gpio.o(.text)
    GPIO_AFIODeInit                          0x08000801   Thumb Code    20  stm32f10x_gpio.o(.text)
    GPIO_Init                                0x08000815   Thumb Code   274  stm32f10x_gpio.o(.text)
    GPIO_StructInit                          0x08000927   Thumb Code    16  stm32f10x_gpio.o(.text)
    GPIO_ReadInputDataBit                    0x08000937   Thumb Code    18  stm32f10x_gpio.o(.text)
    GPIO_ReadInputData                       0x08000949   Thumb Code     8  stm32f10x_gpio.o(.text)
    GPIO_ReadOutputDataBit                   0x08000951   Thumb Code    18  stm32f10x_gpio.o(.text)
    GPIO_ReadOutputData                      0x08000963   Thumb Code     8  stm32f10x_gpio.o(.text)
    GPIO_SetBits                             0x0800096b   Thumb Code     4  stm32f10x_gpio.o(.text)
    GPIO_ResetBits                           0x0800096f   Thumb Code     4  stm32f10x_gpio.o(.text)
    GPIO_WriteBit                            0x08000973   Thumb Code    10  stm32f10x_gpio.o(.text)
    GPIO_Write                               0x0800097d   Thumb Code     4  stm32f10x_gpio.o(.text)
    GPIO_PinLockConfig                       0x08000981   Thumb Code    18  stm32f10x_gpio.o(.text)
    GPIO_EventOutputConfig                   0x08000993   Thumb Code    26  stm32f10x_gpio.o(.text)
    GPIO_EventOutputCmd                      0x080009ad   Thumb Code     6  stm32f10x_gpio.o(.text)
    GPIO_PinRemapConfig                      0x080009b3   Thumb Code   138  stm32f10x_gpio.o(.text)
    GPIO_EXTILineConfig                      0x08000a3d   Thumb Code    66  stm32f10x_gpio.o(.text)
    GPIO_ETH_MediaInterfaceConfig            0x08000a7f   Thumb Code     6  stm32f10x_gpio.o(.text)
    RCC_DeInit                               0x08000aad   Thumb Code    64  stm32f10x_rcc.o(.text)
    RCC_HSEConfig                            0x08000aed   Thumb Code    70  stm32f10x_rcc.o(.text)
    RCC_GetFlagStatus                        0x08000b33   Thumb Code    56  stm32f10x_rcc.o(.text)
    RCC_WaitForHSEStartUp                    0x08000b6b   Thumb Code    56  stm32f10x_rcc.o(.text)
    RCC_AdjustHSICalibrationValue            0x08000ba3   Thumb Code    20  stm32f10x_rcc.o(.text)
    RCC_HSICmd                               0x08000bb7   Thumb Code     6  stm32f10x_rcc.o(.text)
    RCC_PLLConfig                            0x08000bbd   Thumb Code    24  stm32f10x_rcc.o(.text)
    RCC_PLLCmd                               0x08000bd5   Thumb Code     6  stm32f10x_rcc.o(.text)
    RCC_SYSCLKConfig                         0x08000bdb   Thumb Code    18  stm32f10x_rcc.o(.text)
    RCC_GetSYSCLKSource                      0x08000bed   Thumb Code    10  stm32f10x_rcc.o(.text)
    RCC_HCLKConfig                           0x08000bf7   Thumb Code    18  stm32f10x_rcc.o(.text)
    RCC_PCLK1Config                          0x08000c09   Thumb Code    18  stm32f10x_rcc.o(.text)
    RCC_PCLK2Config                          0x08000c1b   Thumb Code    20  stm32f10x_rcc.o(.text)
    RCC_ITConfig                             0x08000c2f   Thumb Code    26  stm32f10x_rcc.o(.text)
    RCC_USBCLKConfig                         0x08000c49   Thumb Code     6  stm32f10x_rcc.o(.text)
    RCC_ADCCLKConfig                         0x08000c4f   Thumb Code    18  stm32f10x_rcc.o(.text)
    RCC_LSEConfig                            0x08000c61   Thumb Code    44  stm32f10x_rcc.o(.text)
    RCC_LSICmd                               0x08000c8d   Thumb Code     6  stm32f10x_rcc.o(.text)
    RCC_RTCCLKConfig                         0x08000c93   Thumb Code    12  stm32f10x_rcc.o(.text)
    RCC_RTCCLKCmd                            0x08000c9f   Thumb Code     8  stm32f10x_rcc.o(.text)
    RCC_GetClocksFreq                        0x08000ca7   Thumb Code   192  stm32f10x_rcc.o(.text)
    RCC_AHBPeriphClockCmd                    0x08000d67   Thumb Code    26  stm32f10x_rcc.o(.text)
    RCC_APB2PeriphClockCmd                   0x08000d81   Thumb Code    26  stm32f10x_rcc.o(.text)
    RCC_APB1PeriphClockCmd                   0x08000d9b   Thumb Code    26  stm32f10x_rcc.o(.text)
    RCC_APB2PeriphResetCmd                   0x08000db5   Thumb Code    26  stm32f10x_rcc.o(.text)
    RCC_APB1PeriphResetCmd                   0x08000dcf   Thumb Code    26  stm32f10x_rcc.o(.text)
    RCC_BackupResetCmd                       0x08000de9   Thumb Code     8  stm32f10x_rcc.o(.text)
    RCC_ClockSecuritySystemCmd               0x08000df1   Thumb Code     6  stm32f10x_rcc.o(.text)
    RCC_MCOConfig                            0x08000df7   Thumb Code     6  stm32f10x_rcc.o(.text)
    RCC_ClearFlag                            0x08000dfd   Thumb Code    14  stm32f10x_rcc.o(.text)
    RCC_GetITStatus                          0x08000e0b   Thumb Code    20  stm32f10x_rcc.o(.text)
    RCC_ClearITPendingBit                    0x08000e1f   Thumb Code     6  stm32f10x_rcc.o(.text)
    USART_DeInit                             0x08000e51   Thumb Code   134  stm32f10x_usart.o(.text)
    USART_Init                               0x08000ed7   Thumb Code   210  stm32f10x_usart.o(.text)
    USART_StructInit                         0x08000fa9   Thumb Code    24  stm32f10x_usart.o(.text)
    USART_ClockInit                          0x08000fc1   Thumb Code    34  stm32f10x_usart.o(.text)
    USART_ClockStructInit                    0x08000fe3   Thumb Code    12  stm32f10x_usart.o(.text)
    USART_Cmd                                0x08000fef   Thumb Code    24  stm32f10x_usart.o(.text)
    USART_ITConfig                           0x08001007   Thumb Code    74  stm32f10x_usart.o(.text)
    USART_DMACmd                             0x08001051   Thumb Code    18  stm32f10x_usart.o(.text)
    USART_SetAddress                         0x08001063   Thumb Code    18  stm32f10x_usart.o(.text)
    USART_WakeUpConfig                       0x08001075   Thumb Code    18  stm32f10x_usart.o(.text)
    USART_ReceiverWakeUpCmd                  0x08001087   Thumb Code    24  stm32f10x_usart.o(.text)
    USART_LINBreakDetectLengthConfig         0x0800109f   Thumb Code    18  stm32f10x_usart.o(.text)
    USART_LINCmd                             0x080010b1   Thumb Code    24  stm32f10x_usart.o(.text)
    USART_SendData                           0x080010c9   Thumb Code     8  stm32f10x_usart.o(.text)
    USART_ReceiveData                        0x080010d1   Thumb Code    10  stm32f10x_usart.o(.text)
    USART_SendBreak                          0x080010db   Thumb Code    10  stm32f10x_usart.o(.text)
    USART_SetGuardTime                       0x080010e5   Thumb Code    16  stm32f10x_usart.o(.text)
    USART_SetPrescaler                       0x080010f5   Thumb Code    16  stm32f10x_usart.o(.text)
    USART_SmartCardCmd                       0x08001105   Thumb Code    24  stm32f10x_usart.o(.text)
    USART_SmartCardNACKCmd                   0x0800111d   Thumb Code    24  stm32f10x_usart.o(.text)
    USART_HalfDuplexCmd                      0x08001135   Thumb Code    24  stm32f10x_usart.o(.text)
    USART_OverSampling8Cmd                   0x0800114d   Thumb Code    22  stm32f10x_usart.o(.text)
    USART_OneBitMethodCmd                    0x08001163   Thumb Code    24  stm32f10x_usart.o(.text)
    USART_IrDAConfig                         0x0800117b   Thumb Code    18  stm32f10x_usart.o(.text)
    USART_IrDACmd                            0x0800118d   Thumb Code    24  stm32f10x_usart.o(.text)
    USART_GetFlagStatus                      0x080011a5   Thumb Code    26  stm32f10x_usart.o(.text)
    USART_ClearFlag                          0x080011bf   Thumb Code    18  stm32f10x_usart.o(.text)
    USART_GetITStatus                        0x080011d1   Thumb Code    84  stm32f10x_usart.o(.text)
    USART_ClearITPendingBit                  0x08001225   Thumb Code    52  stm32f10x_usart.o(.text)
    LCD_Color2Index_M565                     0x08001259   Thumb Code    26  lcdpm565.o(.text)
    LCD_GetIndexMask_M565                    0x08001273   Thumb Code     6  lcdpm565.o(.text)
    GUI__IntersectRect                       0x08001279   Thumb Code    66  gui__intersectrect.o(.text)
    GUI__IntersectRects                      0x080012bb   Thumb Code   136  gui__intersectrects.o(.text)
    GUI__memset                              0x08001343   Thumb Code    84  gui__memset.o(.text)
    GUI_ALLOC_AllocZero                      0x08001397   Thumb Code    34  gui_alloc_alloczero.o(.text)
    GUI_Exec1                                0x080013b9   Thumb Code    32  gui_exec.o(.text)
    GUI_Exec                                 0x080013d9   Thumb Code    20  gui_exec.o(.text)
    GUI_GotoY                                0x08001409   Thumb Code    16  gui_goto.o(.text)
    GUI_GotoX                                0x08001419   Thumb Code    16  gui_goto.o(.text)
    GUI_GotoXY                               0x08001429   Thumb Code    26  gui_goto.o(.text)
    GUI_MergeRect                            0x08001449   Thumb Code   130  gui_mergerect.o(.text)
    GUI_MoveRect                             0x080014cb   Thumb Code    36  gui_moverect.o(.text)
    GUI_GetKey                               0x080014f1   Thumb Code    12  gui_onkey.o(.text)
    GUI_StoreKey                             0x080014fd   Thumb Code    12  gui_onkey.o(.text)
    GUI_ClearKeyBuffer                       0x08001509   Thumb Code    14  gui_onkey.o(.text)
    GUI_StoreKeyMsg                          0x08001517   Thumb Code    14  gui_onkey.o(.text)
    GUI_PollKeyMsg                           0x08001525   Thumb Code    54  gui_onkey.o(.text)
    GUI_SendKeyMsg                           0x0800155b   Thumb Code    26  gui_onkey.o(.text)
    GUI_GetPenSize                           0x08001581   Thumb Code     6  gui_pen.o(.text)
    GUI_GetPenShape                          0x08001587   Thumb Code     6  gui_pen.o(.text)
    GUI_SetPenSize                           0x0800158d   Thumb Code    10  gui_pen.o(.text)
    GUI_SetPenShape                          0x08001597   Thumb Code    10  gui_pen.o(.text)
    GUI_RectsIntersect                       0x080015a5   Thumb Code    58  gui_rectsintersect.o(.text)
    GUI_SaveContext_W                        0x080015e1   Thumb Code    16  gui_savecontext.o(.text)
    GUI_RestoreContext                       0x080015f1   Thumb Code    16  gui_savecontext.o(.text)
    GUI_SetBkColor                           0x08001605   Thumb Code    12  gui_setcolor.o(.text)
    GUI_SetColor                             0x08001611   Thumb Code    12  gui_setcolor.o(.text)
    GL_SetDefault                            0x0800161d   Thumb Code    54  gui_setdefault.o(.text)
    GUI_SetDefault                           0x08001653   Thumb Code     8  gui_setdefault.o(.text)
    GUI_SetDrawMode                          0x08001661   Thumb Code    16  gui_setdrawmode.o(.text)
    GUI_SetFont                              0x08001671   Thumb Code    12  gui_setfont.o(.text)
    GUI_SetLineStyle                         0x08001681   Thumb Code    10  gui_setlinestyle.o(.text)
    GUI_SetTextAlign                         0x08001691   Thumb Code    16  gui_settextalign.o(.text)
    GUI_SetTextMode                          0x080016a5   Thumb Code    16  gui_settextmode.o(.text)
    GUI_UC_SetEncodeNone                     0x080016d7   Thumb Code     8  gui_uc_encodenone.o(.text)
    GUI_ALLOC_Init                           0x080018ff   Thumb Code    42  guialloc.o(.text)
    GUI_ALLOC_AllocNoInit                    0x08001a37   Thumb Code    22  guialloc.o(.text)
    GUI_ALLOC_h2p                            0x08001a4d   Thumb Code    24  guialloc.o(.text)
    GUI_ALLOC_GetNumFreeBytes                0x08001a65   Thumb Code    14  guialloc.o(.text)
    GUI_ALLOC_GetMaxSize                     0x08001a73   Thumb Code   134  guialloc.o(.text)
    GUI_ALLOC_GetSize                        0x08001af9   Thumb Code    18  guialloc.o(.text)
    GUI_ALLOC_Free                           0x08001b0b   Thumb Code    18  guialloc.o(.text)
    GUI_ALLOC_FreePtr                        0x08001b1d   Thumb Code    18  guialloc.o(.text)
    GUIMONO_DispChar                         0x08001b31   Thumb Code   388  guicharm.o(.text)
    GUIMONO_GetCharDistX                     0x08001cb5   Thumb Code    22  guicharm.o(.text)
    GUIMONO_GetFontInfo                      0x08001ccb   Thumb Code     8  guicharm.o(.text)
    GUIMONO_IsInFont                         0x08001cd3   Thumb Code    48  guicharm.o(.text)
    GUI_ClearRect                            0x08001d45   Thumb Code   116  guicore.o(.text)
    GUI_Clear                                0x08001db9   Thumb Code    26  guicore.o(.text)
    GUI_Init                                 0x08001dd3   Thumb Code    34  guicore.o(.text)
    GUI_GetTime                              0x08001e05   Thumb Code     8  guitime.o(.text)
    GUI_Delay                                0x08001e0d   Thumb Code    54  guitime.o(.text)
    LCD_SetColorIndex                        0x08001e59   Thumb Code    16  lcd.o(.text)
    LCD_SetBkColorIndex                      0x08001e69   Thumb Code    16  lcd.o(.text)
    LCD_SetDrawMode                          0x08001e79   Thumb Code    40  lcd.o(.text)
    LCD_DrawPixel                            0x08001ea1   Thumb Code    90  lcd.o(.text)
    LCD_DrawHLine                            0x08001efb   Thumb Code    84  lcd.o(.text)
    LCD_FillRect                             0x08001f4f   Thumb Code   106  lcd.o(.text)
    LCD_DrawBitmap                           0x08001fb9   Thumb Code   556  lcd.o(.text)
    LCD_SetClipRectMax                       0x080021e5   Thumb Code    12  lcd.o(.text)
    LCD_Init                                 0x080021f1   Thumb Code    60  lcd.o(.text)
    LCD_Color2Index                          0x0800222d   Thumb Code    12  lcd.o(.text)
    LCD_Index2Color                          0x08002239   Thumb Code    12  lcd.o(.text)
    LCD_SetBkColor                           0x08002245   Thumb Code    30  lcd.o(.text)
    LCD_SetColor                             0x08002263   Thumb Code    30  lcd.o(.text)
    LCD_L0_Color2Index                       0x08002285   Thumb Code    16  lcd_l0_generic.o(.text)
    LCD_L0_Index2Color                       0x08002295   Thumb Code    12  lcd_l0_generic.o(.text)
    LCD_L0_GetIndexMask                      0x080022a1   Thumb Code     8  lcd_l0_generic.o(.text)
    LCD_L0_GetRect                           0x080022a9   Thumb Code    16  lcd_l0_generic.o(.text)
    LCD_SetClipRectEx                        0x080022b9   Thumb Code    22  lcd_setcliprectex.o(.text)
    LCD_GetpPalConvTableUncached             0x080022d5   Thumb Code    64  lcdcolor.o(.text)
    LCD_GetpPalConvTable                     0x08002315   Thumb Code    12  lcdcolor.o(.text)
    LCD_InitLUT                              0x08002321   Thumb Code    30  lcdcolor.o(.text)
    LCD_Index2Color_M565                     0x08002345   Thumb Code    56  lcdpm565_index2color.o(.text)
    GUI_X_GetTime                            0x0800237d   Thumb Code     6  gui_x.o(.text)
    GUI_X_Delay                              0x08002383   Thumb Code    20  gui_x.o(.text)
    GUI_X_Init                               0x08002397   Thumb Code     2  gui_x.o(.text)
    GUI_X_ExecIdle                           0x08002399   Thumb Code     2  gui_x.o(.text)
    GUI_X_Log                                0x0800239b   Thumb Code     4  gui_x.o(.text)
    GUI_X_Warn                               0x0800239f   Thumb Code     4  gui_x.o(.text)
    GUI_X_ErrorOut                           0x080023a3   Thumb Code     4  gui_x.o(.text)
    LCD_L0_SetPixelIndex                     0x080023ad   Thumb Code    20  lcddummy.o(.text)
    LCD_L0_GetPixelIndex                     0x080023c1   Thumb Code    20  lcddummy.o(.text)
    LCD_L0_XorPixel                          0x0800280b   Thumb Code    30  lcddummy.o(.text)
    LCD_L0_DrawHLine                         0x08002829   Thumb Code    58  lcddummy.o(.text)
    LCD_L0_DrawVLine                         0x08002863   Thumb Code    58  lcddummy.o(.text)
    LCD_L0_FillRect                          0x0800289d   Thumb Code     2  lcddummy.o(.text)
    LCD_L0_DrawBitmap                        0x0800289f   Thumb Code   138  lcddummy.o(.text)
    LCD_L0_SetOrg                            0x08002929   Thumb Code     6  lcddummy.o(.text)
    LCD_L0_On                                0x0800292f   Thumb Code     2  lcddummy.o(.text)
    LCD_L0_Off                               0x08002931   Thumb Code     2  lcddummy.o(.text)
    LCD_L0_Init                              0x08002933   Thumb Code    10  lcddummy.o(.text)
    LCD_L0_SetLUTEntry                       0x0800293d   Thumb Code     6  lcddummy.o(.text)
    WM__RectIsNZ                             0x0800297b   Thumb Code    38  wm.o(.text)
    WM__Client2Screen                        0x08002a37   Thumb Code    22  wm.o(.text)
    WM__ClipAtParentBorders                  0x08002a8f   Thumb Code    68  wm.o(.text)
    WM__ActivateClipRect                     0x08002ad3   Thumb Code    64  wm.o(.text)
    WM__InsertWindowIntoList                 0x08002b13   Thumb Code   146  wm.o(.text)
    WM__RemoveWindowFromList                 0x08002ba5   Thumb Code    94  wm.o(.text)
    WM_InvalidateArea                        0x08002c03   Thumb Code    36  wm.o(.text)
    WM__DetachWindow                         0x08002c27   Thumb Code    36  wm.o(.text)
    WM_SelectWindow                          0x08002c4b   Thumb Code    52  wm.o(.text)
    WM__RemoveFromLinList                    0x08002c7f   Thumb Code    54  wm.o(.text)
    WM_SendMessage                           0x08002cb5   Thumb Code    32  wm.o(.text)
    WM__SendMsgNoData                        0x08002cd5   Thumb Code    22  wm.o(.text)
    WM__IsWindow                             0x08002ceb   Thumb Code    38  wm.o(.text)
    WM_DeleteWindow                          0x08002d11   Thumb Code   218  wm.o(.text)
    WM__InvalidateAreaBelow                  0x08002e0d   Thumb Code    16  wm.o(.text)
    WM__GetClientRectWin                     0x0800300d   Thumb Code    28  wm.o(.text)
    WM_InvalidateRect                        0x08003033   Thumb Code   104  wm.o(.text)
    WM_InvalidateWindow                      0x0800309b   Thumb Code    14  wm.o(.text)
    WM_CreateWindowAsChild                   0x080030a9   Thumb Code   306  wm.o(.text)
    WM_CreateWindow                          0x080031db   Thumb Code    44  wm.o(.text)
    WM_GetActiveWindow                       0x08003207   Thumb Code     8  wm.o(.text)
    WM__GetNextIVR                           0x08003383   Thumb Code    72  wm.o(.text)
    WM__InitIVRSearch                        0x080033cb   Thumb Code   248  wm.o(.text)
    WM_SetDefault                            0x080034c3   Thumb Code    14  wm.o(.text)
    WM__PaintWinAndOverlays                  0x0800367b   Thumb Code    52  wm.o(.text)
    WM_Exec1                                 0x0800375d   Thumb Code    66  wm.o(.text)
    WM_Exec                                  0x0800379f   Thumb Code    20  wm.o(.text)
    WM_DefaultProc                           0x080037b3   Thumb Code   102  wm.o(.text)
    WM_Activate                              0x08003865   Thumb Code     8  wm.o(.text)
    WM_Deactivate                            0x0800386d   Thumb Code    14  wm.o(.text)
    WM_Init                                  0x0800387b   Thumb Code   108  wm.o(.text)
    WM__GetFirstSibling                      0x08003929   Thumb Code    30  wm__getfirstsibling.o(.text)
    WM__GetPrevSibling                       0x08003947   Thumb Code    54  wm__getprevsibling.o(.text)
    WM__SendMessage                          0x0800397d   Thumb Code    36  wm__sendmessage.o(.text)
    WM_BringToBottom                         0x080039a1   Thumb Code    72  wm_bringtobottom.o(.text)
    WM__AddCriticalHandle                    0x080039e9   Thumb Code    12  wm_criticalhandle.o(.text)
    WM__RemoveCriticalHandle                 0x080039f5   Thumb Code    64  wm_criticalhandle.o(.text)
    WM_GetDesktopWindow                      0x08003a39   Thumb Code     8  wm_getdesktopwindow.o(.text)
    WM_GetParent                             0x08003a45   Thumb Code    20  wm_getparent.o(.text)
    WM_NotifyParent                          0x08003a59   Thumb Code    22  wm_notifyparent.o(.text)
    WM_OnKey                                 0x08003a71   Thumb Code    50  wm_onkey.o(.text)
    WM_SendToParent                          0x08003aa9   Thumb Code    32  wm_sendtoparent.o(.text)
    transfer_data_lcd                        0x08003ac9   Thumb Code    68  jlx12864g.o(.text)
    transfer_command_lcd                     0x08003b0d   Thumb Code    64  jlx12864g.o(.text)
    set_ads_lcd                              0x08003b4d   Thumb Code    50  jlx12864g.o(.text)
    OLED_WriteChar                           0x08003b7f   Thumb Code    88  jlx12864g.o(.text)
    OLED_WriteString                         0x08003bd7   Thumb Code   230  jlx12864g.o(.text)
    OLED_WriteHz                             0x08003cbd   Thumb Code   126  jlx12864g.o(.text)
    OLED_WriteNumber                         0x08003d3b   Thumb Code   196  jlx12864g.o(.text)
    OLED_Draw_Pic                            0x08003dff   Thumb Code    64  jlx12864g.o(.text)
    OLED_Clear                               0x08003e3f   Thumb Code    68  jlx12864g.o(.text)
    OLED_Init                                0x08003e83   Thumb Code   220  jlx12864g.o(.text)
    OLED_printf                              0x08003f5f   Thumb Code   126  jlx12864g.o(.text)
    OLED_GetPixelIndex                       0x08003fdd   Thumb Code   140  jlx12864g.o(.text)
    OLED_DrawPoint                           0x08004069   Thumb Code   284  jlx12864g.o(.text)
    __use_no_semihosting                     0x08004199   Thumb Code     2  use_no_semi_2.o(.text)
    __c89vsnprintf                           0x0800419d   Thumb Code    48  c89vsnprintf.o(.text)
    __aeabi_memcpy                           0x080041d1   Thumb Code     0  rt_memcpy_v6.o(.text)
    __rt_memcpy                              0x080041d1   Thumb Code   138  rt_memcpy_v6.o(.text)
    _memcpy_lastbytes                        0x08004237   Thumb Code     0  rt_memcpy_v6.o(.text)
    __aeabi_memmove                          0x0800425b   Thumb Code     0  rt_memmove_v6.o(.text)
    __rt_memmove                             0x0800425b   Thumb Code   132  rt_memmove_v6.o(.text)
    __memmove_lastfew                        0x080042bb   Thumb Code     0  rt_memmove_v6.o(.text)
    __aeabi_memcpy4                          0x080042df   Thumb Code     0  rt_memcpy_w.o(.text)
    __aeabi_memcpy8                          0x080042df   Thumb Code     0  rt_memcpy_w.o(.text)
    __rt_memcpy_w                            0x080042df   Thumb Code   100  rt_memcpy_w.o(.text)
    _memcpy_lastbytes_aligned                0x08004327   Thumb Code     0  rt_memcpy_w.o(.text)
    __aeabi_memclr4                          0x08004343   Thumb Code     0  rt_memclr_w.o(.text)
    __aeabi_memclr8                          0x08004343   Thumb Code     0  rt_memclr_w.o(.text)
    __rt_memclr_w                            0x08004343   Thumb Code    78  rt_memclr_w.o(.text)
    _memset_w                                0x08004347   Thumb Code     0  rt_memclr_w.o(.text)
    __use_two_region_memory                  0x08004391   Thumb Code     2  heapauxi.o(.text)
    __rt_heap_escrow$2region                 0x08004393   Thumb Code     2  heapauxi.o(.text)
    __rt_heap_expand$2region                 0x08004395   Thumb Code     2  heapauxi.o(.text)
    __I$use$semihosting                      0x08004397   Thumb Code     0  use_no_semi.o(.text)
    __use_no_semihosting_swi                 0x08004397   Thumb Code     2  use_no_semi.o(.text)
    _printf_pre_padding                      0x08004399   Thumb Code    46  _printf_pad.o(.text)
    _printf_post_padding                     0x080043c7   Thumb Code    36  _printf_pad.o(.text)
    _printf_truncate_signed                  0x080043eb   Thumb Code    18  _printf_truncate.o(.text)
    _printf_truncate_unsigned                0x080043fd   Thumb Code    18  _printf_truncate.o(.text)
    _printf_str                              0x0800440f   Thumb Code    82  _printf_str.o(.text)
    _printf_int_dec                          0x08004461   Thumb Code   102  _printf_dec.o(.text)
    _printf_charcount                        0x080044d9   Thumb Code    42  _printf_charcount.o(.text)
    _printf_char_common                      0x0800450f   Thumb Code    32  _printf_char_common.o(.text)
    _sputc                                   0x08004535   Thumb Code    10  _sputc.o(.text)
    _snputc                                  0x0800453f   Thumb Code    16  _snputc.o(.text)
    _printf_wctomb                           0x08004551   Thumb Code   182  _printf_wctomb.o(.text)
    _printf_longlong_dec                     0x0800460d   Thumb Code   104  _printf_longlong_dec.o(.text)
    _printf_longlong_oct                     0x08004685   Thumb Code    76  _printf_oct_int_ll.o(.text)
    _printf_int_oct                          0x080046d1   Thumb Code    24  _printf_oct_int_ll.o(.text)
    _printf_ll_oct                           0x080046e9   Thumb Code    12  _printf_oct_int_ll.o(.text)
    _printf_longlong_hex                     0x080046fd   Thumb Code    92  _printf_hex_int_ll_ptr.o(.text)
    _printf_int_hex                          0x08004759   Thumb Code    28  _printf_hex_int_ll_ptr.o(.text)
    _printf_ll_hex                           0x08004775   Thumb Code    12  _printf_hex_int_ll_ptr.o(.text)
    _printf_hex_ptr                          0x08004781   Thumb Code    18  _printf_hex_int_ll_ptr.o(.text)
    __printf                                 0x08004799   Thumb Code   390  __printf_flags_ss_wp.o(.text)
    __aeabi_memmove4                         0x08004925   Thumb Code     0  rt_memmove_w.o(.text)
    __aeabi_memmove8                         0x08004925   Thumb Code     0  rt_memmove_w.o(.text)
    __rt_memmove_w                           0x08004925   Thumb Code   122  rt_memmove_w.o(.text)
    __memmove_aligned                        0x0800494b   Thumb Code     0  rt_memmove_w.o(.text)
    __memmove_lastfew_aligned                0x08004983   Thumb Code     0  rt_memmove_w.o(.text)
    _ll_udiv10                               0x0800499f   Thumb Code   138  lludiv10.o(.text)
    _printf_int_common                       0x08004a29   Thumb Code   184  _printf_intcommon.o(.text)
    __lib_sel_fp_printf                      0x08004ae1   Thumb Code     2  _printf_fp_dec.o(.text)
    _printf_fp_dec_real                      0x08004c8d   Thumb Code   628  _printf_fp_dec.o(.text)
    _printf_cs_common                        0x08004f01   Thumb Code    20  _printf_char.o(.text)
    _printf_char                             0x08004f15   Thumb Code    16  _printf_char.o(.text)
    _printf_string                           0x08004f25   Thumb Code     8  _printf_char.o(.text)
    _printf_lcs_common                       0x08004f2d   Thumb Code    20  _printf_wchar.o(.text)
    _printf_wchar                            0x08004f41   Thumb Code    16  _printf_wchar.o(.text)
    _printf_wstring                          0x08004f51   Thumb Code     8  _printf_wchar.o(.text)
    _wcrtomb                                 0x08004f59   Thumb Code    64  _wcrtomb.o(.text)
    __user_libspace                          0x08004f99   Thumb Code     8  libspace.o(.text)
    __user_perproc_libspace                  0x08004f99   Thumb Code     0  libspace.o(.text)
    __user_perthread_libspace                0x08004f99   Thumb Code     0  libspace.o(.text)
    __user_setup_stackheap                   0x08004fa1   Thumb Code    74  sys_stackheap_outer.o(.text)
    __rt_ctype_table                         0x08004fed   Thumb Code    16  rt_ctype_table.o(.text)
    __rt_locale                              0x08004ffd   Thumb Code     8  rt_locale_intlibspace.o(.text)
    _printf_fp_infnan                        0x08005005   Thumb Code   112  _printf_fp_infnan.o(.text)
    _btod_etento                             0x08005085   Thumb Code   222  bigflt0.o(.text)
    exit                                     0x08005169   Thumb Code    12  exit.o(.text)
    strcmp                                   0x08005175   Thumb Code   128  strcmpv7m.o(.text)
    _btod_d2e                                0x080051f5   Thumb Code    62  btod.o(CL$$btod_d2e)
    _d2e_denorm_low                          0x08005233   Thumb Code    70  btod.o(CL$$btod_d2e_denorm_low)
    _d2e_norm_op1                            0x08005279   Thumb Code    96  btod.o(CL$$btod_d2e_norm_op1)
    __btod_div_common                        0x080052d9   Thumb Code   696  btod.o(CL$$btod_div_common)
    _e2e                                     0x08005611   Thumb Code   198  btod.o(CL$$btod_e2e)
    _btod_ediv                               0x080056d7   Thumb Code    40  btod.o(CL$$btod_ediv)
    _btod_emul                               0x080056ff   Thumb Code    40  btod.o(CL$$btod_emul)
    __btod_mult_common                       0x08005727   Thumb Code   580  btod.o(CL$$btod_mult_common)
    __ARM_fpclassify                         0x0800596b   Thumb Code    40  fpclassify.o(i.__ARM_fpclassify)
    _is_digit                                0x08005993   Thumb Code    14  __printf_wp.o(i._is_digit)
    _get_lc_numeric                          0x080059a1   Thumb Code    44  lc_numeric_c.o(locale$$code)
    _get_lc_ctype                            0x080059cd   Thumb Code    44  lc_ctype_c.o(locale$$code)
    _printf_fp_dec                           0x080059f9   Thumb Code     4  printf1.o(x$fpl$printf1)
    GUI__API_TableNone                       0x080059fc   Data          16  gui_uc_encodenone.o(.constdata)
    __I$use$fp                               0x080059fc   Number         0  usenofp.o(x$fpl$usenofp)
    GUI_acFont6x8                            0x08005a0c   Data        1304  f6x8.o(.constdata)
    GUI_F6x8_TL8859_1                        0x08005f24   Data         448  f6x8.o(.constdata)
    GUI_F6x8_TI8859_1                        0x080060e4   Data           8  f6x8.o(.constdata)
    GUI_F6x8_Mono                            0x080060ec   Data          20  f6x8.o(.constdata)
    GUI_Font6x8                              0x08006100   Data          32  f6x8.o(.constdata)
    GUI_Font6x9                              0x08006120   Data          32  f6x8.o(.constdata)
    font_s                                   0x08006140   Data         552  jlx12864g.o(.constdata)
    font_l                                   0x08006368   Data        1520  jlx12864g.o(.constdata)
    font_hz_tongxgc                          0x08006958   Data         128  jlx12864g.o(.constdata)
    tsktsk                                   0x080069d8   Data        1024  jlx12864g.o(.constdata)
    Region$$Table$$Base                      0x08006eb0   Number         0  anon$$obj.o(Region$$Table)
    Region$$Table$$Limit                     0x08006ed0   Number         0  anon$$obj.o(Region$$Table)
    __ctype                                  0x08006ef9   Data           0  lc_ctype_c.o(locale$$data)
    SystemCoreClock                          0x20000000   Data           4  system_stm32f10x.o(.data)
    AHBPrescTable                            0x20000004   Data          16  system_stm32f10x.o(.data)
    USART_RX_STA                             0x20000018   Data           1  usart.o(.data)
    __stdout                                 0x2000001c   Data           4  usart.o(.data)
    GUI_pfKeyMsgHook                         0x20000044   Data           4  gui_onkey.o(.data)
    GUI_DecChar                              0x2000004c   Data           1  guicore.o(.data)
    GUI_pfTimerExec                          0x20000050   Data           4  guicore.o(.data)
    WM_pfHandlePID                           0x20000054   Data           4  guicore.o(.data)
    GUI_pfDispCharStyle                      0x20000058   Data           4  guicore.o(.data)
    GUI_pLCD_APIList                         0x2000005c   Data           4  guicore.o(.data)
    OS_TimeMS                                0x20000060   Data           4  gui_x.o(.data)
    WM__NumWindows                           0x20000064   Data           2  wm.o(.data)
    WM__NumInvalidWindows                    0x20000066   Data           2  wm.o(.data)
    WM__FirstWin                             0x20000068   Data           2  wm.o(.data)
    WM__pFirstCriticalHandle                 0x2000006c   Data           4  wm.o(.data)
    WM__ahDesktopWin                         0x20000070   Data           2  wm.o(.data)
    WM__aBkColor                             0x20000074   Data           4  wm.o(.data)
    WM_IsActive                              0x20000078   Data           1  wm.o(.data)
    WM__CreateFlags                          0x2000007a   Data           2  wm.o(.data)
    WM__hCapture                             0x2000007c   Data           2  wm.o(.data)
    WM__hWinFocus                            0x2000007e   Data           2  wm.o(.data)
    WM__CaptureReleaseAuto                   0x20000080   Data           1  wm.o(.data)
    WM_pfPollPID                             0x20000084   Data           4  wm.o(.data)
    WM__PaintCallbackCnt                     0x20000088   Data           1  wm.o(.data)
    WM__TransWindowCnt                       0x2000008c   Data           4  wm.o(.data)
    WM__hATransWindow                        0x20000090   Data           2  wm.o(.data)
    WM__CHWinModal                           0x20000098   Data           8  wmtouch.o(.data)
    WM__CHWinLast                            0x200000a0   Data           8  wmtouch.o(.data)
    USART_RX_BUF                             0x200000ac   Data          64  usart.o(.bss)
    GUI_Heap                                 0x200000ec   Data        5000  guialloc.o(.bss)
    GUI_ALLOC                                0x20001828   Data          20  guialloc.o(.bss)
    GUI_Context                              0x2000183c   Data          72  guicore.o(.bss)
    LCD__aConvTable                          0x20001884   Data         256  lcdcolor.o(.bss)
    WM_PID__StateLast                        0x20001984   Data          12  wm.o(.bss)
    OLED_BUF                                 0x200019a8   Data        1024  jlx12864g.o(.bss)
    __libspace_start                         0x20001da8   Data          96  libspace.o(.bss)
    __temporary_stack_top$libspace           0x20001e08   Data           0  libspace.o(.bss)



==============================================================================

Memory Map of the image

  Image Entry point : 0x080000ed

  Load Region LR_IROM1 (Base: 0x08000000, Size: 0x000070a8, Max: 0x00010000, ABSOLUTE)

    Execution Region ER_IROM1 (Base: 0x08000000, Size: 0x00006ffc, Max: 0x00010000, ABSOLUTE)

    Base Addr    Size         Type   Attr      Idx    E Section Name        Object

    0x08000000   0x000000ec   Data   RO          223    RESET               startup_stm32f10x_md.o
    0x080000ec   0x00000008   Code   RO         8772  * !!!main             c_w.l(__main.o)
    0x080000f4   0x00000034   Code   RO         9226    !!!scatter          c_w.l(__scatter.o)
    0x08000128   0x0000001a   Code   RO         9228    !!handler_copy      c_w.l(__scatter_copy.o)
    0x08000142   0x00000002   PAD
    0x08000144   0x0000001c   Code   RO         9230    !!handler_zi        c_w.l(__scatter_zi.o)
    0x08000160   0x00000000   Code   RO         8952    .ARM.Collect$$_printf_percent$$00000000  c_w.l(_printf_percent.o)
    0x08000160   0x00000006   Code   RO         8941    .ARM.Collect$$_printf_percent$$00000001  c_w.l(_printf_n.o)
    0x08000166   0x00000006   Code   RO         8943    .ARM.Collect$$_printf_percent$$00000002  c_w.l(_printf_p.o)
    0x0800016c   0x00000006   Code   RO         8948    .ARM.Collect$$_printf_percent$$00000003  c_w.l(_printf_f.o)
    0x08000172   0x00000006   Code   RO         8949    .ARM.Collect$$_printf_percent$$00000004  c_w.l(_printf_e.o)
    0x08000178   0x00000006   Code   RO         8950    .ARM.Collect$$_printf_percent$$00000005  c_w.l(_printf_g.o)
    0x0800017e   0x00000006   Code   RO         8951    .ARM.Collect$$_printf_percent$$00000006  c_w.l(_printf_a.o)
    0x08000184   0x0000000a   Code   RO         8956    .ARM.Collect$$_printf_percent$$00000007  c_w.l(_printf_ll.o)
    0x0800018e   0x00000006   Code   RO         8945    .ARM.Collect$$_printf_percent$$00000008  c_w.l(_printf_i.o)
    0x08000194   0x00000006   Code   RO         8946    .ARM.Collect$$_printf_percent$$00000009  c_w.l(_printf_d.o)
    0x0800019a   0x00000006   Code   RO         8947    .ARM.Collect$$_printf_percent$$0000000A  c_w.l(_printf_u.o)
    0x080001a0   0x00000006   Code   RO         8944    .ARM.Collect$$_printf_percent$$0000000B  c_w.l(_printf_o.o)
    0x080001a6   0x00000006   Code   RO         8942    .ARM.Collect$$_printf_percent$$0000000C  c_w.l(_printf_x.o)
    0x080001ac   0x00000006   Code   RO         8953    .ARM.Collect$$_printf_percent$$0000000D  c_w.l(_printf_lli.o)
    0x080001b2   0x00000006   Code   RO         8954    .ARM.Collect$$_printf_percent$$0000000E  c_w.l(_printf_lld.o)
    0x080001b8   0x00000006   Code   RO         8955    .ARM.Collect$$_printf_percent$$0000000F  c_w.l(_printf_llu.o)
    0x080001be   0x00000006   Code   RO         8960    .ARM.Collect$$_printf_percent$$00000010  c_w.l(_printf_llo.o)
    0x080001c4   0x00000006   Code   RO         8961    .ARM.Collect$$_printf_percent$$00000011  c_w.l(_printf_llx.o)
    0x080001ca   0x0000000a   Code   RO         8957    .ARM.Collect$$_printf_percent$$00000012  c_w.l(_printf_l.o)
    0x080001d4   0x00000006   Code   RO         8939    .ARM.Collect$$_printf_percent$$00000013  c_w.l(_printf_c.o)
    0x080001da   0x00000006   Code   RO         8940    .ARM.Collect$$_printf_percent$$00000014  c_w.l(_printf_s.o)
    0x080001e0   0x00000006   Code   RO         8958    .ARM.Collect$$_printf_percent$$00000015  c_w.l(_printf_lc.o)
    0x080001e6   0x00000006   Code   RO         8959    .ARM.Collect$$_printf_percent$$00000016  c_w.l(_printf_ls.o)
    0x080001ec   0x00000004   Code   RO         9033    .ARM.Collect$$_printf_percent$$00000017  c_w.l(_printf_percent_end.o)
    0x080001f0   0x00000002   Code   RO         9095    .ARM.Collect$$libinit$$00000000  c_w.l(libinit.o)
    0x080001f2   0x00000000   Code   RO         9108    .ARM.Collect$$libinit$$00000002  c_w.l(libinit2.o)
    0x080001f2   0x00000000   Code   RO         9111    .ARM.Collect$$libinit$$00000008  c_w.l(libinit2.o)
    0x080001f2   0x00000000   Code   RO         9113    .ARM.Collect$$libinit$$0000000A  c_w.l(libinit2.o)
    0x080001f2   0x00000000   Code   RO         9115    .ARM.Collect$$libinit$$0000000C  c_w.l(libinit2.o)
    0x080001f2   0x00000006   Code   RO         9116    .ARM.Collect$$libinit$$0000000D  c_w.l(libinit2.o)
    0x080001f8   0x00000000   Code   RO         9118    .ARM.Collect$$libinit$$0000000F  c_w.l(libinit2.o)
    0x080001f8   0x0000000c   Code   RO         9119    .ARM.Collect$$libinit$$00000010  c_w.l(libinit2.o)
    0x08000204   0x00000000   Code   RO         9120    .ARM.Collect$$libinit$$00000011  c_w.l(libinit2.o)
    0x08000204   0x00000000   Code   RO         9122    .ARM.Collect$$libinit$$00000013  c_w.l(libinit2.o)
    0x08000204   0x0000000a   Code   RO         9123    .ARM.Collect$$libinit$$00000014  c_w.l(libinit2.o)
    0x0800020e   0x00000000   Code   RO         9124    .ARM.Collect$$libinit$$00000015  c_w.l(libinit2.o)
    0x0800020e   0x00000000   Code   RO         9126    .ARM.Collect$$libinit$$00000017  c_w.l(libinit2.o)
    0x0800020e   0x00000000   Code   RO         9128    .ARM.Collect$$libinit$$00000019  c_w.l(libinit2.o)
    0x0800020e   0x00000000   Code   RO         9130    .ARM.Collect$$libinit$$0000001B  c_w.l(libinit2.o)
    0x0800020e   0x00000000   Code   RO         9132    .ARM.Collect$$libinit$$0000001D  c_w.l(libinit2.o)
    0x0800020e   0x00000000   Code   RO         9134    .ARM.Collect$$libinit$$0000001F  c_w.l(libinit2.o)
    0x0800020e   0x00000000   Code   RO         9136    .ARM.Collect$$libinit$$00000021  c_w.l(libinit2.o)
    0x0800020e   0x00000000   Code   RO         9138    .ARM.Collect$$libinit$$00000023  c_w.l(libinit2.o)
    0x0800020e   0x00000000   Code   RO         9142    .ARM.Collect$$libinit$$0000002A  c_w.l(libinit2.o)
    0x0800020e   0x00000000   Code   RO         9144    .ARM.Collect$$libinit$$0000002C  c_w.l(libinit2.o)
    0x0800020e   0x00000000   Code   RO         9146    .ARM.Collect$$libinit$$0000002E  c_w.l(libinit2.o)
    0x0800020e   0x00000000   Code   RO         9148    .ARM.Collect$$libinit$$00000030  c_w.l(libinit2.o)
    0x0800020e   0x00000002   Code   RO         9149    .ARM.Collect$$libinit$$00000031  c_w.l(libinit2.o)
    0x08000210   0x00000002   Code   RO         9169    .ARM.Collect$$libshutdown$$00000000  c_w.l(libshutdown.o)
    0x08000212   0x00000000   Code   RO         9180    .ARM.Collect$$libshutdown$$00000003  c_w.l(libshutdown2.o)
    0x08000212   0x00000000   Code   RO         9183    .ARM.Collect$$libshutdown$$00000006  c_w.l(libshutdown2.o)
    0x08000212   0x00000000   Code   RO         9186    .ARM.Collect$$libshutdown$$00000009  c_w.l(libshutdown2.o)
    0x08000212   0x00000000   Code   RO         9188    .ARM.Collect$$libshutdown$$0000000B  c_w.l(libshutdown2.o)
    0x08000212   0x00000000   Code   RO         9191    .ARM.Collect$$libshutdown$$0000000E  c_w.l(libshutdown2.o)
    0x08000212   0x00000002   Code   RO         9192    .ARM.Collect$$libshutdown$$0000000F  c_w.l(libshutdown2.o)
    0x08000214   0x00000000   Code   RO         8866    .ARM.Collect$$rtentry$$00000000  c_w.l(rtentry.o)
    0x08000214   0x00000000   Code   RO         9002    .ARM.Collect$$rtentry$$00000002  c_w.l(rtentry2.o)
    0x08000214   0x00000006   Code   RO         9014    .ARM.Collect$$rtentry$$00000004  c_w.l(rtentry4.o)
    0x0800021a   0x00000000   Code   RO         9004    .ARM.Collect$$rtentry$$00000009  c_w.l(rtentry2.o)
    0x0800021a   0x00000004   Code   RO         9005    .ARM.Collect$$rtentry$$0000000A  c_w.l(rtentry2.o)
    0x0800021e   0x00000000   Code   RO         9007    .ARM.Collect$$rtentry$$0000000C  c_w.l(rtentry2.o)
    0x0800021e   0x00000008   Code   RO         9008    .ARM.Collect$$rtentry$$0000000D  c_w.l(rtentry2.o)
    0x08000226   0x00000002   Code   RO         9100    .ARM.Collect$$rtexit$$00000000  c_w.l(rtexit.o)
    0x08000228   0x00000000   Code   RO         9153    .ARM.Collect$$rtexit$$00000002  c_w.l(rtexit2.o)
    0x08000228   0x00000004   Code   RO         9154    .ARM.Collect$$rtexit$$00000003  c_w.l(rtexit2.o)
    0x0800022c   0x00000006   Code   RO         9155    .ARM.Collect$$rtexit$$00000004  c_w.l(rtexit2.o)
    0x08000232   0x00000028   Code   RO            1    .text               main.o
    0x0800025a   0x0000001a   Code   RO          105    .text               stm32f10x_it.o
    0x08000274   0x000001dc   Code   RO          140    .text               system_stm32f10x.o
    0x08000450   0x000000a8   Code   RO          158    .text               delay.o
    0x080004f8   0x00000140   Code   RO          187    .text               usart.o
    0x08000638   0x00000040   Code   RO          224    .text               startup_stm32f10x_md.o
    0x08000678   0x000000dc   Code   RO          228    .text               misc.o
    0x08000754   0x00000358   Code   RO          399    .text               stm32f10x_gpio.o
    0x08000aac   0x000003a4   Code   RO          453    .text               stm32f10x_rcc.o
    0x08000e50   0x00000408   Code   RO          518    .text               stm32f10x_usart.o
    0x08001258   0x00000020   Code   RO          950    .text               lcdpm565.o
    0x08001278   0x00000042   Code   RO         1101    .text               gui__intersectrect.o
    0x080012ba   0x00000088   Code   RO         1113    .text               gui__intersectrects.o
    0x08001342   0x00000054   Code   RO         1125    .text               gui__memset.o
    0x08001396   0x00000022   Code   RO         1323    .text               gui_alloc_alloczero.o
    0x080013b8   0x00000038   Code   RO         2063    .text               gui_exec.o
    0x080013f0   0x00000058   Code   RO         2296    .text               gui_goto.o
    0x08001448   0x00000082   Code   RO         2356    .text               gui_mergerect.o
    0x080014ca   0x00000024   Code   RO         2396    .text               gui_moverect.o
    0x080014ee   0x00000002   PAD
    0x080014f0   0x00000090   Code   RO         2408    .text               gui_onkey.o
    0x08001580   0x00000024   Code   RO         2431    .text               gui_pen.o
    0x080015a4   0x0000003a   Code   RO         2457    .text               gui_rectsintersect.o
    0x080015de   0x00000002   PAD
    0x080015e0   0x00000024   Code   RO         2469    .text               gui_savecontext.o
    0x08001604   0x00000018   Code   RO         2505    .text               gui_setcolor.o
    0x0800161c   0x00000044   Code   RO         2541    .text               gui_setdefault.o
    0x08001660   0x00000010   Code   RO         2553    .text               gui_setdrawmode.o
    0x08001670   0x00000010   Code   RO         2565    .text               gui_setfont.o
    0x08001680   0x00000010   Code   RO         2589    .text               gui_setlinestyle.o
    0x08001690   0x00000014   Code   RO         2663    .text               gui_settextalign.o
    0x080016a4   0x00000014   Code   RO         2675    .text               gui_settextmode.o
    0x080016b8   0x00000030   Code   RO         2814    .text               gui_uc_encodenone.o
    0x080016e8   0x00000446   Code   RO         2898    .text               guialloc.o
    0x08001b2e   0x00000002   PAD
    0x08001b30   0x000001d8   Code   RO         2950    .text               guicharm.o
    0x08001d08   0x000000fc   Code   RO         2998    .text               guicore.o
    0x08001e04   0x0000003e   Code   RO         3140    .text               guitime.o
    0x08001e42   0x00000002   PAD
    0x08001e44   0x00000440   Code   RO         3203    .text               lcd.o
    0x08002284   0x00000034   Code   RO         3345    .text               lcd_l0_generic.o
    0x080022b8   0x0000001c   Code   RO         3528    .text               lcd_setcliprectex.o
    0x080022d4   0x00000070   Code   RO         3564    .text               lcdcolor.o
    0x08002344   0x00000038   Code   RO         3679    .text               lcdpm565_index2color.o
    0x0800237c   0x00000030   Code   RO         4468    .text               gui_x.o
    0x080023ac   0x0000059c   Code   RO         4483    .text               lcddummy.o
    0x08002948   0x00000fe0   Code   RO         7561    .text               wm.o
    0x08003928   0x0000001e   Code   RO         7596    .text               wm__getfirstsibling.o
    0x08003946   0x00000036   Code   RO         7644    .text               wm__getprevsibling.o
    0x0800397c   0x00000024   Code   RO         7716    .text               wm__sendmessage.o
    0x080039a0   0x00000048   Code   RO         7776    .text               wm_bringtobottom.o
    0x080039e8   0x00000050   Code   RO         7824    .text               wm_criticalhandle.o
    0x08003a38   0x0000000c   Code   RO         7908    .text               wm_getdesktopwindow.o
    0x08003a44   0x00000014   Code   RO         8068    .text               wm_getparent.o
    0x08003a58   0x00000016   Code   RO         8284    .text               wm_notifyparent.o
    0x08003a6e   0x00000002   PAD
    0x08003a70   0x00000038   Code   RO         8296    .text               wm_onkey.o
    0x08003aa8   0x00000020   Code   RO         8368    .text               wm_sendtoparent.o
    0x08003ac8   0x000006d0   Code   RO         8725    .text               jlx12864g.o
    0x08004198   0x00000002   Code   RO         8750    .text               c_w.l(use_no_semi_2.o)
    0x0800419a   0x00000002   PAD
    0x0800419c   0x00000034   Code   RO         8752    .text               c_w.l(c89vsnprintf.o)
    0x080041d0   0x0000008a   Code   RO         8760    .text               c_w.l(rt_memcpy_v6.o)
    0x0800425a   0x00000084   Code   RO         8762    .text               c_w.l(rt_memmove_v6.o)
    0x080042de   0x00000064   Code   RO         8764    .text               c_w.l(rt_memcpy_w.o)
    0x08004342   0x0000004e   Code   RO         8766    .text               c_w.l(rt_memclr_w.o)
    0x08004390   0x00000006   Code   RO         8770    .text               c_w.l(heapauxi.o)
    0x08004396   0x00000002   Code   RO         8864    .text               c_w.l(use_no_semi.o)
    0x08004398   0x00000052   Code   RO         8871    .text               c_w.l(_printf_pad.o)
    0x080043ea   0x00000024   Code   RO         8873    .text               c_w.l(_printf_truncate.o)
    0x0800440e   0x00000052   Code   RO         8875    .text               c_w.l(_printf_str.o)
    0x08004460   0x00000078   Code   RO         8877    .text               c_w.l(_printf_dec.o)
    0x080044d8   0x0000002a   Code   RO         8879    .text               c_w.l(_printf_charcount.o)
    0x08004502   0x00000002   PAD
    0x08004504   0x00000030   Code   RO         8881    .text               c_w.l(_printf_char_common.o)
    0x08004534   0x0000000a   Code   RO         8883    .text               c_w.l(_sputc.o)
    0x0800453e   0x00000010   Code   RO         8885    .text               c_w.l(_snputc.o)
    0x0800454e   0x00000002   PAD
    0x08004550   0x000000bc   Code   RO         8887    .text               c_w.l(_printf_wctomb.o)
    0x0800460c   0x00000078   Code   RO         8890    .text               c_w.l(_printf_longlong_dec.o)
    0x08004684   0x00000078   Code   RO         8896    .text               c_w.l(_printf_oct_int_ll.o)
    0x080046fc   0x0000009c   Code   RO         8916    .text               c_w.l(_printf_hex_int_ll_ptr.o)
    0x08004798   0x0000018c   Code   RO         8936    .text               c_w.l(__printf_flags_ss_wp.o)
    0x08004924   0x0000007a   Code   RO         8962    .text               c_w.l(rt_memmove_w.o)
    0x0800499e   0x0000008a   Code   RO         9021    .text               c_w.l(lludiv10.o)
    0x08004a28   0x000000b8   Code   RO         9023    .text               c_w.l(_printf_intcommon.o)
    0x08004ae0   0x00000420   Code   RO         9025    .text               c_w.l(_printf_fp_dec.o)
    0x08004f00   0x0000002c   Code   RO         9029    .text               c_w.l(_printf_char.o)
    0x08004f2c   0x0000002c   Code   RO         9031    .text               c_w.l(_printf_wchar.o)
    0x08004f58   0x00000040   Code   RO         9034    .text               c_w.l(_wcrtomb.o)
    0x08004f98   0x00000008   Code   RO         9046    .text               c_w.l(libspace.o)
    0x08004fa0   0x0000004a   Code   RO         9049    .text               c_w.l(sys_stackheap_outer.o)
    0x08004fea   0x00000002   PAD
    0x08004fec   0x00000010   Code   RO         9051    .text               c_w.l(rt_ctype_table.o)
    0x08004ffc   0x00000008   Code   RO         9056    .text               c_w.l(rt_locale_intlibspace.o)
    0x08005004   0x00000080   Code   RO         9058    .text               c_w.l(_printf_fp_infnan.o)
    0x08005084   0x000000e4   Code   RO         9060    .text               c_w.l(bigflt0.o)
    0x08005168   0x0000000c   Code   RO         9088    .text               c_w.l(exit.o)
    0x08005174   0x00000080   Code   RO         9105    .text               c_w.l(strcmpv7m.o)
    0x080051f4   0x0000003e   Code   RO         9063    CL$$btod_d2e        c_w.l(btod.o)
    0x08005232   0x00000046   Code   RO         9065    CL$$btod_d2e_denorm_low  c_w.l(btod.o)
    0x08005278   0x00000060   Code   RO         9064    CL$$btod_d2e_norm_op1  c_w.l(btod.o)
    0x080052d8   0x00000338   Code   RO         9073    CL$$btod_div_common  c_w.l(btod.o)
    0x08005610   0x000000c6   Code   RO         9070    CL$$btod_e2e        c_w.l(btod.o)
    0x080056d6   0x00000028   Code   RO         9067    CL$$btod_ediv       c_w.l(btod.o)
    0x080056fe   0x00000028   Code   RO         9066    CL$$btod_emul       c_w.l(btod.o)
    0x08005726   0x00000244   Code   RO         9072    CL$$btod_mult_common  c_w.l(btod.o)
    0x0800596a   0x00000028   Code   RO         9042    i.__ARM_fpclassify  m_ws.l(fpclassify.o)
    0x08005992   0x0000000e   Code   RO         8929    i._is_digit         c_w.l(__printf_wp.o)
    0x080059a0   0x0000002c   Code   RO         9086    locale$$code        c_w.l(lc_numeric_c.o)
    0x080059cc   0x0000002c   Code   RO         9103    locale$$code        c_w.l(lc_ctype_c.o)
    0x080059f8   0x00000004   Code   RO         8982    x$fpl$printf1       fz_ws.l(printf1.o)
    0x080059fc   0x00000000   Code   RO         8986    x$fpl$usenofp       fz_ws.l(usenofp.o)
    0x080059fc   0x00000010   Data   RO         2815    .constdata          gui_uc_encodenone.o
    0x08005a0c   0x00000734   Data   RO         3736    .constdata          f6x8.o
    0x08006140   0x00000c98   Data   RO         8727    .constdata          jlx12864g.o
    0x08006dd8   0x00000008   Data   RO         8888    .constdata          c_w.l(_printf_wctomb.o)
    0x08006de0   0x00000028   Data   RO         8917    .constdata          c_w.l(_printf_hex_int_ll_ptr.o)
    0x08006e08   0x00000011   Data   RO         8937    .constdata          c_w.l(__printf_flags_ss_wp.o)
    0x08006e19   0x00000003   PAD
    0x08006e1c   0x00000094   Data   RO         9061    .constdata          c_w.l(bigflt0.o)
    0x08006eb0   0x00000020   Data   RO         9224    Region$$Table       anon$$obj.o
    0x08006ed0   0x0000001c   Data   RO         9085    locale$$data        c_w.l(lc_numeric_c.o)
    0x08006eec   0x00000110   Data   RO         9102    locale$$data        c_w.l(lc_ctype_c.o)


    Execution Region RW_IRAM1 (Base: 0x20000000, Size: 0x00002408, Max: 0x00005000, ABSOLUTE)

    Base Addr    Size         Type   Attr      Idx    E Section Name        Object

    0x20000000   0x00000014   Data   RW          141    .data               system_stm32f10x.o
    0x20000014   0x00000004   Data   RW          159    .data               delay.o
    0x20000018   0x00000008   Data   RW          189    .data               usart.o
    0x20000020   0x00000014   Data   RW          454    .data               stm32f10x_rcc.o
    0x20000034   0x00000014   Data   RW         2409    .data               gui_onkey.o
    0x20000048   0x00000001   Data   RW         2900    .data               guialloc.o
    0x20000049   0x00000003   PAD
    0x2000004c   0x00000014   Data   RW         3000    .data               guicore.o
    0x20000060   0x00000004   Data   RW         4469    .data               gui_x.o
    0x20000064   0x00000031   Data   RW         7563    .data               wm.o
    0x20000095   0x00000003   PAD
    0x20000098   0x00000010   Data   RW         8707    .data               wmtouch.o
    0x200000a8   0x00000002   Data   RW         8728    .data               jlx12864g.o
    0x200000aa   0x00000002   PAD
    0x200000ac   0x00000040   Zero   RW          188    .bss                usart.o
    0x200000ec   0x00001750   Zero   RW         2899    .bss                guialloc.o
    0x2000183c   0x00000048   Zero   RW         2999    .bss                guicore.o
    0x20001884   0x00000100   Zero   RW         3565    .bss                lcdcolor.o
    0x20001984   0x00000024   Zero   RW         7562    .bss                wm.o
    0x200019a8   0x00000400   Zero   RW         8726    .bss                jlx12864g.o
    0x20001da8   0x00000060   Zero   RW         9047    .bss                c_w.l(libspace.o)
    0x20001e08   0x00000200   Zero   RW          222    HEAP                startup_stm32f10x_md.o
    0x20002008   0x00000400   Zero   RW          221    STACK               startup_stm32f10x_md.o


==============================================================================

Image component sizes


      Code (inc. data)   RO Data    RW Data    ZI Data      Debug   Object Name

         0          0          0          0          0       1841   button.o
         0          0          0          0          0         32   core_cm3.o
       168          8          0          4          0        919   delay.o
         0          0       1844          0          0       2026   f6x8.o
        66          0          0          0          0        773   gui__intersectrect.o
       136          0          0          0          0       1002   gui__intersectrects.o
        84          0          0          0          0        706   gui__memset.o
        34          0          0          0          0        514   gui_alloc_alloczero.o
        56          4          0          0          0        593   gui_exec.o
        88          6          0          0          0       1101   gui_goto.o
       130          0          0          0          0        912   gui_mergerect.o
        36          0          0          0          0        739   gui_moverect.o
       144         12          0         20          0      16599   gui_onkey.o
        36          4          0          0          0        924   gui_pen.o
        58          0          0          0          0        857   gui_rectsintersect.o
        36          4          0          0          0        903   gui_savecontext.o
        24          0          0          0          0        598   gui_setcolor.o
        68          6          0          0          0        555   gui_setdefault.o
        16          0          0          0          0        486   gui_setdrawmode.o
        16          4          0          0          0        458   gui_setfont.o
        16          6          0          0          0        475   gui_setlinestyle.o
        20          4          0          0          0        467   gui_settextalign.o
        20          4          0          0          0        458   gui_settextmode.o
        48         10         16          0          0       1536   gui_uc_encodenone.o
        48          6          0          4          0       1358   gui_x.o
         0          0          0          0          0      14714   guiaaarc.o
      1094         18          0          1       5968       5356   guialloc.o
       472          6          0          0          0       2029   guicharm.o
       252         16          0         20         72       4666   guicore.o
        62          0          0          0          0        660   guitime.o
      1744         56       3224          2       1024       6480   jlx12864g.o
      1088         12          0          0          0       4328   lcd.o
        52          0          0          0          0       1055   lcd_l0_generic.o
        28          6          0          0          0        748   lcd_setcliprectex.o
       112          6          0          0        256       1654   lcdcolor.o
      1436         10          0          0          0       5918   lcddummy.o
        32          0          0          0          0        725   lcdpm565.o
        56          0          0          0          0        563   lcdpm565_index2color.o
        40          0          0          0          0     243300   main.o
       220         20          0          0          0       1673   misc.o
        64         26        236          0       1536        732   startup_stm32f10x_md.o
       856         40          0          0          0       5517   stm32f10x_gpio.o
        26          0          0          0          0       1118   stm32f10x_it.o
       932         44          0         20          0       8624   stm32f10x_rcc.o
      1032         22          0          0          0       8244   stm32f10x_usart.o
       476         36          0         20          0       1547   system_stm32f10x.o
       320         18          0          8         64       2902   usart.o
      4064        164          0         49         36      18194   wm.o
        30          0          0          0          0        514   wm__getfirstsibling.o
        54          0          0          0          0        797   wm__getprevsibling.o
        36          0          0          0          0        822   wm__sendmessage.o
        72          0          0          0          0        943   wm_bringtobottom.o
        80          4          0          0          0        837   wm_criticalhandle.o
        12          4          0          0          0        418   wm_getdesktopwindow.o
        20          0          0          0          0        459   wm_getparent.o
        22          0          0          0          0        510   wm_notifyparent.o
        56          6          0          0          0        575   wm_onkey.o
        32          0          0          0          0        546   wm_sendtoparent.o
         0          0          0         16          0       1983   wmtouch.o

    ----------------------------------------------------------------------
     16230        592       5352        172       8956     385983   Object Totals
         0          0         32          0          0          0   (incl. Generated)
        10          0          0          8          0          0   (incl. Padding)

    ----------------------------------------------------------------------

      Code (inc. data)   RO Data    RW Data    ZI Data      Debug   Library Member Name

         8          0          0          0          0         68   __main.o
       396          6         17          0          0         92   __printf_flags_ss_wp.o
        14          0          0          0          0         68   __printf_wp.o
        52          8          0          0          0          0   __scatter.o
        26          0          0          0          0          0   __scatter_copy.o
        28          0          0          0          0          0   __scatter_zi.o
         6          0          0          0          0          0   _printf_a.o
         6          0          0          0          0          0   _printf_c.o
        44          0          0          0          0        108   _printf_char.o
        48          6          0          0          0         96   _printf_char_common.o
        42          0          0          0          0         68   _printf_charcount.o
         6          0          0          0          0          0   _printf_d.o
       120         18          0          0          0         92   _printf_dec.o
         6          0          0          0          0          0   _printf_e.o
         6          0          0          0          0          0   _printf_f.o
      1056          0          0          0          0        216   _printf_fp_dec.o
       128         16          0          0          0         84   _printf_fp_infnan.o
         6          0          0          0          0          0   _printf_g.o
       156          6         40          0          0        160   _printf_hex_int_ll_ptr.o
         6          0          0          0          0          0   _printf_i.o
       184          0          0          0          0         88   _printf_intcommon.o
        10          0          0          0          0          0   _printf_l.o
         6          0          0          0          0          0   _printf_lc.o
        10          0          0          0          0          0   _printf_ll.o
         6          0          0          0          0          0   _printf_lld.o
         6          0          0          0          0          0   _printf_lli.o
         6          0          0          0          0          0   _printf_llo.o
         6          0          0          0          0          0   _printf_llu.o
         6          0          0          0          0          0   _printf_llx.o
       120         16          0          0          0         92   _printf_longlong_dec.o
         6          0          0          0          0          0   _printf_ls.o
         6          0          0          0          0          0   _printf_n.o
         6          0          0          0          0          0   _printf_o.o
       120          8          0          0          0        124   _printf_oct_int_ll.o
         6          0          0          0          0          0   _printf_p.o
        82          0          0          0          0        108   _printf_pad.o
         0          0          0          0          0          0   _printf_percent.o
         4          0          0          0          0          0   _printf_percent_end.o
         6          0          0          0          0          0   _printf_s.o
        82          0          0          0          0         80   _printf_str.o
        36          0          0          0          0         84   _printf_truncate.o
         6          0          0          0          0          0   _printf_u.o
        44          0          0          0          0        108   _printf_wchar.o
       188          6          8          0          0         92   _printf_wctomb.o
         6          0          0          0          0          0   _printf_x.o
        16          0          0          0          0         68   _snputc.o
        10          0          0          0          0         68   _sputc.o
        64          0          0          0          0         92   _wcrtomb.o
       228          6        148          0          0         96   bigflt0.o
      1910        128          0          0          0        672   btod.o
        52          4          0          0          0         80   c89vsnprintf.o
        12          0          0          0          0         72   exit.o
         6          0          0          0          0        152   heapauxi.o
        44         10        272          0          0         76   lc_ctype_c.o
        44         10         28          0          0         76   lc_numeric_c.o
         2          0          0          0          0          0   libinit.o
        30          0          0          0          0          0   libinit2.o
         2          0          0          0          0          0   libshutdown.o
         2          0          0          0          0          0   libshutdown2.o
         8          4          0          0         96         68   libspace.o
       138          0          0          0          0         80   lludiv10.o
        16          4          0          0          0         76   rt_ctype_table.o
         8          4          0          0          0         68   rt_locale_intlibspace.o
        78          0          0          0          0         80   rt_memclr_w.o
       138          0          0          0          0         68   rt_memcpy_v6.o
       100          0          0          0          0         80   rt_memcpy_w.o
       132          0          0          0          0         68   rt_memmove_v6.o
       122          0          0          0          0         80   rt_memmove_w.o
         0          0          0          0          0          0   rtentry.o
        12          0          0          0          0          0   rtentry2.o
         6          0          0          0          0          0   rtentry4.o
         2          0          0          0          0          0   rtexit.o
        10          0          0          0          0          0   rtexit2.o
       128          0          0          0          0         68   strcmpv7m.o
        74          0          0          0          0         80   sys_stackheap_outer.o
         2          0          0          0          0         68   use_no_semi.o
         2          0          0          0          0         68   use_no_semi_2.o
         4          0          0          0          0         68   printf1.o
         0          0          0          0          0          0   usenofp.o
        40          0          0          0          0         68   fpclassify.o

    ----------------------------------------------------------------------
      6570        260        516          0         96       4368   Library Totals
        10          0          3          0          0          0   (incl. Padding)

    ----------------------------------------------------------------------

      Code (inc. data)   RO Data    RW Data    ZI Data      Debug   Library Name

      6516        260        513          0         96       4232   c_w.l
         4          0          0          0          0         68   fz_ws.l
        40          0          0          0          0         68   m_ws.l

    ----------------------------------------------------------------------
      6570        260        516          0         96       4368   Library Totals

    ----------------------------------------------------------------------

==============================================================================


      Code (inc. data)   RO Data    RW Data    ZI Data      Debug   

     22800        852       5868        172       9052     383851   Grand Totals
     22800        852       5868        172       9052     383851   ELF Image Totals
     22800        852       5868        172          0          0   ROM Totals

==============================================================================

    Total RO  Size (Code + RO Data)                28668 (  28.00kB)
    Total RW  Size (RW Data + ZI Data)              9224 (   9.01kB)
    Total ROM Size (Code + RO Data + RW Data)      28840 (  28.16kB)

==============================================================================

