<!doctype html public "-//w3c//dtd html 4.0 transitional//en">
<html><head>
<title>Static Call Graph - [..\OUTPUT\jlink\template.axf]</title></head>
<body><HR>
<H1>Static Call Graph for image ..\OUTPUT\jlink\template.axf</H1><HR>
<BR><P>#&#060CALLGRAPH&#062# ARM Linker, 5.03 [Build 76]: Last Updated: Fri May 09 19:55:57 2014
<BR><P>
<H3>Maximum Stack Usage =        384 bytes + Unknown(Cycles, Untraceable Function Pointers)</H3><H3>
Call chain for Maximum Stack Depth:</H3>
usmart_exe &rArr; uart2_printf &rArr; __c89vsnprintf
<P>
<H3>
Mutually Recursive functions
</H3> <LI><a href="#[25]">ADC1_2_IRQHandler</a>&nbsp;&nbsp;&nbsp;&rArr;&nbsp;&nbsp;&nbsp;<a href="#[25]">ADC1_2_IRQHandler</a><BR>
</UL>
<P>
<H3>
Function Pointers
</H3><UL>
 <LI><a href="#[25]">ADC1_2_IRQHandler</a> from startup_stm32f10x_md.o(.text) referenced from startup_stm32f10x_md.o(RESET)
 <LI><a href="#[6a]">ADCManager_getData</a> from adcmanager.o(.text) referenced from adcmanager.o(.text)
 <LI><a href="#[61]">ADCManager_startTransfer</a> from adcmanager.o(.text) referenced from adcmanager.o(.text)
 <LI><a href="#[d]">BusFault_Handler</a> from stm32f10x_it.o(.text) referenced from startup_stm32f10x_md.o(RESET)
 <LI><a href="#[28]">CAN1_RX1_IRQHandler</a> from startup_stm32f10x_md.o(.text) referenced from startup_stm32f10x_md.o(RESET)
 <LI><a href="#[29]">CAN1_SCE_IRQHandler</a> from startup_stm32f10x_md.o(.text) referenced from startup_stm32f10x_md.o(RESET)
 <LI><a href="#[8b]">Complementary1_getAngle</a> from filter.o(.text) referenced from filter.o(.text)
 <LI><a href="#[89]">Complementary2_getAngle</a> from filter.o(.text) referenced from filter.o(.text)
 <LI><a href="#[1e]">DMA1_Channel1_IRQHandler</a> from adcmanager.o(.text) referenced from startup_stm32f10x_md.o(RESET)
 <LI><a href="#[1f]">DMA1_Channel2_IRQHandler</a> from startup_stm32f10x_md.o(.text) referenced from startup_stm32f10x_md.o(RESET)
 <LI><a href="#[20]">DMA1_Channel3_IRQHandler</a> from startup_stm32f10x_md.o(.text) referenced from startup_stm32f10x_md.o(RESET)
 <LI><a href="#[21]">DMA1_Channel4_IRQHandler</a> from startup_stm32f10x_md.o(.text) referenced from startup_stm32f10x_md.o(RESET)
 <LI><a href="#[22]">DMA1_Channel5_IRQHandler</a> from usartbufreceiever.o(.text) referenced from startup_stm32f10x_md.o(RESET)
 <LI><a href="#[23]">DMA1_Channel6_IRQHandler</a> from usart2bufreceiever.o(.text) referenced from startup_stm32f10x_md.o(RESET)
 <LI><a href="#[24]">DMA1_Channel7_IRQHandler</a> from startup_stm32f10x_md.o(.text) referenced from startup_stm32f10x_md.o(RESET)
 <LI><a href="#[10]">DebugMon_Handler</a> from stm32f10x_it.o(.text) referenced from startup_stm32f10x_md.o(RESET)
 <LI><a href="#[19]">EXTI0_IRQHandler</a> from extimanager.o(.text) referenced from startup_stm32f10x_md.o(RESET)
 <LI><a href="#[3b]">EXTI15_10_IRQHandler</a> from extimanager.o(.text) referenced from startup_stm32f10x_md.o(RESET)
 <LI><a href="#[1a]">EXTI1_IRQHandler</a> from extimanager.o(.text) referenced from startup_stm32f10x_md.o(RESET)
 <LI><a href="#[1b]">EXTI2_IRQHandler</a> from extimanager.o(.text) referenced from startup_stm32f10x_md.o(RESET)
 <LI><a href="#[1c]">EXTI3_IRQHandler</a> from extimanager.o(.text) referenced from startup_stm32f10x_md.o(RESET)
 <LI><a href="#[1d]">EXTI4_IRQHandler</a> from extimanager.o(.text) referenced from startup_stm32f10x_md.o(RESET)
 <LI><a href="#[2a]">EXTI9_5_IRQHandler</a> from extimanager.o(.text) referenced from startup_stm32f10x_md.o(RESET)
 <LI><a href="#[7d]">EXTIManager_StartListenling</a> from extimanager.o(.text) referenced from extimanager.o(.text)
 <LI><a href="#[17]">FLASH_IRQHandler</a> from startup_stm32f10x_md.o(.text) referenced from startup_stm32f10x_md.o(RESET)
 <LI><a href="#[b]">HardFault_Handler</a> from stm32f10x_it.o(.text) referenced from startup_stm32f10x_md.o(RESET)
 <LI><a href="#[33]">I2C1_ER_IRQHandler</a> from startup_stm32f10x_md.o(.text) referenced from startup_stm32f10x_md.o(RESET)
 <LI><a href="#[32]">I2C1_EV_IRQHandler</a> from startup_stm32f10x_md.o(.text) referenced from startup_stm32f10x_md.o(RESET)
 <LI><a href="#[35]">I2C2_ER_IRQHandler</a> from startup_stm32f10x_md.o(.text) referenced from startup_stm32f10x_md.o(RESET)
 <LI><a href="#[34]">I2C2_EV_IRQHandler</a> from startup_stm32f10x_md.o(.text) referenced from startup_stm32f10x_md.o(RESET)
 <LI><a href="#[a7]">InputCatchManager_setDoWhenDone</a> from inputcatcher.o(.text) referenced from inputcatcher.o(.text)
 <LI><a href="#[a9]">InputCatchManager_setDoWhenTimeout</a> from inputcatcher.o(.text) referenced from inputcatcher.o(.text)
 <LI><a href="#[97]">InputCatchManager_startCatching</a> from inputcatcher.o(.text) referenced from inputcatcher.o(.text)
 <LI><a href="#[8e]">Kalman_getAngle</a> from filter.o(.text) referenced from filter.o(.text)
 <LI><a href="#[8f]">Kalman_setStartAngle</a> from filter.o(.text) referenced from filter.o(.text)
 <LI><a href="#[c]">MemManage_Handler</a> from stm32f10x_it.o(.text) referenced from startup_stm32f10x_md.o(RESET)
 <LI><a href="#[a]">NMI_Handler</a> from stm32f10x_it.o(.text) referenced from startup_stm32f10x_md.o(RESET)
 <LI><a href="#[c3]">PID_Compute</a> from newpid.o(.text) referenced from newpid.o(.text)
 <LI><a href="#[c2]">PID_SetDirection</a> from newpid.o(.text) referenced from newpid.o(.text)
 <LI><a href="#[c1]">PID_SetMode</a> from newpid.o(.text) referenced from newpid.o(.text)
 <LI><a href="#[bf]">PID_SetOutputLimits</a> from newpid.o(.text) referenced from newpid.o(.text)
 <LI><a href="#[bc]">PID_SetPID</a> from newpid.o(.text) referenced from newpid.o(.text)
 <LI><a href="#[be]">PID_SetSampleTime</a> from newpid.o(.text) referenced from newpid.o(.text)
 <LI><a href="#[c5]">PID_setIOT</a> from newpid.o(.text) referenced from newpid.o(.text)
 <LI><a href="#[14]">PVD_IRQHandler</a> from startup_stm32f10x_md.o(.text) referenced from startup_stm32f10x_md.o(RESET)
 <LI><a href="#[e1]">PWMManager_ProduceNewPWM</a> from pwmmanager.o(.text) referenced from pwmmanager.o(.text)
 <LI><a href="#[df]">PWMManager_changeFrequency</a> from pwmmanager.o(.text) referenced from pwmmanager.o(.text)
 <LI><a href="#[e0]">PWMManager_changeRatio</a> from pwmmanager.o(.text) referenced from pwmmanager.o(.text)
 <LI><a href="#[11]">PendSV_Handler</a> from stm32f10x_it.o(.text) referenced from startup_stm32f10x_md.o(RESET)
 <LI><a href="#[18]">RCC_IRQHandler</a> from startup_stm32f10x_md.o(.text) referenced from startup_stm32f10x_md.o(RESET)
 <LI><a href="#[3c]">RTCAlarm_IRQHandler</a> from millis.o(.text) referenced from startup_stm32f10x_md.o(RESET)
 <LI><a href="#[16]">RTC_IRQHandler</a> from millis.o(.text) referenced from startup_stm32f10x_md.o(RESET)
 <LI><a href="#[9]">Reset_Handler</a> from startup_stm32f10x_md.o(.text) referenced from startup_stm32f10x_md.o(RESET)
 <LI><a href="#[36]">SPI1_IRQHandler</a> from startup_stm32f10x_md.o(.text) referenced from startup_stm32f10x_md.o(RESET)
 <LI><a href="#[37]">SPI2_IRQHandler</a> from startup_stm32f10x_md.o(.text) referenced from startup_stm32f10x_md.o(RESET)
 <LI><a href="#[f]">SVC_Handler</a> from supertask.o(.emb_text) referenced from startup_stm32f10x_md.o(RESET)
 <LI><a href="#[12]">SysTick_Handler</a> from stm32f10x_it.o(.text) referenced from startup_stm32f10x_md.o(RESET)
 <LI><a href="#[3f]">SystemInit</a> from system_stm32f10x.o(.text) referenced from startup_stm32f10x_md.o(.text)
 <LI><a href="#[15]">TAMPER_IRQHandler</a> from startup_stm32f10x_md.o(.text) referenced from startup_stm32f10x_md.o(RESET)
 <LI><a href="#[2b]">TIM1_BRK_IRQHandler</a> from startup_stm32f10x_md.o(.text) referenced from startup_stm32f10x_md.o(RESET)
 <LI><a href="#[2e]">TIM1_CC_IRQHandler</a> from inputcatcher.o(.text) referenced from startup_stm32f10x_md.o(RESET)
 <LI><a href="#[2d]">TIM1_TRG_COM_IRQHandler</a> from startup_stm32f10x_md.o(.text) referenced from startup_stm32f10x_md.o(RESET)
 <LI><a href="#[2c]">TIM1_UP_IRQHandler</a> from startup_stm32f10x_md.o(.text) referenced from startup_stm32f10x_md.o(RESET)
 <LI><a href="#[2f]">TIM2_IRQHandler</a> from thb7128.o(.text) referenced from startup_stm32f10x_md.o(RESET)
 <LI><a href="#[30]">TIM3_IRQHandler</a> from startup_stm32f10x_md.o(.text) referenced from startup_stm32f10x_md.o(RESET)
 <LI><a href="#[31]">TIM4_IRQHandler</a> from doevery.o(.text) referenced from startup_stm32f10x_md.o(RESET)
 <LI><a href="#[38]">USART1_IRQHandler</a> from startup_stm32f10x_md.o(.text) referenced from startup_stm32f10x_md.o(RESET)
 <LI><a href="#[f4]">USART2BufReceiever_checkAllRight</a> from usart2bufreceiever.o(.text) referenced from usart2bufreceiever.o(.text)
 <LI><a href="#[f1]">USART2BufReceiever_enableReceieve</a> from usart2bufreceiever.o(.text) referenced from usart2bufreceiever.o(.text)
 <LI><a href="#[f3]">USART2BufReceiever_getAvaliableNum</a> from usart2bufreceiever.o(.text) referenced from usart2bufreceiever.o(.text)
 <LI><a href="#[f5]">USART2BufReceiever_getByte</a> from usart2bufreceiever.o(.text) referenced from usart2bufreceiever.o(.text)
 <LI><a href="#[f6]">USART2BufReceiever_getBytes</a> from usart2bufreceiever.o(.text) referenced from usart2bufreceiever.o(.text)
 <LI><a href="#[f7]">USART2BufReceiever_getRxNum</a> from usart2bufreceiever.o(.text) referenced from usart2bufreceiever.o(.text)
 <LI><a href="#[39]">USART2_IRQHandler</a> from usmart.o(.text) referenced from startup_stm32f10x_md.o(RESET)
 <LI><a href="#[3a]">USART3_IRQHandler</a> from startup_stm32f10x_md.o(.text) referenced from startup_stm32f10x_md.o(RESET)
 <LI><a href="#[fc]">USARTBufReceiever_checkAllRight</a> from usartbufreceiever.o(.text) referenced from usartbufreceiever.o(.text)
 <LI><a href="#[fa]">USARTBufReceiever_enableReceieve</a> from usartbufreceiever.o(.text) referenced from usartbufreceiever.o(.text)
 <LI><a href="#[fb]">USARTBufReceiever_getAvaliableNum</a> from usartbufreceiever.o(.text) referenced from usartbufreceiever.o(.text)
 <LI><a href="#[fd]">USARTBufReceiever_getByte</a> from usartbufreceiever.o(.text) referenced from usartbufreceiever.o(.text)
 <LI><a href="#[fe]">USARTBufReceiever_getBytes</a> from usartbufreceiever.o(.text) referenced from usartbufreceiever.o(.text)
 <LI><a href="#[ff]">USARTBufReceiever_getRxNum</a> from usartbufreceiever.o(.text) referenced from usartbufreceiever.o(.text)
 <LI><a href="#[3d]">USBWakeUp_IRQHandler</a> from startup_stm32f10x_md.o(.text) referenced from startup_stm32f10x_md.o(RESET)
 <LI><a href="#[26]">USB_HP_CAN1_TX_IRQHandler</a> from startup_stm32f10x_md.o(.text) referenced from startup_stm32f10x_md.o(RESET)
 <LI><a href="#[27]">USB_LP_CAN1_RX0_IRQHandler</a> from startup_stm32f10x_md.o(.text) referenced from startup_stm32f10x_md.o(RESET)
 <LI><a href="#[e]">UsageFault_Handler</a> from stm32f10x_it.o(.text) referenced from startup_stm32f10x_md.o(RESET)
 <LI><a href="#[13]">WWDG_IRQHandler</a> from startup_stm32f10x_md.o(.text) referenced from startup_stm32f10x_md.o(RESET)
 <LI><a href="#[40]">__main</a> from entry.o(.ARM.Collect$$$$00000000) referenced from startup_stm32f10x_md.o(.text)
 <LI><a href="#[42]">_sbackspace</a> from _sgetc.o(.text) referenced from vsscanf.o(.text)
 <LI><a href="#[43]">_scanf_char_input</a> from scanf_char.o(.text) referenced from scanf_char.o(.text)
 <LI><a href="#[41]">_sgetc</a> from _sgetc.o(.text) referenced from vsscanf.o(.text)
 <LI><a href="#[45]">_snputc</a> from printfa.o(i._snputc) referenced from printfa.o(i.__0vsnprintf)
 <LI><a href="#[2]">delay_ms</a> from delay.o(.text) referenced 2 times from usmart_config.o(.data)
 <LI><a href="#[3]">delay_us</a> from delay.o(.text) referenced 2 times from usmart_config.o(.data)
 <LI><a href="#[44]">isspace</a> from isspace_c.o(.text) referenced from scanf_char.o(.text)
 <LI><a href="#[3e]">main</a> from main.o(.text) referenced from entry9a.o(.ARM.Collect$$$$0000000B)
 <LI><a href="#[0]">read_addr</a> from usmart.o(.text) referenced 2 times from usmart_config.o(.data)
 <LI><a href="#[4]">setPID</a> from bcar.o(.text) referenced 2 times from usmart_config.o(.data)
 <LI><a href="#[6]">usmart_cmd_rec</a> from usmart.o(.text) referenced 2 times from usmart_config.o(.data)
 <LI><a href="#[7]">usmart_exe</a> from usmart.o(.text) referenced 2 times from usmart_config.o(.data)
 <LI><a href="#[5]">usmart_init</a> from usmart.o(.text) referenced 2 times from usmart_config.o(.data)
 <LI><a href="#[8]">usmart_scan</a> from usmart.o(.text) referenced 2 times from usmart_config.o(.data)
 <LI><a href="#[1]">write_addr</a> from usmart.o(.text) referenced 2 times from usmart_config.o(.data)
</UL>
<P>
<H3>
Global Symbols
</H3>
<P><STRONG><a name="[40]"></a>__main</STRONG> (Thumb, 0 bytes, Stack size unknown bytes, entry.o(.ARM.Collect$$$$00000000))
<BR>[Address Reference Count : 1]<UL><LI> startup_stm32f10x_md.o(.text)
</UL>
<P><STRONG><a name="[17c]"></a>_main_stk</STRONG> (Thumb, 0 bytes, Stack size unknown bytes, entry2.o(.ARM.Collect$$$$00000001))

<P><STRONG><a name="[46]"></a>_main_scatterload</STRONG> (Thumb, 0 bytes, Stack size unknown bytes, entry5.o(.ARM.Collect$$$$00000004))
<BR><BR>[Calls]<UL><LI><a href="#[47]">&gt;&gt;</a>&nbsp;&nbsp;&nbsp;__scatterload
</UL>

<P><STRONG><a name="[172]"></a>__main_after_scatterload</STRONG> (Thumb, 0 bytes, Stack size unknown bytes, entry5.o(.ARM.Collect$$$$00000004))
<BR><BR>[Called By]<UL><LI><a href="#[47]">&gt;&gt;</a>&nbsp;&nbsp;&nbsp;__scatterload
</UL>

<P><STRONG><a name="[17d]"></a>_main_clock</STRONG> (Thumb, 0 bytes, Stack size unknown bytes, entry7b.o(.ARM.Collect$$$$00000008))

<P><STRONG><a name="[17e]"></a>_main_cpp_init</STRONG> (Thumb, 0 bytes, Stack size unknown bytes, entry8b.o(.ARM.Collect$$$$0000000A))

<P><STRONG><a name="[17f]"></a>_main_init</STRONG> (Thumb, 0 bytes, Stack size unknown bytes, entry9a.o(.ARM.Collect$$$$0000000B))

<P><STRONG><a name="[180]"></a>__rt_final_cpp</STRONG> (Thumb, 0 bytes, Stack size unknown bytes, entry10a.o(.ARM.Collect$$$$0000000D))

<P><STRONG><a name="[181]"></a>__rt_final_exit</STRONG> (Thumb, 0 bytes, Stack size unknown bytes, entry11a.o(.ARM.Collect$$$$0000000F))

<P><STRONG><a name="[f]"></a>SVC_Handler</STRONG> (Thumb, 18 bytes, Stack size 0 bytes, supertask.o(.emb_text))
<BR><BR>[Stack]<UL><LI>Max Depth = 24<LI>Call Chain = SVC_Handler &rArr; SVC_CHandler
</UL>
<BR>[Calls]<UL><LI><a href="#[48]">&gt;&gt;</a>&nbsp;&nbsp;&nbsp;SVC_CHandler
</UL>
<BR>[Address Reference Count : 1]<UL><LI> startup_stm32f10x_md.o(RESET)
</UL>
<P><STRONG><a name="[3f]"></a>SystemInit</STRONG> (Thumb, 78 bytes, Stack size 8 bytes, system_stm32f10x.o(.text))
<BR><BR>[Stack]<UL><LI>Max Depth = 28<LI>Call Chain = SystemInit &rArr; SetSysClock &rArr; SetSysClockTo72
</UL>
<BR>[Calls]<UL><LI><a href="#[49]">&gt;&gt;</a>&nbsp;&nbsp;&nbsp;SetSysClock
</UL>
<BR>[Address Reference Count : 1]<UL><LI> startup_stm32f10x_md.o(.text)
</UL>
<P><STRONG><a name="[182]"></a>SystemCoreClockUpdate</STRONG> (Thumb, 142 bytes, Stack size 8 bytes, system_stm32f10x.o(.text), UNUSED)

<P><STRONG><a name="[a]"></a>NMI_Handler</STRONG> (Thumb, 2 bytes, Stack size 0 bytes, stm32f10x_it.o(.text))
<BR>[Address Reference Count : 1]<UL><LI> startup_stm32f10x_md.o(RESET)
</UL>
<P><STRONG><a name="[b]"></a>HardFault_Handler</STRONG> (Thumb, 4 bytes, Stack size 0 bytes, stm32f10x_it.o(.text))
<BR>[Address Reference Count : 1]<UL><LI> startup_stm32f10x_md.o(RESET)
</UL>
<P><STRONG><a name="[c]"></a>MemManage_Handler</STRONG> (Thumb, 4 bytes, Stack size 0 bytes, stm32f10x_it.o(.text))
<BR>[Address Reference Count : 1]<UL><LI> startup_stm32f10x_md.o(RESET)
</UL>
<P><STRONG><a name="[d]"></a>BusFault_Handler</STRONG> (Thumb, 4 bytes, Stack size 0 bytes, stm32f10x_it.o(.text))
<BR>[Address Reference Count : 1]<UL><LI> startup_stm32f10x_md.o(RESET)
</UL>
<P><STRONG><a name="[e]"></a>UsageFault_Handler</STRONG> (Thumb, 4 bytes, Stack size 0 bytes, stm32f10x_it.o(.text))
<BR>[Address Reference Count : 1]<UL><LI> startup_stm32f10x_md.o(RESET)
</UL>
<P><STRONG><a name="[10]"></a>DebugMon_Handler</STRONG> (Thumb, 2 bytes, Stack size 0 bytes, stm32f10x_it.o(.text))
<BR>[Address Reference Count : 1]<UL><LI> startup_stm32f10x_md.o(RESET)
</UL>
<P><STRONG><a name="[11]"></a>PendSV_Handler</STRONG> (Thumb, 2 bytes, Stack size 0 bytes, stm32f10x_it.o(.text))
<BR>[Address Reference Count : 1]<UL><LI> startup_stm32f10x_md.o(RESET)
</UL>
<P><STRONG><a name="[12]"></a>SysTick_Handler</STRONG> (Thumb, 2 bytes, Stack size 0 bytes, stm32f10x_it.o(.text))
<BR>[Address Reference Count : 1]<UL><LI> startup_stm32f10x_md.o(RESET)
</UL>
<P><STRONG><a name="[4b]"></a>balanceProc</STRONG> (Thumb, 66 bytes, Stack size 32 bytes, main.o(.text))
<BR><BR>[Stack]<UL><LI>Max Depth = 152<LI>Call Chain = balanceProc &rArr; MPU6050_GetTransformedData &rArr; __aeabi_dsub &rArr; __aeabi_dadd &rArr; _double_epilogue &rArr; _double_round
</UL>
<BR>[Calls]<UL><LI><a href="#[4c]">&gt;&gt;</a>&nbsp;&nbsp;&nbsp;WriteAllMotors
<LI><a href="#[4d]">&gt;&gt;</a>&nbsp;&nbsp;&nbsp;MPU6050_GetTransformedData
</UL>
<BR>[Called By]<UL><LI><a href="#[3e]">&gt;&gt;</a>&nbsp;&nbsp;&nbsp;main
</UL>

<P><STRONG><a name="[4e]"></a>PIDConfigure</STRONG> (Thumb, 60 bytes, Stack size 24 bytes, main.o(.text))
<BR><BR>[Stack]<UL><LI>Max Depth = 208<LI>Call Chain = PIDConfigure &rArr; PID_Structure_Init &rArr; PID_SetPID &rArr; __aeabi_dsub &rArr; __aeabi_dadd &rArr; _double_epilogue &rArr; _double_round
</UL>
<BR>[Calls]<UL><LI><a href="#[4f]">&gt;&gt;</a>&nbsp;&nbsp;&nbsp;PID_Structure_Init
</UL>
<BR>[Called By]<UL><LI><a href="#[50]">&gt;&gt;</a>&nbsp;&nbsp;&nbsp;All_Init
</UL>

<P><STRONG><a name="[50]"></a>All_Init</STRONG> (Thumb, 60 bytes, Stack size 8 bytes, main.o(.text))
<BR><BR>[Stack]<UL><LI>Max Depth = 216<LI>Call Chain = All_Init &rArr; PIDConfigure &rArr; PID_Structure_Init &rArr; PID_SetPID &rArr; __aeabi_dsub &rArr; __aeabi_dadd &rArr; _double_epilogue &rArr; _double_round
</UL>
<BR>[Calls]<UL><LI><a href="#[5]">&gt;&gt;</a>&nbsp;&nbsp;&nbsp;usmart_init
<LI><a href="#[52]">&gt;&gt;</a>&nbsp;&nbsp;&nbsp;uart_init
<LI><a href="#[51]">&gt;&gt;</a>&nbsp;&nbsp;&nbsp;delay_init
<LI><a href="#[54]">&gt;&gt;</a>&nbsp;&nbsp;&nbsp;Motor_Init
<LI><a href="#[4d]">&gt;&gt;</a>&nbsp;&nbsp;&nbsp;MPU6050_GetTransformedData
<LI><a href="#[53]">&gt;&gt;</a>&nbsp;&nbsp;&nbsp;MPU6050_ALL_Initialize
<LI><a href="#[55]">&gt;&gt;</a>&nbsp;&nbsp;&nbsp;MILLIS_Init
<LI><a href="#[56]">&gt;&gt;</a>&nbsp;&nbsp;&nbsp;ComplementaryFilter_Init
<LI><a href="#[4e]">&gt;&gt;</a>&nbsp;&nbsp;&nbsp;PIDConfigure
</UL>
<BR>[Called By]<UL><LI><a href="#[3e]">&gt;&gt;</a>&nbsp;&nbsp;&nbsp;main
</UL>

<P><STRONG><a name="[3e]"></a>main</STRONG> (Thumb, 16 bytes, Stack size 0 bytes, main.o(.text))
<BR><BR>[Stack]<UL><LI>Max Depth = 328<LI>Call Chain = main &rArr; usmart_scan &rArr; usmart_sys_cmd_exe &rArr; uart2_printf &rArr; __c89vsnprintf
</UL>
<BR>[Calls]<UL><LI><a href="#[8]">&gt;&gt;</a>&nbsp;&nbsp;&nbsp;usmart_scan
<LI><a href="#[50]">&gt;&gt;</a>&nbsp;&nbsp;&nbsp;All_Init
<LI><a href="#[4b]">&gt;&gt;</a>&nbsp;&nbsp;&nbsp;balanceProc
</UL>
<BR>[Address Reference Count : 1]<UL><LI> entry9a.o(.ARM.Collect$$$$0000000B)
</UL>
<P><STRONG><a name="[54]"></a>Motor_Init</STRONG> (Thumb, 66 bytes, Stack size 8 bytes, bcar.o(.text))
<BR><BR>[Stack]<UL><LI>Max Depth = 8<LI>Call Chain = Motor_Init
</UL>
<BR>[Calls]<UL><LI><a href="#[57]">&gt;&gt;</a>&nbsp;&nbsp;&nbsp;PWMManagerStructure
</UL>
<BR>[Called By]<UL><LI><a href="#[50]">&gt;&gt;</a>&nbsp;&nbsp;&nbsp;All_Init
</UL>

<P><STRONG><a name="[4c]"></a>WriteAllMotors</STRONG> (Thumb, 242 bytes, Stack size 24 bytes, bcar.o(.text))
<BR><BR>[Stack]<UL><LI>Max Depth = 112<LI>Call Chain = WriteAllMotors &rArr; __aeabi_dsub &rArr; __aeabi_dadd &rArr; _double_epilogue &rArr; _double_round
</UL>
<BR>[Calls]<UL><LI><a href="#[5c]">&gt;&gt;</a>&nbsp;&nbsp;&nbsp;__aeabi_dsub
<LI><a href="#[5a]">&gt;&gt;</a>&nbsp;&nbsp;&nbsp;__aeabi_dmul
<LI><a href="#[59]">&gt;&gt;</a>&nbsp;&nbsp;&nbsp;__aeabi_dadd
<LI><a href="#[5b]">&gt;&gt;</a>&nbsp;&nbsp;&nbsp;__aeabi_d2f
<LI><a href="#[58]">&gt;&gt;</a>&nbsp;&nbsp;&nbsp;__aeabi_cdrcmple
</UL>
<BR>[Called By]<UL><LI><a href="#[4b]">&gt;&gt;</a>&nbsp;&nbsp;&nbsp;balanceProc
</UL>

<P><STRONG><a name="[183]"></a>StopAllMotors</STRONG> (Thumb, 52 bytes, Stack size 8 bytes, bcar.o(.text), UNUSED)

<P><STRONG><a name="[4]"></a>setPID</STRONG> (Thumb, 94 bytes, Stack size 64 bytes, bcar.o(.text))
<BR><BR>[Stack]<UL><LI>Max Depth = 120<LI>Call Chain = setPID &rArr; __aeabi_i2d &rArr; _double_epilogue &rArr; _double_round
</UL>
<BR>[Calls]<UL><LI><a href="#[5d]">&gt;&gt;</a>&nbsp;&nbsp;&nbsp;__aeabi_i2d
<LI><a href="#[5e]">&gt;&gt;</a>&nbsp;&nbsp;&nbsp;__aeabi_ddiv
</UL>
<BR>[Address Reference Count : 1]<UL><LI> usmart_config.o(.data)
</UL>
<P><STRONG><a name="[60]"></a>filterGPIO_ADC</STRONG> (Thumb, 94 bytes, Stack size 0 bytes, adcmanager.o(.text), UNUSED)
<BR><BR>[Called By]<UL><LI><a href="#[6b]">&gt;&gt;</a>&nbsp;&nbsp;&nbsp;ADCManager_Structure
<LI><a href="#[5f]">&gt;&gt;</a>&nbsp;&nbsp;&nbsp;filterGPIO_RCC_ADC
</UL>

<P><STRONG><a name="[6e]"></a>filterPin_ADC</STRONG> (Thumb, 94 bytes, Stack size 0 bytes, adcmanager.o(.text), UNUSED)
<BR><BR>[Called By]<UL><LI><a href="#[6b]">&gt;&gt;</a>&nbsp;&nbsp;&nbsp;ADCManager_Structure
</UL>

<P><STRONG><a name="[5f]"></a>filterGPIO_RCC_ADC</STRONG> (Thumb, 106 bytes, Stack size 16 bytes, adcmanager.o(.text), UNUSED)
<BR><BR>[Calls]<UL><LI><a href="#[60]">&gt;&gt;</a>&nbsp;&nbsp;&nbsp;filterGPIO_ADC
</UL>
<BR>[Called By]<UL><LI><a href="#[6b]">&gt;&gt;</a>&nbsp;&nbsp;&nbsp;ADCManager_Structure
</UL>

<P><STRONG><a name="[61]"></a>ADCManager_startTransfer</STRONG> (Thumb, 20 bytes, Stack size 8 bytes, adcmanager.o(.text))
<BR><BR>[Stack]<UL><LI>Max Depth = 8<LI>Call Chain = ADCManager_startTransfer
</UL>
<BR>[Calls]<UL><LI><a href="#[62]">&gt;&gt;</a>&nbsp;&nbsp;&nbsp;ADC_SoftwareStartConvCmd
</UL>
<BR>[Address Reference Count : 1]<UL><LI> adcmanager.o(.text)
</UL>
<P><STRONG><a name="[6a]"></a>ADCManager_getData</STRONG> (Thumb, 44 bytes, Stack size 0 bytes, adcmanager.o(.text))
<BR>[Address Reference Count : 1]<UL><LI> adcmanager.o(.text)
</UL>
<P><STRONG><a name="[63]"></a>ADC_DMA_Config</STRONG> (Thumb, 140 bytes, Stack size 56 bytes, adcmanager.o(.text), UNUSED)
<BR><BR>[Calls]<UL><LI><a href="#[64]">&gt;&gt;</a>&nbsp;&nbsp;&nbsp;RCC_AHBPeriphClockCmd
<LI><a href="#[68]">&gt;&gt;</a>&nbsp;&nbsp;&nbsp;NVIC_Init
<LI><a href="#[66]">&gt;&gt;</a>&nbsp;&nbsp;&nbsp;DMA_Init
<LI><a href="#[67]">&gt;&gt;</a>&nbsp;&nbsp;&nbsp;DMA_ITConfig
<LI><a href="#[65]">&gt;&gt;</a>&nbsp;&nbsp;&nbsp;DMA_DeInit
<LI><a href="#[69]">&gt;&gt;</a>&nbsp;&nbsp;&nbsp;DMA_Cmd
</UL>
<BR>[Called By]<UL><LI><a href="#[6b]">&gt;&gt;</a>&nbsp;&nbsp;&nbsp;ADCManager_Structure
</UL>

<P><STRONG><a name="[6b]"></a>ADCManager_Structure</STRONG> (Thumb, 356 bytes, Stack size 40 bytes, adcmanager.o(.text), UNUSED)
<BR><BR>[Calls]<UL><LI><a href="#[6c]">&gt;&gt;</a>&nbsp;&nbsp;&nbsp;RCC_APB2PeriphClockCmd
<LI><a href="#[6d]">&gt;&gt;</a>&nbsp;&nbsp;&nbsp;RCC_ADCCLKConfig
<LI><a href="#[6f]">&gt;&gt;</a>&nbsp;&nbsp;&nbsp;GPIO_Init
<LI><a href="#[72]">&gt;&gt;</a>&nbsp;&nbsp;&nbsp;ADC_TempSensorVrefintCmd
<LI><a href="#[78]">&gt;&gt;</a>&nbsp;&nbsp;&nbsp;ADC_StartCalibration
<LI><a href="#[76]">&gt;&gt;</a>&nbsp;&nbsp;&nbsp;ADC_ResetCalibration
<LI><a href="#[73]">&gt;&gt;</a>&nbsp;&nbsp;&nbsp;ADC_RegularChannelConfig
<LI><a href="#[71]">&gt;&gt;</a>&nbsp;&nbsp;&nbsp;ADC_Init
<LI><a href="#[77]">&gt;&gt;</a>&nbsp;&nbsp;&nbsp;ADC_GetResetCalibrationStatus
<LI><a href="#[79]">&gt;&gt;</a>&nbsp;&nbsp;&nbsp;ADC_GetCalibrationStatus
<LI><a href="#[70]">&gt;&gt;</a>&nbsp;&nbsp;&nbsp;ADC_DeInit
<LI><a href="#[74]">&gt;&gt;</a>&nbsp;&nbsp;&nbsp;ADC_DMACmd
<LI><a href="#[75]">&gt;&gt;</a>&nbsp;&nbsp;&nbsp;ADC_Cmd
<LI><a href="#[63]">&gt;&gt;</a>&nbsp;&nbsp;&nbsp;ADC_DMA_Config
<LI><a href="#[5f]">&gt;&gt;</a>&nbsp;&nbsp;&nbsp;filterGPIO_RCC_ADC
<LI><a href="#[6e]">&gt;&gt;</a>&nbsp;&nbsp;&nbsp;filterPin_ADC
<LI><a href="#[60]">&gt;&gt;</a>&nbsp;&nbsp;&nbsp;filterGPIO_ADC
</UL>

<P><STRONG><a name="[1e]"></a>DMA1_Channel1_IRQHandler</STRONG> (Thumb, 26 bytes, Stack size 8 bytes, adcmanager.o(.text))
<BR><BR>[Stack]<UL><LI>Max Depth = 8<LI>Call Chain = DMA1_Channel1_IRQHandler
</UL>
<BR>[Calls]<UL><LI><a href="#[7a]">&gt;&gt;</a>&nbsp;&nbsp;&nbsp;DMA_GetITStatus
<LI><a href="#[7b]">&gt;&gt;</a>&nbsp;&nbsp;&nbsp;DMA_ClearITPendingBit
</UL>
<BR>[Address Reference Count : 1]<UL><LI> startup_stm32f10x_md.o(RESET)
</UL>
<P><STRONG><a name="[51]"></a>delay_init</STRONG> (Thumb, 50 bytes, Stack size 8 bytes, delay.o(.text))
<BR><BR>[Stack]<UL><LI>Max Depth = 8<LI>Call Chain = delay_init
</UL>
<BR>[Calls]<UL><LI><a href="#[7c]">&gt;&gt;</a>&nbsp;&nbsp;&nbsp;SysTick_CLKSourceConfig
</UL>
<BR>[Called By]<UL><LI><a href="#[50]">&gt;&gt;</a>&nbsp;&nbsp;&nbsp;All_Init
</UL>

<P><STRONG><a name="[3]"></a>delay_us</STRONG> (Thumb, 70 bytes, Stack size 0 bytes, delay.o(.text))
<BR>[Address Reference Count : 1]<UL><LI> usmart_config.o(.data)
</UL>
<P><STRONG><a name="[2]"></a>delay_ms</STRONG> (Thumb, 70 bytes, Stack size 0 bytes, delay.o(.text))
<BR>[Address Reference Count : 1]<UL><LI> usmart_config.o(.data)
</UL>
<P><STRONG><a name="[7e]"></a>setExactLine</STRONG> (Thumb, 26 bytes, Stack size 0 bytes, extimanager.o(.text))
<BR><BR>[Called By]<UL><LI><a href="#[7d]">&gt;&gt;</a>&nbsp;&nbsp;&nbsp;EXTIManager_StartListenling
</UL>

<P><STRONG><a name="[82]"></a>filterGPIO_PortSourceGPIOC</STRONG> (Thumb, 84 bytes, Stack size 0 bytes, extimanager.o(.text))
<BR><BR>[Called By]<UL><LI><a href="#[7d]">&gt;&gt;</a>&nbsp;&nbsp;&nbsp;EXTIManager_StartListenling
</UL>

<P><STRONG><a name="[80]"></a>filterGPIO_Mode</STRONG> (Thumb, 38 bytes, Stack size 0 bytes, extimanager.o(.text))
<BR><BR>[Called By]<UL><LI><a href="#[7d]">&gt;&gt;</a>&nbsp;&nbsp;&nbsp;EXTIManager_StartListenling
</UL>

<P><STRONG><a name="[7f]"></a>filterGPIO_RCC_by_GPIO</STRONG> (Thumb, 86 bytes, Stack size 0 bytes, extimanager.o(.text))
<BR><BR>[Called By]<UL><LI><a href="#[7d]">&gt;&gt;</a>&nbsp;&nbsp;&nbsp;EXTIManager_StartListenling
</UL>

<P><STRONG><a name="[84]"></a>filterTrigger_Type</STRONG> (Thumb, 38 bytes, Stack size 0 bytes, extimanager.o(.text))
<BR><BR>[Called By]<UL><LI><a href="#[7d]">&gt;&gt;</a>&nbsp;&nbsp;&nbsp;EXTIManager_StartListenling
</UL>

<P><STRONG><a name="[81]"></a>filterPinSource</STRONG> (Thumb, 20 bytes, Stack size 0 bytes, extimanager.o(.text))
<BR><BR>[Called By]<UL><LI><a href="#[7d]">&gt;&gt;</a>&nbsp;&nbsp;&nbsp;EXTIManager_StartListenling
</UL>

<P><STRONG><a name="[86]"></a>filterEXTI_IRQn</STRONG> (Thumb, 70 bytes, Stack size 0 bytes, extimanager.o(.text))
<BR><BR>[Called By]<UL><LI><a href="#[7d]">&gt;&gt;</a>&nbsp;&nbsp;&nbsp;EXTIManager_StartListenling
</UL>

<P><STRONG><a name="[7d]"></a>EXTIManager_StartListenling</STRONG> (Thumb, 274 bytes, Stack size 48 bytes, extimanager.o(.text))
<BR><BR>[Stack]<UL><LI>Max Depth = 72<LI>Call Chain = EXTIManager_StartListenling &rArr; GPIO_Init
</UL>
<BR>[Calls]<UL><LI><a href="#[83]">&gt;&gt;</a>&nbsp;&nbsp;&nbsp;GPIO_EXTILineConfig
<LI><a href="#[85]">&gt;&gt;</a>&nbsp;&nbsp;&nbsp;EXTI_Init
<LI><a href="#[86]">&gt;&gt;</a>&nbsp;&nbsp;&nbsp;filterEXTI_IRQn
<LI><a href="#[81]">&gt;&gt;</a>&nbsp;&nbsp;&nbsp;filterPinSource
<LI><a href="#[84]">&gt;&gt;</a>&nbsp;&nbsp;&nbsp;filterTrigger_Type
<LI><a href="#[7f]">&gt;&gt;</a>&nbsp;&nbsp;&nbsp;filterGPIO_RCC_by_GPIO
<LI><a href="#[80]">&gt;&gt;</a>&nbsp;&nbsp;&nbsp;filterGPIO_Mode
<LI><a href="#[82]">&gt;&gt;</a>&nbsp;&nbsp;&nbsp;filterGPIO_PortSourceGPIOC
<LI><a href="#[7e]">&gt;&gt;</a>&nbsp;&nbsp;&nbsp;setExactLine
<LI><a href="#[6c]">&gt;&gt;</a>&nbsp;&nbsp;&nbsp;RCC_APB2PeriphClockCmd
<LI><a href="#[68]">&gt;&gt;</a>&nbsp;&nbsp;&nbsp;NVIC_Init
<LI><a href="#[6f]">&gt;&gt;</a>&nbsp;&nbsp;&nbsp;GPIO_Init
</UL>
<BR>[Address Reference Count : 1]<UL><LI> extimanager.o(.text)
</UL>
<P><STRONG><a name="[87]"></a>EXTIManager_Structure</STRONG> (Thumb, 32 bytes, Stack size 8 bytes, extimanager.o(.text), UNUSED)
<BR><BR>[Calls]<UL><LI><a href="#[6c]">&gt;&gt;</a>&nbsp;&nbsp;&nbsp;RCC_APB2PeriphClockCmd
</UL>

<P><STRONG><a name="[19]"></a>EXTI0_IRQHandler</STRONG> (Thumb, 20 bytes, Stack size 8 bytes, extimanager.o(.text))
<BR><BR>[Stack]<UL><LI>Max Depth = 8<LI>Call Chain = EXTI0_IRQHandler
</UL>
<BR>[Calls]<UL><LI><a href="#[88]">&gt;&gt;</a>&nbsp;&nbsp;&nbsp;EXTI_ClearITPendingBit
</UL>
<BR>[Address Reference Count : 1]<UL><LI> startup_stm32f10x_md.o(RESET)
</UL>
<P><STRONG><a name="[1a]"></a>EXTI1_IRQHandler</STRONG> (Thumb, 20 bytes, Stack size 8 bytes, extimanager.o(.text))
<BR><BR>[Stack]<UL><LI>Max Depth = 8<LI>Call Chain = EXTI1_IRQHandler
</UL>
<BR>[Calls]<UL><LI><a href="#[88]">&gt;&gt;</a>&nbsp;&nbsp;&nbsp;EXTI_ClearITPendingBit
</UL>
<BR>[Address Reference Count : 1]<UL><LI> startup_stm32f10x_md.o(RESET)
</UL>
<P><STRONG><a name="[1b]"></a>EXTI2_IRQHandler</STRONG> (Thumb, 20 bytes, Stack size 8 bytes, extimanager.o(.text))
<BR><BR>[Stack]<UL><LI>Max Depth = 8<LI>Call Chain = EXTI2_IRQHandler
</UL>
<BR>[Calls]<UL><LI><a href="#[88]">&gt;&gt;</a>&nbsp;&nbsp;&nbsp;EXTI_ClearITPendingBit
</UL>
<BR>[Address Reference Count : 1]<UL><LI> startup_stm32f10x_md.o(RESET)
</UL>
<P><STRONG><a name="[1c]"></a>EXTI3_IRQHandler</STRONG> (Thumb, 20 bytes, Stack size 8 bytes, extimanager.o(.text))
<BR><BR>[Stack]<UL><LI>Max Depth = 8<LI>Call Chain = EXTI3_IRQHandler
</UL>
<BR>[Calls]<UL><LI><a href="#[88]">&gt;&gt;</a>&nbsp;&nbsp;&nbsp;EXTI_ClearITPendingBit
</UL>
<BR>[Address Reference Count : 1]<UL><LI> startup_stm32f10x_md.o(RESET)
</UL>
<P><STRONG><a name="[1d]"></a>EXTI4_IRQHandler</STRONG> (Thumb, 20 bytes, Stack size 8 bytes, extimanager.o(.text))
<BR><BR>[Stack]<UL><LI>Max Depth = 8<LI>Call Chain = EXTI4_IRQHandler
</UL>
<BR>[Calls]<UL><LI><a href="#[88]">&gt;&gt;</a>&nbsp;&nbsp;&nbsp;EXTI_ClearITPendingBit
</UL>
<BR>[Address Reference Count : 1]<UL><LI> startup_stm32f10x_md.o(RESET)
</UL>
<P><STRONG><a name="[2a]"></a>EXTI9_5_IRQHandler</STRONG> (Thumb, 126 bytes, Stack size 8 bytes, extimanager.o(.text))
<BR><BR>[Stack]<UL><LI>Max Depth = 8<LI>Call Chain = EXTI9_5_IRQHandler
</UL>
<BR>[Calls]<UL><LI><a href="#[88]">&gt;&gt;</a>&nbsp;&nbsp;&nbsp;EXTI_ClearITPendingBit
</UL>
<BR>[Address Reference Count : 1]<UL><LI> startup_stm32f10x_md.o(RESET)
</UL>
<P><STRONG><a name="[3b]"></a>EXTI15_10_IRQHandler</STRONG> (Thumb, 178 bytes, Stack size 8 bytes, extimanager.o(.text))
<BR><BR>[Stack]<UL><LI>Max Depth = 8<LI>Call Chain = EXTI15_10_IRQHandler
</UL>
<BR>[Calls]<UL><LI><a href="#[88]">&gt;&gt;</a>&nbsp;&nbsp;&nbsp;EXTI_ClearITPendingBit
</UL>
<BR>[Address Reference Count : 1]<UL><LI> startup_stm32f10x_md.o(RESET)
</UL>
<P><STRONG><a name="[89]"></a>Complementary2_getAngle</STRONG> (Thumb, 278 bytes, Stack size 96 bytes, filter.o(.text))
<BR><BR>[Stack]<UL><LI>Max Depth = 184<LI>Call Chain = Complementary2_getAngle &rArr; __aeabi_drsub &rArr; __aeabi_dadd &rArr; _double_epilogue &rArr; _double_round
</UL>
<BR>[Calls]<UL><LI><a href="#[8a]">&gt;&gt;</a>&nbsp;&nbsp;&nbsp;__aeabi_drsub
<LI><a href="#[5a]">&gt;&gt;</a>&nbsp;&nbsp;&nbsp;__aeabi_dmul
<LI><a href="#[59]">&gt;&gt;</a>&nbsp;&nbsp;&nbsp;__aeabi_dadd
</UL>
<BR>[Address Reference Count : 1]<UL><LI> filter.o(.text)
</UL>
<P><STRONG><a name="[8b]"></a>Complementary1_getAngle</STRONG> (Thumb, 188 bytes, Stack size 80 bytes, filter.o(.text))
<BR><BR>[Stack]<UL><LI>Max Depth = 168<LI>Call Chain = Complementary1_getAngle &rArr; __aeabi_dmul &rArr; _double_epilogue &rArr; _double_round
</UL>
<BR>[Calls]<UL><LI><a href="#[8c]">&gt;&gt;</a>&nbsp;&nbsp;&nbsp;__aeabi_fsub
<LI><a href="#[8d]">&gt;&gt;</a>&nbsp;&nbsp;&nbsp;__aeabi_f2d
<LI><a href="#[5a]">&gt;&gt;</a>&nbsp;&nbsp;&nbsp;__aeabi_dmul
<LI><a href="#[5e]">&gt;&gt;</a>&nbsp;&nbsp;&nbsp;__aeabi_ddiv
<LI><a href="#[59]">&gt;&gt;</a>&nbsp;&nbsp;&nbsp;__aeabi_dadd
<LI><a href="#[5b]">&gt;&gt;</a>&nbsp;&nbsp;&nbsp;__aeabi_d2f
</UL>
<BR>[Address Reference Count : 1]<UL><LI> filter.o(.text)
</UL>
<P><STRONG><a name="[56]"></a>ComplementaryFilter_Init</STRONG> (Thumb, 56 bytes, Stack size 16 bytes, filter.o(.text))
<BR><BR>[Stack]<UL><LI>Max Depth = 16<LI>Call Chain = ComplementaryFilter_Init
</UL>
<BR>[Called By]<UL><LI><a href="#[50]">&gt;&gt;</a>&nbsp;&nbsp;&nbsp;All_Init
</UL>

<P><STRONG><a name="[8f]"></a>Kalman_setStartAngle</STRONG> (Thumb, 10 bytes, Stack size 0 bytes, filter.o(.text))
<BR>[Address Reference Count : 1]<UL><LI> filter.o(.text)
</UL>
<P><STRONG><a name="[8e]"></a>Kalman_getAngle</STRONG> (Thumb, 868 bytes, Stack size 80 bytes, filter.o(.text))
<BR><BR>[Stack]<UL><LI>Max Depth = 168<LI>Call Chain = Kalman_getAngle &rArr; __aeabi_drsub &rArr; __aeabi_dadd &rArr; _double_epilogue &rArr; _double_round
</UL>
<BR>[Calls]<UL><LI><a href="#[8a]">&gt;&gt;</a>&nbsp;&nbsp;&nbsp;__aeabi_drsub
<LI><a href="#[5c]">&gt;&gt;</a>&nbsp;&nbsp;&nbsp;__aeabi_dsub
<LI><a href="#[5a]">&gt;&gt;</a>&nbsp;&nbsp;&nbsp;__aeabi_dmul
<LI><a href="#[5e]">&gt;&gt;</a>&nbsp;&nbsp;&nbsp;__aeabi_ddiv
<LI><a href="#[59]">&gt;&gt;</a>&nbsp;&nbsp;&nbsp;__aeabi_dadd
</UL>
<BR>[Address Reference Count : 1]<UL><LI> filter.o(.text)
</UL>
<P><STRONG><a name="[184]"></a>Kalman_Init</STRONG> (Thumb, 108 bytes, Stack size 0 bytes, filter.o(.text), UNUSED)

<P><STRONG><a name="[185]"></a>Kalman_getRate</STRONG> (Thumb, 10 bytes, Stack size 0 bytes, filter.o(.text), UNUSED)

<P><STRONG><a name="[186]"></a>Kalman_setQangle</STRONG> (Thumb, 8 bytes, Stack size 0 bytes, filter.o(.text), UNUSED)

<P><STRONG><a name="[187]"></a>Kalman_setQbias</STRONG> (Thumb, 10 bytes, Stack size 0 bytes, filter.o(.text), UNUSED)

<P><STRONG><a name="[188]"></a>Kalman_setRmeasure</STRONG> (Thumb, 10 bytes, Stack size 0 bytes, filter.o(.text), UNUSED)

<P><STRONG><a name="[189]"></a>Kalman_getQangle</STRONG> (Thumb, 8 bytes, Stack size 0 bytes, filter.o(.text), UNUSED)

<P><STRONG><a name="[18a]"></a>Kalman_getQbias</STRONG> (Thumb, 10 bytes, Stack size 0 bytes, filter.o(.text), UNUSED)

<P><STRONG><a name="[18b]"></a>Kalman_getRmeasure</STRONG> (Thumb, 10 bytes, Stack size 0 bytes, filter.o(.text), UNUSED)

<P><STRONG><a name="[9a]"></a>filterGPIO_Input_RCC_Input</STRONG> (Thumb, 14 bytes, Stack size 0 bytes, inputcatcher.o(.text))
<BR><BR>[Called By]<UL><LI><a href="#[97]">&gt;&gt;</a>&nbsp;&nbsp;&nbsp;InputCatchManager_startCatching
</UL>

<P><STRONG><a name="[9c]"></a>filterGPIO_Input</STRONG> (Thumb, 14 bytes, Stack size 0 bytes, inputcatcher.o(.text))
<BR><BR>[Called By]<UL><LI><a href="#[97]">&gt;&gt;</a>&nbsp;&nbsp;&nbsp;InputCatchManager_startCatching
</UL>

<P><STRONG><a name="[9b]"></a>filterPin_Input</STRONG> (Thumb, 106 bytes, Stack size 0 bytes, inputcatcher.o(.text))
<BR><BR>[Called By]<UL><LI><a href="#[97]">&gt;&gt;</a>&nbsp;&nbsp;&nbsp;InputCatchManager_startCatching
</UL>

<P><STRONG><a name="[91]"></a>filterTIM_Input</STRONG> (Thumb, 32 bytes, Stack size 0 bytes, inputcatcher.o(.text))
<BR><BR>[Called By]<UL><LI><a href="#[ab]">&gt;&gt;</a>&nbsp;&nbsp;&nbsp;IRQ_HIGH_LOW
<LI><a href="#[97]">&gt;&gt;</a>&nbsp;&nbsp;&nbsp;InputCatchManager_startCatching
<LI><a href="#[96]">&gt;&gt;</a>&nbsp;&nbsp;&nbsp;TIM_getCRRx
<LI><a href="#[90]">&gt;&gt;</a>&nbsp;&nbsp;&nbsp;TIM_OCxPolarityConfig
</UL>

<P><STRONG><a name="[98]"></a>filterTIM_Input_RCC_Input</STRONG> (Thumb, 32 bytes, Stack size 0 bytes, inputcatcher.o(.text))
<BR><BR>[Called By]<UL><LI><a href="#[97]">&gt;&gt;</a>&nbsp;&nbsp;&nbsp;InputCatchManager_startCatching
</UL>

<P><STRONG><a name="[a2]"></a>filterTIM_Input_IRQn</STRONG> (Thumb, 30 bytes, Stack size 0 bytes, inputcatcher.o(.text))
<BR><BR>[Called By]<UL><LI><a href="#[97]">&gt;&gt;</a>&nbsp;&nbsp;&nbsp;InputCatchManager_startCatching
</UL>

<P><STRONG><a name="[a3]"></a>filterTIM_Input_IT_CC</STRONG> (Thumb, 84 bytes, Stack size 0 bytes, inputcatcher.o(.text))
<BR><BR>[Called By]<UL><LI><a href="#[ab]">&gt;&gt;</a>&nbsp;&nbsp;&nbsp;IRQ_HIGH_LOW
<LI><a href="#[97]">&gt;&gt;</a>&nbsp;&nbsp;&nbsp;InputCatchManager_startCatching
</UL>

<P><STRONG><a name="[9f]"></a>filterTIM_InputChannel</STRONG> (Thumb, 84 bytes, Stack size 0 bytes, inputcatcher.o(.text))
<BR><BR>[Called By]<UL><LI><a href="#[97]">&gt;&gt;</a>&nbsp;&nbsp;&nbsp;InputCatchManager_startCatching
</UL>

<P><STRONG><a name="[a0]"></a>filterPolarity</STRONG> (Thumb, 38 bytes, Stack size 0 bytes, inputcatcher.o(.text))
<BR><BR>[Called By]<UL><LI><a href="#[97]">&gt;&gt;</a>&nbsp;&nbsp;&nbsp;InputCatchManager_startCatching
</UL>

<P><STRONG><a name="[a8]"></a>filterInputCatcher</STRONG> (Thumb, 56 bytes, Stack size 0 bytes, inputcatcher.o(.text))
<BR><BR>[Called By]<UL><LI><a href="#[ab]">&gt;&gt;</a>&nbsp;&nbsp;&nbsp;IRQ_HIGH_LOW
<LI><a href="#[aa]">&gt;&gt;</a>&nbsp;&nbsp;&nbsp;InputCatchManager_getduration
<LI><a href="#[a9]">&gt;&gt;</a>&nbsp;&nbsp;&nbsp;InputCatchManager_setDoWhenTimeout
<LI><a href="#[a7]">&gt;&gt;</a>&nbsp;&nbsp;&nbsp;InputCatchManager_setDoWhenDone
</UL>

<P><STRONG><a name="[90]"></a>TIM_OCxPolarityConfig</STRONG> (Thumb, 116 bytes, Stack size 16 bytes, inputcatcher.o(.text))
<BR><BR>[Stack]<UL><LI>Max Depth = 16<LI>Call Chain = TIM_OCxPolarityConfig
</UL>
<BR>[Calls]<UL><LI><a href="#[95]">&gt;&gt;</a>&nbsp;&nbsp;&nbsp;TIM_OC4PolarityConfig
<LI><a href="#[94]">&gt;&gt;</a>&nbsp;&nbsp;&nbsp;TIM_OC3PolarityConfig
<LI><a href="#[93]">&gt;&gt;</a>&nbsp;&nbsp;&nbsp;TIM_OC2PolarityConfig
<LI><a href="#[92]">&gt;&gt;</a>&nbsp;&nbsp;&nbsp;TIM_OC1PolarityConfig
<LI><a href="#[91]">&gt;&gt;</a>&nbsp;&nbsp;&nbsp;filterTIM_Input
</UL>
<BR>[Called By]<UL><LI><a href="#[ab]">&gt;&gt;</a>&nbsp;&nbsp;&nbsp;IRQ_HIGH_LOW
</UL>

<P><STRONG><a name="[96]"></a>TIM_getCRRx</STRONG> (Thumb, 96 bytes, Stack size 4 bytes, inputcatcher.o(.text))
<BR><BR>[Stack]<UL><LI>Max Depth = 4<LI>Call Chain = TIM_getCRRx
</UL>
<BR>[Calls]<UL><LI><a href="#[91]">&gt;&gt;</a>&nbsp;&nbsp;&nbsp;filterTIM_Input
</UL>
<BR>[Called By]<UL><LI><a href="#[ab]">&gt;&gt;</a>&nbsp;&nbsp;&nbsp;IRQ_HIGH_LOW
</UL>

<P><STRONG><a name="[97]"></a>InputCatchManager_startCatching</STRONG> (Thumb, 520 bytes, Stack size 80 bytes, inputcatcher.o(.text))
<BR><BR>[Stack]<UL><LI>Max Depth = 168<LI>Call Chain = InputCatchManager_startCatching &rArr; __aeabi_dsub &rArr; __aeabi_dadd &rArr; _double_epilogue &rArr; _double_round
</UL>
<BR>[Calls]<UL><LI><a href="#[9d]">&gt;&gt;</a>&nbsp;&nbsp;&nbsp;__aeabi_d2uiz
<LI><a href="#[9e]">&gt;&gt;</a>&nbsp;&nbsp;&nbsp;TIM_TimeBaseInit
<LI><a href="#[a4]">&gt;&gt;</a>&nbsp;&nbsp;&nbsp;TIM_ITConfig
<LI><a href="#[a1]">&gt;&gt;</a>&nbsp;&nbsp;&nbsp;TIM_ICInit
<LI><a href="#[a5]">&gt;&gt;</a>&nbsp;&nbsp;&nbsp;TIM_Cmd
<LI><a href="#[a6]">&gt;&gt;</a>&nbsp;&nbsp;&nbsp;TIM_ClearITPendingBit
<LI><a href="#[99]">&gt;&gt;</a>&nbsp;&nbsp;&nbsp;RCC_APB1PeriphClockCmd
<LI><a href="#[a0]">&gt;&gt;</a>&nbsp;&nbsp;&nbsp;filterPolarity
<LI><a href="#[9f]">&gt;&gt;</a>&nbsp;&nbsp;&nbsp;filterTIM_InputChannel
<LI><a href="#[a3]">&gt;&gt;</a>&nbsp;&nbsp;&nbsp;filterTIM_Input_IT_CC
<LI><a href="#[a2]">&gt;&gt;</a>&nbsp;&nbsp;&nbsp;filterTIM_Input_IRQn
<LI><a href="#[98]">&gt;&gt;</a>&nbsp;&nbsp;&nbsp;filterTIM_Input_RCC_Input
<LI><a href="#[91]">&gt;&gt;</a>&nbsp;&nbsp;&nbsp;filterTIM_Input
<LI><a href="#[9b]">&gt;&gt;</a>&nbsp;&nbsp;&nbsp;filterPin_Input
<LI><a href="#[9c]">&gt;&gt;</a>&nbsp;&nbsp;&nbsp;filterGPIO_Input
<LI><a href="#[9a]">&gt;&gt;</a>&nbsp;&nbsp;&nbsp;filterGPIO_Input_RCC_Input
<LI><a href="#[6c]">&gt;&gt;</a>&nbsp;&nbsp;&nbsp;RCC_APB2PeriphClockCmd
<LI><a href="#[68]">&gt;&gt;</a>&nbsp;&nbsp;&nbsp;NVIC_Init
<LI><a href="#[6f]">&gt;&gt;</a>&nbsp;&nbsp;&nbsp;GPIO_Init
<LI><a href="#[5c]">&gt;&gt;</a>&nbsp;&nbsp;&nbsp;__aeabi_dsub
<LI><a href="#[5a]">&gt;&gt;</a>&nbsp;&nbsp;&nbsp;__aeabi_dmul
</UL>
<BR>[Address Reference Count : 1]<UL><LI> inputcatcher.o(.text)
</UL>
<P><STRONG><a name="[a7]"></a>InputCatchManager_setDoWhenDone</STRONG> (Thumb, 16 bytes, Stack size 12 bytes, inputcatcher.o(.text))
<BR><BR>[Stack]<UL><LI>Max Depth = 12<LI>Call Chain = InputCatchManager_setDoWhenDone
</UL>
<BR>[Calls]<UL><LI><a href="#[a8]">&gt;&gt;</a>&nbsp;&nbsp;&nbsp;filterInputCatcher
</UL>
<BR>[Address Reference Count : 1]<UL><LI> inputcatcher.o(.text)
</UL>
<P><STRONG><a name="[a9]"></a>InputCatchManager_setDoWhenTimeout</STRONG> (Thumb, 16 bytes, Stack size 12 bytes, inputcatcher.o(.text))
<BR><BR>[Stack]<UL><LI>Max Depth = 12<LI>Call Chain = InputCatchManager_setDoWhenTimeout
</UL>
<BR>[Calls]<UL><LI><a href="#[a8]">&gt;&gt;</a>&nbsp;&nbsp;&nbsp;filterInputCatcher
</UL>
<BR>[Address Reference Count : 1]<UL><LI> inputcatcher.o(.text)
</UL>
<P><STRONG><a name="[18c]"></a>InputCatchManagerStructure</STRONG> (Thumb, 52 bytes, Stack size 0 bytes, inputcatcher.o(.text), UNUSED)

<P><STRONG><a name="[18d]"></a>InputCatchManager_isCatchingDone</STRONG> (Thumb, 16 bytes, Stack size 0 bytes, inputcatcher.o(.text), UNUSED)

<P><STRONG><a name="[aa]"></a>InputCatchManager_getduration</STRONG> (Thumb, 18 bytes, Stack size 8 bytes, inputcatcher.o(.text), UNUSED)
<BR><BR>[Calls]<UL><LI><a href="#[a8]">&gt;&gt;</a>&nbsp;&nbsp;&nbsp;filterInputCatcher
</UL>

<P><STRONG><a name="[ab]"></a>IRQ_HIGH_LOW</STRONG> (Thumb, 624 bytes, Stack size 64 bytes, inputcatcher.o(.text))
<BR><BR>[Stack]<UL><LI>Max Depth = 152<LI>Call Chain = IRQ_HIGH_LOW &rArr; __aeabi_dmul &rArr; _double_epilogue &rArr; _double_round
</UL>
<BR>[Calls]<UL><LI><a href="#[ad]">&gt;&gt;</a>&nbsp;&nbsp;&nbsp;__aeabi_ui2d
<LI><a href="#[ae]">&gt;&gt;</a>&nbsp;&nbsp;&nbsp;__aeabi_cdcmpeq
<LI><a href="#[ac]">&gt;&gt;</a>&nbsp;&nbsp;&nbsp;TIM_GetITStatus
<LI><a href="#[a6]">&gt;&gt;</a>&nbsp;&nbsp;&nbsp;TIM_ClearITPendingBit
<LI><a href="#[96]">&gt;&gt;</a>&nbsp;&nbsp;&nbsp;TIM_getCRRx
<LI><a href="#[90]">&gt;&gt;</a>&nbsp;&nbsp;&nbsp;TIM_OCxPolarityConfig
<LI><a href="#[a8]">&gt;&gt;</a>&nbsp;&nbsp;&nbsp;filterInputCatcher
<LI><a href="#[a3]">&gt;&gt;</a>&nbsp;&nbsp;&nbsp;filterTIM_Input_IT_CC
<LI><a href="#[91]">&gt;&gt;</a>&nbsp;&nbsp;&nbsp;filterTIM_Input
<LI><a href="#[5a]">&gt;&gt;</a>&nbsp;&nbsp;&nbsp;__aeabi_dmul
<LI><a href="#[5e]">&gt;&gt;</a>&nbsp;&nbsp;&nbsp;__aeabi_ddiv
</UL>
<BR>[Called By]<UL><LI><a href="#[2e]">&gt;&gt;</a>&nbsp;&nbsp;&nbsp;TIM1_CC_IRQHandler
</UL>

<P><STRONG><a name="[2e]"></a>TIM1_CC_IRQHandler</STRONG> (Thumb, 68 bytes, Stack size 8 bytes, inputcatcher.o(.text))
<BR><BR>[Stack]<UL><LI>Max Depth = 160<LI>Call Chain = TIM1_CC_IRQHandler &rArr; IRQ_HIGH_LOW &rArr; __aeabi_dmul &rArr; _double_epilogue &rArr; _double_round
</UL>
<BR>[Calls]<UL><LI><a href="#[ab]">&gt;&gt;</a>&nbsp;&nbsp;&nbsp;IRQ_HIGH_LOW
</UL>
<BR>[Address Reference Count : 1]<UL><LI> startup_stm32f10x_md.o(RESET)
</UL>
<P><STRONG><a name="[55]"></a>MILLIS_Init</STRONG> (Thumb, 180 bytes, Stack size 8 bytes, millis.o(.text))
<BR><BR>[Stack]<UL><LI>Max Depth = 24<LI>Call Chain = MILLIS_Init &rArr; NVIC_Init
</UL>
<BR>[Calls]<UL><LI><a href="#[b3]">&gt;&gt;</a>&nbsp;&nbsp;&nbsp;RTC_WaitForSynchro
<LI><a href="#[b2]">&gt;&gt;</a>&nbsp;&nbsp;&nbsp;RTC_WaitForLastTask
<LI><a href="#[b5]">&gt;&gt;</a>&nbsp;&nbsp;&nbsp;RTC_SetPrescaler
<LI><a href="#[b6]">&gt;&gt;</a>&nbsp;&nbsp;&nbsp;RTC_SetCounter
<LI><a href="#[b7]">&gt;&gt;</a>&nbsp;&nbsp;&nbsp;RTC_ITConfig
<LI><a href="#[b8]">&gt;&gt;</a>&nbsp;&nbsp;&nbsp;RTC_ExitConfigMode
<LI><a href="#[b4]">&gt;&gt;</a>&nbsp;&nbsp;&nbsp;RTC_EnterConfigMode
<LI><a href="#[b0]">&gt;&gt;</a>&nbsp;&nbsp;&nbsp;RCC_RTCCLKConfig
<LI><a href="#[b1]">&gt;&gt;</a>&nbsp;&nbsp;&nbsp;RCC_RTCCLKCmd
<LI><a href="#[af]">&gt;&gt;</a>&nbsp;&nbsp;&nbsp;PWR_BackupAccessCmd
<LI><a href="#[99]">&gt;&gt;</a>&nbsp;&nbsp;&nbsp;RCC_APB1PeriphClockCmd
<LI><a href="#[68]">&gt;&gt;</a>&nbsp;&nbsp;&nbsp;NVIC_Init
</UL>
<BR>[Called By]<UL><LI><a href="#[50]">&gt;&gt;</a>&nbsp;&nbsp;&nbsp;All_Init
</UL>

<P><STRONG><a name="[b9]"></a>doAfter_ms</STRONG> (Thumb, 104 bytes, Stack size 24 bytes, millis.o(.text), UNUSED)
<BR><BR>[Calls]<UL><LI><a href="#[b2]">&gt;&gt;</a>&nbsp;&nbsp;&nbsp;RTC_WaitForLastTask
<LI><a href="#[b8]">&gt;&gt;</a>&nbsp;&nbsp;&nbsp;RTC_ExitConfigMode
<LI><a href="#[b4]">&gt;&gt;</a>&nbsp;&nbsp;&nbsp;RTC_EnterConfigMode
</UL>

<P><STRONG><a name="[c4]"></a>millis</STRONG> (Thumb, 18 bytes, Stack size 0 bytes, millis.o(.text))
<BR><BR>[Called By]<UL><LI><a href="#[c3]">&gt;&gt;</a>&nbsp;&nbsp;&nbsp;PID_Compute
<LI><a href="#[4f]">&gt;&gt;</a>&nbsp;&nbsp;&nbsp;PID_Structure_Init
</UL>

<P><STRONG><a name="[3c]"></a>RTCAlarm_IRQHandler</STRONG> (Thumb, 10 bytes, Stack size 8 bytes, millis.o(.text))
<BR><BR>[Stack]<UL><LI>Max Depth = 8<LI>Call Chain = RTCAlarm_IRQHandler
</UL>
<BR>[Calls]<UL><LI><a href="#[ba]">&gt;&gt;</a>&nbsp;&nbsp;&nbsp;RTC_ClearITPendingBit
</UL>
<BR>[Address Reference Count : 1]<UL><LI> startup_stm32f10x_md.o(RESET)
</UL>
<P><STRONG><a name="[16]"></a>RTC_IRQHandler</STRONG> (Thumb, 32 bytes, Stack size 8 bytes, millis.o(.text))
<BR><BR>[Stack]<UL><LI>Max Depth = 8<LI>Call Chain = RTC_IRQHandler
</UL>
<BR>[Calls]<UL><LI><a href="#[bb]">&gt;&gt;</a>&nbsp;&nbsp;&nbsp;RTC_GetITStatus
<LI><a href="#[ba]">&gt;&gt;</a>&nbsp;&nbsp;&nbsp;RTC_ClearITPendingBit
</UL>
<BR>[Address Reference Count : 1]<UL><LI> startup_stm32f10x_md.o(RESET)
</UL>
<P><STRONG><a name="[bc]"></a>PID_SetPID</STRONG> (Thumb, 210 bytes, Stack size 48 bytes, newpid.o(.text))
<BR><BR>[Stack]<UL><LI>Max Depth = 136<LI>Call Chain = PID_SetPID &rArr; __aeabi_dsub &rArr; __aeabi_dadd &rArr; _double_epilogue &rArr; _double_round
</UL>
<BR>[Calls]<UL><LI><a href="#[bd]">&gt;&gt;</a>&nbsp;&nbsp;&nbsp;__aeabi_cdcmple
<LI><a href="#[ad]">&gt;&gt;</a>&nbsp;&nbsp;&nbsp;__aeabi_ui2d
<LI><a href="#[5c]">&gt;&gt;</a>&nbsp;&nbsp;&nbsp;__aeabi_dsub
<LI><a href="#[5a]">&gt;&gt;</a>&nbsp;&nbsp;&nbsp;__aeabi_dmul
<LI><a href="#[5e]">&gt;&gt;</a>&nbsp;&nbsp;&nbsp;__aeabi_ddiv
</UL>
<BR>[Called By]<UL><LI><a href="#[4f]">&gt;&gt;</a>&nbsp;&nbsp;&nbsp;PID_Structure_Init
</UL>
<BR>[Address Reference Count : 1]<UL><LI> newpid.o(.text)
</UL>
<P><STRONG><a name="[be]"></a>PID_SetSampleTime</STRONG> (Thumb, 92 bytes, Stack size 32 bytes, newpid.o(.text))
<BR><BR>[Stack]<UL><LI>Max Depth = 120<LI>Call Chain = PID_SetSampleTime &rArr; __aeabi_dmul &rArr; _double_epilogue &rArr; _double_round
</UL>
<BR>[Calls]<UL><LI><a href="#[ad]">&gt;&gt;</a>&nbsp;&nbsp;&nbsp;__aeabi_ui2d
<LI><a href="#[5d]">&gt;&gt;</a>&nbsp;&nbsp;&nbsp;__aeabi_i2d
<LI><a href="#[5a]">&gt;&gt;</a>&nbsp;&nbsp;&nbsp;__aeabi_dmul
<LI><a href="#[5e]">&gt;&gt;</a>&nbsp;&nbsp;&nbsp;__aeabi_ddiv
</UL>
<BR>[Address Reference Count : 1]<UL><LI> newpid.o(.text)
</UL>
<P><STRONG><a name="[bf]"></a>PID_SetOutputLimits</STRONG> (Thumb, 224 bytes, Stack size 40 bytes, newpid.o(.text))
<BR><BR>[Stack]<UL><LI>Max Depth = 40<LI>Call Chain = PID_SetOutputLimits
</UL>
<BR>[Calls]<UL><LI><a href="#[bd]">&gt;&gt;</a>&nbsp;&nbsp;&nbsp;__aeabi_cdcmple
<LI><a href="#[58]">&gt;&gt;</a>&nbsp;&nbsp;&nbsp;__aeabi_cdrcmple
</UL>
<BR>[Address Reference Count : 1]<UL><LI> newpid.o(.text)
</UL>
<P><STRONG><a name="[c0]"></a>PID_prepareM2A</STRONG> (Thumb, 102 bytes, Stack size 16 bytes, newpid.o(.text))
<BR><BR>[Stack]<UL><LI>Max Depth = 16<LI>Call Chain = PID_prepareM2A
</UL>
<BR>[Calls]<UL><LI><a href="#[bd]">&gt;&gt;</a>&nbsp;&nbsp;&nbsp;__aeabi_cdcmple
<LI><a href="#[58]">&gt;&gt;</a>&nbsp;&nbsp;&nbsp;__aeabi_cdrcmple
</UL>
<BR>[Called By]<UL><LI><a href="#[c1]">&gt;&gt;</a>&nbsp;&nbsp;&nbsp;PID_SetMode
</UL>

<P><STRONG><a name="[c1]"></a>PID_SetMode</STRONG> (Thumb, 48 bytes, Stack size 16 bytes, newpid.o(.text))
<BR><BR>[Stack]<UL><LI>Max Depth = 32<LI>Call Chain = PID_SetMode &rArr; PID_prepareM2A
</UL>
<BR>[Calls]<UL><LI><a href="#[c0]">&gt;&gt;</a>&nbsp;&nbsp;&nbsp;PID_prepareM2A
</UL>
<BR>[Address Reference Count : 1]<UL><LI> newpid.o(.text)
</UL>
<P><STRONG><a name="[c5]"></a>PID_setIOT</STRONG> (Thumb, 20 bytes, Stack size 0 bytes, newpid.o(.text))
<BR>[Address Reference Count : 1]<UL><LI> newpid.o(.text)
</UL>
<P><STRONG><a name="[c2]"></a>PID_SetDirection</STRONG> (Thumb, 80 bytes, Stack size 8 bytes, newpid.o(.text))
<BR><BR>[Stack]<UL><LI>Max Depth = 96<LI>Call Chain = PID_SetDirection &rArr; __aeabi_dsub &rArr; __aeabi_dadd &rArr; _double_epilogue &rArr; _double_round
</UL>
<BR>[Calls]<UL><LI><a href="#[5c]">&gt;&gt;</a>&nbsp;&nbsp;&nbsp;__aeabi_dsub
</UL>
<BR>[Address Reference Count : 1]<UL><LI> newpid.o(.text)
</UL>
<P><STRONG><a name="[c3]"></a>PID_Compute</STRONG> (Thumb, 392 bytes, Stack size 72 bytes, newpid.o(.text))
<BR><BR>[Stack]<UL><LI>Max Depth = 160<LI>Call Chain = PID_Compute &rArr; __aeabi_dsub &rArr; __aeabi_dadd &rArr; _double_epilogue &rArr; _double_round
</UL>
<BR>[Calls]<UL><LI><a href="#[bd]">&gt;&gt;</a>&nbsp;&nbsp;&nbsp;__aeabi_cdcmple
<LI><a href="#[c4]">&gt;&gt;</a>&nbsp;&nbsp;&nbsp;millis
<LI><a href="#[5c]">&gt;&gt;</a>&nbsp;&nbsp;&nbsp;__aeabi_dsub
<LI><a href="#[5a]">&gt;&gt;</a>&nbsp;&nbsp;&nbsp;__aeabi_dmul
<LI><a href="#[59]">&gt;&gt;</a>&nbsp;&nbsp;&nbsp;__aeabi_dadd
<LI><a href="#[58]">&gt;&gt;</a>&nbsp;&nbsp;&nbsp;__aeabi_cdrcmple
</UL>
<BR>[Address Reference Count : 1]<UL><LI> newpid.o(.text)
</UL>
<P><STRONG><a name="[4f]"></a>PID_Structure_Init</STRONG> (Thumb, 174 bytes, Stack size 48 bytes, newpid.o(.text))
<BR><BR>[Stack]<UL><LI>Max Depth = 184<LI>Call Chain = PID_Structure_Init &rArr; PID_SetPID &rArr; __aeabi_dsub &rArr; __aeabi_dadd &rArr; _double_epilogue &rArr; _double_round
</UL>
<BR>[Calls]<UL><LI><a href="#[bc]">&gt;&gt;</a>&nbsp;&nbsp;&nbsp;PID_SetPID
<LI><a href="#[c4]">&gt;&gt;</a>&nbsp;&nbsp;&nbsp;millis
</UL>
<BR>[Called By]<UL><LI><a href="#[4e]">&gt;&gt;</a>&nbsp;&nbsp;&nbsp;PIDConfigure
</UL>

<P><STRONG><a name="[da]"></a>filterGPIO_RCC</STRONG> (Thumb, 14 bytes, Stack size 0 bytes, pwmmanager.o(.text))
<BR><BR>[Called By]<UL><LI><a href="#[d8]">&gt;&gt;</a>&nbsp;&nbsp;&nbsp;PWMStart
</UL>

<P><STRONG><a name="[dc]"></a>filterGPIO</STRONG> (Thumb, 14 bytes, Stack size 0 bytes, pwmmanager.o(.text))
<BR><BR>[Called By]<UL><LI><a href="#[d8]">&gt;&gt;</a>&nbsp;&nbsp;&nbsp;PWMStart
</UL>

<P><STRONG><a name="[db]"></a>filterPin</STRONG> (Thumb, 106 bytes, Stack size 0 bytes, pwmmanager.o(.text))
<BR><BR>[Called By]<UL><LI><a href="#[d8]">&gt;&gt;</a>&nbsp;&nbsp;&nbsp;PWMStart
</UL>

<P><STRONG><a name="[c7]"></a>filterTIM</STRONG> (Thumb, 32 bytes, Stack size 0 bytes, pwmmanager.o(.text))
<BR><BR>[Called By]<UL><LI><a href="#[df]">&gt;&gt;</a>&nbsp;&nbsp;&nbsp;PWMManager_changeFrequency
<LI><a href="#[d8]">&gt;&gt;</a>&nbsp;&nbsp;&nbsp;PWMStart
<LI><a href="#[d3]">&gt;&gt;</a>&nbsp;&nbsp;&nbsp;PWM_chageRatio
<LI><a href="#[d2]">&gt;&gt;</a>&nbsp;&nbsp;&nbsp;filterTIM_REAL_FREQ
<LI><a href="#[d1]">&gt;&gt;</a>&nbsp;&nbsp;&nbsp;filterTIM_FREQ_DIV
<LI><a href="#[cc]">&gt;&gt;</a>&nbsp;&nbsp;&nbsp;TIM_OCxPreloadConfig
<LI><a href="#[c6]">&gt;&gt;</a>&nbsp;&nbsp;&nbsp;TIM_OCxInit
</UL>

<P><STRONG><a name="[d9]"></a>filterTIM_RCC</STRONG> (Thumb, 32 bytes, Stack size 0 bytes, pwmmanager.o(.text))
<BR><BR>[Called By]<UL><LI><a href="#[d8]">&gt;&gt;</a>&nbsp;&nbsp;&nbsp;PWMStart
</UL>

<P><STRONG><a name="[c6]"></a>TIM_OCxInit</STRONG> (Thumb, 116 bytes, Stack size 16 bytes, pwmmanager.o(.text))
<BR><BR>[Stack]<UL><LI>Max Depth = 32<LI>Call Chain = TIM_OCxInit &rArr; TIM_OC4Init
</UL>
<BR>[Calls]<UL><LI><a href="#[cb]">&gt;&gt;</a>&nbsp;&nbsp;&nbsp;TIM_OC4Init
<LI><a href="#[ca]">&gt;&gt;</a>&nbsp;&nbsp;&nbsp;TIM_OC3Init
<LI><a href="#[c9]">&gt;&gt;</a>&nbsp;&nbsp;&nbsp;TIM_OC2Init
<LI><a href="#[c8]">&gt;&gt;</a>&nbsp;&nbsp;&nbsp;TIM_OC1Init
<LI><a href="#[c7]">&gt;&gt;</a>&nbsp;&nbsp;&nbsp;filterTIM
</UL>
<BR>[Called By]<UL><LI><a href="#[d8]">&gt;&gt;</a>&nbsp;&nbsp;&nbsp;PWMStart
</UL>

<P><STRONG><a name="[cc]"></a>TIM_OCxPreloadConfig</STRONG> (Thumb, 116 bytes, Stack size 16 bytes, pwmmanager.o(.text))
<BR><BR>[Stack]<UL><LI>Max Depth = 16<LI>Call Chain = TIM_OCxPreloadConfig
</UL>
<BR>[Calls]<UL><LI><a href="#[d0]">&gt;&gt;</a>&nbsp;&nbsp;&nbsp;TIM_OC4PreloadConfig
<LI><a href="#[cf]">&gt;&gt;</a>&nbsp;&nbsp;&nbsp;TIM_OC3PreloadConfig
<LI><a href="#[ce]">&gt;&gt;</a>&nbsp;&nbsp;&nbsp;TIM_OC2PreloadConfig
<LI><a href="#[cd]">&gt;&gt;</a>&nbsp;&nbsp;&nbsp;TIM_OC1PreloadConfig
<LI><a href="#[c7]">&gt;&gt;</a>&nbsp;&nbsp;&nbsp;filterTIM
</UL>
<BR>[Called By]<UL><LI><a href="#[d8]">&gt;&gt;</a>&nbsp;&nbsp;&nbsp;PWMStart
</UL>

<P><STRONG><a name="[d1]"></a>filterTIM_FREQ_DIV</STRONG> (Thumb, 66 bytes, Stack size 4 bytes, pwmmanager.o(.text))
<BR><BR>[Stack]<UL><LI>Max Depth = 4<LI>Call Chain = filterTIM_FREQ_DIV
</UL>
<BR>[Calls]<UL><LI><a href="#[c7]">&gt;&gt;</a>&nbsp;&nbsp;&nbsp;filterTIM
</UL>
<BR>[Called By]<UL><LI><a href="#[d8]">&gt;&gt;</a>&nbsp;&nbsp;&nbsp;PWMStart
</UL>

<P><STRONG><a name="[d2]"></a>filterTIM_REAL_FREQ</STRONG> (Thumb, 66 bytes, Stack size 4 bytes, pwmmanager.o(.text))
<BR><BR>[Stack]<UL><LI>Max Depth = 4<LI>Call Chain = filterTIM_REAL_FREQ
</UL>
<BR>[Calls]<UL><LI><a href="#[c7]">&gt;&gt;</a>&nbsp;&nbsp;&nbsp;filterTIM
</UL>
<BR>[Called By]<UL><LI><a href="#[df]">&gt;&gt;</a>&nbsp;&nbsp;&nbsp;PWMManager_changeFrequency
<LI><a href="#[d8]">&gt;&gt;</a>&nbsp;&nbsp;&nbsp;PWMStart
<LI><a href="#[d3]">&gt;&gt;</a>&nbsp;&nbsp;&nbsp;PWM_chageRatio
</UL>

<P><STRONG><a name="[d3]"></a>PWM_chageRatio</STRONG> (Thumb, 234 bytes, Stack size 64 bytes, pwmmanager.o(.text))
<BR><BR>[Stack]<UL><LI>Max Depth = 152<LI>Call Chain = PWM_chageRatio &rArr; __aeabi_dmul &rArr; _double_epilogue &rArr; _double_round
</UL>
<BR>[Calls]<UL><LI><a href="#[d7]">&gt;&gt;</a>&nbsp;&nbsp;&nbsp;TIM_SetCompare4
<LI><a href="#[d6]">&gt;&gt;</a>&nbsp;&nbsp;&nbsp;TIM_SetCompare3
<LI><a href="#[d5]">&gt;&gt;</a>&nbsp;&nbsp;&nbsp;TIM_SetCompare2
<LI><a href="#[d4]">&gt;&gt;</a>&nbsp;&nbsp;&nbsp;TIM_SetCompare1
<LI><a href="#[d2]">&gt;&gt;</a>&nbsp;&nbsp;&nbsp;filterTIM_REAL_FREQ
<LI><a href="#[c7]">&gt;&gt;</a>&nbsp;&nbsp;&nbsp;filterTIM
<LI><a href="#[9d]">&gt;&gt;</a>&nbsp;&nbsp;&nbsp;__aeabi_d2uiz
<LI><a href="#[8d]">&gt;&gt;</a>&nbsp;&nbsp;&nbsp;__aeabi_f2d
<LI><a href="#[5a]">&gt;&gt;</a>&nbsp;&nbsp;&nbsp;__aeabi_dmul
<LI><a href="#[5e]">&gt;&gt;</a>&nbsp;&nbsp;&nbsp;__aeabi_ddiv
</UL>
<BR>[Called By]<UL><LI><a href="#[e0]">&gt;&gt;</a>&nbsp;&nbsp;&nbsp;PWMManager_changeRatio
<LI><a href="#[df]">&gt;&gt;</a>&nbsp;&nbsp;&nbsp;PWMManager_changeFrequency
</UL>

<P><STRONG><a name="[d8]"></a>PWMStart</STRONG> (Thumb, 394 bytes, Stack size 88 bytes, pwmmanager.o(.text))
<BR><BR>[Stack]<UL><LI>Max Depth = 176<LI>Call Chain = PWMStart &rArr; __aeabi_dsub &rArr; __aeabi_dadd &rArr; _double_epilogue &rArr; _double_round
</UL>
<BR>[Calls]<UL><LI><a href="#[dd]">&gt;&gt;</a>&nbsp;&nbsp;&nbsp;TIM_CtrlPWMOutputs
<LI><a href="#[de]">&gt;&gt;</a>&nbsp;&nbsp;&nbsp;TIM_ARRPreloadConfig
<LI><a href="#[d2]">&gt;&gt;</a>&nbsp;&nbsp;&nbsp;filterTIM_REAL_FREQ
<LI><a href="#[d1]">&gt;&gt;</a>&nbsp;&nbsp;&nbsp;filterTIM_FREQ_DIV
<LI><a href="#[cc]">&gt;&gt;</a>&nbsp;&nbsp;&nbsp;TIM_OCxPreloadConfig
<LI><a href="#[c6]">&gt;&gt;</a>&nbsp;&nbsp;&nbsp;TIM_OCxInit
<LI><a href="#[d9]">&gt;&gt;</a>&nbsp;&nbsp;&nbsp;filterTIM_RCC
<LI><a href="#[c7]">&gt;&gt;</a>&nbsp;&nbsp;&nbsp;filterTIM
<LI><a href="#[db]">&gt;&gt;</a>&nbsp;&nbsp;&nbsp;filterPin
<LI><a href="#[dc]">&gt;&gt;</a>&nbsp;&nbsp;&nbsp;filterGPIO
<LI><a href="#[da]">&gt;&gt;</a>&nbsp;&nbsp;&nbsp;filterGPIO_RCC
<LI><a href="#[9d]">&gt;&gt;</a>&nbsp;&nbsp;&nbsp;__aeabi_d2uiz
<LI><a href="#[9e]">&gt;&gt;</a>&nbsp;&nbsp;&nbsp;TIM_TimeBaseInit
<LI><a href="#[a5]">&gt;&gt;</a>&nbsp;&nbsp;&nbsp;TIM_Cmd
<LI><a href="#[99]">&gt;&gt;</a>&nbsp;&nbsp;&nbsp;RCC_APB1PeriphClockCmd
<LI><a href="#[8d]">&gt;&gt;</a>&nbsp;&nbsp;&nbsp;__aeabi_f2d
<LI><a href="#[6c]">&gt;&gt;</a>&nbsp;&nbsp;&nbsp;RCC_APB2PeriphClockCmd
<LI><a href="#[6f]">&gt;&gt;</a>&nbsp;&nbsp;&nbsp;GPIO_Init
<LI><a href="#[5c]">&gt;&gt;</a>&nbsp;&nbsp;&nbsp;__aeabi_dsub
<LI><a href="#[5a]">&gt;&gt;</a>&nbsp;&nbsp;&nbsp;__aeabi_dmul
<LI><a href="#[5e]">&gt;&gt;</a>&nbsp;&nbsp;&nbsp;__aeabi_ddiv
</UL>
<BR>[Called By]<UL><LI><a href="#[e1]">&gt;&gt;</a>&nbsp;&nbsp;&nbsp;PWMManager_ProduceNewPWM
</UL>

<P><STRONG><a name="[df]"></a>PWMManager_changeFrequency</STRONG> (Thumb, 166 bytes, Stack size 40 bytes, pwmmanager.o(.text))
<BR><BR>[Stack]<UL><LI>Max Depth = 192<LI>Call Chain = PWMManager_changeFrequency &rArr; PWM_chageRatio &rArr; __aeabi_dmul &rArr; _double_epilogue &rArr; _double_round
</UL>
<BR>[Calls]<UL><LI><a href="#[d3]">&gt;&gt;</a>&nbsp;&nbsp;&nbsp;PWM_chageRatio
<LI><a href="#[d2]">&gt;&gt;</a>&nbsp;&nbsp;&nbsp;filterTIM_REAL_FREQ
<LI><a href="#[c7]">&gt;&gt;</a>&nbsp;&nbsp;&nbsp;filterTIM
<LI><a href="#[9d]">&gt;&gt;</a>&nbsp;&nbsp;&nbsp;__aeabi_d2uiz
<LI><a href="#[8d]">&gt;&gt;</a>&nbsp;&nbsp;&nbsp;__aeabi_f2d
<LI><a href="#[5e]">&gt;&gt;</a>&nbsp;&nbsp;&nbsp;__aeabi_ddiv
</UL>
<BR>[Address Reference Count : 1]<UL><LI> pwmmanager.o(.text)
</UL>
<P><STRONG><a name="[e0]"></a>PWMManager_changeRatio</STRONG> (Thumb, 80 bytes, Stack size 16 bytes, pwmmanager.o(.text))
<BR><BR>[Stack]<UL><LI>Max Depth = 168<LI>Call Chain = PWMManager_changeRatio &rArr; PWM_chageRatio &rArr; __aeabi_dmul &rArr; _double_epilogue &rArr; _double_round
</UL>
<BR>[Calls]<UL><LI><a href="#[d3]">&gt;&gt;</a>&nbsp;&nbsp;&nbsp;PWM_chageRatio
</UL>
<BR>[Address Reference Count : 1]<UL><LI> pwmmanager.o(.text)
</UL>
<P><STRONG><a name="[e1]"></a>PWMManager_ProduceNewPWM</STRONG> (Thumb, 162 bytes, Stack size 24 bytes, pwmmanager.o(.text))
<BR><BR>[Stack]<UL><LI>Max Depth = 200<LI>Call Chain = PWMManager_ProduceNewPWM &rArr; PWMStart &rArr; __aeabi_dsub &rArr; __aeabi_dadd &rArr; _double_epilogue &rArr; _double_round
</UL>
<BR>[Calls]<UL><LI><a href="#[d8]">&gt;&gt;</a>&nbsp;&nbsp;&nbsp;PWMStart
</UL>
<BR>[Address Reference Count : 1]<UL><LI> pwmmanager.o(.text)
</UL>
<P><STRONG><a name="[57]"></a>PWMManagerStructure</STRONG> (Thumb, 40 bytes, Stack size 0 bytes, pwmmanager.o(.text))
<BR><BR>[Called By]<UL><LI><a href="#[54]">&gt;&gt;</a>&nbsp;&nbsp;&nbsp;Motor_Init
</UL>

<P><STRONG><a name="[18e]"></a>_sys_exit</STRONG> (Thumb, 6 bytes, Stack size 0 bytes, usart.o(.text), UNUSED)

<P><STRONG><a name="[e2]"></a>fputc</STRONG> (Thumb, 32 bytes, Stack size 16 bytes, usart.o(.text), UNUSED)
<BR><BR>[Calls]<UL><LI><a href="#[e4]">&gt;&gt;</a>&nbsp;&nbsp;&nbsp;USART_SendData
<LI><a href="#[e3]">&gt;&gt;</a>&nbsp;&nbsp;&nbsp;USART_GetFlagStatus
</UL>

<P><STRONG><a name="[52]"></a>uart_init</STRONG> (Thumb, 118 bytes, Stack size 32 bytes, usart.o(.text))
<BR><BR>[Stack]<UL><LI>Max Depth = 100<LI>Call Chain = uart_init &rArr; USART_Init &rArr; RCC_GetClocksFreq
</UL>
<BR>[Calls]<UL><LI><a href="#[e6]">&gt;&gt;</a>&nbsp;&nbsp;&nbsp;USART_Init
<LI><a href="#[e5]">&gt;&gt;</a>&nbsp;&nbsp;&nbsp;USART_DeInit
<LI><a href="#[e7]">&gt;&gt;</a>&nbsp;&nbsp;&nbsp;USART_Cmd
<LI><a href="#[6c]">&gt;&gt;</a>&nbsp;&nbsp;&nbsp;RCC_APB2PeriphClockCmd
<LI><a href="#[6f]">&gt;&gt;</a>&nbsp;&nbsp;&nbsp;GPIO_Init
</UL>
<BR>[Called By]<UL><LI><a href="#[100]">&gt;&gt;</a>&nbsp;&nbsp;&nbsp;uart_init_BR
<LI><a href="#[50]">&gt;&gt;</a>&nbsp;&nbsp;&nbsp;All_Init
</UL>

<P><STRONG><a name="[e8]"></a>uart2_init</STRONG> (Thumb, 120 bytes, Stack size 32 bytes, usart2.o(.text))
<BR><BR>[Stack]<UL><LI>Max Depth = 100<LI>Call Chain = uart2_init &rArr; USART_Init &rArr; RCC_GetClocksFreq
</UL>
<BR>[Calls]<UL><LI><a href="#[e6]">&gt;&gt;</a>&nbsp;&nbsp;&nbsp;USART_Init
<LI><a href="#[e5]">&gt;&gt;</a>&nbsp;&nbsp;&nbsp;USART_DeInit
<LI><a href="#[e7]">&gt;&gt;</a>&nbsp;&nbsp;&nbsp;USART_Cmd
<LI><a href="#[99]">&gt;&gt;</a>&nbsp;&nbsp;&nbsp;RCC_APB1PeriphClockCmd
<LI><a href="#[6c]">&gt;&gt;</a>&nbsp;&nbsp;&nbsp;RCC_APB2PeriphClockCmd
<LI><a href="#[6f]">&gt;&gt;</a>&nbsp;&nbsp;&nbsp;GPIO_Init
</UL>
<BR>[Called By]<UL><LI><a href="#[f8]">&gt;&gt;</a>&nbsp;&nbsp;&nbsp;uart2_init_BR
<LI><a href="#[5]">&gt;&gt;</a>&nbsp;&nbsp;&nbsp;usmart_init
</UL>

<P><STRONG><a name="[e9]"></a>uart2_sendChar</STRONG> (Thumb, 28 bytes, Stack size 8 bytes, usart2.o(.text))
<BR><BR>[Stack]<UL><LI>Max Depth = 8<LI>Call Chain = uart2_sendChar
</UL>
<BR>[Calls]<UL><LI><a href="#[e4]">&gt;&gt;</a>&nbsp;&nbsp;&nbsp;USART_SendData
<LI><a href="#[e3]">&gt;&gt;</a>&nbsp;&nbsp;&nbsp;USART_GetFlagStatus
</UL>
<BR>[Called By]<UL><LI><a href="#[ec]">&gt;&gt;</a>&nbsp;&nbsp;&nbsp;uart2_printf
<LI><a href="#[eb]">&gt;&gt;</a>&nbsp;&nbsp;&nbsp;uart2_println
<LI><a href="#[ea]">&gt;&gt;</a>&nbsp;&nbsp;&nbsp;uart2_print
</UL>

<P><STRONG><a name="[ea]"></a>uart2_print</STRONG> (Thumb, 26 bytes, Stack size 16 bytes, usart2.o(.text), UNUSED)
<BR><BR>[Calls]<UL><LI><a href="#[e9]">&gt;&gt;</a>&nbsp;&nbsp;&nbsp;uart2_sendChar
</UL>

<P><STRONG><a name="[eb]"></a>uart2_println</STRONG> (Thumb, 32 bytes, Stack size 16 bytes, usart2.o(.text), UNUSED)
<BR><BR>[Calls]<UL><LI><a href="#[e9]">&gt;&gt;</a>&nbsp;&nbsp;&nbsp;uart2_sendChar
</UL>

<P><STRONG><a name="[ec]"></a>uart2_printf</STRONG> (Thumb, 64 bytes, Stack size 232 bytes, usart2.o(.text))
<BR><BR>[Stack]<UL><LI>Max Depth = 256<LI>Call Chain = uart2_printf &rArr; __c89vsnprintf
</UL>
<BR>[Calls]<UL><LI><a href="#[e9]">&gt;&gt;</a>&nbsp;&nbsp;&nbsp;uart2_sendChar
<LI><a href="#[ed]">&gt;&gt;</a>&nbsp;&nbsp;&nbsp;__c89vsnprintf
</UL>
<BR>[Called By]<UL><LI><a href="#[8]">&gt;&gt;</a>&nbsp;&nbsp;&nbsp;usmart_scan
<LI><a href="#[7]">&gt;&gt;</a>&nbsp;&nbsp;&nbsp;usmart_exe
<LI><a href="#[14f]">&gt;&gt;</a>&nbsp;&nbsp;&nbsp;usmart_sys_cmd_exe
</UL>

<P><STRONG><a name="[ee]"></a>recv_char</STRONG> (Thumb, 26 bytes, Stack size 8 bytes, usart2.o(.text), UNUSED)
<BR><BR>[Calls]<UL><LI><a href="#[e3]">&gt;&gt;</a>&nbsp;&nbsp;&nbsp;USART_GetFlagStatus
</UL>
<BR>[Called By]<UL><LI><a href="#[ef]">&gt;&gt;</a>&nbsp;&nbsp;&nbsp;uart2_scanf
</UL>

<P><STRONG><a name="[ef]"></a>uart2_scanf</STRONG> (Thumb, 74 bytes, Stack size 240 bytes, usart2.o(.text), UNUSED)
<BR><BR>[Calls]<UL><LI><a href="#[ee]">&gt;&gt;</a>&nbsp;&nbsp;&nbsp;recv_char
<LI><a href="#[f0]">&gt;&gt;</a>&nbsp;&nbsp;&nbsp;vsscanf
</UL>

<P><STRONG><a name="[f5]"></a>USART2BufReceiever_getByte</STRONG> (Thumb, 42 bytes, Stack size 0 bytes, usart2bufreceiever.o(.text))
<BR>[Address Reference Count : 1]<UL><LI> usart2bufreceiever.o(.text)
</UL>
<P><STRONG><a name="[f6]"></a>USART2BufReceiever_getBytes</STRONG> (Thumb, 76 bytes, Stack size 16 bytes, usart2bufreceiever.o(.text))
<BR><BR>[Stack]<UL><LI>Max Depth = 16<LI>Call Chain = USART2BufReceiever_getBytes
</UL>
<BR>[Address Reference Count : 1]<UL><LI> usart2bufreceiever.o(.text)
</UL>
<P><STRONG><a name="[f4]"></a>USART2BufReceiever_checkAllRight</STRONG> (Thumb, 36 bytes, Stack size 0 bytes, usart2bufreceiever.o(.text))
<BR>[Address Reference Count : 1]<UL><LI> usart2bufreceiever.o(.text)
</UL>
<P><STRONG><a name="[f3]"></a>USART2BufReceiever_getAvaliableNum</STRONG> (Thumb, 26 bytes, Stack size 0 bytes, usart2bufreceiever.o(.text))
<BR>[Address Reference Count : 1]<UL><LI> usart2bufreceiever.o(.text)
</UL>
<P><STRONG><a name="[f1]"></a>USART2BufReceiever_enableReceieve</STRONG> (Thumb, 138 bytes, Stack size 56 bytes, usart2bufreceiever.o(.text))
<BR><BR>[Stack]<UL><LI>Max Depth = 72<LI>Call Chain = USART2BufReceiever_enableReceieve &rArr; NVIC_Init
</UL>
<BR>[Calls]<UL><LI><a href="#[f2]">&gt;&gt;</a>&nbsp;&nbsp;&nbsp;USART_DMACmd
<LI><a href="#[64]">&gt;&gt;</a>&nbsp;&nbsp;&nbsp;RCC_AHBPeriphClockCmd
<LI><a href="#[68]">&gt;&gt;</a>&nbsp;&nbsp;&nbsp;NVIC_Init
<LI><a href="#[66]">&gt;&gt;</a>&nbsp;&nbsp;&nbsp;DMA_Init
<LI><a href="#[67]">&gt;&gt;</a>&nbsp;&nbsp;&nbsp;DMA_ITConfig
<LI><a href="#[65]">&gt;&gt;</a>&nbsp;&nbsp;&nbsp;DMA_DeInit
<LI><a href="#[69]">&gt;&gt;</a>&nbsp;&nbsp;&nbsp;DMA_Cmd
</UL>
<BR>[Address Reference Count : 1]<UL><LI> usart2bufreceiever.o(.text)
</UL>
<P><STRONG><a name="[f7]"></a>USART2BufReceiever_getRxNum</STRONG> (Thumb, 12 bytes, Stack size 0 bytes, usart2bufreceiever.o(.text))
<BR>[Address Reference Count : 1]<UL><LI> usart2bufreceiever.o(.text)
</UL>
<P><STRONG><a name="[f9]"></a>USART2BufReceiever_Structure</STRONG> (Thumb, 66 bytes, Stack size 0 bytes, usart2bufreceiever.o(.text), UNUSED)
<BR><BR>[Called By]<UL><LI><a href="#[f8]">&gt;&gt;</a>&nbsp;&nbsp;&nbsp;uart2_init_BR
</UL>

<P><STRONG><a name="[f8]"></a>uart2_init_BR</STRONG> (Thumb, 24 bytes, Stack size 16 bytes, usart2bufreceiever.o(.text), UNUSED)
<BR><BR>[Calls]<UL><LI><a href="#[f9]">&gt;&gt;</a>&nbsp;&nbsp;&nbsp;USART2BufReceiever_Structure
<LI><a href="#[e8]">&gt;&gt;</a>&nbsp;&nbsp;&nbsp;uart2_init
</UL>

<P><STRONG><a name="[23]"></a>DMA1_Channel6_IRQHandler</STRONG> (Thumb, 32 bytes, Stack size 8 bytes, usart2bufreceiever.o(.text))
<BR><BR>[Stack]<UL><LI>Max Depth = 8<LI>Call Chain = DMA1_Channel6_IRQHandler
</UL>
<BR>[Calls]<UL><LI><a href="#[7a]">&gt;&gt;</a>&nbsp;&nbsp;&nbsp;DMA_GetITStatus
<LI><a href="#[7b]">&gt;&gt;</a>&nbsp;&nbsp;&nbsp;DMA_ClearITPendingBit
</UL>
<BR>[Address Reference Count : 1]<UL><LI> startup_stm32f10x_md.o(RESET)
</UL>
<P><STRONG><a name="[fd]"></a>USARTBufReceiever_getByte</STRONG> (Thumb, 42 bytes, Stack size 0 bytes, usartbufreceiever.o(.text))
<BR>[Address Reference Count : 1]<UL><LI> usartbufreceiever.o(.text)
</UL>
<P><STRONG><a name="[fe]"></a>USARTBufReceiever_getBytes</STRONG> (Thumb, 76 bytes, Stack size 16 bytes, usartbufreceiever.o(.text))
<BR><BR>[Stack]<UL><LI>Max Depth = 16<LI>Call Chain = USARTBufReceiever_getBytes
</UL>
<BR>[Address Reference Count : 1]<UL><LI> usartbufreceiever.o(.text)
</UL>
<P><STRONG><a name="[fc]"></a>USARTBufReceiever_checkAllRight</STRONG> (Thumb, 36 bytes, Stack size 0 bytes, usartbufreceiever.o(.text))
<BR>[Address Reference Count : 1]<UL><LI> usartbufreceiever.o(.text)
</UL>
<P><STRONG><a name="[fb]"></a>USARTBufReceiever_getAvaliableNum</STRONG> (Thumb, 26 bytes, Stack size 0 bytes, usartbufreceiever.o(.text))
<BR>[Address Reference Count : 1]<UL><LI> usartbufreceiever.o(.text)
</UL>
<P><STRONG><a name="[fa]"></a>USARTBufReceiever_enableReceieve</STRONG> (Thumb, 138 bytes, Stack size 56 bytes, usartbufreceiever.o(.text))
<BR><BR>[Stack]<UL><LI>Max Depth = 72<LI>Call Chain = USARTBufReceiever_enableReceieve &rArr; NVIC_Init
</UL>
<BR>[Calls]<UL><LI><a href="#[f2]">&gt;&gt;</a>&nbsp;&nbsp;&nbsp;USART_DMACmd
<LI><a href="#[64]">&gt;&gt;</a>&nbsp;&nbsp;&nbsp;RCC_AHBPeriphClockCmd
<LI><a href="#[68]">&gt;&gt;</a>&nbsp;&nbsp;&nbsp;NVIC_Init
<LI><a href="#[66]">&gt;&gt;</a>&nbsp;&nbsp;&nbsp;DMA_Init
<LI><a href="#[67]">&gt;&gt;</a>&nbsp;&nbsp;&nbsp;DMA_ITConfig
<LI><a href="#[65]">&gt;&gt;</a>&nbsp;&nbsp;&nbsp;DMA_DeInit
<LI><a href="#[69]">&gt;&gt;</a>&nbsp;&nbsp;&nbsp;DMA_Cmd
</UL>
<BR>[Address Reference Count : 1]<UL><LI> usartbufreceiever.o(.text)
</UL>
<P><STRONG><a name="[ff]"></a>USARTBufReceiever_getRxNum</STRONG> (Thumb, 12 bytes, Stack size 0 bytes, usartbufreceiever.o(.text))
<BR>[Address Reference Count : 1]<UL><LI> usartbufreceiever.o(.text)
</UL>
<P><STRONG><a name="[101]"></a>USARTBufReceiever_Structure</STRONG> (Thumb, 66 bytes, Stack size 0 bytes, usartbufreceiever.o(.text), UNUSED)
<BR><BR>[Called By]<UL><LI><a href="#[100]">&gt;&gt;</a>&nbsp;&nbsp;&nbsp;uart_init_BR
</UL>

<P><STRONG><a name="[100]"></a>uart_init_BR</STRONG> (Thumb, 24 bytes, Stack size 16 bytes, usartbufreceiever.o(.text), UNUSED)
<BR><BR>[Calls]<UL><LI><a href="#[101]">&gt;&gt;</a>&nbsp;&nbsp;&nbsp;USARTBufReceiever_Structure
<LI><a href="#[52]">&gt;&gt;</a>&nbsp;&nbsp;&nbsp;uart_init
</UL>

<P><STRONG><a name="[22]"></a>DMA1_Channel5_IRQHandler</STRONG> (Thumb, 32 bytes, Stack size 8 bytes, usartbufreceiever.o(.text))
<BR><BR>[Stack]<UL><LI>Max Depth = 8<LI>Call Chain = DMA1_Channel5_IRQHandler
</UL>
<BR>[Calls]<UL><LI><a href="#[7a]">&gt;&gt;</a>&nbsp;&nbsp;&nbsp;DMA_GetITStatus
<LI><a href="#[7b]">&gt;&gt;</a>&nbsp;&nbsp;&nbsp;DMA_ClearITPendingBit
</UL>
<BR>[Address Reference Count : 1]<UL><LI> startup_stm32f10x_md.o(RESET)
</UL>
<P><STRONG><a name="[102]"></a>THB7128_GPIO_Init</STRONG> (Thumb, 56 bytes, Stack size 8 bytes, thb7128.o(.text), UNUSED)
<BR><BR>[Calls]<UL><LI><a href="#[6f]">&gt;&gt;</a>&nbsp;&nbsp;&nbsp;GPIO_Init
</UL>
<BR>[Called By]<UL><LI><a href="#[10c]">&gt;&gt;</a>&nbsp;&nbsp;&nbsp;THB7128_Init
</UL>

<P><STRONG><a name="[103]"></a>THB7128_TIM_Init</STRONG> (Thumb, 116 bytes, Stack size 40 bytes, thb7128.o(.text), UNUSED)
<BR><BR>[Calls]<UL><LI><a href="#[104]">&gt;&gt;</a>&nbsp;&nbsp;&nbsp;TIM_ClearFlag
<LI><a href="#[ce]">&gt;&gt;</a>&nbsp;&nbsp;&nbsp;TIM_OC2PreloadConfig
<LI><a href="#[c9]">&gt;&gt;</a>&nbsp;&nbsp;&nbsp;TIM_OC2Init
<LI><a href="#[de]">&gt;&gt;</a>&nbsp;&nbsp;&nbsp;TIM_ARRPreloadConfig
<LI><a href="#[9e]">&gt;&gt;</a>&nbsp;&nbsp;&nbsp;TIM_TimeBaseInit
<LI><a href="#[a4]">&gt;&gt;</a>&nbsp;&nbsp;&nbsp;TIM_ITConfig
</UL>
<BR>[Called By]<UL><LI><a href="#[10c]">&gt;&gt;</a>&nbsp;&nbsp;&nbsp;THB7128_Init
</UL>

<P><STRONG><a name="[105]"></a>THB7128_RCC_Init</STRONG> (Thumb, 20 bytes, Stack size 8 bytes, thb7128.o(.text), UNUSED)
<BR><BR>[Calls]<UL><LI><a href="#[99]">&gt;&gt;</a>&nbsp;&nbsp;&nbsp;RCC_APB1PeriphClockCmd
<LI><a href="#[6c]">&gt;&gt;</a>&nbsp;&nbsp;&nbsp;RCC_APB2PeriphClockCmd
</UL>
<BR>[Called By]<UL><LI><a href="#[10c]">&gt;&gt;</a>&nbsp;&nbsp;&nbsp;THB7128_Init
</UL>

<P><STRONG><a name="[106]"></a>THB7128_NVIC_Configuration</STRONG> (Thumb, 32 bytes, Stack size 8 bytes, thb7128.o(.text), UNUSED)
<BR><BR>[Calls]<UL><LI><a href="#[68]">&gt;&gt;</a>&nbsp;&nbsp;&nbsp;NVIC_Init
</UL>
<BR>[Called By]<UL><LI><a href="#[10c]">&gt;&gt;</a>&nbsp;&nbsp;&nbsp;THB7128_Init
</UL>

<P><STRONG><a name="[107]"></a>THB7128_Enable</STRONG> (Thumb, 12 bytes, Stack size 8 bytes, thb7128.o(.text), UNUSED)
<BR><BR>[Calls]<UL><LI><a href="#[108]">&gt;&gt;</a>&nbsp;&nbsp;&nbsp;GPIO_ResetBits
</UL>
<BR>[Called By]<UL><LI><a href="#[10c]">&gt;&gt;</a>&nbsp;&nbsp;&nbsp;THB7128_Init
</UL>

<P><STRONG><a name="[109]"></a>THB7128_AntiClockWise</STRONG> (Thumb, 12 bytes, Stack size 8 bytes, thb7128.o(.text), UNUSED)
<BR><BR>[Calls]<UL><LI><a href="#[108]">&gt;&gt;</a>&nbsp;&nbsp;&nbsp;GPIO_ResetBits
</UL>
<BR>[Called By]<UL><LI><a href="#[10c]">&gt;&gt;</a>&nbsp;&nbsp;&nbsp;THB7128_Init
</UL>

<P><STRONG><a name="[10a]"></a>THB7128_ClockWise</STRONG> (Thumb, 12 bytes, Stack size 8 bytes, thb7128.o(.text), UNUSED)
<BR><BR>[Calls]<UL><LI><a href="#[10b]">&gt;&gt;</a>&nbsp;&nbsp;&nbsp;GPIO_SetBits
</UL>
<BR>[Called By]<UL><LI><a href="#[10c]">&gt;&gt;</a>&nbsp;&nbsp;&nbsp;THB7128_Init
</UL>

<P><STRONG><a name="[10c]"></a>THB7128_Init</STRONG> (Thumb, 78 bytes, Stack size 32 bytes, thb7128.o(.text), UNUSED)
<BR><BR>[Calls]<UL><LI><a href="#[10a]">&gt;&gt;</a>&nbsp;&nbsp;&nbsp;THB7128_ClockWise
<LI><a href="#[109]">&gt;&gt;</a>&nbsp;&nbsp;&nbsp;THB7128_AntiClockWise
<LI><a href="#[107]">&gt;&gt;</a>&nbsp;&nbsp;&nbsp;THB7128_Enable
<LI><a href="#[106]">&gt;&gt;</a>&nbsp;&nbsp;&nbsp;THB7128_NVIC_Configuration
<LI><a href="#[105]">&gt;&gt;</a>&nbsp;&nbsp;&nbsp;THB7128_RCC_Init
<LI><a href="#[103]">&gt;&gt;</a>&nbsp;&nbsp;&nbsp;THB7128_TIM_Init
<LI><a href="#[102]">&gt;&gt;</a>&nbsp;&nbsp;&nbsp;THB7128_GPIO_Init
<LI><a href="#[ad]">&gt;&gt;</a>&nbsp;&nbsp;&nbsp;__aeabi_ui2d
<LI><a href="#[9d]">&gt;&gt;</a>&nbsp;&nbsp;&nbsp;__aeabi_d2uiz
<LI><a href="#[5e]">&gt;&gt;</a>&nbsp;&nbsp;&nbsp;__aeabi_ddiv
</UL>

<P><STRONG><a name="[10d]"></a>THB7128_PWM_Out</STRONG> (Thumb, 18 bytes, Stack size 8 bytes, thb7128.o(.text), UNUSED)
<BR><BR>[Calls]<UL><LI><a href="#[a5]">&gt;&gt;</a>&nbsp;&nbsp;&nbsp;TIM_Cmd
</UL>

<P><STRONG><a name="[10e]"></a>THB7128_Disable</STRONG> (Thumb, 12 bytes, Stack size 8 bytes, thb7128.o(.text), UNUSED)
<BR><BR>[Calls]<UL><LI><a href="#[10b]">&gt;&gt;</a>&nbsp;&nbsp;&nbsp;GPIO_SetBits
</UL>

<P><STRONG><a name="[18f]"></a>THB7128_IsLastDone</STRONG> (Thumb, 14 bytes, Stack size 0 bytes, thb7128.o(.text), UNUSED)

<P><STRONG><a name="[190]"></a>THB7128_SetDoWhenDone</STRONG> (Thumb, 6 bytes, Stack size 0 bytes, thb7128.o(.text), UNUSED)

<P><STRONG><a name="[10f]"></a>THB7128_ChangeFreq</STRONG> (Thumb, 42 bytes, Stack size 24 bytes, thb7128.o(.text), UNUSED)
<BR><BR>[Calls]<UL><LI><a href="#[ad]">&gt;&gt;</a>&nbsp;&nbsp;&nbsp;__aeabi_ui2d
<LI><a href="#[9d]">&gt;&gt;</a>&nbsp;&nbsp;&nbsp;__aeabi_d2uiz
<LI><a href="#[5e]">&gt;&gt;</a>&nbsp;&nbsp;&nbsp;__aeabi_ddiv
</UL>

<P><STRONG><a name="[2f]"></a>TIM2_IRQHandler</STRONG> (Thumb, 60 bytes, Stack size 8 bytes, thb7128.o(.text))
<BR><BR>[Stack]<UL><LI>Max Depth = 20<LI>Call Chain = TIM2_IRQHandler &rArr; TIM_GetITStatus
</UL>
<BR>[Calls]<UL><LI><a href="#[ac]">&gt;&gt;</a>&nbsp;&nbsp;&nbsp;TIM_GetITStatus
<LI><a href="#[a5]">&gt;&gt;</a>&nbsp;&nbsp;&nbsp;TIM_Cmd
<LI><a href="#[a6]">&gt;&gt;</a>&nbsp;&nbsp;&nbsp;TIM_ClearITPendingBit
</UL>
<BR>[Address Reference Count : 1]<UL><LI> startup_stm32f10x_md.o(RESET)
</UL>
<P><STRONG><a name="[111]"></a>filterTIM_RCC_DO_EVERY</STRONG> (Thumb, 46 bytes, Stack size 0 bytes, doevery.o(.text), UNUSED)
<BR><BR>[Called By]<UL><LI><a href="#[110]">&gt;&gt;</a>&nbsp;&nbsp;&nbsp;doEvery
</UL>

<P><STRONG><a name="[114]"></a>filterTIM_IRQn_DO_EVERY</STRONG> (Thumb, 46 bytes, Stack size 0 bytes, doevery.o(.text), UNUSED)
<BR><BR>[Called By]<UL><LI><a href="#[110]">&gt;&gt;</a>&nbsp;&nbsp;&nbsp;doEvery
</UL>

<P><STRONG><a name="[113]"></a>_DoEvery_GetPrescaler</STRONG> (Thumb, 24 bytes, Stack size 0 bytes, doevery.o(.text), UNUSED)
<BR><BR>[Called By]<UL><LI><a href="#[110]">&gt;&gt;</a>&nbsp;&nbsp;&nbsp;doEvery
</UL>

<P><STRONG><a name="[112]"></a>_DoEvery_GetPeriod</STRONG> (Thumb, 34 bytes, Stack size 0 bytes, doevery.o(.text), UNUSED)
<BR><BR>[Called By]<UL><LI><a href="#[110]">&gt;&gt;</a>&nbsp;&nbsp;&nbsp;doEvery
</UL>

<P><STRONG><a name="[110]"></a>doEvery</STRONG> (Thumb, 150 bytes, Stack size 40 bytes, doevery.o(.text), UNUSED)
<BR><BR>[Calls]<UL><LI><a href="#[9e]">&gt;&gt;</a>&nbsp;&nbsp;&nbsp;TIM_TimeBaseInit
<LI><a href="#[a4]">&gt;&gt;</a>&nbsp;&nbsp;&nbsp;TIM_ITConfig
<LI><a href="#[a5]">&gt;&gt;</a>&nbsp;&nbsp;&nbsp;TIM_Cmd
<LI><a href="#[a6]">&gt;&gt;</a>&nbsp;&nbsp;&nbsp;TIM_ClearITPendingBit
<LI><a href="#[99]">&gt;&gt;</a>&nbsp;&nbsp;&nbsp;RCC_APB1PeriphClockCmd
<LI><a href="#[6c]">&gt;&gt;</a>&nbsp;&nbsp;&nbsp;RCC_APB2PeriphClockCmd
<LI><a href="#[68]">&gt;&gt;</a>&nbsp;&nbsp;&nbsp;NVIC_Init
<LI><a href="#[112]">&gt;&gt;</a>&nbsp;&nbsp;&nbsp;_DoEvery_GetPeriod
<LI><a href="#[113]">&gt;&gt;</a>&nbsp;&nbsp;&nbsp;_DoEvery_GetPrescaler
<LI><a href="#[114]">&gt;&gt;</a>&nbsp;&nbsp;&nbsp;filterTIM_IRQn_DO_EVERY
<LI><a href="#[111]">&gt;&gt;</a>&nbsp;&nbsp;&nbsp;filterTIM_RCC_DO_EVERY
</UL>

<P><STRONG><a name="[191]"></a>TIM_xillis</STRONG> (Thumb, 6 bytes, Stack size 0 bytes, doevery.o(.text), UNUSED)

<P><STRONG><a name="[31]"></a>TIM4_IRQHandler</STRONG> (Thumb, 42 bytes, Stack size 8 bytes, doevery.o(.text))
<BR><BR>[Stack]<UL><LI>Max Depth = 8<LI>Call Chain = TIM4_IRQHandler
</UL>
<BR>[Address Reference Count : 1]<UL><LI> startup_stm32f10x_md.o(RESET)
</UL>
<P><STRONG><a name="[48]"></a>SVC_CHandler</STRONG> (Thumb, 76 bytes, Stack size 24 bytes, supertask.o(.text))
<BR><BR>[Stack]<UL><LI>Max Depth = 24<LI>Call Chain = SVC_CHandler
</UL>
<BR>[Called By]<UL><LI><a href="#[f]">&gt;&gt;</a>&nbsp;&nbsp;&nbsp;SVC_Handler
</UL>

<P><STRONG><a name="[9]"></a>Reset_Handler</STRONG> (Thumb, 8 bytes, Stack size 0 bytes, startup_stm32f10x_md.o(.text))
<BR>[Address Reference Count : 1]<UL><LI> startup_stm32f10x_md.o(RESET)
</UL>
<P><STRONG><a name="[25]"></a>ADC1_2_IRQHandler</STRONG> (Thumb, 0 bytes, Stack size 0 bytes, startup_stm32f10x_md.o(.text))
<BR><BR>[Calls]<UL><LI><a href="#[25]">&gt;&gt;</a>&nbsp;&nbsp;&nbsp;ADC1_2_IRQHandler
</UL>
<BR>[Called By]<UL><LI><a href="#[25]">&gt;&gt;</a>&nbsp;&nbsp;&nbsp;ADC1_2_IRQHandler
</UL>
<BR>[Address Reference Count : 1]<UL><LI> startup_stm32f10x_md.o(RESET)
</UL>
<P><STRONG><a name="[28]"></a>CAN1_RX1_IRQHandler</STRONG> (Thumb, 0 bytes, Stack size 0 bytes, startup_stm32f10x_md.o(.text))
<BR>[Address Reference Count : 1]<UL><LI> startup_stm32f10x_md.o(RESET)
</UL>
<P><STRONG><a name="[29]"></a>CAN1_SCE_IRQHandler</STRONG> (Thumb, 0 bytes, Stack size 0 bytes, startup_stm32f10x_md.o(.text))
<BR>[Address Reference Count : 1]<UL><LI> startup_stm32f10x_md.o(RESET)
</UL>
<P><STRONG><a name="[1f]"></a>DMA1_Channel2_IRQHandler</STRONG> (Thumb, 0 bytes, Stack size 0 bytes, startup_stm32f10x_md.o(.text))
<BR>[Address Reference Count : 1]<UL><LI> startup_stm32f10x_md.o(RESET)
</UL>
<P><STRONG><a name="[20]"></a>DMA1_Channel3_IRQHandler</STRONG> (Thumb, 0 bytes, Stack size 0 bytes, startup_stm32f10x_md.o(.text))
<BR>[Address Reference Count : 1]<UL><LI> startup_stm32f10x_md.o(RESET)
</UL>
<P><STRONG><a name="[21]"></a>DMA1_Channel4_IRQHandler</STRONG> (Thumb, 0 bytes, Stack size 0 bytes, startup_stm32f10x_md.o(.text))
<BR>[Address Reference Count : 1]<UL><LI> startup_stm32f10x_md.o(RESET)
</UL>
<P><STRONG><a name="[24]"></a>DMA1_Channel7_IRQHandler</STRONG> (Thumb, 0 bytes, Stack size 0 bytes, startup_stm32f10x_md.o(.text))
<BR>[Address Reference Count : 1]<UL><LI> startup_stm32f10x_md.o(RESET)
</UL>
<P><STRONG><a name="[17]"></a>FLASH_IRQHandler</STRONG> (Thumb, 0 bytes, Stack size 0 bytes, startup_stm32f10x_md.o(.text))
<BR>[Address Reference Count : 1]<UL><LI> startup_stm32f10x_md.o(RESET)
</UL>
<P><STRONG><a name="[33]"></a>I2C1_ER_IRQHandler</STRONG> (Thumb, 0 bytes, Stack size 0 bytes, startup_stm32f10x_md.o(.text))
<BR>[Address Reference Count : 1]<UL><LI> startup_stm32f10x_md.o(RESET)
</UL>
<P><STRONG><a name="[32]"></a>I2C1_EV_IRQHandler</STRONG> (Thumb, 0 bytes, Stack size 0 bytes, startup_stm32f10x_md.o(.text))
<BR>[Address Reference Count : 1]<UL><LI> startup_stm32f10x_md.o(RESET)
</UL>
<P><STRONG><a name="[35]"></a>I2C2_ER_IRQHandler</STRONG> (Thumb, 0 bytes, Stack size 0 bytes, startup_stm32f10x_md.o(.text))
<BR>[Address Reference Count : 1]<UL><LI> startup_stm32f10x_md.o(RESET)
</UL>
<P><STRONG><a name="[34]"></a>I2C2_EV_IRQHandler</STRONG> (Thumb, 0 bytes, Stack size 0 bytes, startup_stm32f10x_md.o(.text))
<BR>[Address Reference Count : 1]<UL><LI> startup_stm32f10x_md.o(RESET)
</UL>
<P><STRONG><a name="[14]"></a>PVD_IRQHandler</STRONG> (Thumb, 0 bytes, Stack size 0 bytes, startup_stm32f10x_md.o(.text))
<BR>[Address Reference Count : 1]<UL><LI> startup_stm32f10x_md.o(RESET)
</UL>
<P><STRONG><a name="[18]"></a>RCC_IRQHandler</STRONG> (Thumb, 0 bytes, Stack size 0 bytes, startup_stm32f10x_md.o(.text))
<BR>[Address Reference Count : 1]<UL><LI> startup_stm32f10x_md.o(RESET)
</UL>
<P><STRONG><a name="[36]"></a>SPI1_IRQHandler</STRONG> (Thumb, 0 bytes, Stack size 0 bytes, startup_stm32f10x_md.o(.text))
<BR>[Address Reference Count : 1]<UL><LI> startup_stm32f10x_md.o(RESET)
</UL>
<P><STRONG><a name="[37]"></a>SPI2_IRQHandler</STRONG> (Thumb, 0 bytes, Stack size 0 bytes, startup_stm32f10x_md.o(.text))
<BR>[Address Reference Count : 1]<UL><LI> startup_stm32f10x_md.o(RESET)
</UL>
<P><STRONG><a name="[15]"></a>TAMPER_IRQHandler</STRONG> (Thumb, 0 bytes, Stack size 0 bytes, startup_stm32f10x_md.o(.text))
<BR>[Address Reference Count : 1]<UL><LI> startup_stm32f10x_md.o(RESET)
</UL>
<P><STRONG><a name="[2b]"></a>TIM1_BRK_IRQHandler</STRONG> (Thumb, 0 bytes, Stack size 0 bytes, startup_stm32f10x_md.o(.text))
<BR>[Address Reference Count : 1]<UL><LI> startup_stm32f10x_md.o(RESET)
</UL>
<P><STRONG><a name="[2d]"></a>TIM1_TRG_COM_IRQHandler</STRONG> (Thumb, 0 bytes, Stack size 0 bytes, startup_stm32f10x_md.o(.text))
<BR>[Address Reference Count : 1]<UL><LI> startup_stm32f10x_md.o(RESET)
</UL>
<P><STRONG><a name="[2c]"></a>TIM1_UP_IRQHandler</STRONG> (Thumb, 0 bytes, Stack size 0 bytes, startup_stm32f10x_md.o(.text))
<BR>[Address Reference Count : 1]<UL><LI> startup_stm32f10x_md.o(RESET)
</UL>
<P><STRONG><a name="[30]"></a>TIM3_IRQHandler</STRONG> (Thumb, 0 bytes, Stack size 0 bytes, startup_stm32f10x_md.o(.text))
<BR>[Address Reference Count : 1]<UL><LI> startup_stm32f10x_md.o(RESET)
</UL>
<P><STRONG><a name="[38]"></a>USART1_IRQHandler</STRONG> (Thumb, 0 bytes, Stack size 0 bytes, startup_stm32f10x_md.o(.text))
<BR>[Address Reference Count : 1]<UL><LI> startup_stm32f10x_md.o(RESET)
</UL>
<P><STRONG><a name="[3a]"></a>USART3_IRQHandler</STRONG> (Thumb, 0 bytes, Stack size 0 bytes, startup_stm32f10x_md.o(.text))
<BR>[Address Reference Count : 1]<UL><LI> startup_stm32f10x_md.o(RESET)
</UL>
<P><STRONG><a name="[3d]"></a>USBWakeUp_IRQHandler</STRONG> (Thumb, 0 bytes, Stack size 0 bytes, startup_stm32f10x_md.o(.text))
[...]
<LI><a href="#[4d]">&gt;&gt;</a>&nbsp;&nbsp;&nbsp;MPU6050_GetTransformedData
<LI><a href="#[16c]">&gt;&gt;</a>&nbsp;&nbsp;&nbsp;_fp_value
<LI><a href="#[178]">&gt;&gt;</a>&nbsp;&nbsp;&nbsp;_fp_digits
</UL>

<P><STRONG><a name="[5e]"></a>__aeabi_ddiv</STRONG> (Thumb, 222 bytes, Stack size 32 bytes, ddiv.o(.text))
<BR><BR>[Stack]<UL><LI>Max Depth = 40<LI>Call Chain = __aeabi_ddiv &rArr; _double_round
</UL>
<BR>[Calls]<UL><LI><a href="#[166]">&gt;&gt;</a>&nbsp;&nbsp;&nbsp;_double_round
</UL>
<BR>[Called By]<UL><LI><a href="#[10f]">&gt;&gt;</a>&nbsp;&nbsp;&nbsp;THB7128_ChangeFreq
<LI><a href="#[10c]">&gt;&gt;</a>&nbsp;&nbsp;&nbsp;THB7128_Init
<LI><a href="#[df]">&gt;&gt;</a>&nbsp;&nbsp;&nbsp;PWMManager_changeFrequency
<LI><a href="#[d8]">&gt;&gt;</a>&nbsp;&nbsp;&nbsp;PWMStart
<LI><a href="#[d3]">&gt;&gt;</a>&nbsp;&nbsp;&nbsp;PWM_chageRatio
<LI><a href="#[be]">&gt;&gt;</a>&nbsp;&nbsp;&nbsp;PID_SetSampleTime
<LI><a href="#[bc]">&gt;&gt;</a>&nbsp;&nbsp;&nbsp;PID_SetPID
<LI><a href="#[ab]">&gt;&gt;</a>&nbsp;&nbsp;&nbsp;IRQ_HIGH_LOW
<LI><a href="#[8e]">&gt;&gt;</a>&nbsp;&nbsp;&nbsp;Kalman_getAngle
<LI><a href="#[8b]">&gt;&gt;</a>&nbsp;&nbsp;&nbsp;Complementary1_getAngle
<LI><a href="#[4]">&gt;&gt;</a>&nbsp;&nbsp;&nbsp;setPID
<LI><a href="#[4d]">&gt;&gt;</a>&nbsp;&nbsp;&nbsp;MPU6050_GetTransformedData
<LI><a href="#[16c]">&gt;&gt;</a>&nbsp;&nbsp;&nbsp;_fp_value
<LI><a href="#[178]">&gt;&gt;</a>&nbsp;&nbsp;&nbsp;_fp_digits
</UL>

<P><STRONG><a name="[5d]"></a>__aeabi_i2d</STRONG> (Thumb, 34 bytes, Stack size 16 bytes, dflti.o(.text))
<BR><BR>[Stack]<UL><LI>Max Depth = 56<LI>Call Chain = __aeabi_i2d &rArr; _double_epilogue &rArr; _double_round
</UL>
<BR>[Calls]<UL><LI><a href="#[165]">&gt;&gt;</a>&nbsp;&nbsp;&nbsp;_double_epilogue
</UL>
<BR>[Called By]<UL><LI><a href="#[be]">&gt;&gt;</a>&nbsp;&nbsp;&nbsp;PID_SetSampleTime
<LI><a href="#[4]">&gt;&gt;</a>&nbsp;&nbsp;&nbsp;setPID
<LI><a href="#[4d]">&gt;&gt;</a>&nbsp;&nbsp;&nbsp;MPU6050_GetTransformedData
</UL>

<P><STRONG><a name="[ad]"></a>__aeabi_ui2d</STRONG> (Thumb, 26 bytes, Stack size 16 bytes, dfltui.o(.text))
<BR><BR>[Stack]<UL><LI>Max Depth = 56<LI>Call Chain = __aeabi_ui2d &rArr; _double_epilogue &rArr; _double_round
</UL>
<BR>[Calls]<UL><LI><a href="#[165]">&gt;&gt;</a>&nbsp;&nbsp;&nbsp;_double_epilogue
</UL>
<BR>[Called By]<UL><LI><a href="#[10f]">&gt;&gt;</a>&nbsp;&nbsp;&nbsp;THB7128_ChangeFreq
<LI><a href="#[10c]">&gt;&gt;</a>&nbsp;&nbsp;&nbsp;THB7128_Init
<LI><a href="#[be]">&gt;&gt;</a>&nbsp;&nbsp;&nbsp;PID_SetSampleTime
<LI><a href="#[bc]">&gt;&gt;</a>&nbsp;&nbsp;&nbsp;PID_SetPID
<LI><a href="#[ab]">&gt;&gt;</a>&nbsp;&nbsp;&nbsp;IRQ_HIGH_LOW
</UL>

<P><STRONG><a name="[9d]"></a>__aeabi_d2uiz</STRONG> (Thumb, 50 bytes, Stack size 8 bytes, dfixui.o(.text))
<BR><BR>[Stack]<UL><LI>Max Depth = 8<LI>Call Chain = __aeabi_d2uiz
</UL>
<BR>[Calls]<UL><LI><a href="#[167]">&gt;&gt;</a>&nbsp;&nbsp;&nbsp;__aeabi_llsr
</UL>
<BR>[Called By]<UL><LI><a href="#[10f]">&gt;&gt;</a>&nbsp;&nbsp;&nbsp;THB7128_ChangeFreq
<LI><a href="#[10c]">&gt;&gt;</a>&nbsp;&nbsp;&nbsp;THB7128_Init
<LI><a href="#[df]">&gt;&gt;</a>&nbsp;&nbsp;&nbsp;PWMManager_changeFrequency
<LI><a href="#[d8]">&gt;&gt;</a>&nbsp;&nbsp;&nbsp;PWMStart
<LI><a href="#[d3]">&gt;&gt;</a>&nbsp;&nbsp;&nbsp;PWM_chageRatio
<LI><a href="#[97]">&gt;&gt;</a>&nbsp;&nbsp;&nbsp;InputCatchManager_startCatching
</UL>

<P><STRONG><a name="[8d]"></a>__aeabi_f2d</STRONG> (Thumb, 38 bytes, Stack size 0 bytes, f2d.o(.text))
<BR><BR>[Called By]<UL><LI><a href="#[df]">&gt;&gt;</a>&nbsp;&nbsp;&nbsp;PWMManager_changeFrequency
<LI><a href="#[d8]">&gt;&gt;</a>&nbsp;&nbsp;&nbsp;PWMStart
<LI><a href="#[d3]">&gt;&gt;</a>&nbsp;&nbsp;&nbsp;PWM_chageRatio
<LI><a href="#[8b]">&gt;&gt;</a>&nbsp;&nbsp;&nbsp;Complementary1_getAngle
</UL>

<P><STRONG><a name="[ae]"></a>__aeabi_cdcmpeq</STRONG> (Thumb, 0 bytes, Stack size 0 bytes, cdcmple.o(.text))
<BR><BR>[Called By]<UL><LI><a href="#[ab]">&gt;&gt;</a>&nbsp;&nbsp;&nbsp;IRQ_HIGH_LOW
</UL>

<P><STRONG><a name="[bd]"></a>__aeabi_cdcmple</STRONG> (Thumb, 38 bytes, Stack size 0 bytes, cdcmple.o(.text))
<BR><BR>[Called By]<UL><LI><a href="#[c3]">&gt;&gt;</a>&nbsp;&nbsp;&nbsp;PID_Compute
<LI><a href="#[c0]">&gt;&gt;</a>&nbsp;&nbsp;&nbsp;PID_prepareM2A
<LI><a href="#[bf]">&gt;&gt;</a>&nbsp;&nbsp;&nbsp;PID_SetOutputLimits
<LI><a href="#[bc]">&gt;&gt;</a>&nbsp;&nbsp;&nbsp;PID_SetPID
</UL>

<P><STRONG><a name="[58]"></a>__aeabi_cdrcmple</STRONG> (Thumb, 38 bytes, Stack size 0 bytes, cdrcmple.o(.text))
<BR><BR>[Called By]<UL><LI><a href="#[c3]">&gt;&gt;</a>&nbsp;&nbsp;&nbsp;PID_Compute
<LI><a href="#[c0]">&gt;&gt;</a>&nbsp;&nbsp;&nbsp;PID_prepareM2A
<LI><a href="#[bf]">&gt;&gt;</a>&nbsp;&nbsp;&nbsp;PID_SetOutputLimits
<LI><a href="#[4c]">&gt;&gt;</a>&nbsp;&nbsp;&nbsp;WriteAllMotors
<LI><a href="#[178]">&gt;&gt;</a>&nbsp;&nbsp;&nbsp;_fp_digits
</UL>

<P><STRONG><a name="[5b]"></a>__aeabi_d2f</STRONG> (Thumb, 56 bytes, Stack size 8 bytes, d2f.o(.text))
<BR><BR>[Stack]<UL><LI>Max Depth = 8<LI>Call Chain = __aeabi_d2f
</UL>
<BR>[Calls]<UL><LI><a href="#[161]">&gt;&gt;</a>&nbsp;&nbsp;&nbsp;_float_round
</UL>
<BR>[Called By]<UL><LI><a href="#[8b]">&gt;&gt;</a>&nbsp;&nbsp;&nbsp;Complementary1_getAngle
<LI><a href="#[4c]">&gt;&gt;</a>&nbsp;&nbsp;&nbsp;WriteAllMotors
<LI><a href="#[16e]">&gt;&gt;</a>&nbsp;&nbsp;&nbsp;_scanf_really_real
</UL>

<P><STRONG><a name="[22b]"></a>__aeabi_uidiv</STRONG> (Thumb, 0 bytes, Stack size 12 bytes, uidiv.o(.text), UNUSED)

<P><STRONG><a name="[17b]"></a>__aeabi_uidivmod</STRONG> (Thumb, 44 bytes, Stack size 12 bytes, uidiv.o(.text), UNUSED)
<BR><BR>[Called By]<UL><LI><a href="#[177]">&gt;&gt;</a>&nbsp;&nbsp;&nbsp;_printf_core
</UL>

<P><STRONG><a name="[168]"></a>__aeabi_uldivmod</STRONG> (Thumb, 98 bytes, Stack size 40 bytes, uldiv.o(.text), UNUSED)
<BR><BR>[Calls]<UL><LI><a href="#[167]">&gt;&gt;</a>&nbsp;&nbsp;&nbsp;__aeabi_llsr
<LI><a href="#[163]">&gt;&gt;</a>&nbsp;&nbsp;&nbsp;__aeabi_llsl
</UL>
<BR>[Called By]<UL><LI><a href="#[177]">&gt;&gt;</a>&nbsp;&nbsp;&nbsp;_printf_core
<LI><a href="#[178]">&gt;&gt;</a>&nbsp;&nbsp;&nbsp;_fp_digits
</UL>

<P><STRONG><a name="[163]"></a>__aeabi_llsl</STRONG> (Thumb, 30 bytes, Stack size 0 bytes, llshl.o(.text))
<BR><BR>[Called By]<UL><LI><a href="#[59]">&gt;&gt;</a>&nbsp;&nbsp;&nbsp;__aeabi_dadd
<LI><a href="#[168]">&gt;&gt;</a>&nbsp;&nbsp;&nbsp;__aeabi_uldivmod
<LI><a href="#[165]">&gt;&gt;</a>&nbsp;&nbsp;&nbsp;_double_epilogue
<LI><a href="#[171]">&gt;&gt;</a>&nbsp;&nbsp;&nbsp;__aeabi_d2ulz
</UL>

<P><STRONG><a name="[22c]"></a>_ll_shift_l</STRONG> (Thumb, 0 bytes, Stack size 0 bytes, llshl.o(.text), UNUSED)

<P><STRONG><a name="[167]"></a>__aeabi_llsr</STRONG> (Thumb, 32 bytes, Stack size 0 bytes, llushr.o(.text))
<BR><BR>[Called By]<UL><LI><a href="#[9d]">&gt;&gt;</a>&nbsp;&nbsp;&nbsp;__aeabi_d2uiz
<LI><a href="#[168]">&gt;&gt;</a>&nbsp;&nbsp;&nbsp;__aeabi_uldivmod
<LI><a href="#[165]">&gt;&gt;</a>&nbsp;&nbsp;&nbsp;_double_epilogue
<LI><a href="#[171]">&gt;&gt;</a>&nbsp;&nbsp;&nbsp;__aeabi_d2ulz
</UL>

<P><STRONG><a name="[22d]"></a>_ll_ushift_r</STRONG> (Thumb, 0 bytes, Stack size 0 bytes, llushr.o(.text), UNUSED)

<P><STRONG><a name="[164]"></a>__aeabi_lasr</STRONG> (Thumb, 36 bytes, Stack size 0 bytes, llsshr.o(.text))
<BR><BR>[Called By]<UL><LI><a href="#[59]">&gt;&gt;</a>&nbsp;&nbsp;&nbsp;__aeabi_dadd
</UL>

<P><STRONG><a name="[22e]"></a>_ll_sshift_r</STRONG> (Thumb, 0 bytes, Stack size 0 bytes, llsshr.o(.text), UNUSED)

<P><STRONG><a name="[169]"></a>_scanf_longlong</STRONG> (Thumb, 342 bytes, Stack size 56 bytes, _scanf_longlong.o(.text), UNUSED)
<BR><BR>[Calls]<UL><LI><a href="#[16a]">&gt;&gt;</a>&nbsp;&nbsp;&nbsp;_chval
</UL>
<BR>[Called By]<UL><LI><a href="#[170]">&gt;&gt;</a>&nbsp;&nbsp;&nbsp;__vfscanf
</UL>

<P><STRONG><a name="[16b]"></a>_scanf_int</STRONG> (Thumb, 336 bytes, Stack size 56 bytes, _scanf_int.o(.text), UNUSED)
<BR><BR>[Calls]<UL><LI><a href="#[16a]">&gt;&gt;</a>&nbsp;&nbsp;&nbsp;_chval
</UL>
<BR>[Called By]<UL><LI><a href="#[170]">&gt;&gt;</a>&nbsp;&nbsp;&nbsp;__vfscanf
</UL>

<P><STRONG><a name="[175]"></a>_scanf_string</STRONG> (Thumb, 218 bytes, Stack size 56 bytes, _scanf_str.o(.text), UNUSED)
<BR><BR>[Called By]<UL><LI><a href="#[170]">&gt;&gt;</a>&nbsp;&nbsp;&nbsp;__vfscanf
</UL>

<P><STRONG><a name="[174]"></a>_scanf_real</STRONG> (Thumb, 0 bytes, Stack size 104 bytes, scanf_fp.o(.text), UNUSED)
<BR><BR>[Called By]<UL><LI><a href="#[170]">&gt;&gt;</a>&nbsp;&nbsp;&nbsp;__vfscanf
</UL>

<P><STRONG><a name="[16e]"></a>_scanf_really_real</STRONG> (Thumb, 560 bytes, Stack size 104 bytes, scanf_fp.o(.text), UNUSED)
<BR><BR>[Calls]<UL><LI><a href="#[5b]">&gt;&gt;</a>&nbsp;&nbsp;&nbsp;__aeabi_d2f
<LI><a href="#[16f]">&gt;&gt;</a>&nbsp;&nbsp;&nbsp;_is_digit
<LI><a href="#[16c]">&gt;&gt;</a>&nbsp;&nbsp;&nbsp;_fp_value
</UL>

<P><STRONG><a name="[15e]"></a>__vfscanf_char</STRONG> (Thumb, 20 bytes, Stack size 0 bytes, scanf_char.o(.text), UNUSED)
<BR><BR>[Calls]<UL><LI><a href="#[170]">&gt;&gt;</a>&nbsp;&nbsp;&nbsp;__vfscanf
</UL>
<BR>[Called By]<UL><LI><a href="#[f0]">&gt;&gt;</a>&nbsp;&nbsp;&nbsp;vsscanf
</UL>

<P><STRONG><a name="[41]"></a>_sgetc</STRONG> (Thumb, 30 bytes, Stack size 0 bytes, _sgetc.o(.text))
<BR>[Address Reference Count : 1]<UL><LI> vsscanf.o(.text)
</UL>
<P><STRONG><a name="[42]"></a>_sbackspace</STRONG> (Thumb, 34 bytes, Stack size 0 bytes, _sgetc.o(.text))
<BR>[Address Reference Count : 1]<UL><LI> vsscanf.o(.text)
</UL>
<P><STRONG><a name="[22f]"></a>__I$use$fp</STRONG> (Thumb, 0 bytes, Stack size 0 bytes, iusefp.o(.text), UNUSED)

<P><STRONG><a name="[161]"></a>_float_round</STRONG> (Thumb, 18 bytes, Stack size 0 bytes, fepilogue.o(.text))
<BR><BR>[Called By]<UL><LI><a href="#[5b]">&gt;&gt;</a>&nbsp;&nbsp;&nbsp;__aeabi_d2f
<LI><a href="#[15f]">&gt;&gt;</a>&nbsp;&nbsp;&nbsp;__aeabi_fadd
</UL>

<P><STRONG><a name="[160]"></a>_float_epilogue</STRONG> (Thumb, 90 bytes, Stack size 4 bytes, fepilogue.o(.text))
<BR><BR>[Stack]<UL><LI>Max Depth = 4<LI>Call Chain = _float_epilogue
</UL>
<BR>[Called By]<UL><LI><a href="#[15f]">&gt;&gt;</a>&nbsp;&nbsp;&nbsp;__aeabi_fadd
</UL>

<P><STRONG><a name="[166]"></a>_double_round</STRONG> (Thumb, 26 bytes, Stack size 8 bytes, depilogue.o(.text))
<BR><BR>[Stack]<UL><LI>Max Depth = 8<LI>Call Chain = _double_round
</UL>
<BR>[Called By]<UL><LI><a href="#[5e]">&gt;&gt;</a>&nbsp;&nbsp;&nbsp;__aeabi_ddiv
<LI><a href="#[59]">&gt;&gt;</a>&nbsp;&nbsp;&nbsp;__aeabi_dadd
<LI><a href="#[165]">&gt;&gt;</a>&nbsp;&nbsp;&nbsp;_double_epilogue
</UL>

<P><STRONG><a name="[165]"></a>_double_epilogue</STRONG> (Thumb, 164 bytes, Stack size 32 bytes, depilogue.o(.text))
<BR><BR>[Stack]<UL><LI>Max Depth = 40<LI>Call Chain = _double_epilogue &rArr; _double_round
</UL>
<BR>[Calls]<UL><LI><a href="#[167]">&gt;&gt;</a>&nbsp;&nbsp;&nbsp;__aeabi_llsr
<LI><a href="#[163]">&gt;&gt;</a>&nbsp;&nbsp;&nbsp;__aeabi_llsl
<LI><a href="#[166]">&gt;&gt;</a>&nbsp;&nbsp;&nbsp;_double_round
</UL>
<BR>[Called By]<UL><LI><a href="#[ad]">&gt;&gt;</a>&nbsp;&nbsp;&nbsp;__aeabi_ui2d
<LI><a href="#[5d]">&gt;&gt;</a>&nbsp;&nbsp;&nbsp;__aeabi_i2d
<LI><a href="#[5a]">&gt;&gt;</a>&nbsp;&nbsp;&nbsp;__aeabi_dmul
<LI><a href="#[59]">&gt;&gt;</a>&nbsp;&nbsp;&nbsp;__aeabi_dadd
<LI><a href="#[16d]">&gt;&gt;</a>&nbsp;&nbsp;&nbsp;__aeabi_ul2d
</UL>

<P><STRONG><a name="[171]"></a>__aeabi_d2ulz</STRONG> (Thumb, 48 bytes, Stack size 0 bytes, dfixul.o(.text), UNUSED)
<BR><BR>[Calls]<UL><LI><a href="#[167]">&gt;&gt;</a>&nbsp;&nbsp;&nbsp;__aeabi_llsr
<LI><a href="#[163]">&gt;&gt;</a>&nbsp;&nbsp;&nbsp;__aeabi_llsl
</UL>
<BR>[Called By]<UL><LI><a href="#[178]">&gt;&gt;</a>&nbsp;&nbsp;&nbsp;_fp_digits
</UL>

<P><STRONG><a name="[47]"></a>__scatterload</STRONG> (Thumb, 28 bytes, Stack size 0 bytes, init.o(.text))
<BR><BR>[Calls]<UL><LI><a href="#[172]">&gt;&gt;</a>&nbsp;&nbsp;&nbsp;__main_after_scatterload
</UL>
<BR>[Called By]<UL><LI><a href="#[46]">&gt;&gt;</a>&nbsp;&nbsp;&nbsp;_main_scatterload
</UL>

<P><STRONG><a name="[230]"></a>__scatterload_rt2</STRONG> (Thumb, 0 bytes, Stack size 0 bytes, init.o(.text), UNUSED)

<P><STRONG><a name="[44]"></a>isspace</STRONG> (Thumb, 10 bytes, Stack size 0 bytes, isspace_c.o(.text))
<BR><BR>[Calls]<UL><LI><a href="#[173]">&gt;&gt;</a>&nbsp;&nbsp;&nbsp;__ctype_lookup
</UL>
<BR>[Address Reference Count : 1]<UL><LI> scanf_char.o(.text)
</UL>
<P><STRONG><a name="[16a]"></a>_chval</STRONG> (Thumb, 28 bytes, Stack size 0 bytes, _chval.o(.text), UNUSED)
<BR><BR>[Called By]<UL><LI><a href="#[16b]">&gt;&gt;</a>&nbsp;&nbsp;&nbsp;_scanf_int
<LI><a href="#[169]">&gt;&gt;</a>&nbsp;&nbsp;&nbsp;_scanf_longlong
</UL>

<P><STRONG><a name="[170]"></a>__vfscanf</STRONG> (Thumb, 806 bytes, Stack size 88 bytes, _scanf.o(.text), UNUSED)
<BR><BR>[Calls]<UL><LI><a href="#[174]">&gt;&gt;</a>&nbsp;&nbsp;&nbsp;_scanf_real
<LI><a href="#[175]">&gt;&gt;</a>&nbsp;&nbsp;&nbsp;_scanf_string
<LI><a href="#[16b]">&gt;&gt;</a>&nbsp;&nbsp;&nbsp;_scanf_int
<LI><a href="#[169]">&gt;&gt;</a>&nbsp;&nbsp;&nbsp;_scanf_longlong
</UL>
<BR>[Called By]<UL><LI><a href="#[15e]">&gt;&gt;</a>&nbsp;&nbsp;&nbsp;__vfscanf_char
</UL>

<P><STRONG><a name="[16d]"></a>__aeabi_ul2d</STRONG> (Thumb, 24 bytes, Stack size 16 bytes, dfltul.o(.text), UNUSED)
<BR><BR>[Calls]<UL><LI><a href="#[165]">&gt;&gt;</a>&nbsp;&nbsp;&nbsp;_double_epilogue
</UL>
<BR>[Called By]<UL><LI><a href="#[16c]">&gt;&gt;</a>&nbsp;&nbsp;&nbsp;_fp_value
</UL>

<P><STRONG><a name="[173]"></a>__ctype_lookup</STRONG> (Thumb, 34 bytes, Stack size 0 bytes, ctype_c.o(.text))
<BR><BR>[Called By]<UL><LI><a href="#[44]">&gt;&gt;</a>&nbsp;&nbsp;&nbsp;isspace
</UL>

<P><STRONG><a name="[231]"></a>__decompress</STRONG> (Thumb, 0 bytes, Stack size unknown bytes, __dczerorl2.o(.text), UNUSED)

<P><STRONG><a name="[232]"></a>__decompress1</STRONG> (Thumb, 92 bytes, Stack size unknown bytes, __dczerorl2.o(.text), UNUSED)

<P><STRONG><a name="[176]"></a>__0vsnprintf</STRONG> (Thumb, 32 bytes, Stack size 24 bytes, printfa.o(i.__0vsnprintf), UNUSED)
<BR><BR>[Calls]<UL><LI><a href="#[177]">&gt;&gt;</a>&nbsp;&nbsp;&nbsp;_printf_core
</UL>

<P><STRONG><a name="[233]"></a>__1vsnprintf</STRONG> (Thumb, 0 bytes, Stack size 24 bytes, printfa.o(i.__0vsnprintf), UNUSED)

<P><STRONG><a name="[234]"></a>__2vsnprintf</STRONG> (Thumb, 0 bytes, Stack size 24 bytes, printfa.o(i.__0vsnprintf), UNUSED)

<P><STRONG><a name="[ed]"></a>__c89vsnprintf</STRONG> (Thumb, 0 bytes, Stack size 24 bytes, printfa.o(i.__0vsnprintf))
<BR><BR>[Stack]<UL><LI>Max Depth = 24<LI>Call Chain = __c89vsnprintf
</UL>
<BR>[Called By]<UL><LI><a href="#[ec]">&gt;&gt;</a>&nbsp;&nbsp;&nbsp;uart2_printf
</UL>

<P><STRONG><a name="[235]"></a>vsnprintf</STRONG> (Thumb, 0 bytes, Stack size 24 bytes, printfa.o(i.__0vsnprintf), UNUSED)

<P><STRONG><a name="[236]"></a>__scatterload_copy</STRONG> (Thumb, 14 bytes, Stack size unknown bytes, handlers.o(i.__scatterload_copy), UNUSED)

<P><STRONG><a name="[237]"></a>__scatterload_null</STRONG> (Thumb, 2 bytes, Stack size unknown bytes, handlers.o(i.__scatterload_null), UNUSED)

<P><STRONG><a name="[238]"></a>__scatterload_zeroinit</STRONG> (Thumb, 14 bytes, Stack size unknown bytes, handlers.o(i.__scatterload_zeroinit), UNUSED)

<P><STRONG><a name="[16f]"></a>_is_digit</STRONG> (Thumb, 14 bytes, Stack size 0 bytes, scanf_fp.o(i._is_digit), UNUSED)
<BR><BR>[Called By]<UL><LI><a href="#[16e]">&gt;&gt;</a>&nbsp;&nbsp;&nbsp;_scanf_really_real
</UL>
<P>
<H3>
Local Symbols
</H3>
<P><STRONG><a name="[4a]"></a>SetSysClockTo72</STRONG> (Thumb, 212 bytes, Stack size 12 bytes, system_stm32f10x.o(.text))
<BR><BR>[Stack]<UL><LI>Max Depth = 12<LI>Call Chain = SetSysClockTo72
</UL>
<BR>[Called By]<UL><LI><a href="#[49]">&gt;&gt;</a>&nbsp;&nbsp;&nbsp;SetSysClock
</UL>

<P><STRONG><a name="[49]"></a>SetSysClock</STRONG> (Thumb, 8 bytes, Stack size 8 bytes, system_stm32f10x.o(.text))
<BR><BR>[Stack]<UL><LI>Max Depth = 20<LI>Call Chain = SetSysClock &rArr; SetSysClockTo72
</UL>
<BR>[Calls]<UL><LI><a href="#[4a]">&gt;&gt;</a>&nbsp;&nbsp;&nbsp;SetSysClockTo72
</UL>
<BR>[Called By]<UL><LI><a href="#[3f]">&gt;&gt;</a>&nbsp;&nbsp;&nbsp;SystemInit
</UL>

<P><STRONG><a name="[124]"></a>TI4_Config</STRONG> (Thumb, 130 bytes, Stack size 20 bytes, stm32f10x_tim.o(.text))
<BR><BR>[Stack]<UL><LI>Max Depth = 20<LI>Call Chain = TI4_Config
</UL>
<BR>[Called By]<UL><LI><a href="#[a1]">&gt;&gt;</a>&nbsp;&nbsp;&nbsp;TIM_ICInit
</UL>

<P><STRONG><a name="[122]"></a>TI3_Config</STRONG> (Thumb, 122 bytes, Stack size 20 bytes, stm32f10x_tim.o(.text))
<BR><BR>[Stack]<UL><LI>Max Depth = 20<LI>Call Chain = TI3_Config
</UL>
<BR>[Called By]<UL><LI><a href="#[a1]">&gt;&gt;</a>&nbsp;&nbsp;&nbsp;TIM_ICInit
</UL>

<P><STRONG><a name="[120]"></a>TI2_Config</STRONG> (Thumb, 130 bytes, Stack size 20 bytes, stm32f10x_tim.o(.text))
<BR><BR>[Stack]<UL><LI>Max Depth = 20<LI>Call Chain = TI2_Config
</UL>
<BR>[Called By]<UL><LI><a href="#[a1]">&gt;&gt;</a>&nbsp;&nbsp;&nbsp;TIM_ICInit
<LI><a href="#[129]">&gt;&gt;</a>&nbsp;&nbsp;&nbsp;TIM_TIxExternalClockConfig
<LI><a href="#[126]">&gt;&gt;</a>&nbsp;&nbsp;&nbsp;TIM_PWMIConfig
</UL>

<P><STRONG><a name="[11e]"></a>TI1_Config</STRONG> (Thumb, 108 bytes, Stack size 20 bytes, stm32f10x_tim.o(.text))
<BR><BR>[Stack]<UL><LI>Max Depth = 20<LI>Call Chain = TI1_Config
</UL>
<BR>[Called By]<UL><LI><a href="#[a1]">&gt;&gt;</a>&nbsp;&nbsp;&nbsp;TIM_ICInit
<LI><a href="#[129]">&gt;&gt;</a>&nbsp;&nbsp;&nbsp;TIM_TIxExternalClockConfig
<LI><a href="#[126]">&gt;&gt;</a>&nbsp;&nbsp;&nbsp;TIM_PWMIConfig
</UL>

<P><STRONG><a name="[178]"></a>_fp_digits</STRONG> (Thumb, 326 bytes, Stack size 56 bytes, printfa.o(i._fp_digits), UNUSED)
<BR><BR>[Calls]<UL><LI><a href="#[5a]">&gt;&gt;</a>&nbsp;&nbsp;&nbsp;__aeabi_dmul
<LI><a href="#[5e]">&gt;&gt;</a>&nbsp;&nbsp;&nbsp;__aeabi_ddiv
<LI><a href="#[59]">&gt;&gt;</a>&nbsp;&nbsp;&nbsp;__aeabi_dadd
<LI><a href="#[58]">&gt;&gt;</a>&nbsp;&nbsp;&nbsp;__aeabi_cdrcmple
<LI><a href="#[168]">&gt;&gt;</a>&nbsp;&nbsp;&nbsp;__aeabi_uldivmod
<LI><a href="#[171]">&gt;&gt;</a>&nbsp;&nbsp;&nbsp;__aeabi_d2ulz
</UL>
<BR>[Called By]<UL><LI><a href="#[177]">&gt;&gt;</a>&nbsp;&nbsp;&nbsp;_printf_core
</UL>

<P><STRONG><a name="[177]"></a>_printf_core</STRONG> (Thumb, 1762 bytes, Stack size 136 bytes, printfa.o(i._printf_core), UNUSED)
<BR><BR>[Calls]<UL><LI><a href="#[168]">&gt;&gt;</a>&nbsp;&nbsp;&nbsp;__aeabi_uldivmod
<LI><a href="#[17b]">&gt;&gt;</a>&nbsp;&nbsp;&nbsp;__aeabi_uidivmod
<LI><a href="#[179]">&gt;&gt;</a>&nbsp;&nbsp;&nbsp;_printf_pre_padding
<LI><a href="#[17a]">&gt;&gt;</a>&nbsp;&nbsp;&nbsp;_printf_post_padding
<LI><a href="#[178]">&gt;&gt;</a>&nbsp;&nbsp;&nbsp;_fp_digits
</UL>
<BR>[Called By]<UL><LI><a href="#[176]">&gt;&gt;</a>&nbsp;&nbsp;&nbsp;__0vsnprintf
</UL>

<P><STRONG><a name="[17a]"></a>_printf_post_padding</STRONG> (Thumb, 38 bytes, Stack size 24 bytes, printfa.o(i._printf_post_padding), UNUSED)
<BR><BR>[Called By]<UL><LI><a href="#[177]">&gt;&gt;</a>&nbsp;&nbsp;&nbsp;_printf_core
</UL>

<P><STRONG><a name="[179]"></a>_printf_pre_padding</STRONG> (Thumb, 48 bytes, Stack size 24 bytes, printfa.o(i._printf_pre_padding), UNUSED)
<BR><BR>[Called By]<UL><LI><a href="#[177]">&gt;&gt;</a>&nbsp;&nbsp;&nbsp;_printf_core
</UL>

<P><STRONG><a name="[45]"></a>_snputc</STRONG> (Thumb, 22 bytes, Stack size 0 bytes, printfa.o(i._snputc))
<BR>[Address Reference Count : 1]<UL><LI> printfa.o(i.__0vsnprintf)
</UL>
<P><STRONG><a name="[16c]"></a>_fp_value</STRONG> (Thumb, 256 bytes, Stack size 56 bytes, scanf_fp.o(.text), UNUSED)
<BR><BR>[Calls]<UL><LI><a href="#[5a]">&gt;&gt;</a>&nbsp;&nbsp;&nbsp;__aeabi_dmul
<LI><a href="#[5e]">&gt;&gt;</a>&nbsp;&nbsp;&nbsp;__aeabi_ddiv
<LI><a href="#[16d]">&gt;&gt;</a>&nbsp;&nbsp;&nbsp;__aeabi_ul2d
</UL>
<BR>[Called By]<UL><LI><a href="#[16e]">&gt;&gt;</a>&nbsp;&nbsp;&nbsp;_scanf_really_real
</UL>

<P><STRONG><a name="[43]"></a>_scanf_char_input</STRONG> (Thumb, 12 bytes, Stack size 0 bytes, scanf_char.o(.text))
<BR>[Address Reference Count : 1]<UL><LI> scanf_char.o(.text)
</UL><P>
<H3>
Undefined Global Symbols
</H3><HR></body></html>
